  0s freezed on 359 inputs; integration_test/app_test.dart
  0s freezed on 359 inputs: 1 skipped; integration_test/azkar_test.dart
  0s freezed on 359 inputs: 359 skipped
  0s json_serializable on 718 inputs; integration_test/app_test.dart
  0s json_serializable on 718 inputs: 718 skipped
  0s hive_ce_generator:hive_type_adapter_generator on 718 inputs; integration_test/app_test.dart
  0s hive_ce_generator:hive_type_adapter_generator on 718 inputs: 718 skipped
  0s hive_ce_generator:hive_adapters_generator on 718 inputs; integration_test/app_test.dart
  0s hive_ce_generator:hive_adapters_generator on 718 inputs: 718 skipped
  0s source_gen:combining_builder on 718 inputs; integration_test/app_test.dart
  0s source_gen:combining_builder on 718 inputs: 718 skipped
  0s injectable_generator:injectable_builder on 1436 inputs; integration_test/app_test.dart
  0s injectable_generator:injectable_builder on 1436 inputs: 1436 skipped
  0s injectable_generator:injectable_config_builder on 1436 inputs; integration_test/app_test.dart
  0s injectable_generator:injectable_config_builder on 1436 inputs: 1436 skipped
  0s hive_ce_generator:hive_registrar_intermediate_generator on 4308 inputs; integration_test/app_test.config.dart
  0s hive_ce_generator:hive_registrar_intermediate_generator on 4308 inputs: 4308 skipped
  0s hive_ce_generator:hive_registrar_generator on 1 input; lib/$lib$
  0s hive_ce_generator:hive_registrar_generator on 1 input: 1 skipped
  Built with build_runner/aot in 5s; wrote 0 outputs.
