Resolving dependencies...
Downloading packages...
  _fe_analyzer_shared 93.0.0 (99.0.0 available)
  analyzer 10.0.1 (12.1.0 available)
  dart_style 3.1.7 (3.1.8 available)
  device_info_plus 12.4.0 (13.0.0 available)
  device_info_plus_platform_interface 7.0.3 (8.0.0 available)
  geocoding_android 4.0.1 (5.0.1 available)
  geocoding_platform_interface 3.2.0 (5.0.0 available)
  meta 1.17.0 (1.18.2 available)
  package_info_plus 9.0.1 (10.0.0 available)
  package_info_plus_platform_interface 3.2.1 (4.0.0 available)
  share_plus 12.0.2 (13.0.0 available)
  share_plus_platform_interface 6.1.0 (7.0.0 available)
  test 1.30.0 (1.31.0 available)
  test_api 0.7.10 (0.7.11 available)
  test_core 0.6.16 (0.6.17 available)
  vector_math 2.2.0 (2.3.0 available)
  vibration_platform_interface 0.1.1 (0.1.2 available)
  win32 5.15.0 (6.0.1 available)
  win32_registry 2.1.0 (3.0.3 available)
Got dependencies!
19 packages have newer versions incompatible with dependency constraints.
Try `flutter pub outdated` for more information.
+25: C:/Users/NAGAR/IdeaProjects/fard-2/.worktrees/test-remediation/test/core/services/notification_service_test.dart: NotificationService init initializes plugin and creates channels
NotificationService: init starting
NotificationService: getting local timezone...
Local timezone set to: UTC
NotificationService: initializing plugin...
NotificationService: init complete
+27: C:/Users/NAGAR/IdeaProjects/fard-2/.worktrees/test-remediation/test/core/services/notification_sound_test.dart: NotificationService Sound Testing testAzan uses UriAndroidNotificationSound when SoundManager returns URI
Testing Azan with channel: azan_test_channel_7655, sound: /path/to/azan.mp3
+33: C:/Users/NAGAR/IdeaProjects/fard-2/.worktrees/test-remediation/test/core/services/notification_sound_test.dart: NotificationService Sound Testing testAzan handles default
Testing Azan with channel: azan_test_channel_6186, sound: default
+54: C:/Users/NAGAR/IdeaProjects/fard-2/.worktrees/test-remediation/test/features/audio/presentation/blocs/audio_bloc_test.dart: Audio Quality Handling initial state has medium128 quality
AudioBloc: Event received: LoadReciters()
+55: C:/Users/NAGAR/IdeaProjects/fard-2/.worktrees/test-remediation/test/features/audio/presentation/blocs/audio_bloc_test.dart: Audio Quality Handling falls back to low64 when playStreaming fails for medium128
AudioBloc: Event received: LoadReciters()
AudioBloc: Event received: PlayAyah(1, 1, null)
AudioBloc: Event received: LastErrorChanged(Failed)
AudioBloc: Event received: ChangeQuality(AudioQuality.low64)
AudioBloc: Event received: PlayAyah(1, 1, Reciter(ar.alafasy, Alafasy, Alafasy, ar, null, null))
+56: C:/Users/NAGAR/IdeaProjects/fard-2/.worktrees/test-remediation/test/features/audio/presentation/blocs/audio_bloc_test.dart: Audio Quality Handling stops fallback loop when low64 fails
AudioBloc: Event received: LoadReciters()
AudioBloc: Event received: PlayAyah(1, 1, null)
AudioBloc: Event received: LastErrorChanged(Failed again)
+85: C:/Users/NAGAR/IdeaProjects/fard-2/.worktrees/test-remediation/test/features/onboarding/splash_screen_test.dart: RootScreen shows OnboardingScreen when first time
ΓòÉΓòÉΓòí EXCEPTION CAUGHT BY WIDGETS LIBRARY Γò₧ΓòÉΓòÉΓòÉΓòÉΓòÉΓòÉΓòÉΓòÉΓòÉΓòÉΓòÉΓòÉΓòÉΓòÉΓòÉΓòÉΓòÉΓòÉΓòÉΓòÉΓòÉΓòÉΓòÉΓòÉΓòÉΓòÉΓòÉΓòÉΓòÉΓòÉΓòÉΓòÉΓòÉΓòÉΓòÉΓòÉΓòÉΓòÉΓòÉΓòÉΓòÉΓòÉΓòÉΓòÉΓòÉΓòÉΓòÉΓòÉΓòÉΓòÉΓòÉΓòÉΓòÉΓòÉΓòÉΓòÉΓòÉΓòÉΓòÉ
The following _TypeError was thrown building MediaQuery(MediaQueryData(size: Size(800.0, 600.0),
devicePixelRatio: 3.0, textScaler: SystemTextScaler (no scaling), platformBrightness:
Brightness.light, padding: EdgeInsets.zero, viewPadding: EdgeInsets.zero, viewInsets:
EdgeInsets.zero, systemGestureInsets: EdgeInsets.zero, alwaysUse24HourFormat: false,
accessibleNavigation: false, highContrast: false, onOffSwitchLabels: false, disableAnimations:
false, invertColors: false, boldText: false, navigationMode: traditional, gestureSettings:
DeviceGestureSettings(touchSlop: null), displayFeatures: [], supportsShowingSystemContextMenu:
false, lineHeightScaleFactorOverride: null, letterSpacingOverride: null, wordSpacingOverride: null,
paragraphSpacingOverride: null)):
type 'Null' is not a subtype of type 'SettingsState'

The relevant error-causing widget was:
  SafeArea
  SafeArea:file:///C:/Users/NAGAR/IdeaProjects/fard-2/.worktrees/test-remediation/lib/features/onboarding/presentation/screens/onboarding_screen.dart:55:13

When the exception was thrown, this was the stack:
#0      _MockBlocBase.state (package:bloc_test/src/mock_bloc.dart:52:7)
#1      _BlocBuilderBaseState.initState (package:flutter_bloc/src/bloc_builder.dart:153:20)
#2      StatefulElement._firstBuild (package:flutter/src/widgets/framework.dart:5950:55)
#3      ComponentElement.mount (package:flutter/src/widgets/framework.dart:5793:5)
#4      Element.inflateWidget (package:flutter/src/widgets/framework.dart:4587:20)
#5      MultiChildRenderObjectElement.inflateWidget (package:flutter/src/widgets/framework.dart:7264:36)
#6      MultiChildRenderObjectElement.mount (package:flutter/src/widgets/framework.dart:7279:32)
...     Normal element mounting (40 frames)
#46     Element.inflateWidget (package:flutter/src/widgets/framework.dart:4587:20)
#47     MultiChildRenderObjectElement.inflateWidget (package:flutter/src/widgets/framework.dart:7264:36)
#48     MultiChildRenderObjectElement.mount (package:flutter/src/widgets/framework.dart:7279:32)
...     Normal element mounting (146 frames)
#194    Element.inflateWidget (package:flutter/src/widgets/framework.dart:4587:20)
#195    MultiChildRenderObjectElement.inflateWidget (package:flutter/src/widgets/framework.dart:7264:36)
#196    MultiChildRenderObjectElement.mount (package:flutter/src/widgets/framework.dart:7279:32)
...     Normal element mounting (364 frames)
#560    Element.inflateWidget (package:flutter/src/widgets/framework.dart:4587:20)
#561    MultiChildRenderObjectElement.inflateWidget (package:flutter/src/widgets/framework.dart:7264:36)
#562    MultiChildRenderObjectElement.mount (package:flutter/src/widgets/framework.dart:7279:32)
...     Normal element mounting (473 frames)
#1035   _InheritedProviderScopeElement.mount (package:provider/src/inherited_provider.dart:424:11)
...     Normal element mounting (7 frames)
#1042   SingleChildWidgetElementMixin.mount (package:nested/nested.dart:222:11)
...     Normal element mounting (7 frames)
#1049   SingleChildWidgetElementMixin.mount (package:nested/nested.dart:222:11)
...     Normal element mounting (7 frames)
#1056   _NestedHookElement.mount (package:nested/nested.dart:187:11)
...     Normal element mounting (7 frames)
#1063   _InheritedProviderScopeElement.mount (package:provider/src/inherited_provider.dart:424:11)
...     Normal element mounting (7 frames)
#1070   SingleChildWidgetElementMixin.mount (package:nested/nested.dart:222:11)
...     Normal element mounting (7 frames)
#1077   SingleChildWidgetElementMixin.mount (package:nested/nested.dart:222:11)
...     Normal element mounting (7 frames)
#1084   _NestedHookElement.mount (package:nested/nested.dart:187:11)
...     Normal element mounting (7 frames)
#1091   _InheritedProviderScopeElement.mount (package:provider/src/inherited_provider.dart:424:11)
...     Normal element mounting (7 frames)
#1098   SingleChildWidgetElementMixin.mount (package:nested/nested.dart:222:11)
...     Normal element mounting (7 frames)
#1105   SingleChildWidgetElementMixin.mount (package:nested/nested.dart:222:11)
...     Normal element mounting (7 frames)
#1112   _NestedHookElement.mount (package:nested/nested.dart:187:11)
...     Normal element mounting (7 frames)
#1119   _InheritedProviderScopeElement.mount (package:provider/src/inherited_provider.dart:424:11)
...     Normal element mounting (7 frames)
#1126   SingleChildWidgetElementMixin.mount (package:nested/nested.dart:222:11)
...     Normal element mounting (7 frames)
#1133   SingleChildWidgetElementMixin.mount (package:nested/nested.dart:222:11)
...     Normal element mounting (7 frames)
#1140   _NestedHookElement.mount (package:nested/nested.dart:187:11)
...     Normal element mounting (7 frames)
#1147   _InheritedProviderScopeElement.mount (package:provider/src/inherited_provider.dart:424:11)
...     Normal element mounting (7 frames)
#1154   SingleChildWidgetElementMixin.mount (package:nested/nested.dart:222:11)
...     Normal element mounting (7 frames)
#1161   SingleChildWidgetElementMixin.mount (package:nested/nested.dart:222:11)
...     Normal element mounting (7 frames)
#1168   _NestedHookElement.mount (package:nested/nested.dart:187:11)
...     Normal element mounting (7 frames)
#1175   _InheritedProviderScopeElement.mount (package:provider/src/inherited_provider.dart:424:11)
...     Normal element mounting (7 frames)
#1182   SingleChildWidgetElementMixin.mount (package:nested/nested.dart:222:11)
...     Normal element mounting (7 frames)
#1189   SingleChildWidgetElementMixin.mount (package:nested/nested.dart:222:11)
...     Normal element mounting (7 frames)
#1196   _NestedHookElement.mount (package:nested/nested.dart:187:11)
...     Normal element mounting (7 frames)
#1203   _InheritedProviderScopeElement.mount (package:provider/src/inherited_provider.dart:424:11)
...     Normal element mounting (7 frames)
#1210   SingleChildWidgetElementMixin.mount (package:nested/nested.dart:222:11)
...     Normal element mounting (7 frames)
#1217   SingleChildWidgetElementMixin.mount (package:nested/nested.dart:222:11)
...     Normal element mounting (7 frames)
#1224   _NestedHookElement.mount (package:nested/nested.dart:187:11)
...     Normal element mounting (7 frames)
#1231   SingleChildWidgetElementMixin.mount (package:nested/nested.dart:222:11)
#1232   Element.inflateWidget (package:flutter/src/widgets/framework.dart:4587:20)
#1233   Element.updateChild (package:flutter/src/widgets/framework.dart:4053:20)
#1234   ComponentElement.performRebuild (package:flutter/src/widgets/framework.dart:5841:16)
#1235   Element.rebuild (package:flutter/src/widgets/framework.dart:5529:7)
#1236   ProxyElement.update (package:flutter/src/widgets/framework.dart:6149:5)
#1237   _InheritedNotifierElement.update (package:flutter/src/widgets/inherited_notifier.dart:108:11)
#1238   Element.updateChild (package:flutter/src/widgets/framework.dart:4037:15)
#1239   ComponentElement.performRebuild (package:flutter/src/widgets/framework.dart:5841:16)
#1240   StatefulElement.performRebuild (package:flutter/src/widgets/framework.dart:5982:11)
#1241   Element.rebuild (package:flutter/src/widgets/framework.dart:5529:7)
#1242   StatefulElement.update (package:flutter/src/widgets/framework.dart:6007:5)
#1243   Element.updateChild (package:flutter/src/widgets/framework.dart:4037:15)
#1244   ComponentElement.performRebuild (package:flutter/src/widgets/framework.dart:5841:16)
#1245   Element.rebuild (package:flutter/src/widgets/framework.dart:5529:7)
#1246   ProxyElement.update (package:flutter/src/widgets/framework.dart:6149:5)
#1247   _InheritedNotifierElement.update (package:flutter/src/widgets/inherited_notifier.dart:108:11)
#1248   Element.updateChild (package:flutter/src/widgets/framework.dart:4037:15)
#1249   ComponentElement.performRebuild (package:flutter/src/widgets/framework.dart:5841:16)
#1250   StatefulElement.performRebuild (package:flutter/src/widgets/framework.dart:5982:11)
#1251   Element.rebuild (package:flutter/src/widgets/framework.dart:5529:7)
#1252   StatefulElement.update (package:flutter/src/widgets/framework.dart:6007:5)
#1253   Element.updateChild (package:flutter/src/widgets/framework.dart:4037:15)
#1254   ComponentElement.performRebuild (package:flutter/src/widgets/framework.dart:5841:16)
#1255   StatefulElement.performRebuild (package:flutter/src/widgets/framework.dart:5982:11)
#1256   Element.rebuild (package:flutter/src/widgets/framework.dart:5529:7)
#1257   StatefulElement.update (package:flutter/src/widgets/framework.dart:6007:5)
#1258   Element.updateChild (package:flutter/src/widgets/framework.dart:4037:15)
#1259   ComponentElement.performRebuild (package:flutter/src/widgets/framework.dart:5841:16)
#1260   Element.rebuild (package:flutter/src/widgets/framework.dart:5529:7)
#1261   ProxyElement.update (package:flutter/src/widgets/framework.dart:6149:5)
#1262   Element.updateChild (package:flutter/src/widgets/framework.dart:4037:15)
#1263   ComponentElement.performRebuild (package:flutter/src/widgets/framework.dart:5841:16)
#1264   StatefulElement.performRebuild (package:flutter/src/widgets/framework.dart:5982:11)
#1265   Element.rebuild (package:flutter/src/widgets/framework.dart:5529:7)
#1266   StatefulElement.update (package:flutter/src/widgets/framework.dart:6007:5)
#1267   Element.updateChild (package:flutter/src/widgets/framework.dart:4037:15)
#1268   ComponentElement.performRebuild (package:flutter/src/widgets/framework.dart:5841:16)
#1269   Element.rebuild (package:flutter/src/widgets/framework.dart:5529:7)
#1270   ProxyElement.update (package:flutter/src/widgets/framework.dart:6149:5)
#1271   Element.updateChild (package:flutter/src/widgets/framework.dart:4037:15)
#1272   ComponentElement.performRebuild (package:flutter/src/widgets/framework.dart:5841:16)
#1273   Element.rebuild (package:flutter/src/widgets/framework.dart:5529:7)
#1274   ProxyElement.update (package:flutter/src/widgets/framework.dart:6149:5)
#1275   Element.updateChild (package:flutter/src/widgets/framework.dart:4037:15)
#1276   _RawViewElement._updateChild (package:flutter/src/widgets/view.dart:481:16)
#1277   _RawViewElement.update (package:flutter/src/widgets/view.dart:568:5)
#1278   Element.updateChild (package:flutter/src/widgets/framework.dart:4037:15)
#1279   ComponentElement.performRebuild (package:flutter/src/widgets/framework.dart:5841:16)
#1280   Element.rebuild (package:flutter/src/widgets/framework.dart:5529:7)
#1281   StatelessElement.update (package:flutter/src/widgets/framework.dart:5895:5)
#1282   Element.updateChild (package:flutter/src/widgets/framework.dart:4037:15)
#1283   ComponentElement.performRebuild (package:flutter/src/widgets/framework.dart:5841:16)
#1284   StatefulElement.performRebuild (package:flutter/src/widgets/framework.dart:5982:11)
#1285   Element.rebuild (package:flutter/src/widgets/framework.dart:5529:7)
#1286   StatefulElement.update (package:flutter/src/widgets/framework.dart:6007:5)
#1287   Element.updateChild (package:flutter/src/widgets/framework.dart:4037:15)
#1288   RootElement._rebuild (package:flutter/src/widgets/binding.dart:1822:16)
#1289   RootElement.update (package:flutter/src/widgets/binding.dart:1800:5)
#1290   RootElement.performRebuild (package:flutter/src/widgets/binding.dart:1814:7)
#1291   Element.rebuild (package:flutter/src/widgets/framework.dart:5529:7)
#1292   BuildScope._tryRebuild (package:flutter/src/widgets/framework.dart:2750:15)
#1293   BuildScope._flushDirtyElements (package:flutter/src/widgets/framework.dart:2807:11)
#1294   BuildOwner.buildScope (package:flutter/src/widgets/framework.dart:3111:18)
#1295   AutomatedTestWidgetsFlutterBinding.drawFrame (package:flutter_test/src/binding.dart:2131:19)
#1296   RendererBinding._handlePersistentFrameCallback (package:flutter/src/rendering/binding.dart:495:5)
#1297   SchedulerBinding._invokeFrameCallback (package:flutter/src/scheduler/binding.dart:1430:15)
#1298   SchedulerBinding.handleDrawFrame (package:flutter/src/scheduler/binding.dart:1345:9)
#1299   AutomatedTestWidgetsFlutterBinding.pump.<anonymous closure> (package:flutter_test/src/binding.dart:1960:9)
#1302   TestAsyncUtils.guard (package:flutter_test/src/test_async_utils.dart:74:41)
#1303   AutomatedTestWidgetsFlutterBinding.pump (package:flutter_test/src/binding.dart:1949:27)
#1304   WidgetTester.pumpWidget.<anonymous closure> (package:flutter_test/src/widget_tester.dart:598:22)
#1307   TestAsyncUtils.guard (package:flutter_test/src/test_async_utils.dart:74:41)
#1308   WidgetTester.pumpWidget (package:flutter_test/src/widget_tester.dart:595:27)
#1309   main.<anonymous closure> (file:///C:/Users/NAGAR/IdeaProjects/fard-2/.worktrees/test-remediation/test/features/onboarding/splash_screen_test.dart:151:18)
#1310   testWidgets.<anonymous closure>.<anonymous closure> (package:flutter_test/src/widget_tester.dart:192:29)
<asynchronous suspension>
#1311   TestWidgetsFlutterBinding._runTestBody (package:flutter_test/src/binding.dart:1682:5)
<asynchronous suspension>
<asynchronous suspension>
(elided 5 frames from dart:async and package:stack_trace)

ΓòÉΓòÉΓòÉΓòÉΓòÉΓòÉΓòÉΓòÉΓòÉΓòÉΓòÉΓòÉΓòÉΓòÉΓòÉΓòÉΓòÉΓòÉΓòÉΓòÉΓòÉΓòÉΓòÉΓòÉΓòÉΓòÉΓòÉΓòÉΓòÉΓòÉΓòÉΓòÉΓòÉΓòÉΓòÉΓòÉΓòÉΓòÉΓòÉΓòÉΓòÉΓòÉΓòÉΓòÉΓòÉΓòÉΓòÉΓòÉΓòÉΓòÉΓòÉΓòÉΓòÉΓòÉΓòÉΓòÉΓòÉΓòÉΓòÉΓòÉΓòÉΓòÉΓòÉΓòÉΓòÉΓòÉΓòÉΓòÉΓòÉΓòÉΓòÉΓòÉΓòÉΓòÉΓòÉΓòÉΓòÉΓòÉΓòÉΓòÉΓòÉΓòÉΓòÉΓòÉΓòÉΓòÉΓòÉΓòÉΓòÉΓòÉΓòÉΓòÉΓòÉΓòÉΓòÉΓòÉΓòÉΓòÉΓòÉΓòÉ
+85 -1: C:/Users/NAGAR/IdeaProjects/fard-2/.worktrees/test-remediation/test/features/onboarding/splash_screen_test.dart: RootScreen shows OnboardingScreen when first time [E]
  Test failed. See exception logs above.
  The test description was: RootScreen shows OnboardingScreen when first time
  
+85 -1: C:/Users/NAGAR/IdeaProjects/fard-2/.worktrees/test-remediation/test/features/onboarding/splash_screen_test.dart: RootScreen shows MainNavigationScreen when onboarding complete
ΓòÉΓòÉΓòí EXCEPTION CAUGHT BY WIDGETS LIBRARY Γò₧ΓòÉΓòÉΓòÉΓòÉΓòÉΓòÉΓòÉΓòÉΓòÉΓòÉΓòÉΓòÉΓòÉΓòÉΓòÉΓòÉΓòÉΓòÉΓòÉΓòÉΓòÉΓòÉΓòÉΓòÉΓòÉΓòÉΓòÉΓòÉΓòÉΓòÉΓòÉΓòÉΓòÉΓòÉΓòÉΓòÉΓòÉΓòÉΓòÉΓòÉΓòÉΓòÉΓòÉΓòÉΓòÉΓòÉΓòÉΓòÉΓòÉΓòÉΓòÉΓòÉΓòÉΓòÉΓòÉΓòÉΓòÉΓòÉΓòÉ
The following _TypeError was thrown building _NestedHook:
type 'Null' is not a subtype of type 'SettingsState'

The relevant error-causing widget was:
  _NestedHook
  _NestedHook:file:///C:/Users/NAGAR/AppData/Local/Pub/Cache/hosted/pub.dev/nested-1.0.0/lib/nested.dart:103:31

When the exception was thrown, this was the stack:
#0      _MockBlocBase.state (package:bloc_test/src/mock_bloc.dart:52:7)
#1      _BlocListenerBaseState.initState (package:flutter_bloc/src/bloc_listener.dart:159:28)
#2      StatefulElement._firstBuild (package:flutter/src/widgets/framework.dart:5950:55)
#3      ComponentElement.mount (package:flutter/src/widgets/framework.dart:5793:5)
#4      SingleChildWidgetElementMixin.mount (package:nested/nested.dart:222:11)
...     Normal element mounting (7 frames)
#11     _NestedHookElement.mount (package:nested/nested.dart:187:11)
...     Normal element mounting (7 frames)
#18     SingleChildWidgetElementMixin.mount (package:nested/nested.dart:222:11)
...     Normal element mounting (42 frames)
#60     Element.inflateWidget (package:flutter/src/widgets/framework.dart:4587:20)
#61     MultiChildRenderObjectElement.inflateWidget (package:flutter/src/widgets/framework.dart:7264:36)
#62     MultiChildRenderObjectElement.mount (package:flutter/src/widgets/framework.dart:7279:32)
...     Normal element mounting (364 frames)
#426    Element.inflateWidget (package:flutter/src/widgets/framework.dart:4587:20)
#427    MultiChildRenderObjectElement.inflateWidget (package:flutter/src/widgets/framework.dart:7264:36)
#428    MultiChildRenderObjectElement.mount (package:flutter/src/widgets/framework.dart:7279:32)
...     Normal element mounting (473 frames)
#901    _InheritedProviderScopeElement.mount (package:provider/src/inherited_provider.dart:424:11)
...     Normal element mounting (7 frames)
#908    SingleChildWidgetElementMixin.mount (package:nested/nested.dart:222:11)
...     Normal element mounting (7 frames)
#915    SingleChildWidgetElementMixin.mount (package:nested/nested.dart:222:11)
...     Normal element mounting (7 frames)
#922    _NestedHookElement.mount (package:nested/nested.dart:187:11)
...     Normal element mounting (7 frames)
#929    _InheritedProviderScopeElement.mount (package:provider/src/inherited_provider.dart:424:11)
...     Normal element mounting (7 frames)
#936    SingleChildWidgetElementMixin.mount (package:nested/nested.dart:222:11)
...     Normal element mounting (7 frames)
#943    SingleChildWidgetElementMixin.mount (package:nested/nested.dart:222:11)
...     Normal element mounting (7 frames)
#950    _NestedHookElement.mount (package:nested/nested.dart:187:11)
...     Normal element mounting (7 frames)
#957    _InheritedProviderScopeElement.mount (package:provider/src/inherited_provider.dart:424:11)
...     Normal element mounting (7 frames)
#964    SingleChildWidgetElementMixin.mount (package:nested/nested.dart:222:11)
...     Normal element mounting (7 frames)
#971    SingleChildWidgetElementMixin.mount (package:nested/nested.dart:222:11)
...     Normal element mounting (7 frames)
#978    _NestedHookElement.mount (package:nested/nested.dart:187:11)
...     Normal element mounting (7 frames)
#985    _InheritedProviderScopeElement.mount (package:provider/src/inherited_provider.dart:424:11)
...     Normal element mounting (7 frames)
#992    SingleChildWidgetElementMixin.mount (package:nested/nested.dart:222:11)
...     Normal element mounting (7 frames)
#999    SingleChildWidgetElementMixin.mount (package:nested/nested.dart:222:11)
...     Normal element mounting (7 frames)
#1006   _NestedHookElement.mount (package:nested/nested.dart:187:11)
...     Normal element mounting (7 frames)
#1013   _InheritedProviderScopeElement.mount (package:provider/src/inherited_provider.dart:424:11)
...     Normal element mounting (7 frames)
#1020   SingleChildWidgetElementMixin.mount (package:nested/nested.dart:222:11)
...     Normal element mounting (7 frames)
#1027   SingleChildWidgetElementMixin.mount (package:nested/nested.dart:222:11)
...     Normal element mounting (7 frames)
#1034   _NestedHookElement.mount (package:nested/nested.dart:187:11)
...     Normal element mounting (7 frames)
#1041   _InheritedProviderScopeElement.mount (package:provider/src/inherited_provider.dart:424:11)
...     Normal element mounting (7 frames)
#1048   SingleChildWidgetElementMixin.mount (package:nested/nested.dart:222:11)
...     Normal element mounting (7 frames)
#1055   SingleChildWidgetElementMixin.mount (package:nested/nested.dart:222:11)
...     Normal element mounting (7 frames)
#1062   _NestedHookElement.mount (package:nested/nested.dart:187:11)
...     Normal element mounting (7 frames)
#1069   _InheritedProviderScopeElement.mount (package:provider/src/inherited_provider.dart:424:11)
...     Normal element mounting (7 frames)
#1076   SingleChildWidgetElementMixin.mount (package:nested/nested.dart:222:11)
...     Normal element mounting (7 frames)
#1083   SingleChildWidgetElementMixin.mount (package:nested/nested.dart:222:11)
...     Normal element mounting (7 frames)
#1090   _NestedHookElement.mount (package:nested/nested.dart:187:11)
...     Normal element mounting (7 frames)
#1097   SingleChildWidgetElementMixin.mount (package:nested/nested.dart:222:11)
#1098   Element.inflateWidget (package:flutter/src/widgets/framework.dart:4587:20)
#1099   Element.updateChild (package:flutter/src/widgets/framework.dart:4053:20)
#1100   ComponentElement.performRebuild (package:flutter/src/widgets/framework.dart:5841:16)
#1101   Element.rebuild (package:flutter/src/widgets/framework.dart:5529:7)
#1102   ProxyElement.update (package:flutter/src/widgets/framework.dart:6149:5)
#1103   _InheritedNotifierElement.update (package:flutter/src/widgets/inherited_notifier.dart:108:11)
#1104   Element.updateChild (package:flutter/src/widgets/framework.dart:4037:15)
#1105   ComponentElement.performRebuild (package:flutter/src/widgets/framework.dart:5841:16)
#1106   StatefulElement.performRebuild (package:flutter/src/widgets/framework.dart:5982:11)
#1107   Element.rebuild (package:flutter/src/widgets/framework.dart:5529:7)
#1108   StatefulElement.update (package:flutter/src/widgets/framework.dart:6007:5)
#1109   Element.updateChild (package:flutter/src/widgets/framework.dart:4037:15)
#1110   ComponentElement.performRebuild (package:flutter/src/widgets/framework.dart:5841:16)
#1111   Element.rebuild (package:flutter/src/widgets/framework.dart:5529:7)
#1112   ProxyElement.update (package:flutter/src/widgets/framework.dart:6149:5)
#1113   _InheritedNotifierElement.update (package:flutter/src/widgets/inherited_notifier.dart:108:11)
#1114   Element.updateChild (package:flutter/src/widgets/framework.dart:4037:15)
#1115   ComponentElement.performRebuild (package:flutter/src/widgets/framework.dart:5841:16)
#1116   StatefulElement.performRebuild (package:flutter/src/widgets/framework.dart:5982:11)
#1117   Element.rebuild (package:flutter/src/widgets/framework.dart:5529:7)
#1118   StatefulElement.update (package:flutter/src/widgets/framework.dart:6007:5)
#1119   Element.updateChild (package:flutter/src/widgets/framework.dart:4037:15)
#1120   ComponentElement.performRebuild (package:flutter/src/widgets/framework.dart:5841:16)
#1121   StatefulElement.performRebuild (package:flutter/src/widgets/framework.dart:5982:11)
#1122   Element.rebuild (package:flutter/src/widgets/framework.dart:5529:7)
#1123   StatefulElement.update (package:flutter/src/widgets/framework.dart:6007:5)
#1124   Element.updateChild (package:flutter/src/widgets/framework.dart:4037:15)
#1125   ComponentElement.performRebuild (package:flutter/src/widgets/framework.dart:5841:16)
#1126   Element.rebuild (package:flutter/src/widgets/framework.dart:5529:7)
#1127   ProxyElement.update (package:flutter/src/widgets/framework.dart:6149:5)
#1128   Element.updateChild (package:flutter/src/widgets/framework.dart:4037:15)
#1129   ComponentElement.performRebuild (package:flutter/src/widgets/framework.dart:5841:16)
#1130   StatefulElement.performRebuild (package:flutter/src/widgets/framework.dart:5982:11)
#1131   Element.rebuild (package:flutter/src/widgets/framework.dart:5529:7)
#1132   StatefulElement.update (package:flutter/src/widgets/framework.dart:6007:5)
#1133   Element.updateChild (package:flutter/src/widgets/framework.dart:4037:15)
#1134   ComponentElement.performRebuild (package:flutter/src/widgets/framework.dart:5841:16)
#1135   Element.rebuild (package:flutter/src/widgets/framework.dart:5529:7)
#1136   ProxyElement.update (package:flutter/src/widgets/framework.dart:6149:5)
#1137   Element.updateChild (package:flutter/src/widgets/framework.dart:4037:15)
#1138   ComponentElement.performRebuild (package:flutter/src/widgets/framework.dart:5841:16)
#1139   Element.rebuild (package:flutter/src/widgets/framework.dart:5529:7)
#1140   ProxyElement.update (package:flutter/src/widgets/framework.dart:6149:5)
#1141   Element.updateChild (package:flutter/src/widgets/framework.dart:4037:15)
#1142   _RawViewElement._updateChild (package:flutter/src/widgets/view.dart:481:16)
#1143   _RawViewElement.update (package:flutter/src/widgets/view.dart:568:5)
#1144   Element.updateChild (package:flutter/src/widgets/framework.dart:4037:15)
#1145   ComponentElement.performRebuild (package:flutter/src/widgets/framework.dart:5841:16)
#1146   Element.rebuild (package:flutter/src/widgets/framework.dart:5529:7)
#1147   StatelessElement.update (package:flutter/src/widgets/framework.dart:5895:5)
#1148   Element.updateChild (package:flutter/src/widgets/framework.dart:4037:15)
#1149   ComponentElement.performRebuild (package:flutter/src/widgets/framework.dart:5841:16)
#1150   StatefulElement.performRebuild (package:flutter/src/widgets/framework.dart:5982:11)
#1151   Element.rebuild (package:flutter/src/widgets/framework.dart:5529:7)
#1152   StatefulElement.update (package:flutter/src/widgets/framework.dart:6007:5)
#1153   Element.updateChild (package:flutter/src/widgets/framework.dart:4037:15)
#1154   RootElement._rebuild (package:flutter/src/widgets/binding.dart:1822:16)
#1155   RootElement.update (package:flutter/src/widgets/binding.dart:1800:5)
#1156   RootElement.performRebuild (package:flutter/src/widgets/binding.dart:1814:7)
#1157   Element.rebuild (package:flutter/src/widgets/framework.dart:5529:7)
#1158   BuildScope._tryRebuild (package:flutter/src/widgets/framework.dart:2750:15)
#1159   BuildScope._flushDirtyElements (package:flutter/src/widgets/framework.dart:2807:11)
#1160   BuildOwner.buildScope (package:flutter/src/widgets/framework.dart:3111:18)
#1161   AutomatedTestWidgetsFlutterBinding.drawFrame (package:flutter_test/src/binding.dart:2131:19)
#1162   RendererBinding._handlePersistentFrameCallback (package:flutter/src/rendering/binding.dart:495:5)
#1163   SchedulerBinding._invokeFrameCallback (package:flutter/src/scheduler/binding.dart:1430:15)
#1164   SchedulerBinding.handleDrawFrame (package:flutter/src/scheduler/binding.dart:1345:9)
#1165   AutomatedTestWidgetsFlutterBinding.pump.<anonymous closure> (package:flutter_test/src/binding.dart:1960:9)
#1168   TestAsyncUtils.guard (package:flutter_test/src/test_async_utils.dart:74:41)
#1169   AutomatedTestWidgetsFlutterBinding.pump (package:flutter_test/src/binding.dart:1949:27)
#1170   WidgetTester.pumpWidget.<anonymous closure> (package:flutter_test/src/widget_tester.dart:598:22)
#1173   TestAsyncUtils.guard (package:flutter_test/src/test_async_utils.dart:74:41)
#1174   WidgetTester.pumpWidget (package:flutter_test/src/widget_tester.dart:595:27)
#1175   main.<anonymous closure> (file:///C:/Users/NAGAR/IdeaProjects/fard-2/.worktrees/test-remediation/test/features/onboarding/splash_screen_test.dart:171:20)
#1176   testWidgets.<anonymous closure>.<anonymous closure> (package:flutter_test/src/widget_tester.dart:192:29)
<asynchronous suspension>
#1177   TestWidgetsFlutterBinding._runTestBody (package:flutter_test/src/binding.dart:1682:5)
<asynchronous suspension>
<asynchronous suspension>
(elided 5 frames from dart:async and package:stack_trace)

ΓòÉΓòÉΓòÉΓòÉΓòÉΓòÉΓòÉΓòÉΓòÉΓòÉΓòÉΓòÉΓòÉΓòÉΓòÉΓòÉΓòÉΓòÉΓòÉΓòÉΓòÉΓòÉΓòÉΓòÉΓòÉΓòÉΓòÉΓòÉΓòÉΓòÉΓòÉΓòÉΓòÉΓòÉΓòÉΓòÉΓòÉΓòÉΓòÉΓòÉΓòÉΓòÉΓòÉΓòÉΓòÉΓòÉΓòÉΓòÉΓòÉΓòÉΓòÉΓòÉΓòÉΓòÉΓòÉΓòÉΓòÉΓòÉΓòÉΓòÉΓòÉΓòÉΓòÉΓòÉΓòÉΓòÉΓòÉΓòÉΓòÉΓòÉΓòÉΓòÉΓòÉΓòÉΓòÉΓòÉΓòÉΓòÉΓòÉΓòÉΓòÉΓòÉΓòÉΓòÉΓòÉΓòÉΓòÉΓòÉΓòÉΓòÉΓòÉΓòÉΓòÉΓòÉΓòÉΓòÉΓòÉΓòÉΓòÉΓòÉ
+85 -2: C:/Users/NAGAR/IdeaProjects/fard-2/.worktrees/test-remediation/test/features/onboarding/splash_screen_test.dart: RootScreen shows MainNavigationScreen when onboarding complete [E]
  Test failed. See exception logs above.
  The test description was: RootScreen shows MainNavigationScreen when onboarding complete
  
+89 -2: C:/Users/NAGAR/IdeaProjects/fard-2/.worktrees/test-remediation/test/features/azkar/azkar_search_test.dart: Settings Reminder Search searchable category picker in reminder dialog works
ΓòÉΓòÉΓòí EXCEPTION CAUGHT BY WIDGETS LIBRARY Γò₧ΓòÉΓòÉΓòÉΓòÉΓòÉΓòÉΓòÉΓòÉΓòÉΓòÉΓòÉΓòÉΓòÉΓòÉΓòÉΓòÉΓòÉΓòÉΓòÉΓòÉΓòÉΓòÉΓòÉΓòÉΓòÉΓòÉΓòÉΓòÉΓòÉΓòÉΓòÉΓòÉΓòÉΓòÉΓòÉΓòÉΓòÉΓòÉΓòÉΓòÉΓòÉΓòÉΓòÉΓòÉΓòÉΓòÉΓòÉΓòÉΓòÉΓòÉΓòÉΓòÉΓòÉΓòÉΓòÉΓòÉΓòÉΓòÉΓòÉ
The following _TypeError was thrown building BlocBuilder<SettingsCubit, SettingsState>(bloc: null,
has builder, dirty, dependencies: [_InheritedProviderScope<SettingsCubit?>], state:
_BlocBuilderBaseState<SettingsCubit, SettingsState>#02775):
type 'Null' is not a subtype of type 'List<ThemePreset>'

The relevant error-causing widget was:
  BlocBuilder<SettingsCubit, SettingsState>
  BlocBuilder:file:///C:/Users/NAGAR/IdeaProjects/fard-2/.worktrees/test-remediation/lib/features/settings/presentation/screens/settings_screen.dart:162:16

When the exception was thrown, this was the stack:
#0      MockSettingsCubit.getAvailablePresets (file:///C:/Users/NAGAR/IdeaProjects/fard-2/.worktrees/test-remediation/test/features/azkar/azkar_search_test.dart:17:7)
#1      _SettingsScreenState._buildAppearanceSection (package:fard/features/settings/presentation/screens/settings_screen.dart:2009:27)
#2      _SettingsScreenState.build.<anonymous closure> (package:fard/features/settings/presentation/screens/settings_screen.dart:178:17)
#3      BlocBuilder.build (package:flutter_bloc/src/bloc_builder.dart:91:57)
#4      _BlocBuilderBaseState.build (package:flutter_bloc/src/bloc_builder.dart:188:21)
#5      StatefulElement.build (package:flutter/src/widgets/framework.dart:5931:27)
#6      ComponentElement.performRebuild (package:flutter/src/widgets/framework.dart:5817:15)
#7      StatefulElement.performRebuild (package:flutter/src/widgets/framework.dart:5982:11)
#8      Element.rebuild (package:flutter/src/widgets/framework.dart:5529:7)
#9      ComponentElement._firstBuild (package:flutter/src/widgets/framework.dart:5799:5)
#10     StatefulElement._firstBuild (package:flutter/src/widgets/framework.dart:5973:11)
#11     ComponentElement.mount (package:flutter/src/widgets/framework.dart:5793:5)
...     Normal element mounting (9 frames)
#20     SingleChildWidgetElementMixin.mount (package:nested/nested.dart:222:11)
...     Normal element mounting (25 frames)
#45     Element.inflateWidget (package:flutter/src/widgets/framework.dart:4587:20)
#46     MultiChildRenderObjectElement.inflateWidget (package:flutter/src/widgets/framework.dart:7264:36)
#47     MultiChildRenderObjectElement.mount (package:flutter/src/widgets/framework.dart:7279:32)
...     Normal element mounting (137 frames)
#184    Element.inflateWidget (package:flutter/src/widgets/framework.dart:4587:20)
#185    MultiChildRenderObjectElement.inflateWidget (package:flutter/src/widgets/framework.dart:7264:36)
#186    MultiChildRenderObjectElement.mount (package:flutter/src/widgets/framework.dart:7279:32)
...     Normal element mounting (364 frames)
#550    Element.inflateWidget (package:flutter/src/widgets/framework.dart:4587:20)
#551    MultiChildRenderObjectElement.inflateWidget (package:flutter/src/widgets/framework.dart:7264:36)
#552    MultiChildRenderObjectElement.mount (package:flutter/src/widgets/framework.dart:7279:32)
...     Normal element mounting (473 frames)
#1025   _InheritedProviderScopeElement.mount (package:provider/src/inherited_provider.dart:424:11)
...     Normal element mounting (7 frames)
#1032   SingleChildWidgetElementMixin.mount (package:nested/nested.dart:222:11)
...     Normal element mounting (7 frames)
#1039   SingleChildWidgetElementMixin.mount (package:nested/nested.dart:222:11)
...     Normal element mounting (7 frames)
#1046   _NestedHookElement.mount (package:nested/nested.dart:187:11)
...     Normal element mounting (7 frames)
#1053   _InheritedProviderScopeElement.mount (package:provider/src/inherited_provider.dart:424:11)
...     Normal element mounting (7 frames)
#1060   SingleChildWidgetElementMixin.mount (package:nested/nested.dart:222:11)
...     Normal element mounting (7 frames)
#1067   SingleChildWidgetElementMixin.mount (package:nested/nested.dart:222:11)
...     Normal element mounting (7 frames)
#1074   _NestedHookElement.mount (package:nested/nested.dart:187:11)
...     Normal element mounting (7 frames)
#1081   SingleChildWidgetElementMixin.mount (package:nested/nested.dart:222:11)
#1082   Element.inflateWidget (package:flutter/src/widgets/framework.dart:4587:20)
#1083   Element.updateChild (package:flutter/src/widgets/framework.dart:4053:20)
#1084   ComponentElement.performRebuild (package:flutter/src/widgets/framework.dart:5841:16)
#1085   Element.rebuild (package:flutter/src/widgets/framework.dart:5529:7)
#1086   ProxyElement.update (package:flutter/src/widgets/framework.dart:6149:5)
#1087   _InheritedNotifierElement.update (package:flutter/src/widgets/inherited_notifier.dart:108:11)
#1088   Element.updateChild (package:flutter/src/widgets/framework.dart:4037:15)
#1089   ComponentElement.performRebuild (package:flutter/src/widgets/framework.dart:5841:16)
#1090   StatefulElement.performRebuild (package:flutter/src/widgets/framework.dart:5982:11)
#1091   Element.rebuild (package:flutter/src/widgets/framework.dart:5529:7)
#1092   StatefulElement.update (package:flutter/src/widgets/framework.dart:6007:5)
#1093   Element.updateChild (package:flutter/src/widgets/framework.dart:4037:15)
#1094   ComponentElement.performRebuild (package:flutter/src/widgets/framework.dart:5841:16)
#1095   Element.rebuild (package:flutter/src/widgets/framework.dart:5529:7)
#1096   ProxyElement.update (package:flutter/src/widgets/framework.dart:6149:5)
#1097   _InheritedNotifierElement.update (package:flutter/src/widgets/inherited_notifier.dart:108:11)
#1098   Element.updateChild (package:flutter/src/widgets/framework.dart:4037:15)
#1099   ComponentElement.performRebuild (package:flutter/src/widgets/framework.dart:5841:16)
#1100   StatefulElement.performRebuild (package:flutter/src/widgets/framework.dart:5982:11)
#1101   Element.rebuild (package:flutter/src/widgets/framework.dart:5529:7)
#1102   StatefulElement.update (package:flutter/src/widgets/framework.dart:6007:5)
#1103   Element.updateChild (package:flutter/src/widgets/framework.dart:4037:15)
#1104   ComponentElement.performRebuild (package:flutter/src/widgets/framework.dart:5841:16)
#1105   StatefulElement.performRebuild (package:flutter/src/widgets/framework.dart:5982:11)
#1106   Element.rebuild (package:flutter/src/widgets/framework.dart:5529:7)
#1107   StatefulElement.update (package:flutter/src/widgets/framework.dart:6007:5)
#1108   Element.updateChild (package:flutter/src/widgets/framework.dart:4037:15)
#1109   ComponentElement.performRebuild (package:flutter/src/widgets/framework.dart:5841:16)
#1110   Element.rebuild (package:flutter/src/widgets/framework.dart:5529:7)
#1111   ProxyElement.update (package:flutter/src/widgets/framework.dart:6149:5)
#1112   Element.updateChild (package:flutter/src/widgets/framework.dart:4037:15)
#1113   ComponentElement.performRebuild (package:flutter/src/widgets/framework.dart:5841:16)
#1114   StatefulElement.performRebuild (package:flutter/src/widgets/framework.dart:5982:11)
#1115   Element.rebuild (package:flutter/src/widgets/framework.dart:5529:7)
#1116   StatefulElement.update (package:flutter/src/widgets/framework.dart:6007:5)
#1117   Element.updateChild (package:flutter/src/widgets/framework.dart:4037:15)
#1118   ComponentElement.performRebuild (package:flutter/src/widgets/framework.dart:5841:16)
#1119   Element.rebuild (package:flutter/src/widgets/framework.dart:5529:7)
#1120   ProxyElement.update (package:flutter/src/widgets/framework.dart:6149:5)
#1121   Element.updateChild (package:flutter/src/widgets/framework.dart:4037:15)
#1122   ComponentElement.performRebuild (package:flutter/src/widgets/framework.dart:5841:16)
#1123   Element.rebuild (package:flutter/src/widgets/framework.dart:5529:7)
#1124   ProxyElement.update (package:flutter/src/widgets/framework.dart:6149:5)
#1125   Element.updateChild (package:flutter/src/widgets/framework.dart:4037:15)
#1126   _RawViewElement._updateChild (package:flutter/src/widgets/view.dart:481:16)
#1127   _RawViewElement.update (package:flutter/src/widgets/view.dart:568:5)
#1128   Element.updateChild (package:flutter/src/widgets/framework.dart:4037:15)
#1129   ComponentElement.performRebuild (package:flutter/src/widgets/framework.dart:5841:16)
#1130   Element.rebuild (package:flutter/src/widgets/framework.dart:5529:7)
#1131   StatelessElement.update (package:flutter/src/widgets/framework.dart:5895:5)
#1132   Element.updateChild (package:flutter/src/widgets/framework.dart:4037:15)
#1133   ComponentElement.performRebuild (package:flutter/src/widgets/framework.dart:5841:16)
#1134   StatefulElement.performRebuild (package:flutter/src/widgets/framework.dart:5982:11)
#1135   Element.rebuild (package:flutter/src/widgets/framework.dart:5529:7)
#1136   StatefulElement.update (package:flutter/src/widgets/framework.dart:6007:5)
#1137   Element.updateChild (package:flutter/src/widgets/framework.dart:4037:15)
#1138   RootElement._rebuild (package:flutter/src/widgets/binding.dart:1822:16)
#1139   RootElement.update (package:flutter/src/widgets/binding.dart:1800:5)
#1140   RootElement.performRebuild (package:flutter/src/widgets/binding.dart:1814:7)
#1141   Element.rebuild (package:flutter/src/widgets/framework.dart:5529:7)
#1142   BuildScope._tryRebuild (package:flutter/src/widgets/framework.dart:2750:15)
#1143   BuildScope._flushDirtyElements (package:flutter/src/widgets/framework.dart:2807:11)
#1144   BuildOwner.buildScope (package:flutter/src/widgets/framework.dart:3111:18)
#1145   AutomatedTestWidgetsFlutterBinding.drawFrame (package:flutter_test/src/binding.dart:2131:19)
#1146   RendererBinding._handlePersistentFrameCallback (package:flutter/src/rendering/binding.dart:495:5)
#1147   SchedulerBinding._invokeFrameCallback (package:flutter/src/scheduler/binding.dart:1430:15)
#1148   SchedulerBinding.handleDrawFrame (package:flutter/src/scheduler/binding.dart:1345:9)
#1149   AutomatedTestWidgetsFlutterBinding.pump.<anonymous closure> (package:flutter_test/src/binding.dart:1960:9)
#1152   TestAsyncUtils.guard (package:flutter_test/src/test_async_utils.dart:74:41)
#1153   AutomatedTestWidgetsFlutterBinding.pump (package:flutter_test/src/binding.dart:1949:27)
#1154   WidgetTester.pumpWidget.<anonymous closure> (package:flutter_test/src/widget_tester.dart:598:22)
#1157   TestAsyncUtils.guard (package:flutter_test/src/test_async_utils.dart:74:41)
#1158   WidgetTester.pumpWidget (package:flutter_test/src/widget_tester.dart:595:27)
#1159   main.<anonymous closure>.<anonymous closure> (file:///C:/Users/NAGAR/IdeaProjects/fard-2/.worktrees/test-remediation/test/features/azkar/azkar_search_test.dart:170:20)
#1160   testWidgets.<anonymous closure>.<anonymous closure> (package:flutter_test/src/widget_tester.dart:192:29)
<asynchronous suspension>
#1161   TestWidgetsFlutterBinding._runTestBody (package:flutter_test/src/binding.dart:1682:5)
<asynchronous suspension>
<asynchronous suspension>
(elided 5 frames from dart:async and package:stack_trace)

ΓòÉΓòÉΓòÉΓòÉΓòÉΓòÉΓòÉΓòÉΓòÉΓòÉΓòÉΓòÉΓòÉΓòÉΓòÉΓòÉΓòÉΓòÉΓòÉΓòÉΓòÉΓòÉΓòÉΓòÉΓòÉΓòÉΓòÉΓòÉΓòÉΓòÉΓòÉΓòÉΓòÉΓòÉΓòÉΓòÉΓòÉΓòÉΓòÉΓòÉΓòÉΓòÉΓòÉΓòÉΓòÉΓòÉΓòÉΓòÉΓòÉΓòÉΓòÉΓòÉΓòÉΓòÉΓòÉΓòÉΓòÉΓòÉΓòÉΓòÉΓòÉΓòÉΓòÉΓòÉΓòÉΓòÉΓòÉΓòÉΓòÉΓòÉΓòÉΓòÉΓòÉΓòÉΓòÉΓòÉΓòÉΓòÉΓòÉΓòÉΓòÉΓòÉΓòÉΓòÉΓòÉΓòÉΓòÉΓòÉΓòÉΓòÉΓòÉΓòÉΓòÉΓòÉΓòÉΓòÉΓòÉΓòÉΓòÉΓòÉ
ΓòÉΓòÉΓòí EXCEPTION CAUGHT BY FLUTTER TEST FRAMEWORK Γò₧ΓòÉΓòÉΓòÉΓòÉΓòÉΓòÉΓòÉΓòÉΓòÉΓòÉΓòÉΓòÉΓòÉΓòÉΓòÉΓòÉΓòÉΓòÉΓòÉΓòÉΓòÉΓòÉΓòÉΓòÉΓòÉΓòÉΓòÉΓòÉΓòÉΓòÉΓòÉΓòÉΓòÉΓòÉΓòÉΓòÉΓòÉΓòÉΓòÉΓòÉΓòÉΓòÉΓòÉΓòÉΓòÉΓòÉΓòÉΓòÉΓòÉΓòÉΓòÉΓòÉ
The following StateError was thrown running a test:
Bad state: GetIt: Object/factory with type WidgetUpdateService is not registered inside GetIt.
(Did you accidentally do GetIt sl=GetIt.instance(); instead of GetIt sl=GetIt.instance;
Did you forget to register it?)

When the exception was thrown, this was the stack:
#0      throwIfNot (package:get_it/get_it_impl.dart:14:19)
#1      _GetItImplementation._findRegistrationByNameAndType (package:get_it/get_it_impl.dart:682:5)
#2      _GetItImplementation._get (package:get_it/get_it_impl.dart:740:11)
#3      _GetItImplementation.get (package:get_it/get_it_impl.dart:707:12)
#4      _GetItImplementation.call (package:get_it/get_it_impl.dart:829:12)
#5      _SettingsScreenState._loadSavedWidgetTheme (package:fard/features/settings/presentation/screens/settings_screen.dart:63:33)
#6      _SettingsScreenState.initState (package:fard/features/settings/presentation/screens/settings_screen.dart:59:5)
#7      StatefulElement._firstBuild (package:flutter/src/widgets/framework.dart:5950:55)
#8      ComponentElement.mount (package:flutter/src/widgets/framework.dart:5793:5)
...     Normal element mounting (25 frames)
#33     Element.inflateWidget (package:flutter/src/widgets/framework.dart:4587:20)
#34     MultiChildRenderObjectElement.inflateWidget (package:flutter/src/widgets/framework.dart:7264:36)
#35     MultiChildRenderObjectElement.mount (package:flutter/src/widgets/framework.dart:7279:32)
...     Normal element mounting (364 frames)
#399    Element.inflateWidget (package:flutter/src/widgets/framework.dart:4587:20)
#400    MultiChildRenderObjectElement.inflateWidget (package:flutter/src/widgets/framework.dart:7264:36)
#401    MultiChildRenderObjectElement.mount (package:flutter/src/widgets/framework.dart:7279:32)
...     Normal element mounting (473 frames)
#874    _InheritedProviderScopeElement.mount (package:provider/src/inherited_provider.dart:424:11)
...     Normal element mounting (7 frames)
#881    SingleChildWidgetElementMixin.mount (package:nested/nested.dart:222:11)
...     Normal element mounting (7 frames)
#888    SingleChildWidgetElementMixin.mount (package:nested/nested.dart:222:11)
...     Normal element mounting (7 frames)
#895    _NestedHookElement.mount (package:nested/nested.dart:187:11)
...     Normal element mounting (7 frames)
#902    _InheritedProviderScopeElement.mount (package:provider/src/inherited_provider.dart:424:11)
...     Normal element mounting (7 frames)
#909    SingleChildWidgetElementMixin.mount (package:nested/nested.dart:222:11)
...     Normal element mounting (7 frames)
#916    SingleChildWidgetElementMixin.mount (package:nested/nested.dart:222:11)
...     Normal element mounting (7 frames)
#923    _NestedHookElement.mount (package:nested/nested.dart:187:11)
...     Normal element mounting (7 frames)
#930    SingleChildWidgetElementMixin.mount (package:nested/nested.dart:222:11)
#931    Element.inflateWidget (package:flutter/src/widgets/framework.dart:4587:20)
#932    Element.updateChild (package:flutter/src/widgets/framework.dart:4053:20)
#933    ComponentElement.performRebuild (package:flutter/src/widgets/framework.dart:5841:16)
#934    Element.rebuild (package:flutter/src/widgets/framework.dart:5529:7)
#935    ProxyElement.update (package:flutter/src/widgets/framework.dart:6149:5)
#936    _InheritedNotifierElement.update (package:flutter/src/widgets/inherited_notifier.dart:108:11)
#937    Element.updateChild (package:flutter/src/widgets/framework.dart:4037:15)
#938    ComponentElement.performRebuild (package:flutter/src/widgets/framework.dart:5841:16)
#939    StatefulElement.performRebuild (package:flutter/src/widgets/framework.dart:5982:11)
#940    Element.rebuild (package:flutter/src/widgets/framework.dart:5529:7)
#941    StatefulElement.update (package:flutter/src/widgets/framework.dart:6007:5)
#942    Element.updateChild (package:flutter/src/widgets/framework.dart:4037:15)
#943    ComponentElement.performRebuild (package:flutter/src/widgets/framework.dart:5841:16)
#944    Element.rebuild (package:flutter/src/widgets/framework.dart:5529:7)
#945    ProxyElement.update (package:flutter/src/widgets/framework.dart:6149:5)
#946    _InheritedNotifierElement.update (package:flutter/src/widgets/inherited_notifier.dart:108:11)
#947    Element.updateChild (package:flutter/src/widgets/framework.dart:4037:15)
#948    ComponentElement.performRebuild (package:flutter/src/widgets/framework.dart:5841:16)
#949    StatefulElement.performRebuild (package:flutter/src/widgets/framework.dart:5982:11)
#950    Element.rebuild (package:flutter/src/widgets/framework.dart:5529:7)
#951    StatefulElement.update (package:flutter/src/widgets/framework.dart:6007:5)
#952    Element.updateChild (package:flutter/src/widgets/framework.dart:4037:15)
#953    ComponentElement.performRebuild (package:flutter/src/widgets/framework.dart:5841:16)
#954    StatefulElement.performRebuild (package:flutter/src/widgets/framework.dart:5982:11)
#955    Element.rebuild (package:flutter/src/widgets/framework.dart:5529:7)
#956    StatefulElement.update (package:flutter/src/widgets/framework.dart:6007:5)
#957    Element.updateChild (package:flutter/src/widgets/framework.dart:4037:15)
#958    ComponentElement.performRebuild (package:flutter/src/widgets/framework.dart:5841:16)
#959    Element.rebuild (package:flutter/src/widgets/framework.dart:5529:7)
#960    ProxyElement.update (package:flutter/src/widgets/framework.dart:6149:5)
#961    Element.updateChild (package:flutter/src/widgets/framework.dart:4037:15)
#962    ComponentElement.performRebuild (package:flutter/src/widgets/framework.dart:5841:16)
#963    StatefulElement.performRebuild (package:flutter/src/widgets/framework.dart:5982:11)
#964    Element.rebuild (package:flutter/src/widgets/framework.dart:5529:7)
#965    StatefulElement.update (package:flutter/src/widgets/framework.dart:6007:5)
#966    Element.updateChild (package:flutter/src/widgets/framework.dart:4037:15)
#967    ComponentElement.performRebuild (package:flutter/src/widgets/framework.dart:5841:16)
#968    Element.rebuild (package:flutter/src/widgets/framework.dart:5529:7)
#969    ProxyElement.update (package:flutter/src/widgets/framework.dart:6149:5)
#970    Element.updateChild (package:flutter/src/widgets/framework.dart:4037:15)
#971    ComponentElement.performRebuild (package:flutter/src/widgets/framework.dart:5841:16)
#972    Element.rebuild (package:flutter/src/widgets/framework.dart:5529:7)
#973    ProxyElement.update (package:flutter/src/widgets/framework.dart:6149:5)
#974    Element.updateChild (package:flutter/src/widgets/framework.dart:4037:15)
#975    _RawViewElement._updateChild (package:flutter/src/widgets/view.dart:481:16)
#976    _RawViewElement.update (package:flutter/src/widgets/view.dart:568:5)
#977    Element.updateChild (package:flutter/src/widgets/framework.dart:4037:15)
#978    ComponentElement.performRebuild (package:flutter/src/widgets/framework.dart:5841:16)
#979    Element.rebuild (package:flutter/src/widgets/framework.dart:5529:7)
#980    StatelessElement.update (package:flutter/src/widgets/framework.dart:5895:5)
#981    Element.updateChild (package:flutter/src/widgets/framework.dart:4037:15)
#982    ComponentElement.performRebuild (package:flutter/src/widgets/framework.dart:5841:16)
#983    StatefulElement.performRebuild (package:flutter/src/widgets/framework.dart:5982:11)
#984    Element.rebuild (package:flutter/src/widgets/framework.dart:5529:7)
#985    StatefulElement.update (package:flutter/src/widgets/framework.dart:6007:5)
#986    Element.updateChild (package:flutter/src/widgets/framework.dart:4037:15)
#987    RootElement._rebuild (package:flutter/src/widgets/binding.dart:1822:16)
#988    RootElement.update (package:flutter/src/widgets/binding.dart:1800:5)
#989    RootElement.performRebuild (package:flutter/src/widgets/binding.dart:1814:7)
#990    Element.rebuild (package:flutter/src/widgets/framework.dart:5529:7)
#991    BuildScope._tryRebuild (package:flutter/src/widgets/framework.dart:2750:15)
#992    BuildScope._flushDirtyElements (package:flutter/src/widgets/framework.dart:2807:11)
#993    BuildOwner.buildScope (package:flutter/src/widgets/framework.dart:3111:18)
#994    AutomatedTestWidgetsFlutterBinding.drawFrame (package:flutter_test/src/binding.dart:2131:19)
#995    RendererBinding._handlePersistentFrameCallback (package:flutter/src/rendering/binding.dart:495:5)
#996    SchedulerBinding._invokeFrameCallback (package:flutter/src/scheduler/binding.dart:1430:15)
#997    SchedulerBinding.handleDrawFrame (package:flutter/src/scheduler/binding.dart:1345:9)
#998    AutomatedTestWidgetsFlutterBinding.pump.<anonymous closure> (package:flutter_test/src/binding.dart:1960:9)
#1001   TestAsyncUtils.guard (package:flutter_test/src/test_async_utils.dart:74:41)
#1002   AutomatedTestWidgetsFlutterBinding.pump (package:flutter_test/src/binding.dart:1949:27)
#1003   WidgetTester.pumpWidget.<anonymous closure> (package:flutter_test/src/widget_tester.dart:598:22)
#1006   TestAsyncUtils.guard (package:flutter_test/src/test_async_utils.dart:74:41)
#1007   WidgetTester.pumpWidget (package:flutter_test/src/widget_tester.dart:595:27)
#1008   main.<anonymous closure>.<anonymous closure> (file:///C:/Users/NAGAR/IdeaProjects/fard-2/.worktrees/test-remediation/test/features/azkar/azkar_search_test.dart:170:20)
#1009   testWidgets.<anonymous closure>.<anonymous closure> (package:flutter_test/src/widget_tester.dart:192:29)
<asynchronous suspension>
#1010   TestWidgetsFlutterBinding._runTestBody (package:flutter_test/src/binding.dart:1682:5)
<asynchronous suspension>
<asynchronous suspension>
(elided 5 frames from dart:async and package:stack_trace)

The test description was:
  searchable category picker in reminder dialog works
ΓòÉΓòÉΓòÉΓòÉΓòÉΓòÉΓòÉΓòÉΓòÉΓòÉΓòÉΓòÉΓòÉΓòÉΓòÉΓòÉΓòÉΓòÉΓòÉΓòÉΓòÉΓòÉΓòÉΓòÉΓòÉΓòÉΓòÉΓòÉΓòÉΓòÉΓòÉΓòÉΓòÉΓòÉΓòÉΓòÉΓòÉΓòÉΓòÉΓòÉΓòÉΓòÉΓòÉΓòÉΓòÉΓòÉΓòÉΓòÉΓòÉΓòÉΓòÉΓòÉΓòÉΓòÉΓòÉΓòÉΓòÉΓòÉΓòÉΓòÉΓòÉΓòÉΓòÉΓòÉΓòÉΓòÉΓòÉΓòÉΓòÉΓòÉΓòÉΓòÉΓòÉΓòÉΓòÉΓòÉΓòÉΓòÉΓòÉΓòÉΓòÉΓòÉΓòÉΓòÉΓòÉΓòÉΓòÉΓòÉΓòÉΓòÉΓòÉΓòÉΓòÉΓòÉΓòÉΓòÉΓòÉΓòÉΓòÉΓòÉ
ΓòÉΓòÉΓòí EXCEPTION CAUGHT BY FLUTTER TEST FRAMEWORK Γò₧ΓòÉΓòÉΓòÉΓòÉΓòÉΓòÉΓòÉΓòÉΓòÉΓòÉΓòÉΓòÉΓòÉΓòÉΓòÉΓòÉΓòÉΓòÉΓòÉΓòÉΓòÉΓòÉΓòÉΓòÉΓòÉΓòÉΓòÉΓòÉΓòÉΓòÉΓòÉΓòÉΓòÉΓòÉΓòÉΓòÉΓòÉΓòÉΓòÉΓòÉΓòÉΓòÉΓòÉΓòÉΓòÉΓòÉΓòÉΓòÉΓòÉΓòÉΓòÉΓòÉ
The following message was thrown:
Multiple exceptions (2) were detected during the running of the current test, and at least one was
unexpected.
ΓòÉΓòÉΓòÉΓòÉΓòÉΓòÉΓòÉΓòÉΓòÉΓòÉΓòÉΓòÉΓòÉΓòÉΓòÉΓòÉΓòÉΓòÉΓòÉΓòÉΓòÉΓòÉΓòÉΓòÉΓòÉΓòÉΓòÉΓòÉΓòÉΓòÉΓòÉΓòÉΓòÉΓòÉΓòÉΓòÉΓòÉΓòÉΓòÉΓòÉΓòÉΓòÉΓòÉΓòÉΓòÉΓòÉΓòÉΓòÉΓòÉΓòÉΓòÉΓòÉΓòÉΓòÉΓòÉΓòÉΓòÉΓòÉΓòÉΓòÉΓòÉΓòÉΓòÉΓòÉΓòÉΓòÉΓòÉΓòÉΓòÉΓòÉΓòÉΓòÉΓòÉΓòÉΓòÉΓòÉΓòÉΓòÉΓòÉΓòÉΓòÉΓòÉΓòÉΓòÉΓòÉΓòÉΓòÉΓòÉΓòÉΓòÉΓòÉΓòÉΓòÉΓòÉΓòÉΓòÉΓòÉΓòÉΓòÉΓòÉ
+89 -3: C:/Users/NAGAR/IdeaProjects/fard-2/.worktrees/test-remediation/test/features/azkar/azkar_search_test.dart: Settings Reminder Search searchable category picker in reminder dialog works [E]
  Test failed. See exception logs above.
  The test description was: searchable category picker in reminder dialog works
  
ΓòÉΓòÉΓòí EXCEPTION CAUGHT BY FLUTTER TEST FRAMEWORK Γò₧ΓòÉΓòÉΓòÉΓòÉΓòÉΓòÉΓòÉΓòÉΓòÉΓòÉΓòÉΓòÉΓòÉΓòÉΓòÉΓòÉΓòÉΓòÉΓòÉΓòÉΓòÉΓòÉΓòÉΓòÉΓòÉΓòÉΓòÉΓòÉΓòÉΓòÉΓòÉΓòÉΓòÉΓòÉΓòÉΓòÉΓòÉΓòÉΓòÉΓòÉΓòÉΓòÉΓòÉΓòÉΓòÉΓòÉΓòÉΓòÉΓòÉΓòÉΓòÉΓòÉ
The following TestFailure was thrown running a test (but after the test had completed):
Expected: exactly one matching candidate
  Actual: _KeyWidgetFinder:<Found 0 widgets with key [<'add_reminder_button'>]: []>
   Which: means none were found but one was expected

When the exception was thrown, this was the stack:
#0      fail (package:matcher/src/expect/expect.dart:187:31)
#1      _expect (package:matcher/src/expect/expect.dart:182:3)
#2      expect (package:matcher/src/expect/expect.dart:65:3)
#3      expect (package:flutter_test/src/widget_tester.dart:473:18)
#4      main.<anonymous closure>.<anonymous closure> (file:///C:/Users/NAGAR/IdeaProjects/fard-2/.worktrees/test-remediation/test/features/azkar/azkar_search_test.dart:174:7)
<asynchronous suspension>
#5      testWidgets.<anonymous closure>.<anonymous closure> (package:flutter_test/src/widget_tester.dart:192:15)
<asynchronous suspension>
#6      TestWidgetsFlutterBinding._runTestBody (package:flutter_test/src/binding.dart:1682:5)
<asynchronous suspension>
<asynchronous suspension>
(elided one frame from package:stack_trace)
ΓòÉΓòÉΓòÉΓòÉΓòÉΓòÉΓòÉΓòÉΓòÉΓòÉΓòÉΓòÉΓòÉΓòÉΓòÉΓòÉΓòÉΓòÉΓòÉΓòÉΓòÉΓòÉΓòÉΓòÉΓòÉΓòÉΓòÉΓòÉΓòÉΓòÉΓòÉΓòÉΓòÉΓòÉΓòÉΓòÉΓòÉΓòÉΓòÉΓòÉΓòÉΓòÉΓòÉΓòÉΓòÉΓòÉΓòÉΓòÉΓòÉΓòÉΓòÉΓòÉΓòÉΓòÉΓòÉΓòÉΓòÉΓòÉΓòÉΓòÉΓòÉΓòÉΓòÉΓòÉΓòÉΓòÉΓòÉΓòÉΓòÉΓòÉΓòÉΓòÉΓòÉΓòÉΓòÉΓòÉΓòÉΓòÉΓòÉΓòÉΓòÉΓòÉΓòÉΓòÉΓòÉΓòÉΓòÉΓòÉΓòÉΓòÉΓòÉΓòÉΓòÉΓòÉΓòÉΓòÉΓòÉΓòÉΓòÉΓòÉ
  Test failed. See exception logs above.
  The test description was: searchable category picker in reminder dialog works
  
+94 -3: C:/Users/NAGAR/IdeaProjects/fard-2/.worktrees/test-remediation/test/features/prayer_tracking/countdown_and_calendar_test.dart: COUNTDOWN TIMER TESTS - Verify it uses TODAY not selected date PrayerTimesCard receives correct prayerTimes when selectedDate is in PAST
=== TEST: PrayerTimesCard with past selected date ===
Selected Date: 2026-04-08 09:04:25.391857
Prayer Times received: true
Fajr: 2026-04-18 04:02:00.000
Dhuhr: 2026-04-18 11:56:00.000
Asr: 2026-04-18 15:31:00.000
Maghrib: 2026-04-18 18:25:00.000
Isha: 2026-04-18 19:44:00.000
+95 -3: C:/Users/NAGAR/IdeaProjects/fard-2/.worktrees/test-remediation/test/features/prayer_tracking/countdown_and_calendar_test.dart: COUNTDOWN TIMER TESTS - Verify it uses TODAY not selected date PrayerTimesCard receives correct prayerTimes when selectedDate is in FUTURE
=== TEST: PrayerTimesCard with future selected date ===
Selected Date: 2026-04-23 09:04:27.076842
Fajr day: 18
Today is: 18
+96 -3: C:/Users/NAGAR/IdeaProjects/fard-2/.worktrees/test-remediation/test/features/prayer_tracking/countdown_and_calendar_test.dart: COUNTDOWN TIMER TESTS - Verify it uses TODAY not selected date Countdown calculates from NOW not from selectedDate
=== TEST: Countdown timing verification ===
Selected (past) date: 2026-03-19 09:04:27.228225
Prayer times are for: 2026-04-18 04:02:00.000
Card widget shows countdown based on these prayer times
+99 -3: C:/Users/NAGAR/IdeaProjects/fard-2/.worktrees/test-remediation/test/features/prayer_tracking/countdown_and_calendar_test.dart: CALENDAR DUAL DISPLAY TESTS Collapsed header shows BOTH Gregorian and Hijri calendars
=== TEST: Collapsed header dual calendar ===
Calendar should show BOTH calendars when collapsed
Γ£ô Gregorian calendar found: March 2026
Γ£ô Hijri calendar found in collapsed header
+100 -3: C:/Users/NAGAR/IdeaProjects/fard-2/.worktrees/test-remediation/test/features/prayer_tracking/countdown_and_calendar_test.dart: CALENDAR DUAL DISPLAY TESTS Collapsed header shows BOTH Gregorian and Hijri calendars
AutomatedTestWidgetsFlutterBinding - DEBUG MODE
[root]
ΓööView(state: _ViewState#22ebc)
 ΓööRawView
  Γöö_RawViewInternal-[_DeprecatedRawViewKey TestFlutterView#1a35d](renderObject: _ReusableRenderView#c3b88)
   Γöö_ViewScope
    Γöö_PipelineOwnerScope
     Γöö_MediaQueryFromView(state: _MediaQueryFromViewState#f0539)
      ΓööMediaQuery(MediaQueryData(size: Size(800.0, 600.0), devicePixelRatio: 3.0, textScaler: SystemTextScaler (no scaling), platformBrightness: Brightness.light, padding: EdgeInsets.zero, viewPadding: EdgeInsets.zero, viewInsets: EdgeInsets.zero, systemGestureInsets: EdgeInsets.zero, alwaysUse24HourFormat: false, accessibleNavigation: false, highContrast: false, onOffSwitchLabels: false, disableAnimations: false, invertColors: false, boldText: false, navigationMode: traditional, gestureSettings: DeviceGestureSettings(touchSlop: null), displayFeatures: [], supportsShowingSystemContextMenu: false, lineHeightScaleFactorOverride: null, letterSpacingOverride: null, wordSpacingOverride: null, paragraphSpacingOverride: null))
       ΓööFocusTraversalGroup(policy: ReadingOrderTraversalPolicy#cac1f, state: _FocusTraversalGroupState#f8ffe)
        ΓööFocus(debugLabel: "FocusTraversalGroup", focusNode: _FocusTraversalGroupNode#883b8(FocusTraversalGroup [IN FOCUS PATH]), state: _FocusState#2741b)
         Γöö_FocusInheritedScope
          Γöö_FocusScopeWithExternalFocusNode(debugLabel: "View Scope", focusNode: FocusScopeNode#be433(View Scope [IN FOCUS PATH]), dependencies: [_FocusInheritedScope], state: _FocusScopeState#181bc)
           Γöö_FocusInheritedScope
            ΓööMaterialApp(state: _MaterialAppState#7ec23)
             ΓööScrollConfiguration(behavior: MaterialScrollBehavior)
              ΓööHeroControllerScope
               ΓööWidgetsApp-[GlobalObjectKey _MaterialAppState#7ec23](state: _WidgetsAppState#a9b19)
                ΓööRootRestorationScope(state: _RootRestorationScopeState#2a665)
                 ΓööUnmanagedRestorationScope
                  ΓööRestorationScope(dependencies: [UnmanagedRestorationScope], state: _RestorationScopeState#f78cb)
                   ΓööUnmanagedRestorationScope
                    ΓööSharedAppData(state: _SharedAppDataState#13b7b)
                     Γöö_SharedAppModel
                      ΓööNotificationListener<NavigationNotification>
                       ΓööShortcuts(shortcuts: <Default WidgetsApp Shortcuts>, state: _ShortcutsState#2bb0d)
                        ΓööFocus(debugLabel: "Shortcuts", dependencies: [_FocusInheritedScope], state: _FocusState#6089c)
                         Γöö_FocusInheritedScope
                          ΓööSemantics(container: false, properties: SemanticsProperties, renderObject: RenderSemanticsAnnotations#4c05b)
                           ΓööDefaultTextEditingShortcuts
                            ΓööShortcuts(shortcuts: <Default Text Editing Shortcuts>, state: _ShortcutsState#55483)
                             ΓööFocus(debugLabel: "Shortcuts", dependencies: [_FocusInheritedScope], state: _FocusState#e3829)
                              Γöö_FocusInheritedScope
                               ΓööSemantics(container: false, properties: SemanticsProperties, renderObject: RenderSemanticsAnnotations#278ba)
                                ΓööActions(dispatcher: null, actions: {DoNothingIntent: DoNothingAction#e2c07, DoNothingAndStopPropagationIntent: DoNothingAction#269ae, RequestFocusIntent: RequestFocusAction#8598e, NextFocusIntent: NextFocusAction#14287, PreviousFocusIntent: PreviousFocusAction#28247, DirectionalFocusIntent: DirectionalFocusAction#e1289, ScrollIntent: _OverridableContextAction<ScrollIntent>#cb452(defaultAction: ScrollAction#24623), PrioritizedIntents: PrioritizedAction#40c64, VoidCallbackIntent: VoidCallbackAction#8fe84}, state: _ActionsState#5c830)
                                 Γöö_ActionsScope
                                  ΓööFocusTraversalGroup(policy: ReadingOrderTraversalPolicy#bf409, state: _FocusTraversalGroupState#3e6c6)
                                   ΓööFocus(debugLabel: "FocusTraversalGroup", focusNode: _FocusTraversalGroupNode#26578(FocusTraversalGroup [IN FOCUS PATH]), dependencies: [_FocusInheritedScope], state: _FocusState#4e9a6)
                                    Γöö_FocusInheritedScope
                                     ΓööTapRegionSurface(renderObject: RenderTapRegionSurface#1c4ae)
                                      ΓööShortcutRegistrar(state: _ShortcutRegistrarState#e765b)
                                       Γöö_ShortcutRegistrarScope
                                        ΓööShortcuts(manager: ShortcutManager#af97b(shortcuts: {}), shortcuts: {}, state: _ShortcutsState#eab38)
                                         ΓööFocus(debugLabel: "Shortcuts", dependencies: [_FocusInheritedScope], state: _FocusState#f7092)
                                          Γöö_FocusInheritedScope
                                           ΓööSemantics(container: false, properties: SemanticsProperties, renderObject: RenderSemanticsAnnotations#281cd)
                                            ΓööListenableBuilder(listenable: LocalizationsResolver, state: _AnimatedState#e1b0c)
                                             ΓööLocalizations(locale: en, delegates: [_AppLocalizationsDelegate[AppLocalizations], GlobalMaterialLocalizations.delegate(82 locales), GlobalWidgetsLocalizations.delegate(79 locales), GlobalCupertinoLocalizations.delegate(81 locales), DefaultMaterialLocalizations.delegate(en_US), DefaultCupertinoLocalizations.delegate(en_US), DefaultWidgetsLocalizations.delegate(en_US)], state: _LocalizationsState#6d6a5)
                                              ΓööSemantics(container: false, properties: SemanticsProperties, textDirection: ltr, renderObject: RenderSemanticsAnnotations#8ce2c)
                                               Γöö_LocalizationsScope-[GlobalKey#fe553]
                                                ΓööDirectionality(textDirection: ltr)
                                                 ΓööTitle(state: _TitleState#2650c(color: Color(alpha: 1.0000, red: 0.0863, green: 0.1059, blue: 0.1333, colorSpace: ColorSpace.sRGB)))
                                                  ΓööFocus(dependencies: [_FocusInheritedScope], state: _FocusState#13386)
                                                   Γöö_FocusInheritedScope
                                                    ΓööSemantics(container: false, properties: SemanticsProperties, renderObject: RenderSemanticsAnnotations#0eb5e)
                                                     ΓööCheckedModeBanner("DEBUG")
                                                      ΓööBanner(dependencies: [Directionality], state: _BannerState#a6298("DEBUG", textDirection: ltr, location: topEnd, Color(alpha: 0.6275, red: 0.7176, green: 0.1098, blue: 0.1098, colorSpace: ColorSpace.sRGB), text inherit: true, text color: Color(alpha: 1.0000, red: 1.0000, green: 1.0000, blue: 1.0000, colorSpace: ColorSpace.sRGB), text size: 10.2, text weight: 900, text height: 1.0x))
                                                       ΓööCustomPaint(renderObject: RenderCustomPaint#10f1c)
                                                        ΓööValueListenableBuilder<bool>(state: _ValueListenableBuilderState<bool>#d935e)
                                                         ΓööDefaultTextStyle(debugLabel: fallback style; consider putting your text in a Material, inherit: true, color: Color(alpha: 0.8157, red: 1.0000, green: 0.0000, blue: 0.0000, colorSpace: ColorSpace.sRGB), family: monospace, size: 48.0, weight: 900, decoration: double Color(alpha: 1.0000, red: 1.0000, green: 1.0000, blue: 0.0000, colorSpace: ColorSpace.sRGB) TextDecoration.underline, softWrap: wrapping at box width, overflow: clip)
                                                          ΓööBuilder(dependencies: [MediaQuery])
                                                           ΓööAnimatedTheme(duration: 200ms, state: _AnimatedThemeState#231c1(ticker inactive, ThemeDataTween(ThemeData#2ac26 ΓåÆ ThemeData#2ac26)))
                                                            ΓööTheme(ThemeData#2ac26, dependencies: [MediaQuery])
                                                             Γöö_InheritedTheme
                                                              ΓööCupertinoTheme(brightness: dark, primaryColor: Color(alpha: 1.0000, red: 0.2980, green: 0.6863, blue: 0.3137, colorSpace: ColorSpace.sRGB), primaryContrastingColor: Color(alpha: 1.0000, red: 0.0000, green: 0.2000, blue: 0.0000, colorSpace: ColorSpace.sRGB), scaffoldBackgroundColor: Color(alpha: 1.0000, red: 0.0510, green: 0.0667, blue: 0.0902, colorSpace: ColorSpace.sRGB), actionTextStyle: TextStyle(inherit: false, color: Color(alpha: 1.0000, red: 0.2980, green: 0.6863, blue: 0.3137, colorSpace: ColorSpace.sRGB), family: CupertinoSystemText, size: 17.0, letterSpacing: -0.4, decoration: TextDecoration.none), actionSmallTextStyle: TextStyle(inherit: false, color: Color(alpha: 1.0000, red: 0.2980, green: 0.6863, blue: 0.3137, colorSpace: ColorSpace.sRGB), family: CupertinoSystemText, size: 15.0, letterSpacing: -0.2, decoration: TextDecoration.none), navActionTextStyle: TextStyle(inherit: false, color: Color(alpha: 1.0000, red: 0.2980, green: 0.6863, blue: 0.3137, colorSpace: ColorSpace.sRGB), family: CupertinoSystemText, size: 17.0, letterSpacing: -0.4, decoration: TextDecoration.none))
                                                               ΓööInheritedCupertinoTheme
                                                                ΓööIconTheme(color: Color(alpha: 1.0000, red: 0.2980, green: 0.6863, blue: 0.3137, colorSpace: ColorSpace.sRGB))
                                                                 ΓööIconTheme(color: Color(alpha: 1.0000, red: 1.0000, green: 1.0000, blue: 1.0000, colorSpace: ColorSpace.sRGB))
                                                                  ΓööDefaultSelectionStyle
                                                                   ΓööScaffoldMessenger(dependencies: [MediaQuery], state: ScaffoldMessengerState#91c8e)
                                                                    Γöö_ScaffoldMessengerScope
                                                                     ΓööDefaultSelectionStyle
                                                                      ΓööFocusScope(debugLabel: "Navigator Scope", AUTOFOCUS, dependencies: [_FocusInheritedScope], state: _FocusScopeState#07d23)
                                                                       ΓööSemantics(container: false, properties: SemanticsProperties, renderObject: RenderSemanticsAnnotations#54107)
                                                                        Γöö_FocusInheritedScope
                                                                         ΓööNavigator-[GlobalObjectKey<NavigatorState> _WidgetsAppState#a9b19](dependencies: [HeroControllerScope, InheritedCupertinoTheme, UnmanagedRestorationScope, _InheritedTheme, _LocalizationsScope-[GlobalKey#fe553]], state: NavigatorState#d177a(tickers: tracking 1 ticker))
                                                                          ΓööHeroControllerScope
                                                                           ΓööNotificationListener<NavigationNotification>
                                                                            ΓööListener(listeners: [down, up, cancel], behavior: deferToChild, renderObject: RenderPointerListener#70028)
                                                                             ΓööAbsorbPointer(absorbing: false, renderObject: RenderAbsorbPointer#641df)
                                                                              ΓööFocusTraversalGroup(policy: ReadingOrderTraversalPolicy#bf409, state: _FocusTraversalGroupState#ec9a3)
                                                                               ΓööFocus(debugLabel: "FocusTraversalGroup", focusNode: _FocusTraversalGroupNode#40da8(FocusTraversalGroup [IN FOCUS PATH]), dependencies: [_FocusInheritedScope], state: _FocusState#256f8)
                                                                                Γöö_FocusInheritedScope
                                                                                 ΓööFocus(debugLabel: "Navigator", AUTOFOCUS, focusNode: FocusNode#34786(Navigator [IN FOCUS PATH]), dependencies: [_FocusInheritedScope], state: _FocusState#8d85b)
                                                                                  Γöö_FocusInheritedScope
                                                                                   ΓööUnmanagedRestorationScope
                                                                                    ΓööOverlay-[LabeledGlobalKey<OverlayState>#5b15f](state: OverlayState#eccd9(entries: [OverlayEntry#c228e(opaque: true; maintainState: false), OverlayEntry#6b7ca(opaque: false; maintainState: true)]))
                                                                                     Γöö_Theater(skipCount: 0, dependencies: [Directionality], renderObject: _RenderTheater#fa626)
                                                                                      Γö£_OverlayEntryWidget-[LabeledGlobalKey<_OverlayEntryWidgetState>#ed55b](state: _OverlayEntryWidgetState#b01d7)
                                                                                      ΓöéΓööTickerMode(state: _TickerModeState#566d0(requested mode: enabled))
                                                                                      Γöé Γöö_EffectiveTickerMode(effective mode: enabled)
                                                                                      Γöé  Γöö_RenderTheaterMarker
                                                                                      Γöé   ΓööBuilder
                                                                                      Γöé    ΓööIgnorePointer(ignoring: false, renderObject: RenderIgnorePointer#3f2df)
                                                                                      Γöé     ΓööModalBarrier
                                                                                      Γöé      ΓööBlockSemantics(blocking: true, renderObject: RenderBlockSemantics#74b9c)
                                                                                      Γöé       ΓööExcludeSemantics(excluding: true, renderObject: RenderExcludeSemantics#e54ab)
                                                                                      Γöé        Γöö_ModalBarrierGestureDetector
                                                                                      Γöé         ΓööRawGestureDetector(state: RawGestureDetectorState#3de01(gestures: [any tap], behavior: opaque))
                                                                                      Γöé          Γöö_GestureSemantics(renderObject: RenderSemanticsGestureHandler#13735)
                                                                                      Γöé           ΓööListener(listeners: [down, panZoomStart], behavior: opaque, renderObject: RenderPointerListener#7d1d3)
                                                                                      Γöé            ΓööSemantics(container: false, properties: SemanticsProperties, renderObject: RenderSemanticsAnnotations#244cc)
                                                                                      Γöé             ΓööMouseRegion(listeners: <none>, cursor: SystemMouseCursor(basic), renderObject: RenderMouseRegion#d8824)
                                                                                      Γöé              ΓööConstrainedBox(BoxConstraints(biggest), renderObject: RenderConstrainedBox#d600f)
                                                                                      Γöö_OverlayEntryWidget-[LabeledGlobalKey<_OverlayEntryWidgetState>#3ce31](state: _OverlayEntryWidgetState#caccf)
                                                                                       ΓööTickerMode(state: _TickerModeState#3ffc9(requested mode: enabled))
                                                                                        Γöö_EffectiveTickerMode(effective mode: enabled)
                                                                                         Γöö_RenderTheaterMarker
                                                                                          ΓööBuilder
                                                                                           ΓööSemantics(container: false, properties: SemanticsProperties, sortKey: OrdinalSortKey#8ae20(order: 0.0), renderObject: RenderSemanticsAnnotations#533ee)
                                                                                            Γöö_ModalScope<dynamic>-[LabeledGlobalKey<_ModalScopeState<dynamic>>#175d5](state: _ModalScopeState<dynamic>#bfe97)
                                                                                             ΓööAnimatedBuilder(listenable: ValueNotifier<String?>#621c9(null), state: _AnimatedState#af344)
                                                                                              ΓööRestorationScope(dependencies: [UnmanagedRestorationScope], state: _RestorationScopeState#02e77)
                                                                                               ΓööUnmanagedRestorationScope
                                                                                                Γöö_ModalScopeStatus(active)
                                                                                                 ΓööOffstage(offstage: false, renderObject: RenderOffstage#6e42c)
                                                                                                  ΓööPageStorage
                                                                                                   ΓööBuilder
                                                                                                    ΓööActions(dispatcher: null, actions: {DismissIntent: _DismissModalAction#cb1ae}, state: _ActionsState#df81f)
                                                                                                     Γöö_ActionsScope
                                                                                                      ΓööPrimaryScrollController(ScrollController#d319c(no clients))
                                                                                                       Γöö_FocusScopeWithExternalFocusNode(debugLabel: "_ModalScopeState<dynamic> Focus Scope", focusNode: FocusScopeNode#4b4c6(_ModalScopeState<dynamic> Focus Scope [PRIMARY FOCUS]), dependencies: [_FocusInheritedScope], state: _FocusScopeState#09669)
                                                                                                        ΓööSemantics(container: false, properties: SemanticsProperties, renderObject: RenderSemanticsAnnotations#28d8a)
                                                                                                         Γöö_FocusInheritedScope
                                                                                                          ΓööRepaintBoundary(renderObject: RenderRepaintBoundary#5bb21)
                                                                                                           ΓööListenableBuilder(listenable: Listenable.merge([AnimationController#77e39(ΓÅ¡ 1.000; paused; for MaterialPageRoute<dynamic>(/))Γ₧⌐ProxyAnimation, kAlwaysDismissedAnimationΓ₧⌐ProxyAnimationΓ₧⌐ProxyAnimation]), dependencies: [InheritedCupertinoTheme, _InheritedTheme, _LocalizationsScope-[GlobalKey#fe553]], state: _AnimatedState#7d1d9)
                                                                                                            Γöö_PageTransitionsThemeTransitions<dynamic>(dependencies: [InheritedCupertinoTheme, _InheritedTheme, _LocalizationsScope-[GlobalKey#fe553]], state: _PageTransitionsThemeTransitionsState<dynamic>#00a94)
                                                                                                             Γöö_PredictiveBackGestureDetector(state: _PredictiveBackGestureDetectorState#972af)
                                                                                                              Γöö_FadeForwardsPageTransition(dependencies: [_ModalScopeStatus])
                                                                                                               ΓööDualTransitionBuilder(state: _DualTransitionBuilderState#e6d75)
                                                                                                                ΓööFadeTransition(opacity: kAlwaysCompleteAnimationΓ₧⌐ProxyAnimationΓ₧⌐CurveTween(curve: Interval(0.0Γï»0.75))Γ₧⌐Tween<double>(0.0 ΓåÆ 1.0)Γ₧⌐1.0, renderObject: RenderAnimatedOpacity#270fd)
                                                                                                                 ΓööSlideTransition(listenable: kAlwaysCompleteAnimationΓ₧⌐ProxyAnimationΓ₧⌐CurveTween(curve: ThreePointCubic )Γ₧⌐Tween<Offset>(Offset(0.3, 0.0) ΓåÆ Offset(0.0, 0.0))Γ₧⌐Offset(0.0, 0.0), state: _AnimatedState#3014d)
                                                                                                                  ΓööFractionalTranslation(renderObject: RenderFractionalTranslation#180a6)
                                                                                                                   ΓööIgnorePointer(ignoring: false, renderObject: RenderIgnorePointer#785de)
                                                                                                                    ΓööFadeTransition(opacity: AnimationController#77e39(ΓÅ¡ 1.000; paused; for MaterialPageRoute<dynamic>(/))Γ₧⌐ProxyAnimationΓ₧¬ReverseAnimationΓ₧⌐ProxyAnimationΓ₧⌐CurveTween(curve: Interval(0.0Γï»0.25))Γ₧⌐Tween<double>(1.0 ΓåÆ 0.0)Γ₧⌐1.0, renderObject: RenderAnimatedOpacity#d8cd1)
                                                                                                                     ΓööSlideTransition(listenable: AnimationController#77e39(ΓÅ¡ 1.000; paused; for MaterialPageRoute<dynamic>(/))Γ₧⌐ProxyAnimationΓ₧¬ReverseAnimationΓ₧⌐ProxyAnimationΓ₧⌐CurveTween(curve: ThreePointCubic )Γ₧⌐Tween<Offset>(Offset(0.0, 0.0) ΓåÆ Offset(0.3, 0.0))Γ₧⌐Offset(0.0, 0.0), state: _AnimatedState#fc386)
                                                                                                                      ΓööFractionalTranslation(renderObject: RenderFractionalTranslation#c3780)
                                                                                                                       ΓööColoredBox(color: Color(alpha: 0.0000, red: 0.0000, green: 0.0000, blue: 0.0000, colorSpace: ColorSpace.sRGB), renderObject: _RenderColoredBox#b840a)
                                                                                                                        ΓööDualTransitionBuilder(state: _DualTransitionBuilderState#fa980)
                                                                                                                         ΓööFadeTransition(opacity: kAlwaysCompleteAnimationΓ₧⌐ProxyAnimationΓ₧⌐CurveTween(curve: Interval(0.0Γï»0.75))Γ₧⌐Tween<double>(0.0 ΓåÆ 1.0)Γ₧⌐1.0, renderObject: RenderAnimatedOpacity#0ab3b)
                                                                                                                          ΓööSlideTransition(listenable: kAlwaysCompleteAnimationΓ₧⌐ProxyAnimationΓ₧⌐CurveTween(curve: ThreePointCubic )Γ₧⌐Tween<Offset>(Offset(-0.3, 0.0) ΓåÆ Offset(0.0, 0.0))Γ₧⌐Offset(0.0, 0.0), state: _AnimatedState#5da77)
                                                                                                                           ΓööFractionalTranslation(renderObject: RenderFractionalTranslation#1b22e)
                                                                                                                            ΓööFadeTransition(opacity: kAlwaysDismissedAnimationΓ₧⌐ProxyAnimationΓ₧⌐ProxyAnimationΓ₧¬ReverseAnimationΓ₧¬ReverseAnimationΓ₧⌐ProxyAnimationΓ₧⌐CurveTween(curve: Interval(0.0Γï»0.25))Γ₧⌐Tween<double>(1.0 ΓåÆ 0.0)Γ₧⌐1.0, renderObject: RenderAnimatedOpacity#953c6)
                                                                                                                             ΓööSlideTransition(listenable: kAlwaysDismissedAnimationΓ₧⌐ProxyAnimationΓ₧⌐ProxyAnimationΓ₧¬ReverseAnimationΓ₧¬ReverseAnimationΓ₧⌐ProxyAnimationΓ₧⌐CurveTween(curve: ThreePointCubic )Γ₧⌐Tween<Offset>(Offset(0.0, 0.0) ΓåÆ Offset(-0.3, 0.0))Γ₧⌐Offset(0.0, 0.0), state: _AnimatedState#3e839)
                                                                                                                              ΓööFractionalTranslation(renderObject: RenderFractionalTranslation#13c33)
                                                                                                                               ΓööListenableBuilder(listenable: ValueNotifier<bool>#9df6a(false), state: _AnimatedState#52730)
                                                                                                                                ΓööIgnorePointer(ignoring: false, renderObject: RenderIgnorePointer#c831c)
                                                                                                                                 ΓööRepaintBoundary-[GlobalKey#bbe93](renderObject: RenderRepaintBoundary#c8df1)
                                                                                                                                  ΓööBuilder
                                                                                                                                   ΓööSemantics(container: false, properties: SemanticsProperties, renderObject: RenderSemanticsAnnotations#c69c1)
                                                                                                                                    ΓööScaffold(dependencies: [Directionality, InheritedCupertinoTheme, MediaQuery, UnmanagedRestorationScope, _InheritedTheme, _LocalizationsScope-[GlobalKey#fe553], _ScaffoldMessengerScope], state: ScaffoldState#d4a11(tickers: tracking 3 tickers))
                                                                                                                                     Γöö_ScaffoldScope
                                                                                                                                      ΓööScrollNotificationObserver(state: ScrollNotificationObserverState#ddb94)
                                                                                                                                       ΓööNotificationListener<ScrollMetricsNotification>
                                                                                                                                        ΓööNotificationListener<ScrollNotification>
                                                                                                                                         Γöö_ScrollNotificationObserverScope
                                                                                                                                          ΓööMaterial(type: canvas, color: Color(alpha: 1.0000, red: 0.0510, green: 0.0667, blue: 0.0902, colorSpace: ColorSpace.sRGB), dependencies: [InheritedCupertinoTheme, _InheritedTheme, _LocalizationsScope-[GlobalKey#fe553]], state: _MaterialState#4844b)
                                                                                                                                           ΓööAnimatedPhysicalModel(duration: 200ms, shape: rectangle, borderRadius: null, elevation: 0.0, color: Color(alpha: 1.0000, red: 0.0510, green: 0.0667, blue: 0.0902, colorSpace: ColorSpace.sRGB), animateColor: false, shadowColor: Color(alpha: 1.0000, red: 0.0000, green: 0.0000, blue: 0.0000, colorSpace: ColorSpace.sRGB), animateShadowColor: true, state: _AnimatedPhysicalModelState#11e38(ticker inactive))
                                                                                                                                            ΓööPhysicalModel(shape: rectangle, borderRadius: BorderRadius.zero, elevation: 0.0, color: Color(alpha: 1.0000, red: 0.0510, green: 0.0667, blue: 0.0902, colorSpace: ColorSpace.sRGB), shadowColor: Color(alpha: 1.0000, red: 0.0000, green: 0.0000, blue: 0.0000, colorSpace: ColorSpace.sRGB), renderObject: RenderPhysicalModel#0c2cc)
                                                                                                                                             ΓööNotificationListener<LayoutChangedNotification>
                                                                                                                                              Γöö_InkFeatures-[GlobalKey#020ac ink renderer](renderObject: _RenderInkFeatures#3ef64)
                                                                                                                                               ΓööAnimatedDefaultTextStyle(duration: 200ms, debugLabel: (englishLike bodyMedium 2021).merge(((whiteMountainView bodyMedium).apply).merge(unknown)), inherit: false, color: Color(alpha: 1.0000, red: 0.8196, green: 0.8353, blue: 0.8549, colorSpace: ColorSpace.sRGB), family: Outfit_regular, familyFallback: [Outfit], size: 14.0, weight: 400, letterSpacing: 0.3, baseline: alphabetic, height: 1.4x, leadingDistribution: even, decoration: Color(alpha: 1.0000, red: 0.9412, green: 0.9647, blue: 0.9882, colorSpace: ColorSpace.sRGB) TextDecoration.none, softWrap: wrapping at box width, overflow: clip, state: _AnimatedDefaultTextStyleState#3db9d(ticker inactive))
                                                                                                                                                ΓööDefaultTextStyle(debugLabel: (englishLike bodyMedium 2021).merge(((whiteMountainView bodyMedium).apply).merge(unknown)), inherit: false, color: Color(alpha: 1.0000, red: 0.8196, green: 0.8353, blue: 0.8549, colorSpace: ColorSpace.sRGB), family: Outfit_regular, familyFallback: [Outfit], size: 14.0, weight: 400, letterSpacing: 0.3, baseline: alphabetic, height: 1.4x, leadingDistribution: even, decoration: Color(alpha: 1.0000, red: 0.9412, green: 0.9647, blue: 0.9882, colorSpace: ColorSpace.sRGB) TextDecoration.none, softWrap: wrapping at box width, overflow: clip)
                                                                                                                                                 ΓööAnimatedBuilder(listenable: AnimationController#5906f(ΓÅ¡ 1.000; paused), state: _AnimatedState#cf2cc)
                                                                                                                                                  ΓööActions(dispatcher: null, actions: {DismissIntent: _DismissDrawerAction#18927}, state: _ActionsState#f2bc3)
                                                                                                                                                   Γöö_ActionsScope
                                                                                                                                                    ΓööCustomMultiChildLayout(renderObject: RenderCustomMultiChildLayoutBox#60fa2)
                                                                                                                                                     Γö£LayoutId-[<_ScaffoldSlot.body>](id: _ScaffoldSlot.body)
                                                                                                                                                     ΓöéΓööMediaQuery(MediaQueryData(size: Size(800.0, 600.0), devicePixelRatio: 3.0, textScaler: SystemTextScaler (no scaling), platformBrightness: Brightness.light, padding: EdgeInsets.zero, viewPadding: EdgeInsets.zero, viewInsets: EdgeInsets.zero, systemGestureInsets: EdgeInsets.zero, alwaysUse24HourFormat: false, accessibleNavigation: false, highContrast: false, onOffSwitchLabels: false, disableAnimations: false, invertColors: false, boldText: false, navigationMode: traditional, gestureSettings: DeviceGestureSettings(touchSlop: null), displayFeatures: [], supportsShowingSystemContextMenu: false, lineHeightScaleFactorOverride: null, letterSpacingOverride: null, wordSpacingOverride: null, paragraphSpacingOverride: null))
                                                                                                                                                     Γöé Γöö_BodyBuilder
                                                                                                                                                     Γöé  ΓööKeyedSubtree-[GlobalKey#5fdaf]
                                                                                                                                                     Γöé   ΓööCalendarWidget(dependencies: [InheritedCupertinoTheme, _InheritedTheme, _LocalizationsScope-[GlobalKey#fe553]], state: _CalendarWidgetState#8fcc8)
                                                                                                                                                     Γöé    ΓööAnimatedContainer(duration: 200ms, bg:
                                                                                                                                                     Γöé     Γöé  BoxDecoration(color: Color(alpha: 1.0000, red: 0.0863, green: 0.1059, blue: 0.1333, colorSpace: ColorSpace.sRGB), border: Border.all(BorderSide(color: Color(alpha: 1.0000, red: 0.2392, green: 0.2667, blue: 0.3020, colorSpace: ColorSpace.sRGB))), borderRadius: BorderRadius.circular(20.0),
                                                                                                                                                     Γöé     Γöé    boxShadow: [BoxShadow(Color(alpha: 1.0000, red: 0.2392, green:
                                                                                                                                                     Γöé     Γöé      0.2667, blue: 0.3020, colorSpace: ColorSpace.sRGB), Offset(0.0,
                                                                                                                                                     Γöé     Γöé      4.0), 10.0, 0.0, BlurStyle.normal)]
                                                                                                                                                     Γöé     Γöé    )
                                                                                                                                                     Γöé     Γöé, clipBehavior: Clip.none, state:
                                                                                                                                                     Γöé     Γöé  _AnimatedContainerState#056ce(ticker inactive, bg:
                                                                                                                                                     Γöé     Γöé      DecorationTween(BoxDecoration(color: Color(alpha: 1.0000, red: 0.0863, green: 0.1059, blue: 0.1333, colorSpace: ColorSpace.sRGB), border: Border.all(BorderSide(color: Color(alpha: 1.0000, red: 0.2392, green: 0.2667, blue: 0.3020, colorSpace: ColorSpace.sRGB))), borderRadius: BorderRadius.circular(20.0),
                                                                                                                                                     Γöé     Γöé        boxShadow: [BoxShadow(Color(alpha: 1.0000, red: 0.2392, green:
                                                                                                                                                     Γöé     Γöé          0.2667, blue: 0.3020, colorSpace: ColorSpace.sRGB), Offset(0.0,
                                                                                                                                                     Γöé     Γöé          4.0), 10.0, 0.0, BlurStyle.normal)]
                                                                                                                                                     Γöé     Γöé        ) ΓåÆ BoxDecoration(color: Color(alpha: 1.0000, red: 0.0863, green: 0.1059, blue: 0.1333, colorSpace: ColorSpace.sRGB), border: Border.all(BorderSide(color: Color(alpha: 1.0000, red: 0.2392, green: 0.2667, blue: 0.3020, colorSpace: ColorSpace.sRGB))), borderRadius: BorderRadius.circular(20.0),
                                                                                                                                                     Γöé     Γöé        boxShadow: [BoxShadow(Color(alpha: 1.0000, red: 0.2392, green:
                                                                                                                                                     Γöé     Γöé          0.2667, blue: 0.3020, colorSpace: ColorSpace.sRGB), Offset(0.0,
                                                                                                                                                     Γöé     Γöé          4.0), 10.0, 0.0, BlurStyle.normal)]
                                                                                                                                                     Γöé     Γöé        ))
                                                                                                                                                     Γöé     Γöé    )
                                                                                                                                                     Γöé     Γöé)
                                                                                                                                                     Γöé     ΓööContainer(bg:
                                                                                                                                                     Γöé      Γöé  BoxDecoration(color: Color(alpha: 1.0000, red: 0.0863, green: 0.1059, blue: 0.1333, colorSpace: ColorSpace.sRGB), border: Border.all(BorderSide(color: Color(alpha: 1.0000, red: 0.2392, green: 0.2667, blue: 0.3020, colorSpace: ColorSpace.sRGB))), borderRadius: BorderRadius.circular(20.0),
                                                                                                                                                     Γöé      Γöé    boxShadow: [BoxShadow(Color(alpha: 1.0000, red: 0.2392, green:
                                                                                                                                                     Γöé      Γöé      0.2667, blue: 0.3020, colorSpace: ColorSpace.sRGB), Offset(0.0,
                                                                                                                                                     Γöé      Γöé      4.0), 10.0, 0.0, BlurStyle.normal)]
                                                                                                                                                     Γöé      Γöé    )
                                                                                                                                                     Γöé      Γöé)
                                                                                                                                                     Γöé      ΓööDecoratedBox(bg:
                                                                                                                                                     Γöé       Γöé  BoxDecoration(color: Color(alpha: 1.0000, red: 0.0863, green: 0.1059, blue: 0.1333, colorSpace: ColorSpace.sRGB), border: Border.all(BorderSide(color: Color(alpha: 1.0000, red: 0.2392, green: 0.2667, blue: 0.3020, colorSpace: ColorSpace.sRGB))), borderRadius: BorderRadius.circular(20.0),
                                                                                                                                                     Γöé       Γöé    boxShadow: [BoxShadow(Color(alpha: 1.0000, red: 0.2392, green:
                                                                                                                                                     Γöé       Γöé      0.2667, blue: 0.3020, colorSpace: ColorSpace.sRGB), Offset(0.0,
                                                                                                                                                     Γöé       Γöé      4.0), 10.0, 0.0, BlurStyle.normal)]
                                                                                                                                                     Γöé       Γöé    )
                                                                                                                                                     Γöé       Γöé, dependencies: [Directionality, MediaQuery, _LocalizationsScope-[GlobalKey#fe553]], renderObject: RenderDecoratedBox#e5a83 relayoutBoundary=up1)
                                                                                                                                                     Γöé       ΓööPadding(padding: EdgeInsets.all(1.0), dependencies: [Directionality], renderObject: RenderPadding#81b92 relayoutBoundary=up2)
                                                                                                                                                     Γöé        ΓööColumn(direction: vertical, mainAxisAlignment: start, mainAxisSize: min, crossAxisAlignment: center, renderObject: RenderFlex#3a9f5 relayoutBoundary=up3)
                                                                                                                                                     Γöé         Γö£InkWell
                                                                                                                                                     Γöé         ΓöéΓöö_InkResponseStateWidget(gestures: [tap], mouseCursor: null, clipped to BoxShape.rectangle, dependencies: [InheritedCupertinoTheme, MediaQuery, _InheritedTheme, _LocalizationsScope-[GlobalKey#fe553]], state: _InkResponseState#41124)
                                                                                                                                                     Γöé         Γöé Γöö_ParentInkResponseProvider
                                                                                                                                                     Γöé         Γöé  ΓööActions(dispatcher: null, actions: {ActivateIntent: CallbackAction<ActivateIntent>#b7222, ButtonActivateIntent: CallbackAction<ButtonActivateIntent>#2d729}, state: _ActionsState#11303)
                                                                                                                                                     Γöé         Γöé   Γöö_ActionsScope
                                                                                                                                                     Γöé         Γöé    ΓööFocus(dependencies: [_FocusInheritedScope], state: _FocusState#950d2)
                                                                                                                                                     Γöé         Γöé     Γöö_FocusInheritedScope
                                                                                                                                                     Γöé         Γöé      ΓööSemantics(container: false, properties: SemanticsProperties, renderObject: RenderSemanticsAnnotations#02deb relayoutBoundary=up4)
                                                                                                                                                     Γöé         Γöé       ΓööMouseRegion(listeners: [enter, exit], cursor: SystemMouseCursor(basic), renderObject: RenderMouseRegion#9673e relayoutBoundary=up5)
                                                                                                                                                     Γöé         Γöé        ΓööBuilder(dependencies: [DefaultSelectionStyle])
                                                                                                                                                     Γöé         Γöé         ΓööDefaultSelectionStyle
                                                                                                                                                     Γöé         Γöé          ΓööSemantics(container: false, properties: SemanticsProperties, renderObject: RenderSemanticsAnnotations#61aa1 relayoutBoundary=up6)
                                                                                                                                                     Γöé         Γöé           ΓööGestureDetector(startBehavior: start, dependencies: [MediaQuery, ScrollConfiguration])
                                                                                                                                                     Γöé         Γöé            ΓööRawGestureDetector(state: RawGestureDetectorState#58671(gestures: [tap], excludeFromSemantics: true, behavior: opaque))
                                                                                                                                                     Γöé         Γöé             ΓööListener(listeners: [down, panZoomStart], behavior: opaque, renderObject: RenderPointerListener#92dac relayoutBoundary=up7)
                                                                                                                                                     Γöé         Γöé              ΓööPadding(padding: EdgeInsets(16.0, 12.0, 16.0, 12.0), dependencies: [Directionality], renderObject: RenderPadding#83ee8 relayoutBoundary=up8)
                                                                                                                                                     Γöé         Γöé               ΓööRow(direction: horizontal, mainAxisAlignment: start, crossAxisAlignment: center, dependencies: [Directionality], renderObject: RenderFlex#27b03 relayoutBoundary=up9)
                                                                                                                                                     Γöé         Γöé                Γö£AnimatedContainer(duration: 200ms, padding: EdgeInsets.all(8.0), bg: BoxDecoration(color: Color(alpha: 0.1000, red: 1.0000, green: 0.8353, blue: 0.3098, colorSpace: ColorSpace.sRGB), borderRadius: BorderRadius.circular(10.0)), clipBehavior: Clip.none, state: _AnimatedContainerState#1fe9e(ticker inactive, padding: EdgeInsetsGeometryTween(EdgeInsets.all(8.0) ΓåÆ EdgeInsets.all(8.0)), bg: DecorationTween(BoxDecoration(color: Color(alpha: 0.1000, red: 1.0000, green: 0.8353, blue: 0.3098, colorSpace: ColorSpace.sRGB), borderRadius: BorderRadius.circular(10.0)) ΓåÆ BoxDecoration(color: Color(alpha: 0.1000, red: 1.0000, green: 0.8353, blue: 0.3098, colorSpace: ColorSpace.sRGB), borderRadius: BorderRadius.circular(10.0)))))
                                                                                                                                                     Γöé         Γöé                ΓöéΓööContainer(padding: EdgeInsets.all(8.0), bg: BoxDecoration(color: Color(alpha: 0.1000, red: 1.0000, green: 0.8353, blue: 0.3098, colorSpace: ColorSpace.sRGB), borderRadius: BorderRadius.circular(10.0)))
                                                                                                                                                     Γöé         Γöé                Γöé ΓööDecoratedBox(bg: BoxDecoration(color: Color(alpha: 0.1000, red: 1.0000, green: 0.8353, blue: 0.3098, colorSpace: ColorSpace.sRGB), borderRadius: BorderRadius.circular(10.0)), dependencies: [Directionality, MediaQuery, _LocalizationsScope-[GlobalKey#fe553]], renderObject: RenderDecoratedBox#652d7 relayoutBoundary=up10)
                                                                                                                                                     Γöé         Γöé                Γöé  ΓööPadding(padding: EdgeInsets.all(8.0), dependencies: [Directionality], renderObject: RenderPadding#be903 relayoutBoundary=up11)
                                                                                                                                                     Γöé         Γöé                Γöé   ΓööIcon(IconData(U+F06C8), size: 18.0, color: Color(alpha: 1.0000, red: 1.0000, green: 0.8353, blue: 0.3098, colorSpace: ColorSpace.sRGB), dependencies: [Directionality, IconTheme])
                                                                                                                                                     Γöé         Γöé                Γöé    ΓööSemantics(container: false, properties: SemanticsProperties, renderObject: RenderSemanticsAnnotations#30d9e relayoutBoundary=up12)
                                                                                                                                                     Γöé         Γöé                Γöé     ΓööExcludeSemantics(excluding: true, renderObject: RenderExcludeSemantics#e88bd relayoutBoundary=up13)
                                                                                                                                                     Γöé         Γöé                Γöé      ΓööSizedBox(width: 18.0, height: 18.0, renderObject: RenderConstrainedBox#8b6e8 relayoutBoundary=up14)
                                                                                                                                                     Γöé         Γöé                Γöé       ΓööCenter(alignment: Alignment.center, dependencies: [Directionality], renderObject: RenderPositionedBox#547b6)
                                                                                                                                                     Γöé         Γöé                Γöé        ΓööRichText(textDirection: ltr, softWrap: wrapping at box width, overflow: visible, maxLines: unlimited, text: "≤░¢ê", dependencies: [_LocalizationsScope-[GlobalKey#fe553]], renderObject: RenderParagraph#423e1 relayoutBoundary=up1)
                                                                                                                                                     Γöé         Γöé                Γö£SizedBox(width: 12.0, renderObject: RenderConstrainedBox#3c77b relayoutBoundary=up10)
                                                                                                                                                     Γöé         Γöé                Γö£Expanded(flex: 1)
                                                                                                                                                     Γöé         Γöé                ΓöéΓööColumn(direction: vertical, mainAxisAlignment: start, mainAxisSize: min, crossAxisAlignment: start, dependencies: [Directionality], renderObject: RenderFlex#7981e relayoutBoundary=up10)
                                                                                                                                                     Γöé         Γöé                Γöé Γö£Text("March 2026", inherit: true, color: Color(alpha: 1.0000, red: 0.9412, green: 0.9647, blue: 0.9882, colorSpace: ColorSpace.sRGB), family: Amiri_700, familyFallback: [Amiri], size: 18.0, weight: 700, dependencies: [DefaultSelectionStyle, DefaultTextStyle, MediaQuery])
                                                                                                                                                     Γöé         Γöé                Γöé ΓöéΓööRichText(softWrap: wrapping at box width, maxLines: unlimited, text: "March 2026", dependencies: [Directionality, _LocalizationsScope-[GlobalKey#fe553]], renderObject: RenderParagraph#68c5b relayoutBoundary=up11)
                                                                                                                                                     Γöé         Γöé                Γöé ΓööText("Ramadan 1447 ┘ç┘Ç", inherit: true, color: Color(alpha: 0.7000, red: 0.9412, green: 0.9647, blue: 0.9882, colorSpace: ColorSpace.sRGB), family: Outfit_500, familyFallback: [Outfit], size: 11.0, weight: 500, dependencies: [DefaultSelectionStyle, DefaultTextStyle, MediaQuery])
                                                                                                                                                     Γöé         Γöé                Γöé  ΓööRichText(softWrap: wrapping at box width, maxLines: unlimited, text: "Ramadan 1447 ┘ç┘Ç", dependencies: [Directionality, _LocalizationsScope-[GlobalKey#fe553]], renderObject: RenderParagraph#0791a relayoutBoundary=up11)
                                                                                                                                                     Γöé         Γöé                Γö£Material(type: canvas, color: Color(alpha: 1.0000, red: 0.0863, green: 0.1059, blue: 0.1333, colorSpace: ColorSpace.sRGB), dependencies: [InheritedCupertinoTheme, _InheritedTheme, _LocalizationsScope-[GlobalKey#fe553]], state: _MaterialState#fe0c3)
                                                                                                                                                     Γöé         Γöé                ΓöéΓööAnimatedPhysicalModel(duration: 200ms, shape: rectangle, borderRadius: null, elevation: 0.0, color: Color(alpha: 1.0000, red: 0.0863, green: 0.1059, blue: 0.1333, colorSpace: ColorSpace.sRGB), animateColor: false, shadowColor: Color(alpha: 1.0000, red: 0.0000, green: 0.0000, blue: 0.0000, colorSpace: ColorSpace.sRGB), animateShadowColor: true, state: _AnimatedPhysicalModelState#061ba(ticker inactive))
                                                                                                                                                     Γöé         Γöé                Γöé ΓööPhysicalModel(shape: rectangle, borderRadius: BorderRadius.zero, elevation: 0.0, color: Color(alpha: 1.0000, red: 0.0863, green: 0.1059, blue: 0.1333, colorSpace: ColorSpace.sRGB), shadowColor: Color(alpha: 1.0000, red: 0.0000, green: 0.0000, blue: 0.0000, colorSpace: ColorSpace.sRGB), renderObject: RenderPhysicalModel#eabe0 relayoutBoundary=up10)
                                                                                                                                                     Γöé         Γöé                Γöé  ΓööNotificationListener<LayoutChangedNotification>
                                                                                                                                                     Γöé         Γöé                Γöé   Γöö_InkFeatures-[GlobalKey#4bfcb ink renderer](renderObject: _RenderInkFeatures#ba4f5 relayoutBoundary=up11)
                                                                                                                                                     Γöé         Γöé                Γöé    ΓööAnimatedDefaultTextStyle(duration: 200ms, debugLabel: (englishLike bodyMedium 2021).merge(((whiteMountainView bodyMedium).apply).merge(unknown)), inherit: false, color: Color(alpha: 1.0000, red: 0.8196, green: 0.8353, blue: 0.8549, colorSpace: ColorSpace.sRGB), family: Outfit_regular, familyFallback: [Outfit], size: 14.0, weight: 400, letterSpacing: 0.3, baseline: alphabetic, height: 1.4x, leadingDistribution: even, decoration: Color(alpha: 1.0000, red: 0.9412, green: 0.9647, blue: 0.9882, colorSpace: ColorSpace.sRGB) TextDecoration.none, softWrap: wrapping at box width, overflow: clip, state: _AnimatedDefaultTextStyleState#4db03(ticker inactive))
                                                                                                                                                     Γöé         Γöé                Γöé     ΓööDefaultTextStyle(debugLabel: (englishLike bodyMedium 2021).merge(((whiteMountainView bodyMedium).apply).merge(unknown)), inherit: false, color: Color(alpha: 1.0000, red: 0.8196, green: 0.8353, blue: 0.8549, colorSpace: ColorSpace.sRGB), family: Outfit_regular, familyFallback: [Outfit], size: 14.0, weight: 400, letterSpacing: 0.3, baseline: alphabetic, height: 1.4x, leadingDistribution: even, decoration: Color(alpha: 1.0000, red: 0.9412, green: 0.9647, blue: 0.9882, colorSpace: ColorSpace.sRGB) TextDecoration.none, softWrap: wrapping at box width, overflow: clip)
                                                                                                                                                     Γöé         Γöé                Γöé      ΓööInkWell(dependencies: [_ParentInkResponseProvider])
                                                                                                                                                     Γöé         Γöé                Γöé       Γöö_InkResponseStateWidget(gestures: [tap], mouseCursor: null, clipped to BoxShape.rectangle, dependencies: [InheritedCupertinoTheme, MediaQuery, _InheritedTheme, _LocalizationsScope-[GlobalKey#fe553]], state: _InkResponseState#36351)
                                                                                                                                                     Γöé         Γöé                Γöé        Γöö_ParentInkResponseProvider
                                                                                                                                                     Γöé         Γöé                Γöé         ΓööActions(dispatcher: null, actions: {ActivateIntent: CallbackAction<ActivateIntent>#a9a49, ButtonActivateIntent: CallbackAction<ButtonActivateIntent>#5da0a}, state: _ActionsState#bcac5)
                                                                                                                                                     Γöé         Γöé                Γöé          Γöö_ActionsScope
                                                                                                                                                     Γöé         Γöé                Γöé           ΓööFocus(dependencies: [_FocusInheritedScope], state: _FocusState#a337e)
                                                                                                                                                     Γöé         Γöé                Γöé            Γöö_FocusInheritedScope
                                                                                                                                                     Γöé         Γöé                Γöé             ΓööSemantics(container: false, properties: SemanticsProperties, renderObject: RenderSemanticsAnnotations#4858c relayoutBoundary=up12)
                                                                                                                                                     Γöé         Γöé                Γöé              ΓööMouseRegion(listeners: [enter, exit], cursor: SystemMouseCursor(basic), renderObject: RenderMouseRegion#e02fd relayoutBoundary=up13)
                                                                                                                                                     Γöé         Γöé                Γöé               ΓööBuilder(dependencies: [DefaultSelectionStyle])
                                                                                                                                                     Γöé         Γöé                Γöé                ΓööDefaultSelectionStyle
                                                                                                                                                     Γöé         Γöé                Γöé                 ΓööSemantics(container: false, properties: SemanticsProperties, renderObject: RenderSemanticsAnnotations#1fe75 relayoutBoundary=up14)
                                                                                                                                                     Γöé         Γöé                Γöé                  ΓööGestureDetector(startBehavior: start, dependencies: [MediaQuery, ScrollConfiguration])
                                                                                                                                                     Γöé         Γöé                Γöé                   ΓööRawGestureDetector(state: RawGestureDetectorState#9f76c(gestures: [tap], excludeFromSemantics: true, behavior: opaque))
                                                                                                                                                     Γöé         Γöé                Γöé                    ΓööListener(listeners: [down, panZoomStart], behavior: opaque, renderObject: RenderPointerListener#e9557 relayoutBoundary=up15)
                                                                                                                                                     Γöé         Γöé                Γöé                     ΓööContainer(padding: EdgeInsets(10.0, 6.0, 10.0, 6.0), bg: BoxDecoration(color: Color(alpha: 0.0500, red: 1.0000, green: 0.8353, blue: 0.3098, colorSpace: ColorSpace.sRGB), border: Border.all(BorderSide(color: Color(alpha: 0.1000, red: 1.0000, green: 0.8353, blue: 0.3098, colorSpace: ColorSpace.sRGB))), borderRadius: BorderRadius.circular(12.0)))
                                                                                                                                                     Γöé         Γöé                Γöé                      ΓööDecoratedBox(bg: BoxDecoration(color: Color(alpha: 0.0500, red: 1.0000, green: 0.8353, blue: 0.3098, colorSpace: ColorSpace.sRGB), border: Border.all(BorderSide(color: Color(alpha: 0.1000, red: 1.0000, green: 0.8353, blue: 0.3098, colorSpace: ColorSpace.sRGB))), borderRadius: BorderRadius.circular(12.0)), dependencies: [Directionality, MediaQuery, _LocalizationsScope-[GlobalKey#fe553]], renderObject: RenderDecoratedBox#58aef relayoutBoundary=up16)
                                                                                                                                                     Γöé         Γöé                Γöé                       ΓööPadding(padding: EdgeInsets(11.0, 7.0, 11.0, 7.0), dependencies: [Directionality], renderObject: RenderPadding#8b839 relayoutBoundary=up17)
                                                                                                                                                     Γöé         Γöé                Γöé                        ΓööRow(direction: horizontal, mainAxisAlignment: start, mainAxisSize: min, crossAxisAlignment: center, dependencies: [Directionality], renderObject: RenderFlex#adca8 relayoutBoundary=up18)
                                                                                                                                                     Γöé         Γöé                Γöé                         Γö£Icon(IconData(U+F01FA), size: 16.0, color: Color(alpha: 1.0000, red: 1.0000, green: 0.8353, blue: 0.3098, colorSpace: ColorSpace.sRGB), dependencies: [Directionality, IconTheme])
                                                                                                                                                     Γöé         Γöé                Γöé                         ΓöéΓööSemantics(container: false, properties: SemanticsProperties, renderObject: RenderSemanticsAnnotations#54221 relayoutBoundary=up19)
                                                                                                                                                     Γöé         Γöé                Γöé                         Γöé ΓööExcludeSemantics(excluding: true, renderObject: RenderExcludeSemantics#8003b relayoutBoundary=up20)
                                                                                                                                                     Γöé         Γöé                Γöé                         Γöé  ΓööSizedBox(width: 16.0, height: 16.0, renderObject: RenderConstrainedBox#47114 relayoutBoundary=up21)
                                                                                                                                                     Γöé         Γöé                Γöé                         Γöé   ΓööCenter(alignment: Alignment.center, dependencies: [Directionality], renderObject: RenderPositionedBox#dc318)
                                                                                                                                                     Γöé         Γöé                Γöé                         Γöé    ΓööRichText(textDirection: ltr, softWrap: wrapping at box width, overflow: visible, maxLines: unlimited, text: "≤░ç║", dependencies: [_LocalizationsScope-[GlobalKey#fe553]], renderObject: RenderParagraph#117f8 relayoutBoundary=up1)
                                                                                                                                                     Γöé         Γöé                Γöé                         Γö£SizedBox(width: 4.0, renderObject: RenderConstrainedBox#5c1c1 relayoutBoundary=up19)
                                                                                                                                                     Γöé         Γöé                Γöé                         ΓööText("Gregorian", inherit: true, color: Color(alpha: 1.0000, red: 1.0000, green: 0.8353, blue: 0.3098, colorSpace: ColorSpace.sRGB), family: Outfit_700, familyFallback: [Outfit], size: 10.0, weight: 700, dependencies: [DefaultSelectionStyle, DefaultTextStyle, MediaQuery])
                                                                                                                                                     Γöé         Γöé                Γöé                          ΓööRichText(softWrap: wrapping at box width, maxLines: unlimited, text: "Gregorian", dependencies: [Directionality, _LocalizationsScope-[GlobalKey#fe553]], renderObject: RenderParagraph#33970 relayoutBoundary=up19)
                                                                                                                                                     Γöé         Γöé                Γö£SizedBox(width: 8.0, renderObject: RenderConstrainedBox#9765a relayoutBoundary=up10)
                                                                                                                                                     Γöé         Γöé                ΓööAnimatedRotation(duration: 150ms, turns: 0.0, state: _AnimatedRotationState#10beb(ticker inactive))
                                                                                                                                                     Γöé         Γöé                 ΓööRotationTransition(listenable: AnimationController#a340d(ΓÅ« 0.000; paused; for AnimatedRotation)Γ₧⌐_LinearΓ₧⌐Tween<double>(0.0 ΓåÆ 0.0)Γ₧⌐0.0, state: _AnimatedState#65042)
                                                                                                                                                     Γöé         Γöé                  ΓööTransform(dependencies: [Directionality], renderObject: RenderTransform#d2538 relayoutBoundary=up10)
                                                                                                                                                     Γöé         Γöé                   ΓööIcon(IconData(U+0F82B), size: 24.0, color: Color(alpha: 1.0000, red: 0.9412, green: 0.9647, blue: 0.9882, colorSpace: ColorSpace.sRGB), dependencies: [Directionality, IconTheme])
                                                                                                                                                     Γöé         Γöé                    ΓööSemantics(container: false, properties: SemanticsProperties, renderObject: RenderSemanticsAnnotations#edac4 relayoutBoundary=up11)
                                                                                                                                                     Γöé         Γöé                     ΓööExcludeSemantics(excluding: true, renderObject: RenderExcludeSemantics#4e268 relayoutBoundary=up12)
                                                                                                                                                     Γöé         Γöé                      ΓööSizedBox(width: 24.0, height: 24.0, renderObject: RenderConstrainedBox#d216b relayoutBoundary=up13)
                                                                                                                                                     Γöé         Γöé                       ΓööCenter(alignment: Alignment.center, dependencies: [Directionality], renderObject: RenderPositionedBox#8a34a)
                                                                                                                                                     Γöé         Γöé                        ΓööRichText(textDirection: ltr, softWrap: wrapping at box width, overflow: visible, maxLines: unlimited, text: "∩á½", dependencies: [_LocalizationsScope-[GlobalKey#fe553]], renderObject: RenderParagraph#e8a1d relayoutBoundary=up1)
                                                                                                                                                     Γöé         Γö£Padding(padding: EdgeInsets(8.0, 4.0, 8.0, 4.0), dependencies: [Directionality], renderObject: RenderPadding#601a3 relayoutBoundary=up4)
                                                                                                                                                     Γöé         ΓöéΓööTableCalendar<Object?>(state: _TableCalendarState<Object?>#0f40f)
                                                                                                                                                     Γöé         Γöé ΓööColumn(direction: vertical, mainAxisAlignment: start, crossAxisAlignment: center, renderObject: RenderFlex#83496 relayoutBoundary=up5)
                                                                                                                                                     Γöé         Γöé  ΓööFlexible(flex: 0)
                                                                                                                                                     Γöé         Γöé   ΓööTableCalendarBase(state: _TableCalendarBaseState#e79c1)
                                                                                                                                                     Γöé         Γöé    ΓööLayoutBuilder(renderObject: _RenderLayoutBuilder#1aeac relayoutBoundary=up6)
                                                                                                                                                     Γöé         Γöé     ΓööSimpleGestureDetector(state: _SimpleGestureDetectorState#40540)
                                                                                                                                                     Γöé         Γöé      ΓööGestureDetector(startBehavior: start, dependencies: [InheritedCupertinoTheme, MediaQuery, ScrollConfiguration, _InheritedTheme, _LocalizationsScope-[GlobalKey#fe553]])
                                                                                                                                                     Γöé         Γöé       ΓööRawGestureDetector(state: RawGestureDetectorState#00f7a(gestures: [vertical drag], behavior: deferToChild))
                                                                                                                                                     Γöé         Γöé        Γöö_GestureSemantics(renderObject: RenderSemanticsGestureHandler#db558 relayoutBoundary=up7)
                                                                                                                                                     Γöé         Γöé         ΓööListener(listeners: [down, panZoomStart], behavior: deferToChild, renderObject: RenderPointerListener#691d5 relayoutBoundary=up8)
                                                                                                                                                     Γöé         Γöé          ΓööValueListenableBuilder<double>(state: _ValueListenableBuilderState<double>#53424)
                                                                                                                                                     Γöé         Γöé           ΓööAnimatedSize(state: _AnimatedSizeState#3e673(ticker inactive))
                                                                                                                                                     Γöé         Γöé            Γöö_AnimatedSize(duration: 200ms, dependencies: [Directionality], renderObject: RenderAnimatedSize#1ee80 relayoutBoundary=up9)
                                                                                                                                                     Γöé         Γöé             ΓööSizedBox(height: 84.0, renderObject: RenderConstrainedBox#96ebe relayoutBoundary=up10)
                                                                                                                                                     Γöé         Γöé              ΓööCalendarCore
                                                                                                                                                     Γöé         Γöé               ΓööPageView(dependencies: [Directionality, ScrollConfiguration], state: _PageViewState#498df(scrollDirection: horizontal, PageController#63e40(one client, offset 5147906.0), PageScrollPhysics))
                                                                                                                                                     Γöé         Γöé                ΓööNotificationListener<ScrollNotification>
                                                                                                                                                     Γöé         Γöé                 ΓööScrollable(axisDirection: right, physics: _ForceImplicitScrollPhysics -> PageScrollPhysics -> PageScrollPhysics, restorationId: null, dependencies: [InheritedCupertinoTheme, MediaQuery, UnmanagedRestorationScope, _InheritedTheme, _LocalizationsScope-[GlobalKey#fe553]], state: ScrollableState#4acbd(position: _PagePosition#eb526(offset: 5147906.0, range: 0.0..8200834.0, viewport: 782.0, ScrollableState, _ForceImplicitScrollPhysics -> PageScrollPhysics -> PageScrollPhysics -> ClampingScrollPhysics -> RangeMaintainingScrollPhysics, IdleScrollActivity#79458, ScrollDirection.idle), effective physics: _ForceImplicitScrollPhysics -> PageScrollPhysics -> PageScrollPhysics -> ClampingScrollPhysics -> RangeMaintainingScrollPhysics))
                                                                                                                                                     Γöé         Γöé                  ΓööStretchingOverscrollIndicator(axisDirection: right, state: _StretchingOverscrollIndicatorState#69103)
                                                                                                                                                     Γöé         Γöé                   ΓööNotificationListener<ScrollNotification>
                                                                                                                                                     Γöé         Γöé                    ΓööAnimatedBuilder(listenable: _StretchController(), dependencies: [MediaQuery], state: _AnimatedState#5297b)
                                                                                                                                                     Γöé         Γöé                     ΓööClipRect(renderObject: RenderClipRect#2e7d3 relayoutBoundary=up11)
                                                                                                                                                     Γöé         Γöé                      ΓööStretchEffect(dependencies: [Directionality])
                                                                                                                                                     Γöé         Γöé                       ΓööTransform(dependencies: [Directionality], renderObject: RenderTransform#592fc relayoutBoundary=up12)
                                                                                                                                                     Γöé         Γöé                        ΓööNotificationListener<ScrollMetricsNotification>
                                                                                                                                                     Γöé         Γöé                         Γöö_ScrollSemantics-[GlobalKey#af772](renderObject: _RenderScrollSemantics#3df55 relayoutBoundary=up13)
                                                                                                                                                     Γöé         Γöé                          Γöö_ScrollableScope
                                                                                                                                                     Γöé         Γöé                           ΓööListener(listeners: [signal], behavior: deferToChild, renderObject: RenderPointerListener#e2540 relayoutBoundary=up14)
                                                                                                                                                     Γöé         Γöé                            ΓööRawGestureDetector-[LabeledGlobalKey<RawGestureDetectorState>#952f0](state: RawGestureDetectorState#a2f6c(gestures: [horizontal drag], behavior: opaque))
                                                                                                                                                     Γöé         Γöé                             Γöö_GestureSemantics(renderObject: RenderSemanticsGestureHandler#fff25 relayoutBoundary=up15)
                                                                                                                                                     Γöé         Γöé                              ΓööListener(listeners: [down, panZoomStart], behavior: opaque, renderObject: RenderPointerListener#a3f1e relayoutBoundary=up16)
                                                                                                                                                     Γöé         Γöé                               ΓööSemantics(container: false, properties: SemanticsProperties, renderObject: RenderSemanticsAnnotations#37203 relayoutBoundary=up17)
                                                                                                                                                     Γöé         Γöé                                ΓööIgnorePointer-[GlobalKey#3a697](ignoring: false, renderObject: RenderIgnorePointer#bdb5a relayoutBoundary=up18)
                                                                                                                                                     Γöé         Γöé                                 ΓööViewport(axisDirection: right, anchor: 0.0, offset: _PagePosition#eb526(offset: 5147906.0, range: 0.0..8200834.0, viewport: 782.0, ScrollableState, _ForceImplicitScrollPhysics -> PageScrollPhysics -> PageScrollPhysics -> ClampingScrollPhysics -> RangeMaintainingScrollPhysics, IdleScrollActivity#79458, ScrollDirection.idle), cacheExtent: 0.0, cacheExtentStyle: CacheExtentStyle.viewport, renderObject: RenderViewport#22646)
                                                                                                                                                     Γöé         Γöé                                  ΓööSliverFillViewport
                                                                                                                                                     Γöé         Γöé                                   Γöö_SliverFractionalPadding(renderObject: _RenderSliverFractionalPadding#deb67 relayoutBoundary=up1)
                                                                                                                                                     Γöé         Γöé                                    Γöö_SliverFillViewportRenderObjectWidget(delegate: SliverChildBuilderDelegate#6edf3(estimated child count: 10488), renderObject: RenderSliverFillViewport#be92f relayoutBoundary=up2)
                                                                                                                                                     Γöé         Γöé                                     ΓööKeyedSubtree
                                                                                                                                                     Γöé         Γöé                                      ΓööAutomaticKeepAlive(state: _AutomaticKeepAliveState#d36e0(handles: no notifications ever received))
                                                                                                                                                     Γöé         Γöé                                       ΓööKeepAlive(keepAlive: false)
                                                                                                                                                     Γöé         Γöé                                        ΓööNotificationListener<KeepAliveNotification>
                                                                                                                                                     Γöé         Γöé                                         Γöö_SelectionKeepAlive(state: _SelectionKeepAliveState#86b8c)
                                                                                                                                                     Γöé         Γöé                                          ΓööIndexedSemantics(index: 6583, renderObject: RenderIndexedSemantics#719b7)
                                                                                                                                                     Γöé         Γöé                                           ΓööRepaintBoundary(renderObject: RenderRepaintBoundary#7ef47)
                                                                                                                                                     Γöé         Γöé                                            ΓööCalendarPage
                                                                                                                                                     Γöé         Γöé                                             ΓööPadding(padding: EdgeInsets.zero, dependencies: [Directionality], renderObject: RenderPadding#43440)
                                                                                                                                                     Γöé         Γöé                                              ΓööRow(direction: horizontal, mainAxisAlignment: start, crossAxisAlignment: stretch, dependencies: [Directionality], renderObject: RenderFlex#e32f1)
                                                                                                                                                     Γöé         Γöé                                               ΓööExpanded(flex: 1)
                                                                                                                                                     Γöé         Γöé                                                ΓööTable(dependencies: [Directionality, MediaQuery, _LocalizationsScope-[GlobalKey#fe553]], renderObject: RenderTable#59bc4)
                                                                                                                                                     Γöé         Γöé                                                 Γö£SizedBox(height: 28.0, renderObject: RenderConstrainedBox#e58d4 relayoutBoundary=up1)
                                                                                                                                                     Γöé         Γöé                                                 ΓöéΓööCenter(alignment: Alignment.center, dependencies: [Directionality], renderObject: RenderPositionedBox#f132f)
                                                                                                                                                     Γöé         Γöé                                                 Γöé ΓööExcludeSemantics(excluding: true, renderObject: RenderExcludeSemantics#2c331 relayoutBoundary=up1)
                                                                                                                                                     Γöé         Γöé                                                 Γöé  ΓööText("Sun", inherit: true, color: Color(alpha: 0.8000, red: 0.9412, green: 0.9647, blue: 0.9882, colorSpace: ColorSpace.sRGB), family: Outfit_600, familyFallback: [Outfit], size: 12.0, weight: 600, dependencies: [DefaultSelectionStyle, DefaultTextStyle, MediaQuery])
                                                                                                                                                     Γöé         Γöé                                                 Γöé   ΓööRichText(softWrap: wrapping at box width, maxLines: unlimited, text: "Sun", dependencies: [Directionality, _LocalizationsScope-[GlobalKey#fe553]], renderObject: RenderParagraph#24a4b relayoutBoundary=up2)
                                                                                                                                                     Γöé         Γöé                                                 Γö£SizedBox(height: 28.0, renderObject: RenderConstrainedBox#53fb8 relayoutBoundary=up1)
                                                                                                                                                     Γöé         Γöé                                                 ΓöéΓööCenter(alignment: Alignment.center, dependencies: [Directionality], renderObject: RenderPositionedBox#1b996)
                                                                                                                                                     Γöé         Γöé                                                 Γöé ΓööExcludeSemantics(excluding: true, renderObject: RenderExcludeSemantics#dbfb1 relayoutBoundary=up1)
                                                                                                                                                     Γöé         Γöé                                                 Γöé  ΓööText("Mon", inherit: true, color: Color(alpha: 0.8000, red: 0.9412, green: 0.9647, blue: 0.9882, colorSpace: ColorSpace.sRGB), family: Outfit_600, familyFallback: [Outfit], size: 12.0, weight: 600, dependencies: [DefaultSelectionStyle, DefaultTextStyle, MediaQuery])
                                                                                                                                                     Γöé         Γöé                                                 Γöé   ΓööRichText(softWrap: wrapping at box width, maxLines: unlimited, text: "Mon", dependencies: [Directionality, _LocalizationsScope-[GlobalKey#fe553]], renderObject: RenderParagraph#a05ed relayoutBoundary=up2)
                                                                                                                                                     Γöé         Γöé                                                 Γö£SizedBox(height: 28.0, renderObject: RenderConstrainedBox#02afb relayoutBoundary=up1)
                                                                                                                                                     Γöé         Γöé                                                 ΓöéΓööCenter(alignment: Alignment.center, dependencies: [Directionality], renderObject: RenderPositionedBox#2f3cc)
                                                                                                                                                     Γöé         Γöé                                                 Γöé ΓööExcludeSemantics(excluding: true, renderObject: RenderExcludeSemantics#bceab relayoutBoundary=up1)
                                                                                                                                                     Γöé         Γöé                                                 Γöé  ΓööText("Tue", inherit: true, color: Color(alpha: 0.8000, red: 0.9412, green: 0.9647, blue: 0.9882, colorSpace: ColorSpace.sRGB), family: Outfit_600, familyFallback: [Outfit], size: 12.0, weight: 600, dependencies: [DefaultSelectionStyle, DefaultTextStyle, MediaQuery])
                                                                                                                                                     Γöé         Γöé                                                 Γöé   ΓööRichText(softWrap: wrapping at box width, maxLines: unlimited, text: "Tue", dependencies: [Directionality, _LocalizationsScope-[GlobalKey#fe553]], renderObject: RenderParagraph#90ae1 relayoutBoundary=up2)
                                                                                                                                                     Γöé         Γöé                                                 Γö£SizedBox(height: 28.0, renderObject: RenderConstrainedBox#fd854 relayoutBoundary=up1)
                                                                                                                                                     Γöé         Γöé                                                 ΓöéΓööCenter(alignment: Alignment.center, dependencies: [Directionality], renderObject: RenderPositionedBox#ec86a)
                                                                                                                                                     Γöé         Γöé                                                 Γöé ΓööExcludeSemantics(excluding: true, renderObject: RenderExcludeSemantics#5fd6a relayoutBoundary=up1)
                                                                                                                                                     Γöé         Γöé                                                 Γöé  ΓööText("Wed", inherit: true, color: Color(alpha: 0.8000, red: 0.9412, green: 0.9647, blue: 0.9882, colorSpace: ColorSpace.sRGB), family: Outfit_600, familyFallback: [Outfit], size: 12.0, weight: 600, dependencies: [DefaultSelectionStyle, DefaultTextStyle, MediaQuery])
                                                                                                                                                     Γöé         Γöé                                                 Γöé   ΓööRichText(softWrap: wrapping at box width, maxLines: unlimited, text: "Wed", dependencies: [Directionality, _LocalizationsScope-[GlobalKey#fe553]], renderObject: RenderParagraph#d6f78 relayoutBoundary=up2)
                                                                                                                                                     Γöé         Γöé                                                 Γö£SizedBox(height: 28.0, renderObject: RenderConstrainedBox#b386f relayoutBoundary=up1)
                                                                                                                                                     Γöé         Γöé                                                 ΓöéΓööCenter(alignment: Alignment.center, dependencies: [Directionality], renderObject: RenderPositionedBox#5ecac)
                                                                                                                                                     Γöé         Γöé                                                 Γöé ΓööExcludeSemantics(excluding: true, renderObject: RenderExcludeSemantics#30749 relayoutBoundary=up1)
                                                                                                                                                     Γöé         Γöé                                                 Γöé  ΓööText("Thu", inherit: true, color: Color(alpha: 0.8000, red: 0.9412, green: 0.9647, blue: 0.9882, colorSpace: ColorSpace.sRGB), family: Outfit_600, familyFallback: [Outfit], size: 12.0, weight: 600, dependencies: [DefaultSelectionStyle, DefaultTextStyle, MediaQuery])
                                                                                                                                                     Γöé         Γöé                                                 Γöé   ΓööRichText(softWrap: wrapping at box width, maxLines: unlimited, text: "Thu", dependencies: [Directionality, _LocalizationsScope-[GlobalKey#fe553]], renderObject: RenderParagraph#d36b6 relayoutBoundary=up2)
                                                                                                                                                     Γöé         Γöé                                                 Γö£SizedBox(height: 28.0, renderObject: RenderConstrainedBox#ddea8 relayoutBoundary=up1)
                                                                                                                                                     Γöé         Γöé                                                 ΓöéΓööCenter(alignment: Alignment.center, dependencies: [Directionality], renderObject: RenderPositionedBox#6b45f)
                                                                                                                                                     Γöé         Γöé                                                 Γöé ΓööExcludeSemantics(excluding: true, renderObject: RenderExcludeSemantics#73fa4 relayoutBoundary=up1)
                                                                                                                                                     Γöé         Γöé                                                 Γöé  ΓööText("Fri", inherit: true, color: Color(alpha: 0.8000, red: 0.9412, green: 0.9647, blue: 0.9882, colorSpace: ColorSpace.sRGB), family: Outfit_600, familyFallback: [Outfit], size: 12.0, weight: 600, dependencies: [DefaultSelectionStyle, DefaultTextStyle, MediaQuery])
                                                                                                                                                     Γöé         Γöé                                                 Γöé   ΓööRichText(softWrap: wrapping at box width, maxLines: unlimited, text: "Fri", dependencies: [Directionality, _LocalizationsScope-[GlobalKey#fe553]], renderObject: RenderParagraph#19fce relayoutBoundary=up2)
                                                                                                                                                     Γöé         Γöé                                                 Γö£SizedBox(height: 28.0, renderObject: RenderConstrainedBox#2ce55 relayoutBoundary=up1)
                                                                                                                                                     Γöé         Γöé                                                 ΓöéΓööCenter(alignment: Alignment.center, dependencies: [Directionality], renderObject: RenderPositionedBox#35a5c)
                                                                                                                                                     Γöé         Γöé                                                 Γöé ΓööExcludeSemantics(excluding: true, renderObject: RenderExcludeSemantics#2b4bf relayoutBoundary=up1)
                                                                                                                                                     Γöé         Γöé                                                 Γöé  ΓööText("Sat", inherit: true, color: Color(alpha: 0.8000, red: 0.9412, green: 0.9647, blue: 0.9882, colorSpace: ColorSpace.sRGB), family: Outfit_600, familyFallback: [Outfit], size: 12.0, weight: 600, dependencies: [DefaultSelectionStyle, DefaultTextStyle, MediaQuery])
                                                                                                                                                     Γöé         Γöé                                                 Γöé   ΓööRichText(softWrap: wrapping at box width, maxLines: unlimited, text: "Sat", dependencies: [Directionality, _LocalizationsScope-[GlobalKey#fe553]], renderObject: RenderParagraph#1143c relayoutBoundary=up2)
                                                                                                                                                     Γöé         Γöé                                                 Γö£SizedBox(height: 56.0, renderObject: RenderConstrainedBox#a7999 relayoutBoundary=up1)
                                                                                                                                                     Γöé         Γöé                                                 ΓöéΓööGestureDetector(startBehavior: start, dependencies: [MediaQuery, ScrollConfiguration])
                                                                                                                                                     Γöé         Γöé                                                 Γöé ΓööRawGestureDetector(state: RawGestureDetectorState#57322(gestures: [tap, long press], behavior: opaque))
                                                                                                                                                     Γöé         Γöé                                                 Γöé  Γöö_GestureSemantics(renderObject: RenderSemanticsGestureHandler#c4037)
                                                                                                                                                     Γöé         Γöé                                                 Γöé   ΓööListener(listeners: [down, panZoomStart], behavior: opaque, renderObject: RenderPointerListener#19c18)
                                                                                                                                                     Γöé         Γöé                                                 Γöé    ΓööLayoutBuilder(renderObject: _RenderLayoutBuilder#cb8f2)
                                                                                                                                                     Γöé         Γöé                                                 Γöé     ΓööStack(alignment: Alignment.bottomCenter, fit: loose, clipBehavior: none, dependencies: [Directionality], renderObject: RenderStack#fa856)
                                                                                                                                                     Γöé         Γöé                                                 Γöé      ΓööCellContent-[<'CellContent-2026-3-1'>]
                                                                                                                                                     Γöé         Γöé                                                 Γöé       ΓööSemantics(container: false, properties: SemanticsProperties, label: "Sunday, March 1, 2026", dependencies: [Directionality], renderObject: RenderSemanticsAnnotations#ead7b relayoutBoundary=up1)
                                                                                                                                                     Γöé         Γöé                                                 Γöé        ΓööContainer(bg:
                                                                                                                                                     Γöé         Γöé                                                 Γöé         Γöé  BoxDecoration(
                                                                                                                                                     Γöé         Γöé                                                 Γöé         Γöé    boxShadow: []
                                                                                                                                                     Γöé         Γöé                                                 Γöé         Γöé    , shape: circle)
                                                                                                                                                     Γöé         Γöé                                                 Γöé         Γöé, margin: EdgeInsets.all(2.0))
                                                                                                                                                     Γöé         Γöé                                                 Γöé         ΓööPadding(padding: EdgeInsets.all(2.0), dependencies: [Directionality], renderObject: RenderPadding#f1deb relayoutBoundary=up2)
                                                                                                                                                     Γöé         Γöé                                                 Γöé          ΓööDecoratedBox(bg:
                                                                                                                                                     Γöé         Γöé                                                 Γöé           Γöé  BoxDecoration(
                                                                                                                                                     Γöé         Γöé                                                 Γöé           Γöé    boxShadow: []
                                                                                                                                                     Γöé         Γöé                                                 Γöé           Γöé    , shape: circle)
                                                                                                                                                     Γöé         Γöé                                                 Γöé           Γöé, dependencies: [Directionality, MediaQuery, _LocalizationsScope-[GlobalKey#fe553]], renderObject: RenderDecoratedBox#80af7 relayoutBoundary=up3)
                                                                                                                                                     Γöé         Γöé                                                 Γöé           ΓööPadding(padding: EdgeInsets.zero, dependencies: [Directionality], renderObject: RenderPadding#a8a13 relayoutBoundary=up4)
                                                                                                                                                     Γöé         Γöé                                                 Γöé            ΓööCenter(alignment: Alignment.center, dependencies: [Directionality], renderObject: RenderPositionedBox#76749 relayoutBoundary=up5)
                                                                                                                                                     Γöé         Γöé                                                 Γöé             ΓööFittedBox(fit: scaleDown, alignment: Alignment.center, dependencies: [Directionality], renderObject: RenderFittedBox#3ca7d relayoutBoundary=up6)
                                                                                                                                                     Γöé         Γöé                                                 Γöé              ΓööColumn(direction: vertical, mainAxisAlignment: center, mainAxisSize: min, crossAxisAlignment: center, renderObject: RenderFlex#88ffb relayoutBoundary=up7)
                                                                                                                                                     Γöé         Γöé                                                 Γöé               Γö£Text("1", inherit: true, color: Color(alpha: 1.0000, red: 0.9412, green: 0.9647, blue: 0.9882, colorSpace: ColorSpace.sRGB), family: Outfit_600, familyFallback: [Outfit], size: 14.0, weight: 600, dependencies: [DefaultSelectionStyle, DefaultTextStyle, MediaQuery])
                                                                                                                                                     Γöé         Γöé                                                 Γöé               ΓöéΓööRichText(softWrap: wrapping at box width, maxLines: unlimited, text: "1", dependencies: [Directionality, _LocalizationsScope-[GlobalKey#fe553]], renderObject: RenderParagraph#62ad6 relayoutBoundary=up8)
                                                                                                                                                     Γöé         Γöé                                                 Γöé               Γö£SizedBox(height: 1.0, renderObject: RenderConstrainedBox#3093a relayoutBoundary=up8)
                                                                                                                                                     Γöé         Γöé                                                 Γöé               ΓööText("12", inherit: true, color: Color(alpha: 0.7000, red: 0.9412, green: 0.9647, blue: 0.9882, colorSpace: ColorSpace.sRGB), family: Amiri_700, familyFallback: [Amiri], size: 11.0, weight: 700, height: 1.1x, dependencies: [DefaultSelectionStyle, DefaultTextStyle, MediaQuery])
                                                                                                                                                     Γöé         Γöé                                                 Γöé                ΓööRichText(softWrap: wrapping at box width, maxLines: unlimited, text: "12", dependencies: [Directionality, _LocalizationsScope-[GlobalKey#fe553]], renderObject: RenderParagraph#c1af2 relayoutBoundary=up8)
                                                                                                                                                     Γöé         Γöé                                                 Γö£SizedBox(height: 56.0, renderObject: RenderConstrainedBox#cd1d9 relayoutBoundary=up1)
                                                                                                                                                     Γöé         Γöé                                                 ΓöéΓööGestureDetector(startBehavior: start, dependencies: [MediaQuery, ScrollConfiguration])
                                                                                                                                                     Γöé         Γöé                                                 Γöé ΓööRawGestureDetector(state: RawGestureDetectorState#065f4(gestures: [tap, long press], behavior: opaque))
                                                                                                                                                     Γöé         Γöé                                                 Γöé  Γöö_GestureSemantics(renderObject: RenderSemanticsGestureHandler#74dc1)
                                                                                                                                                     Γöé         Γöé                                                 Γöé   ΓööListener(listeners: [down, panZoomStart], behavior: opaque, renderObject: RenderPointerListener#a1f87)
                                                                                                                                                     Γöé         Γöé                                                 Γöé    ΓööLayoutBuilder(renderObject: _RenderLayoutBuilder#f32b5)
                                                                                                                                                     Γöé         Γöé                                                 Γöé     ΓööStack(alignment: Alignment.bottomCenter, fit: loose, clipBehavior: none, dependencies: [Directionality], renderObject: RenderStack#56e0b)
                                                                                                                                                     Γöé         Γöé                                                 Γöé      ΓööCellContent-[<'CellContent-2026-3-2'>]
                                                                                                                                                     Γöé         Γöé                                                 Γöé       ΓööSemantics(container: false, properties: SemanticsProperties, label: "Monday, March 2, 2026", dependencies: [Directionality], renderObject: RenderSemanticsAnnotations#820df relayoutBoundary=up1)
                                                                                                                                                     Γöé         Γöé                                                 Γöé        ΓööContainer(bg:
                                                                                                                                                     Γöé         Γöé                                                 Γöé         Γöé  BoxDecoration(
                                                                                                                                                     Γöé         Γöé                                                 Γöé         Γöé    boxShadow: []
                                                                                                                                                     Γöé         Γöé                                                 Γöé         Γöé    , shape: circle)
                                                                                                                                                     Γöé         Γöé                                                 Γöé         Γöé, margin: EdgeInsets.all(2.0))
                                                                                                                                                     Γöé         Γöé                                                 Γöé         ΓööPadding(padding: EdgeInsets.all(2.0), dependencies: [Directionality], renderObject: RenderPadding#8aa44 relayoutBoundary=up2)
                                                                                                                                                     Γöé         Γöé                                                 Γöé          ΓööDecoratedBox(bg:
                                                                                                                                                     Γöé         Γöé                                                 Γöé           Γöé  BoxDecoration(
                                                                                                                                                     Γöé         Γöé                                                 Γöé           Γöé    boxShadow: []
                                                                                                                                                     Γöé         Γöé                                                 Γöé           Γöé    , shape: circle)
                                                                                                                                                     Γöé         Γöé                                                 Γöé           Γöé, dependencies: [Directionality, MediaQuery, _LocalizationsScope-[GlobalKey#fe553]], renderObject: RenderDecoratedBox#a8699 relayoutBoundary=up3)
                                                                                                                                                     Γöé         Γöé                                                 Γöé           ΓööPadding(padding: EdgeInsets.zero, dependencies: [Directionality], renderObject: RenderPadding#ad65d relayoutBoundary=up4)
                                                                                                                                                     Γöé         Γöé                                                 Γöé            ΓööCenter(alignment: Alignment.center, dependencies: [Directionality], renderObject: RenderPositionedBox#3e2cc relayoutBoundary=up5)
                                                                                                                                                     Γöé         Γöé                                                 Γöé             ΓööFittedBox(fit: scaleDown, alignment: Alignment.center, dependencies: [Directionality], renderObject: RenderFittedBox#9786d relayoutBoundary=up6)
                                                                                                                                                     Γöé         Γöé                                                 Γöé              ΓööColumn(direction: vertical, mainAxisAlignment: center, mainAxisSize: min, crossAxisAlignment: center, renderObject: RenderFlex#a33f9 relayoutBoundary=up7)
                                                                                                                                                     Γöé         Γöé                                                 Γöé               Γö£Text("2", inherit: true, color: Color(alpha: 1.0000, red: 0.9412, green: 0.9647, blue: 0.9882, colorSpace: ColorSpace.sRGB), family: Outfit_600, familyFallback: [Outfit], size: 14.0, weight: 600, dependencies: [DefaultSelectionStyle, DefaultTextStyle, MediaQuery])
                                                                                                                                                     Γöé         Γöé                                                 Γöé               ΓöéΓööRichText(softWrap: wrapping at box width, maxLines: unlimited, text: "2", dependencies: [Directionality, _LocalizationsScope-[GlobalKey#fe553]], renderObject: RenderParagraph#bd24b relayoutBoundary=up8)
                                                                                                                                                     Γöé         Γöé                                                 Γöé               Γö£SizedBox(height: 1.0, renderObject: RenderConstrainedBox#023f6 relayoutBoundary=up8)
                                                                                                                                                     Γöé         Γöé                                                 Γöé               ΓööText("13", inherit: true, color: Color(alpha: 0.7000, red: 0.9412, green: 0.9647, blue: 0.9882, colorSpace: ColorSpace.sRGB), family: Amiri_700, familyFallback: [Amiri], size: 11.0, weight: 700, height: 1.1x, dependencies: [DefaultSelectionStyle, DefaultTextStyle, MediaQuery])
                                                                                                                                                     Γöé         Γöé                                                 Γöé                ΓööRichText(softWrap: wrapping at box width, maxLines: unlimited, text: "13", dependencies: [Directionality, _LocalizationsScope-[GlobalKey#fe553]], renderObject: RenderParagraph#5d714 relayoutBoundary=up8)
                                                                                                                                                     Γöé         Γöé                                                 Γö£SizedBox(height: 56.0, renderObject: RenderConstrainedBox#19295 relayoutBoundary=up1)
                                                                                                                                                     Γöé         Γöé                                                 ΓöéΓööGestureDetector(startBehavior: start, dependencies: [MediaQuery, ScrollConfiguration])
                                                                                                                                                     Γöé         Γöé                                                 Γöé ΓööRawGestureDetector(state: RawGestureDetectorState#12e76(gestures: [tap, long press], behavior: opaque))
                                                                                                                                                     Γöé         Γöé                                                 Γöé  Γöö_GestureSemantics(renderObject: RenderSemanticsGestureHandler#d31fa)
                                                                                                                                                     Γöé         Γöé                                                 Γöé   ΓööListener(listeners: [down, panZoomStart], behavior: opaque, renderObject: RenderPointerListener#5fb85)
                                                                                                                                                     Γöé         Γöé                                                 Γöé    ΓööLayoutBuilder(renderObject: _RenderLayoutBuilder#bc15a)
                                                                                                                                                     Γöé         Γöé                                                 Γöé     ΓööStack(alignment: Alignment.bottomCenter, fit: loose, clipBehavior: none, dependencies: [Directionality], renderObject: RenderStack#6c142)
                                                                                                                                                     Γöé         Γöé                                                 Γöé      ΓööCellContent-[<'CellContent-2026-3-3'>]
                                                                                                                                                     Γöé         Γöé                                                 Γöé       ΓööSemantics(container: false, properties: SemanticsProperties, label: "Tuesday, March 3, 2026", dependencies: [Directionality], renderObject: RenderSemanticsAnnotations#b2a5c relayoutBoundary=up1)
                                                                                                                                                     Γöé         Γöé                                                 Γöé        ΓööContainer(bg:
                                                                                                                                                     Γöé         Γöé                                                 Γöé         Γöé  BoxDecoration(color: Color(alpha: 0.1500, red: 0.2980, green: 0.6863, blue: 0.3137, colorSpace: ColorSpace.sRGB), border: Border.all(BorderSide(color: Color(alpha: 0.5000, red: 0.2980, green: 0.6863, blue: 0.3137, colorSpace: ColorSpace.sRGB), width: 2.0)),
                                                                                                                                                     Γöé         Γöé                                                 Γöé         Γöé    boxShadow: [BoxShadow(Color(alpha: 0.2000, red: 0.2980, green:
                                                                                                                                                     Γöé         Γöé                                                 Γöé         Γöé      0.6863, blue: 0.3137, colorSpace: ColorSpace.sRGB), Offset(0.0,
                                                                                                                                                     Γöé         Γöé                                                 Γöé         Γöé      2.0), 8.0, 0.0, BlurStyle.normal)]
                                                                                                                                                     Γöé         Γöé                                                 Γöé         Γöé    , shape: circle)
                                                                                                                                                     Γöé         Γöé                                                 Γöé         Γöé, margin: EdgeInsets.all(2.0))
                                                                                                                                                     Γöé         Γöé                                                 Γöé         ΓööPadding(padding: EdgeInsets.all(2.0), dependencies: [Directionality], renderObject: RenderPadding#82488 relayoutBoundary=up2)
                                                                                                                                                     Γöé         Γöé                                                 Γöé          ΓööDecoratedBox(bg:
                                                                                                                                                     Γöé         Γöé                                                 Γöé           Γöé  BoxDecoration(color: Color(alpha: 0.1500, red: 0.2980, green: 0.6863, blue: 0.3137, colorSpace: ColorSpace.sRGB), border: Border.all(BorderSide(color: Color(alpha: 0.5000, red: 0.2980, green: 0.6863, blue: 0.3137, colorSpace: ColorSpace.sRGB), width: 2.0)),
                                                                                                                                                     Γöé         Γöé                                                 Γöé           Γöé    boxShadow: [BoxShadow(Color(alpha: 0.2000, red: 0.2980, green:
                                                                                                                                                     Γöé         Γöé                                                 Γöé           Γöé      0.6863, blue: 0.3137, colorSpace: ColorSpace.sRGB), Offset(0.0,
                                                                                                                                                     Γöé         Γöé                                                 Γöé           Γöé      2.0), 8.0, 0.0, BlurStyle.normal)]
                                                                                                                                                     Γöé         Γöé                                                 Γöé           Γöé    , shape: circle)
                                                                                                                                                     Γöé         Γöé                                                 Γöé           Γöé, dependencies: [Directionality, MediaQuery, _LocalizationsScope-[GlobalKey#fe553]], renderObject: RenderDecoratedBox#4b70b relayoutBoundary=up3)
                                                                                                                                                     Γöé         Γöé                                                 Γöé           ΓööPadding(padding: EdgeInsets.all(2.0), dependencies: [Directionality], renderObject: RenderPadding#5bdc2 relayoutBoundary=up4)
                                                                                                                                                     Γöé         Γöé                                                 Γöé            ΓööCenter(alignment: Alignment.center, dependencies: [Directionality], renderObject: RenderPositionedBox#6ac92 relayoutBoundary=up5)
                                                                                                                                                     Γöé         Γöé                                                 Γöé             ΓööFittedBox(fit: scaleDown, alignment: Alignment.center, dependencies: [Directionality], renderObject: RenderFittedBox#f58ed relayoutBoundary=up6)
                                                                                                                                                     Γöé         Γöé                                                 Γöé              ΓööColumn(direction: vertical, mainAxisAlignment: center, mainAxisSize: min, crossAxisAlignment: center, renderObject: RenderFlex#42343 relayoutBoundary=up7)
                                                                                                                                                     Γöé         Γöé                                                 Γöé               Γö£Text("3", inherit: true, color: Color(alpha: 1.0000, red: 0.9412, green: 0.9647, blue: 0.9882, colorSpace: ColorSpace.sRGB), family: Outfit_800, familyFallback: [Outfit], size: 16.0, weight: 800, dependencies: [DefaultSelectionStyle, DefaultTextStyle, MediaQuery])
                                                                                                                                                     Γöé         Γöé                                                 Γöé               ΓöéΓööRichText(softWrap: wrapping at box width, maxLines: unlimited, text: "3", dependencies: [Directionality, _LocalizationsScope-[GlobalKey#fe553]], renderObject: RenderParagraph#87b3c relayoutBoundary=up8)
                                                                                                                                                     Γöé         Γöé                                                 Γöé               Γö£SizedBox(height: 1.0, renderObject: RenderConstrainedBox#4b2e6 relayoutBoundary=up8)
                                                                                                                                                     Γöé         Γöé                                                 Γöé               ΓööText("14", inherit: true, color: Color(alpha: 1.0000, red: 0.9412, green: 0.9647, blue: 0.9882, colorSpace: ColorSpace.sRGB), family: Amiri_700, familyFallback: [Amiri], size: 12.0, weight: 700, height: 1.1x, dependencies: [DefaultSelectionStyle, DefaultTextStyle, MediaQuery])
                                                                                                                                                     Γöé         Γöé                                                 Γöé                ΓööRichText(softWrap: wrapping at box width, maxLines: unlimited, text: "14", dependencies: [Directionality, _LocalizationsScope-[GlobalKey#fe553]], renderObject: RenderParagraph#9bf06 relayoutBoundary=up8)
                                                                                                                                                     Γöé         Γöé                                                 Γö£SizedBox(height: 56.0, renderObject: RenderConstrainedBox#31fd9 relayoutBoundary=up1)
                                                                                                                                                     Γöé         Γöé                                                 ΓöéΓööGestureDetector(startBehavior: start, dependencies: [MediaQuery, ScrollConfiguration])
                                                                                                                                                     Γöé         Γöé                                                 Γöé ΓööRawGestureDetector(state: RawGestureDetectorState#db064(gestures: [tap, long press], behavior: opaque))
                                                                                                                                                     Γöé         Γöé                                                 Γöé  Γöö_GestureSemantics(renderObject: RenderSemanticsGestureHandler#5abdf)
                                                                                                                                                     Γöé         Γöé                                                 Γöé   ΓööListener(listeners: [down, panZoomStart], behavior: opaque, renderObject: RenderPointerListener#0908b)
                                                                                                                                                     Γöé         Γöé                                                 Γöé    ΓööLayoutBuilder(renderObject: _RenderLayoutBuilder#7ce2c)
                                                                                                                                                     Γöé         Γöé                                                 Γöé     ΓööStack(alignment: Alignment.bottomCenter, fit: loose, clipBehavior: none, dependencies: [Directionality], renderObject: RenderStack#b2335)
                                                                                                                                                     Γöé         Γöé                                                 Γöé      ΓööCellContent-[<'CellContent-2026-3-4'>]
                                                                                                                                                     Γöé         Γöé                                                 Γöé       ΓööSemantics(container: false, properties: SemanticsProperties, label: "Wednesday, March 4, 2026", dependencies: [Directionality], renderObject: RenderSemanticsAnnotations#62af5 relayoutBoundary=up1)
                                                                                                                                                     Γöé         Γöé                                                 Γöé        ΓööContainer(bg:
                                                                                                                                                     Γöé         Γöé                                                 Γöé         Γöé  BoxDecoration(
                                                                                                                                                     Γöé         Γöé                                                 Γöé         Γöé    boxShadow: []
                                                                                                                                                     Γöé         Γöé                                                 Γöé         Γöé    , shape: circle)
                                                                                                                                                     Γöé         Γöé                                                 Γöé         Γöé, margin: EdgeInsets.all(2.0))
                                                                                                                                                     Γöé         Γöé                                                 Γöé         ΓööPadding(padding: EdgeInsets.all(2.0), dependencies: [Directionality], renderObject: RenderPadding#0ea39 relayoutBoundary=up2)
                                                                                                                                                     Γöé         Γöé                                                 Γöé          ΓööDecoratedBox(bg:
                                                                                                                                                     Γöé         Γöé                                                 Γöé           Γöé  BoxDecoration(
                                                                                                                                                     Γöé         Γöé                                                 Γöé           Γöé    boxShadow: []
                                                                                                                                                     Γöé         Γöé                                                 Γöé           Γöé    , shape: circle)
                                                                                                                                                     Γöé         Γöé                                                 Γöé           Γöé, dependencies: [Directionality, MediaQuery, _LocalizationsScope-[GlobalKey#fe553]], renderObject: RenderDecoratedBox#a523b relayoutBoundary=up3)
                                                                                                                                                     Γöé         Γöé                                                 Γöé           ΓööPadding(padding: EdgeInsets.zero, dependencies: [Directionality], renderObject: RenderPadding#54c3a relayoutBoundary=up4)
                                                                                                                                                     Γöé         Γöé                                                 Γöé            ΓööCenter(alignment: Alignment.center, dependencies: [Directionality], renderObject: RenderPositionedBox#b8eaf relayoutBoundary=up5)
                                                                                                                                                     Γöé         Γöé                                                 Γöé             ΓööFittedBox(fit: scaleDown, alignment: Alignment.center, dependencies: [Directionality], renderObject: RenderFittedBox#84ab7 relayoutBoundary=up6)
                                                                                                                                                     Γöé         Γöé                                                 Γöé              ΓööColumn(direction: vertical, mainAxisAlignment: center, mainAxisSize: min, crossAxisAlignment: center, renderObject: RenderFlex#8a0fd relayoutBoundary=up7)
                                                                                                                                                     Γöé         Γöé                                                 Γöé               Γö£Text("4", inherit: true, color: Color(alpha: 1.0000, red: 0.9412, green: 0.9647, blue: 0.9882, colorSpace: ColorSpace.sRGB), family: Outfit_600, familyFallback: [Outfit], size: 14.0, weight: 600, dependencies: [DefaultSelectionStyle, DefaultTextStyle, MediaQuery])
                                                                                                                                                     Γöé         Γöé                                                 Γöé               ΓöéΓööRichText(softWrap: wrapping at box width, maxLines: unlimited, text: "4", dependencies: [Directionality, _LocalizationsScope-[GlobalKey#fe553]], renderObject: RenderParagraph#7953a relayoutBoundary=up8)
                                                                                                                                                     Γöé         Γöé                                                 Γöé               Γö£SizedBox(height: 1.0, renderObject: RenderConstrainedBox#7bc77 relayoutBoundary=up8)
                                                                                                                                                     Γöé         Γöé                                                 Γöé               ΓööText("15", inherit: true, color: Color(alpha: 0.7000, red: 0.9412, green: 0.9647, blue: 0.9882, colorSpace: ColorSpace.sRGB), family: Amiri_700, familyFallback: [Amiri], size: 11.0, weight: 700, height: 1.1x, dependencies: [DefaultSelectionStyle, DefaultTextStyle, MediaQuery])
                                                                                                                                                     Γöé         Γöé                                                 Γöé                ΓööRichText(softWrap: wrapping at box width, maxLines: unlimited, text: "15", dependencies: [Directionality, _LocalizationsScope-[GlobalKey#fe553]], renderObject: RenderParagraph#3e212 relayoutBoundary=up8)
                                                                                                                                                     Γöé         Γöé                                                 Γö£SizedBox(height: 56.0, renderObject: RenderConstrainedBox#649ee relayoutBoundary=up1)
                                                                                                                                                     Γöé         Γöé                                                 ΓöéΓööGestureDetector(startBehavior: start, dependencies: [MediaQuery, ScrollConfiguration])
                                                                                                                                                     Γöé         Γöé                                                 Γöé ΓööRawGestureDetector(state: RawGestureDetectorState#d5d61(gestures: [tap, long press], behavior: opaque))
                                                                                                                                                     Γöé         Γöé                                                 Γöé  Γöö_GestureSemantics(renderObject: RenderSemanticsGestureHandler#b9a2b)
                                                                                                                                                     Γöé         Γöé                                                 Γöé   ΓööListener(listeners: [down, panZoomStart], behavior: opaque, renderObject: RenderPointerListener#0489d)
                                                                                                                                                     Γöé         Γöé                                                 Γöé    ΓööLayoutBuilder(renderObject: _RenderLayoutBuilder#fb888)
                                                                                                                                                     Γöé         Γöé                                                 Γöé     ΓööStack(alignment: Alignment.bottomCenter, fit: loose, clipBehavior: none, dependencies: [Directionality], renderObject: RenderStack#0e615)
                                                                                                                                                     Γöé         Γöé                                                 Γöé      ΓööCellContent-[<'CellContent-2026-3-5'>]
                                                                                                                                                     Γöé         Γöé                                                 Γöé       ΓööSemantics(container: false, properties: SemanticsProperties, label: "Thursday, March 5, 2026", dependencies: [Directionality], renderObject: RenderSemanticsAnnotations#faddb relayoutBoundary=up1)
                                                                                                                                                     Γöé         Γöé                                                 Γöé        ΓööContainer(bg:
                                                                                                                                                     Γöé         Γöé                                                 Γöé         Γöé  BoxDecoration(
                                                                                                                                                     Γöé         Γöé                                                 Γöé         Γöé    boxShadow: []
                                                                                                                                                     Γöé         Γöé                                                 Γöé         Γöé    , shape: circle)
                                                                                                                                                     Γöé         Γöé                                                 Γöé         Γöé, margin: EdgeInsets.all(2.0))
                                                                                                                                                     Γöé         Γöé                                                 Γöé         ΓööPadding(padding: EdgeInsets.all(2.0), dependencies: [Directionality], renderObject: RenderPadding#3436e relayoutBoundary=up2)
                                                                                                                                                     Γöé         Γöé                                                 Γöé          ΓööDecoratedBox(bg:
                                                                                                                                                     Γöé         Γöé                                                 Γöé           Γöé  BoxDecoration(
                                                                                                                                                     Γöé         Γöé                                                 Γöé           Γöé    boxShadow: []
                                                                                                                                                     Γöé         Γöé                                                 Γöé           Γöé    , shape: circle)
                                                                                                                                                     Γöé         Γöé                                                 Γöé           Γöé, dependencies: [Directionality, MediaQuery, _LocalizationsScope-[GlobalKey#fe553]], renderObject: RenderDecoratedBox#9d9ef relayoutBoundary=up3)
                                                                                                                                                     Γöé         Γöé                                                 Γöé           ΓööPadding(padding: EdgeInsets.zero, dependencies: [Directionality], renderObject: RenderPadding#55ae9 relayoutBoundary=up4)
                                                                                                                                                     Γöé         Γöé                                                 Γöé            ΓööCenter(alignment: Alignment.center, dependencies: [Directionality], renderObject: RenderPositionedBox#2a502 relayoutBoundary=up5)
                                                                                                                                                     Γöé         Γöé                                                 Γöé             ΓööFittedBox(fit: scaleDown, alignment: Alignment.center, dependencies: [Directionality], renderObject: RenderFittedBox#77e8a relayoutBoundary=up6)
                                                                                                                                                     Γöé         Γöé                                                 Γöé              ΓööColumn(direction: vertical, mainAxisAlignment: center, mainAxisSize: min, crossAxisAlignment: center, renderObject: RenderFlex#10e56 relayoutBoundary=up7)
                                                                                                                                                     Γöé         Γöé                                                 Γöé               Γö£Text("5", inherit: true, color: Color(alpha: 1.0000, red: 0.9412, green: 0.9647, blue: 0.9882, colorSpace: ColorSpace.sRGB), family: Outfit_600, familyFallback: [Outfit], size: 14.0, weight: 600, dependencies: [DefaultSelectionStyle, DefaultTextStyle, MediaQuery])
                                                                                                                                                     Γöé         Γöé                                                 Γöé               ΓöéΓööRichText(softWrap: wrapping at box width, maxLines: unlimited, text: "5", dependencies: [Directionality, _LocalizationsScope-[GlobalKey#fe553]], renderObject: RenderParagraph#4376c relayoutBoundary=up8)
                                                                                                                                                     Γöé         Γöé                                                 Γöé               Γö£SizedBox(height: 1.0, renderObject: RenderConstrainedBox#d16b7 relayoutBoundary=up8)
                                                                                                                                                     Γöé         Γöé                                                 Γöé               ΓööText("16", inherit: true, color: Color(alpha: 0.7000, red: 0.9412, green: 0.9647, blue: 0.9882, colorSpace: ColorSpace.sRGB), family: Amiri_700, familyFallback: [Amiri], size: 11.0, weight: 700, height: 1.1x, dependencies: [DefaultSelectionStyle, DefaultTextStyle, MediaQuery])
                                                                                                                                                     Γöé         Γöé                                                 Γöé                ΓööRichText(softWrap: wrapping at box width, maxLines: unlimited, text: "16", dependencies: [Directionality, _LocalizationsScope-[GlobalKey#fe553]], renderObject: RenderParagraph#1c527 relayoutBoundary=up8)
                                                                                                                                                     Γöé         Γöé                                                 Γö£SizedBox(height: 56.0, renderObject: RenderConstrainedBox#bc2a8 relayoutBoundary=up1)
                                                                                                                                                     Γöé         Γöé                                                 ΓöéΓööGestureDetector(startBehavior: start, dependencies: [MediaQuery, ScrollConfiguration])
                                                                                                                                                     Γöé         Γöé                                                 Γöé ΓööRawGestureDetector(state: RawGestureDetectorState#7781b(gestures: [tap, long press], behavior: opaque))
                                                                                                                                                     Γöé         Γöé                                                 Γöé  Γöö_GestureSemantics(renderObject: RenderSemanticsGestureHandler#d770c)
                                                                                                                                                     Γöé         Γöé                                                 Γöé   ΓööListener(listeners: [down, panZoomStart], behavior: opaque, renderObject: RenderPointerListener#5b8d4)
                                                                                                                                                     Γöé         Γöé                                                 Γöé    ΓööLayoutBuilder(renderObject: _RenderLayoutBuilder#8e58f)
                                                                                                                                                     Γöé         Γöé                                                 Γöé     ΓööStack(alignment: Alignment.bottomCenter, fit: loose, clipBehavior: none, dependencies: [Directionality], renderObject: RenderStack#16e06)
                                                                                                                                                     Γöé         Γöé                                                 Γöé      ΓööCellContent-[<'CellContent-2026-3-6'>]
                                                                                                                                                     Γöé         Γöé                                                 Γöé       ΓööSemantics(container: false, properties: SemanticsProperties, label: "Friday, March 6, 2026", dependencies: [Directionality], renderObject: RenderSemanticsAnnotations#e9bba relayoutBoundary=up1)
                                                                                                                                                     Γöé         Γöé                                                 Γöé        ΓööContainer(bg:
                                                                                                                                                     Γöé         Γöé                                                 Γöé         Γöé  BoxDecoration(
                                                                                                                                                     Γöé         Γöé                                                 Γöé         Γöé    boxShadow: []
                                                                                                                                                     Γöé         Γöé                                                 Γöé         Γöé    , shape: circle)
                                                                                                                                                     Γöé         Γöé                                                 Γöé         Γöé, margin: EdgeInsets.all(2.0))
                                                                                                                                                     Γöé         Γöé                                                 Γöé         ΓööPadding(padding: EdgeInsets.all(2.0), dependencies: [Directionality], renderObject: RenderPadding#cb7b0 relayoutBoundary=up2)
                                                                                                                                                     Γöé         Γöé                                                 Γöé          ΓööDecoratedBox(bg:
                                                                                                                                                     Γöé         Γöé                                                 Γöé           Γöé  BoxDecoration(
                                                                                                                                                     Γöé         Γöé                                                 Γöé           Γöé    boxShadow: []
                                                                                                                                                     Γöé         Γöé                                                 Γöé           Γöé    , shape: circle)
                                                                                                                                                     Γöé         Γöé                                                 Γöé           Γöé, dependencies: [Directionality, MediaQuery, _LocalizationsScope-[GlobalKey#fe553]], renderObject: RenderDecoratedBox#bff64 relayoutBoundary=up3)
                                                                                                                                                     Γöé         Γöé                                                 Γöé           ΓööPadding(padding: EdgeInsets.zero, dependencies: [Directionality], renderObject: RenderPadding#f926e relayoutBoundary=up4)
                                                                                                                                                     Γöé         Γöé                                                 Γöé            ΓööCenter(alignment: Alignment.center, dependencies: [Directionality], renderObject: RenderPositionedBox#6069d relayoutBoundary=up5)
                                                                                                                                                     Γöé         Γöé                                                 Γöé             ΓööFittedBox(fit: scaleDown, alignment: Alignment.center, dependencies: [Directionality], renderObject: RenderFittedBox#cb2ad relayoutBoundary=up6)
                                                                                                                                                     Γöé         Γöé                                                 Γöé              ΓööColumn(direction: vertical, mainAxisAlignment: center, mainAxisSize: min, crossAxisAlignment: center, renderObject: RenderFlex#fe9ca relayoutBoundary=up7)
                                                                                                                                                     Γöé         Γöé                                                 Γöé               Γö£Text("6", inherit: true, color: Color(alpha: 1.0000, red: 0.9412, green: 0.9647, blue: 0.9882, colorSpace: ColorSpace.sRGB), family: Outfit_600, familyFallback: [Outfit], size: 14.0, weight: 600, dependencies: [DefaultSelectionStyle, DefaultTextStyle, MediaQuery])
                                                                                                                                                     Γöé         Γöé                                                 Γöé               ΓöéΓööRichText(softWrap: wrapping at box width, maxLines: unlimited, text: "6", dependencies: [Directionality, _LocalizationsScope-[GlobalKey#fe553]], renderObject: RenderParagraph#d1c30 relayoutBoundary=up8)
                                                                                                                                                     Γöé         Γöé                                                 Γöé               Γö£SizedBox(height: 1.0, renderObject: RenderConstrainedBox#026df relayoutBoundary=up8)
                                                                                                                                                     Γöé         Γöé                                                 Γöé               ΓööText("17", inherit: true, color: Color(alpha: 0.7000, red: 0.9412, green: 0.9647, blue: 0.9882, colorSpace: ColorSpace.sRGB), family: Amiri_700, familyFallback: [Amiri], size: 11.0, weight: 700, height: 1.1x, dependencies: [DefaultSelectionStyle, DefaultTextStyle, MediaQuery])
                                                                                                                                                     Γöé         Γöé                                                 Γöé                ΓööRichText(softWrap: wrapping at box width, maxLines: unlimited, text: "17", dependencies: [Directionality, _LocalizationsScope-[GlobalKey#fe553]], renderObject: RenderParagraph#32b31 relayoutBoundary=up8)
                                                                                                                                                     Γöé         Γöé                                                 ΓööSizedBox(height: 56.0, renderObject: RenderConstrainedBox#6117a relayoutBoundary=up1)
                                                                                                                                                     Γöé         Γöé                                                  ΓööGestureDetector(startBehavior: start, dependencies: [MediaQuery, ScrollConfiguration])
                                                                                                                                                     Γöé         Γöé                                                   ΓööRawGestureDetector(state: RawGestureDetectorState#966fb(gestures: [tap, long press], behavior: opaque))
                                                                                                                                                     Γöé         Γöé                                                    Γöö_GestureSemantics(renderObject: RenderSemanticsGestureHandler#6d5c1)
                                                                                                                                                     Γöé         Γöé                                                     ΓööListener(listeners: [down, panZoomStart], behavior: opaque, renderObject: RenderPointerListener#5b354)
                                                                                                                                                     Γöé         Γöé                                                      ΓööLayoutBuilder(renderObject: _RenderLayoutBuilder#133c6)
                                                                                                                                                     Γöé         Γöé                                                       ΓööStack(alignment: Alignment.bottomCenter, fit: loose, clipBehavior: none, dependencies: [Directionality], renderObject: RenderStack#ad7bf)
                                                                                                                                                     Γöé         Γöé                                                        ΓööCellContent-[<'CellContent-2026-3-7'>]
                                                                                                                                                     Γöé         Γöé                                                         ΓööSemantics(container: false, properties: SemanticsProperties, label: "Saturday, March 7, 2026", dependencies: [Directionality], renderObject: RenderSemanticsAnnotations#6818c relayoutBoundary=up1)
                                                                                                                                                     Γöé         Γöé                                                          ΓööContainer(bg:
                                                                                                                                                     Γöé         Γöé                                                           Γöé  BoxDecoration(
                                                                                                                                                     Γöé         Γöé                                                           Γöé    boxShadow: []
                                                                                                                                                     Γöé         Γöé                                                           Γöé    , shape: circle)
                                                                                                                                                     Γöé         Γöé                                                           Γöé, margin: EdgeInsets.all(2.0))
                                                                                                                                                     Γöé         Γöé                                                           ΓööPadding(padding: EdgeInsets.all(2.0), dependencies: [Directionality], renderObject: RenderPadding#70569 relayoutBoundary=up2)
                                                                                                                                                     Γöé         Γöé                                                            ΓööDecoratedBox(bg:
                                                                                                                                                     Γöé         Γöé                                                             Γöé  BoxDecoration(
                                                                                                                                                     Γöé         Γöé                                                             Γöé    boxShadow: []
                                                                                                                                                     Γöé         Γöé                                                             Γöé    , shape: circle)
                                                                                                                                                     Γöé         Γöé                                                             Γöé, dependencies: [Directionality, MediaQuery, _LocalizationsScope-[GlobalKey#fe553]], renderObject: RenderDecoratedBox#1e063 relayoutBoundary=up3)
                                                                                                                                                     Γöé         Γöé                                                             ΓööPadding(padding: EdgeInsets.zero, dependencies: [Directionality], renderObject: RenderPadding#e5842 relayoutBoundary=up4)
                                                                                                                                                     Γöé         Γöé                                                              ΓööCenter(alignment: Alignment.center, dependencies: [Directionality], renderObject: RenderPositionedBox#779bc relayoutBoundary=up5)
                                                                                                                                                     Γöé         Γöé                                                               ΓööFittedBox(fit: scaleDown, alignment: Alignment.center, dependencies: [Directionality], renderObject: RenderFittedBox#16dec relayoutBoundary=up6)
                                                                                                                                                     Γöé         Γöé                                                                ΓööColumn(direction: vertical, mainAxisAlignment: center, mainAxisSize: min, crossAxisAlignment: center, renderObject: RenderFlex#110fb relayoutBoundary=up7)
                                                                                                                                                     Γöé         Γöé                                                                 Γö£Text("7", inherit: true, color: Color(alpha: 1.0000, red: 0.9412, green: 0.9647, blue: 0.9882, colorSpace: ColorSpace.sRGB), family: Outfit_600, familyFallback: [Outfit], size: 14.0, weight: 600, dependencies: [DefaultSelectionStyle, DefaultTextStyle, MediaQuery])
                                                                                                                                                     Γöé         Γöé                                                                 ΓöéΓööRichText(softWrap: wrapping at box width, maxLines: unlimited, text: "7", dependencies: [Directionality, _LocalizationsScope-[GlobalKey#fe553]], renderObject: RenderParagraph#d18c1 relayoutBoundary=up8)
                                                                                                                                                     Γöé         Γöé                                                                 Γö£SizedBox(height: 1.0, renderObject: RenderConstrainedBox#38a72 relayoutBoundary=up8)
                                                                                                                                                     Γöé         Γöé                                                                 ΓööText("18", inherit: true, color: Color(alpha: 0.7000, red: 0.9412, green: 0.9647, blue: 0.9882, colorSpace: ColorSpace.sRGB), family: Amiri_700, familyFallback: [Amiri], size: 11.0, weight: 700, height: 1.1x, dependencies: [DefaultSelectionStyle, DefaultTextStyle, MediaQuery])
                                                                                                                                                     Γöé         Γöé                                                                  ΓööRichText(softWrap: wrapping at box width, maxLines: unlimited, text: "18", dependencies: [Directionality, _LocalizationsScope-[GlobalKey#fe553]], renderObject: RenderParagraph#272cc relayoutBoundary=up8)
                                                                                                                                                     Γöé         ΓööSizedBox(height: 8.0, renderObject: RenderConstrainedBox#b7a28 relayoutBoundary=up4)
                                                                                                                                                     ΓööLayoutId-[<_ScaffoldSlot.floatingActionButton>](id: _ScaffoldSlot.floatingActionButton)
                                                                                                                                                      ΓööMediaQuery(MediaQueryData(size: Size(800.0, 600.0), devicePixelRatio: 3.0, textScaler: SystemTextScaler (no scaling), platformBrightness: Brightness.light, padding: EdgeInsets.zero, viewPadding: EdgeInsets.zero, viewInsets: EdgeInsets.zero, systemGestureInsets: EdgeInsets.zero, alwaysUse24HourFormat: false, accessibleNavigation: false, highContrast: false, onOffSwitchLabels: false, disableAnimations: false, invertColors: false, boldText: false, navigationMode: traditional, gestureSettings: DeviceGestureSettings(touchSlop: null), displayFeatures: [], supportsShowingSystemContextMenu: false, lineHeightScaleFactorOverride: null, letterSpacingOverride: null, wordSpacingOverride: null, paragraphSpacingOverride: null))
                                                                                                                                                       Γöö_FloatingActionButtonTransition(state: _FloatingActionButtonTransitionState#89d3b(tickers: tracking 1 ticker))
                                                                                                                                                        ΓööStack(alignment: Alignment.centerRight, fit: loose, dependencies: [Directionality], renderObject: RenderStack#7164c relayoutBoundary=up1)
                                                                                                                                                         ΓööScaleTransition(listenable: AnimationMin<double>(_AnimationSwap<double>(AnimationController#5906f(ΓÅ¡ 1.000; paused)Γ₧⌐CurveTween(curve: FlippedCurve(Interval(0.5Γï»1.0)Γ₧⌐Cubic(0.25, 0.10, 0.25, 1.00)))Γ₧⌐1.0Γ₧¬ReverseAnimation, AnimationController#5906f(ΓÅ¡ 1.000; paused)Γ₧⌐CurveTween(curve: Interval(0.5Γï»1.0)Γ₧⌐Cubic(0.25, 0.10, 0.25, 1.00))Γ₧⌐1.0), AnimationController#acd7a(ΓÅ« 0.000; paused)Γ₧⌐Cubic(0.42, 0.00, 1.00, 1.00)), state: _AnimatedState#aa3f5)
                                                                                                                                                          ΓööTransform(dependencies: [Directionality], renderObject: RenderTransform#33934 relayoutBoundary=up2)
                                                                                                                                                           ΓööRotationTransition(listenable: AnimationController#acd7a(ΓÅ« 0.000; paused)Γ₧⌐CurveTween(curve: Cubic(0.42, 0.00, 1.00, 1.00))Γ₧⌐Tween<double>(0.875 ΓåÆ 1.0)Γ₧⌐0.875Γ₧⌐TrainHoppingAnimation(next: _AnimationSwap<double>(AnimationController#5906f(ΓÅ¡ 1.000; paused)Γ₧⌐Tween<double>(0.75 ΓåÆ 1.0)Γ₧⌐1.0, AnimationController#5906f(ΓÅ¡ 1.000; paused)Γ₧⌐CurveTween(curve: Threshold)Γ₧⌐1.0Γ₧¬ReverseAnimation)), state: _AnimatedState#d3276)
                                                                                                                                                            ΓööTransform(dependencies: [Directionality], renderObject: RenderTransform#5b9a8 relayoutBoundary=up3 NEEDS-PAINT)


+105 -3: C:/Users/NAGAR/IdeaProjects/fard-2/.worktrees/test-remediation/test/features/prayer_tracking/countdown_and_calendar_test.dart: CALENDAR DUAL DISPLAY TESTS Calendar cells show secondary calendar text
=== TEST: Calendar cells secondary calendar ===
Expanding calendar to see cells...
Total Text widgets in calendar: 82
Expected: At least 60+ (2 per day for 30 days + headers)
Γ£ô Text count seems reasonable
+116 -3: C:/Users/NAGAR/IdeaProjects/fard-2/.worktrees/test-remediation/test/features/prayer_tracking/presentation/widgets/werd_dialog_dismissal_test.dart: Werd Dialog Dismissal - Single Press Verification Dialog should dismiss after SINGLE button press (Close button)
Action performed
+121 -3: C:/Users/NAGAR/IdeaProjects/fard-2/.worktrees/test-remediation/test/features/quran/domain/usecases/update_last_read_real_user_flow_test.dart: REAL USER FLOW: Click "Mark Last Read" 3 times on sequential ayahs
ΓòöΓòÉΓòÉΓòÉΓòÉΓòÉΓòÉΓòÉΓòÉΓòÉΓòÉΓòÉΓòÉΓòÉΓòÉΓòÉΓòÉΓòÉΓòÉΓòÉΓòÉΓòÉΓòÉΓòÉΓòÉΓòÉΓòÉΓòÉΓòÉΓòÉΓòÉΓòÉΓòÉΓòÉΓòÉΓòÉΓòÉΓòÉΓòÉΓòÉΓòÉΓòÉΓòÉΓòÉΓòÉΓòÉΓòÉΓòÉΓòÉΓòÉΓòÉΓòÉΓòÉΓòù
≡ƒÄ» REAL USER FLOW TEST (UpdateLastRead use case)
ΓòáΓòÉΓòÉΓòÉΓòÉΓòÉΓòÉΓòÉΓòÉΓòÉΓòÉΓòÉΓòÉΓòÉΓòÉΓòÉΓòÉΓòÉΓòÉΓòÉΓòÉΓòÉΓòÉΓòÉΓòÉΓòÉΓòÉΓòÉΓòÉΓòÉΓòÉΓòÉΓòÉΓòÉΓòÉΓòÉΓòÉΓòÉΓòÉΓòÉΓòÉΓòÉΓòÉΓòÉΓòÉΓòÉΓòÉΓòÉΓòÉΓòÉΓòÉΓòÉΓòÉΓòú

User flow:
1. Click "Continue" (sessionStartAbsolute = 1)
2. Click "Mark Last Read" on ayah 1
3. Click "Mark Last Read" on ayah 2
4. Click "Mark Last Read" on ayah 3
5. Leave reader (endSession)

=== Mark Last Read: Ayah 1 ===
=== Mark Last Read: Ayah 2 ===
=== Mark Last Read: Ayah 3 ===

ΓòáΓòÉΓòÉΓòÉΓòÉΓòÉΓòÉΓòÉΓòÉΓòÉΓòÉΓòÉΓòÉΓòÉΓòÉΓòÉΓòÉΓòÉΓòÉΓòÉΓòÉΓòÉΓòÉΓòÉΓòÉΓòÉΓòÉΓòÉΓòÉΓòÉΓòÉΓòÉΓòÉΓòÉΓòÉΓòÉΓòÉΓòÉΓòÉΓòÉΓòÉΓòÉΓòÉΓòÉΓòÉΓòÉΓòÉΓòÉΓòÉΓòÉΓòÉΓòÉΓòÉΓòú
≡ƒôè RESULTS:
   Total ayahs today: 3
   Sessions count: 1

  Session 1:
    Ayahs: 1-3 (3 ayahs)
    Start: 9:04 AM
    End: 

Γ£àΓ£àΓ£à SUCCESS! Γ£àΓ£àΓ£à

One session with 3 ayahs (range 1-3)
This is what the user should see!
ΓòÜΓòÉΓòÉΓòÉΓòÉΓòÉΓòÉΓòÉΓòÉΓòÉΓòÉΓòÉΓòÉΓòÉΓòÉΓòÉΓòÉΓòÉΓòÉΓòÉΓòÉΓòÉΓòÉΓòÉΓòÉΓòÉΓòÉΓòÉΓòÉΓòÉΓòÉΓòÉΓòÉΓòÉΓòÉΓòÉΓòÉΓòÉΓòÉΓòÉΓòÉΓòÉΓòÉΓòÉΓòÉΓòÉΓòÉΓòÉΓòÉΓòÉΓòÉΓòÉΓòÉΓò¥
+125 -4: C:/Users/NAGAR/IdeaProjects/fard-2/.worktrees/test-remediation/test/features/quran/presentation/blocs/reader_bloc_test.dart: ReaderBloc emits [loading, loaded] when loadSurah is added [E]
  type 'Null' is not a subtype of type 'Future<double>'
  test\features\quran\presentation\blocs\reader_bloc_test.dart 26:7      MockQuranRepository.getTextScale
  package:fard/features/quran/presentation/blocs/reader_bloc.dart 47:47  new ReaderBloc.<fn>
  ===== asynchronous gap ===========================
  dart:async                                                             _CustomZone.registerBinaryCallback
  package:bloc/src/bloc.dart 226:13                                      Bloc.on.<fn>.handleEvent
  package:bloc/src/bloc.dart 237:9                                       Bloc.on.<fn>
  ===== asynchronous gap ===========================
  dart:async                                                             _ForwardingStream.listen
  package:bloc/src/bloc.dart 341:40                                      _FlatMapStreamTransformer.bind.<fn>
  dart:async                                                             _StreamImpl.listen
  package:bloc/src/bloc.dart 240:7                                       Bloc.on
  package:fard/features/quran/presentation/blocs/reader_bloc.dart 40:5   new ReaderBloc
  test\features\quran\presentation\blocs\reader_bloc_test.dart 70:18     main.<fn>
  
  Expected: [
              _Loading:ReaderState.loading(),
              _Loaded:ReaderState.loaded(surah: Surah(SurahNumber(1), Al-Fatihah, null, null, 7, Meccan, null, []), highlightedAyah: null, lastReadAyah: null, textScale: 1.0, fontFamily: Amiri, separator: ReaderSeparator.none, selectedTafsirId: 16, bookmarks: [])
            ]
    Actual: [_Loading:ReaderState.loading()]
     Which: at location [1] is [_Loading:ReaderState.loading()] which shorter than expected
  
  ==== diff ========================================
  
  [90m[ReaderState.loading()[0m[31m[-, ReaderState.loaded(surah: Surah(SurahNumber(1), Al-Fatihah, null, null, 7, Meccan, null, []), highlightedAyah: null, lastReadAyah: null, textScale: 1.0, fontFamily: Amiri, separator: ReaderSeparator.none, selectedTafsirId: 16, bookmarks: [])-][0m[90m][0m
  
  ==== end diff ====================================
  
  package:bloc_test/src/bloc_test.dart 224:11  testBloc.<fn>
  ===== asynchronous gap ===========================
  dart:async                                   _Completer.completeError
  package:bloc_test/src/bloc_test.dart 255:43  _runZonedGuarded.<fn>
  ===== asynchronous gap ===========================
  dart:async                                   _CustomZone.registerBinaryCallback
  package:bloc_test/src/bloc_test.dart 252:5   _runZonedGuarded.<fn>
  dart:async                                   runZonedGuarded
  package:bloc_test/src/bloc_test.dart 251:3   _runZonedGuarded
  package:bloc_test/src/bloc_test.dart 198:11  testBloc
  package:bloc_test/src/bloc_test.dart 156:13  blocTest.<fn>
  
+125 -5: C:/Users/NAGAR/IdeaProjects/fard-2/.worktrees/test-remediation/test/features/quran/presentation/blocs/reader_bookmark_decoupling_test.dart: Decoupling Bookmark and Last Read Toggling bookmark on Ayah 2 should NOT update lastReadAyah if it was null [E]
  type 'Null' is not a subtype of type 'Future<double>'
  test\features\quran\presentation\blocs\reader_bookmark_decoupling_test.dart 29:7    MockQuranRepository.getTextScale
  package:fard/features/quran/presentation/blocs/reader_bloc.dart 47:47               new ReaderBloc.<fn>
  ===== asynchronous gap ===========================
  dart:async                                                                          _CustomZone.registerBinaryCallback
  package:bloc/src/bloc.dart 226:13                                                   Bloc.on.<fn>.handleEvent
  package:bloc/src/bloc.dart 237:9                                                    Bloc.on.<fn>
  ===== asynchronous gap ===========================
  dart:async                                                                          _ForwardingStream.listen
  package:bloc/src/bloc.dart 341:40                                                   _FlatMapStreamTransformer.bind.<fn>
  dart:async                                                                          _StreamImpl.listen
  package:bloc/src/bloc.dart 240:7                                                    Bloc.on
  package:fard/features/quran/presentation/blocs/reader_bloc.dart 40:5                new ReaderBloc
  test\features\quran\presentation\blocs\reader_bookmark_decoupling_test.dart 142:18  main.<fn>
  
  Expected: true
    Actual: <null>
  
  package:matcher                                                                    expect
  package:flutter_test/src/widget_tester.dart 473:18                                 expect
  test\features\quran\presentation\blocs\reader_bookmark_decoupling_test.dart 169:9  main.<fn>.<fn>
  package:bloc_test/src/bloc_test.dart 228:21                                        testBloc.<fn>
  ===== asynchronous gap ===========================
  dart:async                                                                         _Completer.completeError
  package:bloc_test/src/bloc_test.dart 255:43                                        _runZonedGuarded.<fn>
  ===== asynchronous gap ===========================
  dart:async                                                                         _CustomZone.registerBinaryCallback
  package:bloc_test/src/bloc_test.dart 252:5                                         _runZonedGuarded.<fn>
  dart:async                                                                         runZonedGuarded
  package:bloc_test/src/bloc_test.dart 251:3                                         _runZonedGuarded
  package:bloc_test/src/bloc_test.dart 198:11                                        testBloc
  package:bloc_test/src/bloc_test.dart 156:13                                        blocTest.<fn>
  
+125 -6: C:/Users/NAGAR/IdeaProjects/fard-2/.worktrees/test-remediation/test/features/quran/presentation/blocs/reader_bookmark_decoupling_test.dart: Decoupling Bookmark and Last Read Toggling bookmark on Ayah 2 should NOT change an existing lastReadAyah on Ayah 1 [E]
  type 'Null' is not a subtype of type 'Future<double>'
  test\features\quran\presentation\blocs\reader_bookmark_decoupling_test.dart 29:7    MockQuranRepository.getTextScale
  package:fard/features/quran/presentation/blocs/reader_bloc.dart 47:47               new ReaderBloc.<fn>
  ===== asynchronous gap ===========================
  dart:async                                                                          _CustomZone.registerBinaryCallback
  package:bloc/src/bloc.dart 226:13                                                   Bloc.on.<fn>.handleEvent
  package:bloc/src/bloc.dart 237:9                                                    Bloc.on.<fn>
  ===== asynchronous gap ===========================
  dart:async                                                                          _ForwardingStream.listen
  package:bloc/src/bloc.dart 341:40                                                   _FlatMapStreamTransformer.bind.<fn>
  dart:async                                                                          _StreamImpl.listen
  package:bloc/src/bloc.dart 240:7                                                    Bloc.on
  package:fard/features/quran/presentation/blocs/reader_bloc.dart 40:5                new ReaderBloc
  test\features\quran\presentation\blocs\reader_bookmark_decoupling_test.dart 142:18  main.<fn>
  
  Expected: true
    Actual: <null>
  
  package:matcher                                                                    expect
  package:flutter_test/src/widget_tester.dart 473:18                                 expect
  test\features\quran\presentation\blocs\reader_bookmark_decoupling_test.dart 207:9  main.<fn>.<fn>
  package:bloc_test/src/bloc_test.dart 228:21                                        testBloc.<fn>
  ===== asynchronous gap ===========================
  dart:async                                                                         _Completer.completeError
  package:bloc_test/src/bloc_test.dart 255:43                                        _runZonedGuarded.<fn>
  ===== asynchronous gap ===========================
  dart:async                                                                         _CustomZone.registerBinaryCallback
  package:bloc_test/src/bloc_test.dart 252:5                                         _runZonedGuarded.<fn>
  dart:async                                                                         runZonedGuarded
  package:bloc_test/src/bloc_test.dart 251:3                                         _runZonedGuarded
  package:bloc_test/src/bloc_test.dart 198:11                                        testBloc
  package:bloc_test/src/bloc_test.dart 156:13                                        blocTest.<fn>
  
+126 -7: C:/Users/NAGAR/IdeaProjects/fard-2/.worktrees/test-remediation/test/features/quran/presentation/blocs/reader_bookmark_decoupling_test.dart: Decoupling Bookmark and Last Read Should be able to save multiple bookmarks [E]
  type 'Null' is not a subtype of type 'Future<double>'
  test\features\quran\presentation\blocs\reader_bookmark_decoupling_test.dart 29:7    MockQuranRepository.getTextScale
  package:fard/features/quran/presentation/blocs/reader_bloc.dart 47:47               new ReaderBloc.<fn>
  ===== asynchronous gap ===========================
  dart:async                                                                          _CustomZone.registerBinaryCallback
  package:bloc/src/bloc.dart 226:13                                                   Bloc.on.<fn>.handleEvent
  package:bloc/src/bloc.dart 237:9                                                    Bloc.on.<fn>
  ===== asynchronous gap ===========================
  dart:async                                                                          _ForwardingStream.listen
  package:bloc/src/bloc.dart 341:40                                                   _FlatMapStreamTransformer.bind.<fn>
  dart:async                                                                          _StreamImpl.listen
  package:bloc/src/bloc.dart 240:7                                                    Bloc.on
  package:fard/features/quran/presentation/blocs/reader_bloc.dart 40:5                new ReaderBloc
  test\features\quran\presentation\blocs\reader_bookmark_decoupling_test.dart 142:18  main.<fn>
  
  Expected: <2>
    Actual: <null>
  
  package:matcher                                                                    expect
  package:flutter_test/src/widget_tester.dart 473:18                                 expect
  test\features\quran\presentation\blocs\reader_bookmark_decoupling_test.dart 248:9  main.<fn>.<fn>
  package:bloc_test/src/bloc_test.dart 228:21                                        testBloc.<fn>
  ===== asynchronous gap ===========================
  dart:async                                                                         _Completer.completeError
  package:bloc_test/src/bloc_test.dart 255:43                                        _runZonedGuarded.<fn>
  ===== asynchronous gap ===========================
  dart:async                                                                         _CustomZone.registerBinaryCallback
  package:bloc_test/src/bloc_test.dart 252:5                                         _runZonedGuarded.<fn>
  dart:async                                                                         runZonedGuarded
  package:bloc_test/src/bloc_test.dart 251:3                                         _runZonedGuarded
  package:bloc_test/src/bloc_test.dart 198:11                                        testBloc
  package:bloc_test/src/bloc_test.dart 156:13                                        blocTest.<fn>
  
+126 -8: C:/Users/NAGAR/IdeaProjects/fard-2/.worktrees/test-remediation/test/features/quran/presentation/blocs/reader_bookmark_decoupling_test.dart: Decoupling Bookmark and Last Read Reactive Updates Should update bookmarks when repository emits new values (external change) [E]
  type 'Null' is not a subtype of type 'Future<double>'
  test\features\quran\presentation\blocs\reader_bookmark_decoupling_test.dart 29:7    MockQuranRepository.getTextScale
  package:fard/features/quran/presentation/blocs/reader_bloc.dart 47:47               new ReaderBloc.<fn>
  ===== asynchronous gap ===========================
  dart:async                                                                          _CustomZone.registerBinaryCallback
  package:bloc/src/bloc.dart 226:13                                                   Bloc.on.<fn>.handleEvent
  package:bloc/src/bloc.dart 237:9                                                    Bloc.on.<fn>
  ===== asynchronous gap ===========================
  dart:async                                                                          _ForwardingStream.listen
  package:bloc/src/bloc.dart 341:40                                                   _FlatMapStreamTransformer.bind.<fn>
  dart:async                                                                          _StreamImpl.listen
  package:bloc/src/bloc.dart 240:7                                                    Bloc.on
  package:fard/features/quran/presentation/blocs/reader_bloc.dart 40:5                new ReaderBloc
  test\features\quran\presentation\blocs\reader_bookmark_decoupling_test.dart 142:18  main.<fn>
  
  Expected: <1>
    Actual: <null>
  
  package:matcher                                                                     expect
  package:flutter_test/src/widget_tester.dart 473:18                                  expect
  test\features\quran\presentation\blocs\reader_bookmark_decoupling_test.dart 284:11  main.<fn>.<fn>.<fn>
  package:bloc_test/src/bloc_test.dart 228:21                                         testBloc.<fn>
  ===== asynchronous gap ===========================
  dart:async                                                                          _Completer.completeError
  package:bloc_test/src/bloc_test.dart 255:43                                         _runZonedGuarded.<fn>
  ===== asynchronous gap ===========================
  dart:async                                                                          _CustomZone.registerBinaryCallback
  package:bloc_test/src/bloc_test.dart 252:5                                          _runZonedGuarded.<fn>
  dart:async                                                                          runZonedGuarded
  package:bloc_test/src/bloc_test.dart 251:3                                          _runZonedGuarded
  package:bloc_test/src/bloc_test.dart 198:11                                         testBloc
  package:bloc_test/src/bloc_test.dart 156:13                                         blocTest.<fn>
  
+136 -8: C:/Users/NAGAR/IdeaProjects/fard-2/.worktrees/test-remediation/test/features/quran/presentation/widgets/ayah_icons_position_test.dart: Check visual order of Ayah Text, Marker and Green Symbols
Ayah Dx: 742.0
Marker Dx: 522.421875
LastRead Dx: 452.046875
Bookmark Dx: 395.546875
+139 -8: C:/Users/NAGAR/IdeaProjects/fard-2/.worktrees/test-remediation/test/features/quran/presentation/widgets/quran_dialog_flow_test.dart: Jump Dialog - Mark All Range Tracking jump from 100 to 6236: mark all creates segment 101-6236, total = 6136
≡ƒôû [WerdBloc] Jump dialog: Marking range 101-6236 as read
≡ƒôû Extended daily session: 96 ΓåÆ 6236
Γ£à Daily session updated - Total: 6141 ayahs
≡ƒôí [WerdBloc] State emitted - Segments: 1, Total: 5
+140 -8: C:/Users/NAGAR/IdeaProjects/fard-2/.worktrees/test-remediation/test/features/quran/presentation/widgets/quran_dialog_flow_test.dart: Jump Dialog - Mark All Range Tracking jump from 6100 to 6236: mark all creates segment 6101-6236, total = 186
≡ƒôû [WerdBloc] Jump dialog: Marking range 6101-6236 as read
≡ƒôû Extended daily session: 6051 ΓåÆ 6236
Γ£à Daily session updated - Total: 186 ayahs
≡ƒôí [WerdBloc] State emitted - Segments: 1, Total: 50
+142 -8: C:/Users/NAGAR/IdeaProjects/fard-2/.worktrees/test-remediation/test/features/quran/presentation/widgets/quran_dialog_flow_test.dart: Jump Dialog - Mark All Range Tracking jump from 1 to 6236: mark all creates segment 1-6236 (entire Quran)
≡ƒôû [WerdBloc] Jump dialog: Marking range 1-6236 as read
≡ƒôû Extended daily session: 1 ΓåÆ 6236
Γ£à Daily session updated - Total: 6236 ayahs
≡ƒôí [WerdBloc] State emitted - Segments: 1, Total: 0
+143 -8: C:/Users/NAGAR/IdeaProjects/fard-2/.worktrees/test-remediation/test/features/quran/presentation/widgets/quran_dialog_flow_test.dart: Jump Dialog - Mark All Range Tracking jump from 6000 to 6236: mark all adds 236 ayahs
≡ƒôû [WerdBloc] Jump dialog: Marking range 6001-6236 as read
≡ƒôû Extended daily session: 5951 ΓåÆ 6236
Γ£à Daily session updated - Total: 286 ayahs
≡ƒôí [WerdBloc] State emitted - Segments: 1, Total: 50
+145 -8: C:/Users/NAGAR/IdeaProjects/fard-2/.worktrees/test-remediation/test/features/quran/presentation/widgets/quran_dialog_flow_test.dart: Cycle Completion - State Updates after restart: lastReadAbsolute = 1, totalAmountReadToday = 0
≡ƒÆ╛ [Cycle Completion] Saved session to history: 2026-04-18 - 100 ayahs
Γ£à [Cycle Completion] Cycle completed: 1 total cycles
≡ƒôí [WerdBloc] State emitted - Segments: 1, Total: 100
+146 -8: C:/Users/NAGAR/IdeaProjects/fard-2/.worktrees/test-remediation/test/features/quran/presentation/widgets/quran_dialog_flow_test.dart: Cycle Completion - State Updates after stay: lastReadAbsolute = 6236, totalAmountReadToday = 0
≡ƒÆ╛ [Cycle Completion] Saved session to history: 2026-04-18 - 100 ayahs
Γ£à [Cycle Completion] Cycle completed: 1 total cycles
≡ƒôí [WerdBloc] State emitted - Segments: 1, Total: 100
+147 -8: C:/Users/NAGAR/IdeaProjects/fard-2/.worktrees/test-remediation/test/features/quran/presentation/widgets/quran_dialog_flow_test.dart: Cycle Completion - State Updates second cycle completion: completedCycles = 2
≡ƒÆ╛ [Cycle Completion] Saved session to history: 2026-04-18 - 100 ayahs
Γ£à [Cycle Completion] Cycle completed: 2 total cycles
≡ƒôí [WerdBloc] State emitted - Segments: 1, Total: 100
+148 -8: C:/Users/NAGAR/IdeaProjects/fard-2/.worktrees/test-remediation/test/features/quran/presentation/widgets/quran_dialog_flow_test.dart: Edge Cases - Boundary Conditions jump from 6185 to 6236 (51 ayah gap): mark all tracks 51 ayahs
≡ƒôû [WerdBloc] Jump dialog: Marking range 6186-6236 as read
≡ƒôû Extended daily session: 6136 ΓåÆ 6236
Γ£à Daily session updated - Total: 101 ayahs
≡ƒôí [WerdBloc] State emitted - Segments: 1, Total: 50
+160 -9: C:/Users/NAGAR/IdeaProjects/fard-2/.worktrees/test-remediation/test/features/settings/after_salah_azkar_test.dart: After-Salah Azkar Toggle toggling after-salah azkar updates all prayers [E]
  type 'Null' is not a subtype of type 'AudioQuality'
  test\features\settings\after_salah_azkar_test.dart 23:7                      MockSettingsRepository.audioQuality
  package:fard/features/settings/presentation/blocs/settings_cubit.dart 69:31  new SettingsCubit
  test\features\settings\after_salah_azkar_test.dart 145:13                    main.<fn>
  
+176 -9: C:/Users/NAGAR/IdeaProjects/fard-2/.worktrees/test-remediation/test/features/quran/presentation/widgets/quran_dialogs_test.dart: JumpDialog - UI Rendering shows exactly 3 option buttons
ΓòÉΓòÉΓòí EXCEPTION CAUGHT BY FLUTTER TEST FRAMEWORK Γò₧ΓòÉΓòÉΓòÉΓòÉΓòÉΓòÉΓòÉΓòÉΓòÉΓòÉΓòÉΓòÉΓòÉΓòÉΓòÉΓòÉΓòÉΓòÉΓòÉΓòÉΓòÉΓòÉΓòÉΓòÉΓòÉΓòÉΓòÉΓòÉΓòÉΓòÉΓòÉΓòÉΓòÉΓòÉΓòÉΓòÉΓòÉΓòÉΓòÉΓòÉΓòÉΓòÉΓòÉΓòÉΓòÉΓòÉΓòÉΓòÉΓòÉΓòÉΓòÉΓòÉ
The following TestFailure was thrown running a test:
Expected: exactly one matching candidate
  Actual: _TextWidgetFinder:<Found 0 widgets with text "Start new session": []>
   Which: means none were found but one was expected

When the exception was thrown, this was the stack:
#4      main.<anonymous closure>.<anonymous closure> (file:///C:/Users/NAGAR/IdeaProjects/fard-2/.worktrees/test-remediation/test/features/quran/presentation/widgets/quran_dialogs_test.dart:252:7)
<asynchronous suspension>
#5      testWidgets.<anonymous closure>.<anonymous closure> (package:flutter_test/src/widget_tester.dart:192:15)
<asynchronous suspension>
#6      TestWidgetsFlutterBinding._runTestBody (package:flutter_test/src/binding.dart:1682:5)
<asynchronous suspension>
<asynchronous suspension>
(elided one frame from package:stack_trace)

This was caught by the test expectation on the following line:
  file:///C:/Users/NAGAR/IdeaProjects/fard-2/.worktrees/test-remediation/test/features/quran/presentation/widgets/quran_dialogs_test.dart line 252
The test description was:
  shows exactly 3 option buttons
ΓòÉΓòÉΓòÉΓòÉΓòÉΓòÉΓòÉΓòÉΓòÉΓòÉΓòÉΓòÉΓòÉΓòÉΓòÉΓòÉΓòÉΓòÉΓòÉΓòÉΓòÉΓòÉΓòÉΓòÉΓòÉΓòÉΓòÉΓòÉΓòÉΓòÉΓòÉΓòÉΓòÉΓòÉΓòÉΓòÉΓòÉΓòÉΓòÉΓòÉΓòÉΓòÉΓòÉΓòÉΓòÉΓòÉΓòÉΓòÉΓòÉΓòÉΓòÉΓòÉΓòÉΓòÉΓòÉΓòÉΓòÉΓòÉΓòÉΓòÉΓòÉΓòÉΓòÉΓòÉΓòÉΓòÉΓòÉΓòÉΓòÉΓòÉΓòÉΓòÉΓòÉΓòÉΓòÉΓòÉΓòÉΓòÉΓòÉΓòÉΓòÉΓòÉΓòÉΓòÉΓòÉΓòÉΓòÉΓòÉΓòÉΓòÉΓòÉΓòÉΓòÉΓòÉΓòÉΓòÉΓòÉΓòÉΓòÉΓòÉ
+176 -10: C:/Users/NAGAR/IdeaProjects/fard-2/.worktrees/test-remediation/test/features/quran/presentation/widgets/quran_dialogs_test.dart: JumpDialog - UI Rendering shows exactly 3 option buttons [E]
  Test failed. See exception logs above.
  The test description was: shows exactly 3 option buttons
  
+225 -10: C:/Users/NAGAR/IdeaProjects/fard-2/.worktrees/test-remediation/test/features/quran/presentation/widgets/quran_dialogs_test.dart: JumpDialog - UI Rendering each option has icon, label, and description
ΓòÉΓòÉΓòí EXCEPTION CAUGHT BY FLUTTER TEST FRAMEWORK Γò₧ΓòÉΓòÉΓòÉΓòÉΓòÉΓòÉΓòÉΓòÉΓòÉΓòÉΓòÉΓòÉΓòÉΓòÉΓòÉΓòÉΓòÉΓòÉΓòÉΓòÉΓòÉΓòÉΓòÉΓòÉΓòÉΓòÉΓòÉΓòÉΓòÉΓòÉΓòÉΓòÉΓòÉΓòÉΓòÉΓòÉΓòÉΓòÉΓòÉΓòÉΓòÉΓòÉΓòÉΓòÉΓòÉΓòÉΓòÉΓòÉΓòÉΓòÉΓòÉΓòÉ
The following TestFailure was thrown running a test:
Expected: exactly one matching candidate
  Actual: _IconWidgetFinder:<Found 0 widgets with icon "IconData(U+0F742)": []>
   Which: means none were found but one was expected

When the exception was thrown, this was the stack:
#4      main.<anonymous closure>.<anonymous closure> (file:///C:/Users/NAGAR/IdeaProjects/fard-2/.worktrees/test-remediation/test/features/quran/presentation/widgets/quran_dialogs_test.dart:268:7)
<asynchronous suspension>
#5      testWidgets.<anonymous closure>.<anonymous closure> (package:flutter_test/src/widget_tester.dart:192:15)
<asynchronous suspension>
#6      TestWidgetsFlutterBinding._runTestBody (package:flutter_test/src/binding.dart:1682:5)
<asynchronous suspension>
<asynchronous suspension>
(elided one frame from package:stack_trace)

This was caught by the test expectation on the following line:
  file:///C:/Users/NAGAR/IdeaProjects/fard-2/.worktrees/test-remediation/test/features/quran/presentation/widgets/quran_dialogs_test.dart line 268
The test description was:
  each option has icon, label, and description
ΓòÉΓòÉΓòÉΓòÉΓòÉΓòÉΓòÉΓòÉΓòÉΓòÉΓòÉΓòÉΓòÉΓòÉΓòÉΓòÉΓòÉΓòÉΓòÉΓòÉΓòÉΓòÉΓòÉΓòÉΓòÉΓòÉΓòÉΓòÉΓòÉΓòÉΓòÉΓòÉΓòÉΓòÉΓòÉΓòÉΓòÉΓòÉΓòÉΓòÉΓòÉΓòÉΓòÉΓòÉΓòÉΓòÉΓòÉΓòÉΓòÉΓòÉΓòÉΓòÉΓòÉΓòÉΓòÉΓòÉΓòÉΓòÉΓòÉΓòÉΓòÉΓòÉΓòÉΓòÉΓòÉΓòÉΓòÉΓòÉΓòÉΓòÉΓòÉΓòÉΓòÉΓòÉΓòÉΓòÉΓòÉΓòÉΓòÉΓòÉΓòÉΓòÉΓòÉΓòÉΓòÉΓòÉΓòÉΓòÉΓòÉΓòÉΓòÉΓòÉΓòÉΓòÉΓòÉΓòÉΓòÉΓòÉΓòÉΓòÉ
+225 -11: C:/Users/NAGAR/IdeaProjects/fard-2/.worktrees/test-remediation/test/features/quran/presentation/widgets/quran_dialogs_test.dart: JumpDialog - UI Rendering each option has icon, label, and description [E]
  Test failed. See exception logs above.
  The test description was: each option has icon, label, and description
  
+250 -11: C:/Users/NAGAR/IdeaProjects/fard-2/.worktrees/test-remediation/test/features/quran/presentation/widgets/quran_dialogs_test.dart: JumpDialog - UI Rendering has forward arrow icons for navigation hint
ΓòÉΓòÉΓòí EXCEPTION CAUGHT BY FLUTTER TEST FRAMEWORK Γò₧ΓòÉΓòÉΓòÉΓòÉΓòÉΓòÉΓòÉΓòÉΓòÉΓòÉΓòÉΓòÉΓòÉΓòÉΓòÉΓòÉΓòÉΓòÉΓòÉΓòÉΓòÉΓòÉΓòÉΓòÉΓòÉΓòÉΓòÉΓòÉΓòÉΓòÉΓòÉΓòÉΓòÉΓòÉΓòÉΓòÉΓòÉΓòÉΓòÉΓòÉΓòÉΓòÉΓòÉΓòÉΓòÉΓòÉΓòÉΓòÉΓòÉΓòÉΓòÉΓòÉ
The following TestFailure was thrown running a test:
Expected: exactly 3 matching candidates
  Actual: _IconWidgetFinder:<Found 2 widgets with icon "IconData(U+0F579)": [
            Icon(IconData(U+0F579), size: 16.0, color: Color(alpha: 0.5000, red: 0.2980, green:
0.6863, blue: 0.3137, colorSpace: ColorSpace.sRGB), dependencies: [Directionality, IconTheme]),
            Icon(IconData(U+0F579), size: 16.0, color: Color(alpha: 0.5000, red: 1.0000, green:
1.0000, blue: 1.0000, colorSpace: ColorSpace.sRGB), dependencies: [Directionality, IconTheme]),
          ]>
   Which: is not enough

When the exception was thrown, this was the stack:
#4      main.<anonymous closure>.<anonymous closure> (file:///C:/Users/NAGAR/IdeaProjects/fard-2/.worktrees/test-remediation/test/features/quran/presentation/widgets/quran_dialogs_test.dart:347:7)
<asynchronous suspension>
#5      testWidgets.<anonymous closure>.<anonymous closure> (package:flutter_test/src/widget_tester.dart:192:15)
<asynchronous suspension>
#6      TestWidgetsFlutterBinding._runTestBody (package:flutter_test/src/binding.dart:1682:5)
<asynchronous suspension>
<asynchronous suspension>
(elided one frame from package:stack_trace)

This was caught by the test expectation on the following line:
  file:///C:/Users/NAGAR/IdeaProjects/fard-2/.worktrees/test-remediation/test/features/quran/presentation/widgets/quran_dialogs_test.dart line 347
The test description was:
  has forward arrow icons for navigation hint
ΓòÉΓòÉΓòÉΓòÉΓòÉΓòÉΓòÉΓòÉΓòÉΓòÉΓòÉΓòÉΓòÉΓòÉΓòÉΓòÉΓòÉΓòÉΓòÉΓòÉΓòÉΓòÉΓòÉΓòÉΓòÉΓòÉΓòÉΓòÉΓòÉΓòÉΓòÉΓòÉΓòÉΓòÉΓòÉΓòÉΓòÉΓòÉΓòÉΓòÉΓòÉΓòÉΓòÉΓòÉΓòÉΓòÉΓòÉΓòÉΓòÉΓòÉΓòÉΓòÉΓòÉΓòÉΓòÉΓòÉΓòÉΓòÉΓòÉΓòÉΓòÉΓòÉΓòÉΓòÉΓòÉΓòÉΓòÉΓòÉΓòÉΓòÉΓòÉΓòÉΓòÉΓòÉΓòÉΓòÉΓòÉΓòÉΓòÉΓòÉΓòÉΓòÉΓòÉΓòÉΓòÉΓòÉΓòÉΓòÉΓòÉΓòÉΓòÉΓòÉΓòÉΓòÉΓòÉΓòÉΓòÉΓòÉΓòÉΓòÉ
+250 -12: C:/Users/NAGAR/IdeaProjects/fard-2/.worktrees/test-remediation/test/features/quran/presentation/widgets/quran_dialogs_test.dart: JumpDialog - UI Rendering has forward arrow icons for navigation hint [E]
  Test failed. See exception logs above.
  The test description was: has forward arrow icons for navigation hint
  
+272 -12: C:/Users/NAGAR/IdeaProjects/fard-2/.worktrees/test-remediation/test/features/quran/presentation/widgets/quran_dialogs_test.dart: JumpDialog - User Interactions tapping "Start new session" closes dialog
ΓòÉΓòÉΓòí EXCEPTION CAUGHT BY FLUTTER TEST FRAMEWORK Γò₧ΓòÉΓòÉΓòÉΓòÉΓòÉΓòÉΓòÉΓòÉΓòÉΓòÉΓòÉΓòÉΓòÉΓòÉΓòÉΓòÉΓòÉΓòÉΓòÉΓòÉΓòÉΓòÉΓòÉΓòÉΓòÉΓòÉΓòÉΓòÉΓòÉΓòÉΓòÉΓòÉΓòÉΓòÉΓòÉΓòÉΓòÉΓòÉΓòÉΓòÉΓòÉΓòÉΓòÉΓòÉΓòÉΓòÉΓòÉΓòÉΓòÉΓòÉΓòÉΓòÉ
The following assertion was thrown running a test:
The finder "Found 0 widgets with text "Start new session": []" (used in a call to "tap()") could not
find any matching widgets.

When the exception was thrown, this was the stack:
#0      WidgetController._getElementPoint (package:flutter_test/src/controller.dart:2090:7)
#1      WidgetController.getCenter (package:flutter_test/src/controller.dart:1942:12)
#2      WidgetController.tap (package:flutter_test/src/controller.dart:1075:7)
#3      main.<anonymous closure>.<anonymous closure> (file:///C:/Users/NAGAR/IdeaProjects/fard-2/.worktrees/test-remediation/test/features/quran/presentation/widgets/quran_dialogs_test.dart:385:20)
<asynchronous suspension>
#4      testWidgets.<anonymous closure>.<anonymous closure> (package:flutter_test/src/widget_tester.dart:192:15)
<asynchronous suspension>
#5      TestWidgetsFlutterBinding._runTestBody (package:flutter_test/src/binding.dart:1682:5)
<asynchronous suspension>
<asynchronous suspension>
(elided one frame from package:stack_trace)

The test description was:
  tapping "Start new session" closes dialog
ΓòÉΓòÉΓòÉΓòÉΓòÉΓòÉΓòÉΓòÉΓòÉΓòÉΓòÉΓòÉΓòÉΓòÉΓòÉΓòÉΓòÉΓòÉΓòÉΓòÉΓòÉΓòÉΓòÉΓòÉΓòÉΓòÉΓòÉΓòÉΓòÉΓòÉΓòÉΓòÉΓòÉΓòÉΓòÉΓòÉΓòÉΓòÉΓòÉΓòÉΓòÉΓòÉΓòÉΓòÉΓòÉΓòÉΓòÉΓòÉΓòÉΓòÉΓòÉΓòÉΓòÉΓòÉΓòÉΓòÉΓòÉΓòÉΓòÉΓòÉΓòÉΓòÉΓòÉΓòÉΓòÉΓòÉΓòÉΓòÉΓòÉΓòÉΓòÉΓòÉΓòÉΓòÉΓòÉΓòÉΓòÉΓòÉΓòÉΓòÉΓòÉΓòÉΓòÉΓòÉΓòÉΓòÉΓòÉΓòÉΓòÉΓòÉΓòÉΓòÉΓòÉΓòÉΓòÉΓòÉΓòÉΓòÉΓòÉΓòÉ
+272 -13: C:/Users/NAGAR/IdeaProjects/fard-2/.worktrees/test-remediation/test/features/quran/presentation/widgets/quran_dialogs_test.dart: JumpDialog - User Interactions tapping "Start new session" closes dialog [E]
  Test failed. See exception logs above.
  The test description was: tapping "Start new session" closes dialog
  
+278 -13: C:/Users/NAGAR/IdeaProjects/fard-2/.worktrees/test-remediation/test/features/quran/presentation/widgets/quran_dialogs_test.dart: JumpDialog - Arabic Localization shows Arabic option labels
ΓòÉΓòÉΓòí EXCEPTION CAUGHT BY FLUTTER TEST FRAMEWORK Γò₧ΓòÉΓòÉΓòÉΓòÉΓòÉΓòÉΓòÉΓòÉΓòÉΓòÉΓòÉΓòÉΓòÉΓòÉΓòÉΓòÉΓòÉΓòÉΓòÉΓòÉΓòÉΓòÉΓòÉΓòÉΓòÉΓòÉΓòÉΓòÉΓòÉΓòÉΓòÉΓòÉΓòÉΓòÉΓòÉΓòÉΓòÉΓòÉΓòÉΓòÉΓòÉΓòÉΓòÉΓòÉΓòÉΓòÉΓòÉΓòÉΓòÉΓòÉΓòÉΓòÉ
The following TestFailure was thrown running a test:
Expected: exactly one matching candidate
  Actual: _TextWidgetFinder:<Found 0 widgets with text "╪º╪¿╪»╪ú ╪¼┘ä╪│╪⌐ ╪¼╪»┘è╪»╪⌐": []>
   Which: means none were found but one was expected

When the exception was thrown, this was the stack:
#4      main.<anonymous closure>.<anonymous closure> (file:///C:/Users/NAGAR/IdeaProjects/fard-2/.worktrees/test-remediation/test/features/quran/presentation/widgets/quran_dialogs_test.dart:487:7)
<asynchronous suspension>
#5      testWidgets.<anonymous closure>.<anonymous closure> (package:flutter_test/src/widget_tester.dart:192:15)
<asynchronous suspension>
#6      TestWidgetsFlutterBinding._runTestBody (package:flutter_test/src/binding.dart:1682:5)
<asynchronous suspension>
<asynchronous suspension>
(elided one frame from package:stack_trace)

This was caught by the test expectation on the following line:
  file:///C:/Users/NAGAR/IdeaProjects/fard-2/.worktrees/test-remediation/test/features/quran/presentation/widgets/quran_dialogs_test.dart line 487
The test description was:
  shows Arabic option labels
ΓòÉΓòÉΓòÉΓòÉΓòÉΓòÉΓòÉΓòÉΓòÉΓòÉΓòÉΓòÉΓòÉΓòÉΓòÉΓòÉΓòÉΓòÉΓòÉΓòÉΓòÉΓòÉΓòÉΓòÉΓòÉΓòÉΓòÉΓòÉΓòÉΓòÉΓòÉΓòÉΓòÉΓòÉΓòÉΓòÉΓòÉΓòÉΓòÉΓòÉΓòÉΓòÉΓòÉΓòÉΓòÉΓòÉΓòÉΓòÉΓòÉΓòÉΓòÉΓòÉΓòÉΓòÉΓòÉΓòÉΓòÉΓòÉΓòÉΓòÉΓòÉΓòÉΓòÉΓòÉΓòÉΓòÉΓòÉΓòÉΓòÉΓòÉΓòÉΓòÉΓòÉΓòÉΓòÉΓòÉΓòÉΓòÉΓòÉΓòÉΓòÉΓòÉΓòÉΓòÉΓòÉΓòÉΓòÉΓòÉΓòÉΓòÉΓòÉΓòÉΓòÉΓòÉΓòÉΓòÉΓòÉΓòÉΓòÉΓòÉ
+278 -14: C:/Users/NAGAR/IdeaProjects/fard-2/.worktrees/test-remediation/test/features/quran/presentation/widgets/quran_dialogs_test.dart: JumpDialog - Arabic Localization shows Arabic option labels [E]
  Test failed. See exception logs above.
  The test description was: shows Arabic option labels
  
+283 -15: C:/Users/NAGAR/IdeaProjects/fard-2/.worktrees/test-remediation/test/features/settings/widget_sync_integration_test.dart: Widget Sync Integration Changing Madhab triggers widget update [E]
  type 'Null' is not a subtype of type 'AudioQuality'
  test\features\settings\widget_sync_integration_test.dart 27:7                MockSettingsRepository.audioQuality
  package:fard/features/settings/presentation/blocs/settings_cubit.dart 69:31  new SettingsCubit
  test\features\settings\widget_sync_integration_test.dart 207:13              main.<fn>
  
+283 -16: C:/Users/NAGAR/IdeaProjects/fard-2/.worktrees/test-remediation/test/features/settings/widget_sync_integration_test.dart: Widget Sync Integration Changing Calculation Method triggers widget update [E]
  type 'Null' is not a subtype of type 'AudioQuality'
  test\features\settings\widget_sync_integration_test.dart 27:7                MockSettingsRepository.audioQuality
  package:fard/features/settings/presentation/blocs/settings_cubit.dart 69:31  new SettingsCubit
  test\features\settings\widget_sync_integration_test.dart 207:13              main.<fn>
  
+283 -17: C:/Users/NAGAR/IdeaProjects/fard-2/.worktrees/test-remediation/test/features/settings/widget_sync_integration_test.dart: Widget Sync Integration Changing Hijri Adjustment triggers widget update [E]
  type 'Null' is not a subtype of type 'AudioQuality'
  test\features\settings\widget_sync_integration_test.dart 27:7                MockSettingsRepository.audioQuality
  package:fard/features/settings/presentation/blocs/settings_cubit.dart 69:31  new SettingsCubit
  test\features\settings\widget_sync_integration_test.dart 207:13              main.<fn>
  
+283 -18: C:/Users/NAGAR/IdeaProjects/fard-2/.worktrees/test-remediation/test/features/settings/widget_sync_integration_test.dart: Widget Sync Integration Manual refresh triggers widget update [E]
  type 'Null' is not a subtype of type 'AudioQuality'
  test\features\settings\widget_sync_integration_test.dart 27:7                MockSettingsRepository.audioQuality
  package:fard/features/settings/presentation/blocs/settings_cubit.dart 69:31  new SettingsCubit
  test\features\settings\widget_sync_integration_test.dart 207:13              main.<fn>
  
+283 -18: C:/Users/NAGAR/IdeaProjects/fard-2/.worktrees/test-remediation/test/features/settings/widget_preview_widget_test.dart: WidgetPreview widget tests Basic rendering renders with default theme without errors
ΓòÉΓòÉΓòí EXCEPTION CAUGHT BY WIDGETS LIBRARY Γò₧ΓòÉΓòÉΓòÉΓòÉΓòÉΓòÉΓòÉΓòÉΓòÉΓòÉΓòÉΓòÉΓòÉΓòÉΓòÉΓòÉΓòÉΓòÉΓòÉΓòÉΓòÉΓòÉΓòÉΓòÉΓòÉΓòÉΓòÉΓòÉΓòÉΓòÉΓòÉΓòÉΓòÉΓòÉΓòÉΓòÉΓòÉΓòÉΓòÉΓòÉΓòÉΓòÉΓòÉΓòÉΓòÉΓòÉΓòÉΓòÉΓòÉΓòÉΓòÉΓòÉΓòÉΓòÉΓòÉΓòÉΓòÉΓòÉΓòÉ
The following _TypeError was thrown building WidgetPreview(dirty, dependencies:
[_LocalizationsScope-[GlobalKey#f2df6]]):
Null check operator used on a null value

The relevant error-causing widget was:
  WidgetPreview
  WidgetPreview:file:///C:/Users/NAGAR/IdeaProjects/fard-2/.worktrees/test-remediation/test/features/settings/widget_preview_widget_test.dart:13:21

When the exception was thrown, this was the stack:
#0      WidgetPreview.build (package:fard/features/settings/presentation/widgets/widget_preview.dart:22:46)
#1      StatelessElement.build (package:flutter/src/widgets/framework.dart:5889:49)
#2      ComponentElement.performRebuild (package:flutter/src/widgets/framework.dart:5817:15)
#3      Element.rebuild (package:flutter/src/widgets/framework.dart:5529:7)
#4      ComponentElement._firstBuild (package:flutter/src/widgets/framework.dart:5799:5)
#5      ComponentElement.mount (package:flutter/src/widgets/framework.dart:5793:5)
...     Normal element mounting (25 frames)
#30     Element.inflateWidget (package:flutter/src/widgets/framework.dart:4587:20)
#31     MultiChildRenderObjectElement.inflateWidget (package:flutter/src/widgets/framework.dart:7264:36)
#32     MultiChildRenderObjectElement.mount (package:flutter/src/widgets/framework.dart:7279:32)
...     Normal element mounting (364 frames)
#396    Element.inflateWidget (package:flutter/src/widgets/framework.dart:4587:20)
#397    MultiChildRenderObjectElement.inflateWidget (package:flutter/src/widgets/framework.dart:7264:36)
#398    MultiChildRenderObjectElement.mount (package:flutter/src/widgets/framework.dart:7279:32)
...     Normal element mounting (467 frames)
#865    Element.inflateWidget (package:flutter/src/widgets/framework.dart:4587:20)
#866    Element.updateChild (package:flutter/src/widgets/framework.dart:4053:20)
#867    ComponentElement.performRebuild (package:flutter/src/widgets/framework.dart:5841:16)
#868    Element.rebuild (package:flutter/src/widgets/framework.dart:5529:7)
#869    ProxyElement.update (package:flutter/src/widgets/framework.dart:6149:5)
#870    _InheritedNotifierElement.update (package:flutter/src/widgets/inherited_notifier.dart:108:11)
#871    Element.updateChild (package:flutter/src/widgets/framework.dart:4037:15)
#872    ComponentElement.performRebuild (package:flutter/src/widgets/framework.dart:5841:16)
#873    StatefulElement.performRebuild (package:flutter/src/widgets/framework.dart:5982:11)
#874    Element.rebuild (package:flutter/src/widgets/framework.dart:5529:7)
#875    StatefulElement.update (package:flutter/src/widgets/framework.dart:6007:5)
#876    Element.updateChild (package:flutter/src/widgets/framework.dart:4037:15)
#877    ComponentElement.performRebuild (package:flutter/src/widgets/framework.dart:5841:16)
#878    Element.rebuild (package:flutter/src/widgets/framework.dart:5529:7)
#879    ProxyElement.update (package:flutter/src/widgets/framework.dart:6149:5)
#880    _InheritedNotifierElement.update (package:flutter/src/widgets/inherited_notifier.dart:108:11)
#881    Element.updateChild (package:flutter/src/widgets/framework.dart:4037:15)
#882    ComponentElement.performRebuild (package:flutter/src/widgets/framework.dart:5841:16)
#883    StatefulElement.performRebuild (package:flutter/src/widgets/framework.dart:5982:11)
#884    Element.rebuild (package:flutter/src/widgets/framework.dart:5529:7)
#885    StatefulElement.update (package:flutter/src/widgets/framework.dart:6007:5)
#886    Element.updateChild (package:flutter/src/widgets/framework.dart:4037:15)
#887    ComponentElement.performRebuild (package:flutter/src/widgets/framework.dart:5841:16)
#888    StatefulElement.performRebuild (package:flutter/src/widgets/framework.dart:5982:11)
#889    Element.rebuild (package:flutter/src/widgets/framework.dart:5529:7)
#890    StatefulElement.update (package:flutter/src/widgets/framework.dart:6007:5)
#891    Element.updateChild (package:flutter/src/widgets/framework.dart:4037:15)
#892    ComponentElement.performRebuild (package:flutter/src/widgets/framework.dart:5841:16)
#893    Element.rebuild (package:flutter/src/widgets/framework.dart:5529:7)
#894    ProxyElement.update (package:flutter/src/widgets/framework.dart:6149:5)
#895    Element.updateChild (package:flutter/src/widgets/framework.dart:4037:15)
#896    ComponentElement.performRebuild (package:flutter/src/widgets/framework.dart:5841:16)
#897    StatefulElement.performRebuild (package:flutter/src/widgets/framework.dart:5982:11)
#898    Element.rebuild (package:flutter/src/widgets/framework.dart:5529:7)
#899    StatefulElement.update (package:flutter/src/widgets/framework.dart:6007:5)
#900    Element.updateChild (package:flutter/src/widgets/framework.dart:4037:15)
#901    ComponentElement.performRebuild (package:flutter/src/widgets/framework.dart:5841:16)
#902    Element.rebuild (package:flutter/src/widgets/framework.dart:5529:7)
#903    ProxyElement.update (package:flutter/src/widgets/framework.dart:6149:5)
#904    Element.updateChild (package:flutter/src/widgets/framework.dart:4037:15)
#905    ComponentElement.performRebuild (package:flutter/src/widgets/framework.dart:5841:16)
#906    Element.rebuild (package:flutter/src/widgets/framework.dart:5529:7)
#907    ProxyElement.update (package:flutter/src/widgets/framework.dart:6149:5)
#908    Element.updateChild (package:flutter/src/widgets/framework.dart:4037:15)
#909    _RawViewElement._updateChild (package:flutter/src/widgets/view.dart:481:16)
#910    _RawViewElement.update (package:flutter/src/widgets/view.dart:568:5)
#911    Element.updateChild (package:flutter/src/widgets/framework.dart:4037:15)
#912    ComponentElement.performRebuild (package:flutter/src/widgets/framework.dart:5841:16)
#913    Element.rebuild (package:flutter/src/widgets/framework.dart:5529:7)
#914    StatelessElement.update (package:flutter/src/widgets/framework.dart:5895:5)
#915    Element.updateChild (package:flutter/src/widgets/framework.dart:4037:15)
#916    ComponentElement.performRebuild (package:flutter/src/widgets/framework.dart:5841:16)
#917    StatefulElement.performRebuild (package:flutter/src/widgets/framework.dart:5982:11)
#918    Element.rebuild (package:flutter/src/widgets/framework.dart:5529:7)
#919    StatefulElement.update (package:flutter/src/widgets/framework.dart:6007:5)
#920    Element.updateChild (package:flutter/src/widgets/framework.dart:4037:15)
#921    RootElement._rebuild (package:flutter/src/widgets/binding.dart:1822:16)
#922    RootElement.update (package:flutter/src/widgets/binding.dart:1800:5)
#923    RootElement.performRebuild (package:flutter/src/widgets/binding.dart:1814:7)
#924    Element.rebuild (package:flutter/src/widgets/framework.dart:5529:7)
#925    BuildScope._tryRebuild (package:flutter/src/widgets/framework.dart:2750:15)
#926    BuildScope._flushDirtyElements (package:flutter/src/widgets/framework.dart:2807:11)
#927    BuildOwner.buildScope (package:flutter/src/widgets/framework.dart:3111:18)
#928    AutomatedTestWidgetsFlutterBinding.drawFrame (package:flutter_test/src/binding.dart:2131:19)
#929    RendererBinding._handlePersistentFrameCallback (package:flutter/src/rendering/binding.dart:495:5)
#930    SchedulerBinding._invokeFrameCallback (package:flutter/src/scheduler/binding.dart:1430:15)
#931    SchedulerBinding.handleDrawFrame (package:flutter/src/scheduler/binding.dart:1345:9)
#932    AutomatedTestWidgetsFlutterBinding.pump.<anonymous closure> (package:flutter_test/src/binding.dart:1960:9)
#935    TestAsyncUtils.guard (package:flutter_test/src/test_async_utils.dart:74:41)
#936    AutomatedTestWidgetsFlutterBinding.pump (package:flutter_test/src/binding.dart:1949:27)
#937    WidgetTester.pumpWidget.<anonymous closure> (package:flutter_test/src/widget_tester.dart:598:22)
#940    TestAsyncUtils.guard (package:flutter_test/src/test_async_utils.dart:74:41)
#941    WidgetTester.pumpWidget (package:flutter_test/src/widget_tester.dart:595:27)
#942    main.<anonymous closure>.<anonymous closure>.<anonymous closure> (file:///C:/Users/NAGAR/IdeaProjects/fard-2/.worktrees/test-remediation/test/features/settings/widget_preview_widget_test.dart:10:22)
#943    testWidgets.<anonymous closure>.<anonymous closure> (package:flutter_test/src/widget_tester.dart:192:29)
<asynchronous suspension>
#944    TestWidgetsFlutterBinding._runTestBody (package:flutter_test/src/binding.dart:1682:5)
<asynchronous suspension>
<asynchronous suspension>
(elided 5 frames from dart:async and package:stack_trace)

ΓòÉΓòÉΓòÉΓòÉΓòÉΓòÉΓòÉΓòÉΓòÉΓòÉΓòÉΓòÉΓòÉΓòÉΓòÉΓòÉΓòÉΓòÉΓòÉΓòÉΓòÉΓòÉΓòÉΓòÉΓòÉΓòÉΓòÉΓòÉΓòÉΓòÉΓòÉΓòÉΓòÉΓòÉΓòÉΓòÉΓòÉΓòÉΓòÉΓòÉΓòÉΓòÉΓòÉΓòÉΓòÉΓòÉΓòÉΓòÉΓòÉΓòÉΓòÉΓòÉΓòÉΓòÉΓòÉΓòÉΓòÉΓòÉΓòÉΓòÉΓòÉΓòÉΓòÉΓòÉΓòÉΓòÉΓòÉΓòÉΓòÉΓòÉΓòÉΓòÉΓòÉΓòÉΓòÉΓòÉΓòÉΓòÉΓòÉΓòÉΓòÉΓòÉΓòÉΓòÉΓòÉΓòÉΓòÉΓòÉΓòÉΓòÉΓòÉΓòÉΓòÉΓòÉΓòÉΓòÉΓòÉΓòÉΓòÉΓòÉ
ΓòÉΓòÉΓòí EXCEPTION CAUGHT BY FLUTTER TEST FRAMEWORK Γò₧ΓòÉΓòÉΓòÉΓòÉΓòÉΓòÉΓòÉΓòÉΓòÉΓòÉΓòÉΓòÉΓòÉΓòÉΓòÉΓòÉΓòÉΓòÉΓòÉΓòÉΓòÉΓòÉΓòÉΓòÉΓòÉΓòÉΓòÉΓòÉΓòÉΓòÉΓòÉΓòÉΓòÉΓòÉΓòÉΓòÉΓòÉΓòÉΓòÉΓòÉΓòÉΓòÉΓòÉΓòÉΓòÉΓòÉΓòÉΓòÉΓòÉΓòÉΓòÉΓòÉ
The following TestFailure was thrown running a test:
Expected: at least one matching candidate
  Actual: _TypeWidgetFinder:<Found 0 widgets with type "Container": []>
   Which: means none were found but some were expected

When the exception was thrown, this was the stack:
#4      main.<anonymous closure>.<anonymous closure>.<anonymous closure> (file:///C:/Users/NAGAR/IdeaProjects/fard-2/.worktrees/test-remediation/test/features/settings/widget_preview_widget_test.dart:21:9)
<asynchronous suspension>
#5      testWidgets.<anonymous closure>.<anonymous closure> (package:flutter_test/src/widget_tester.dart:192:15)
<asynchronous suspension>
#6      TestWidgetsFlutterBinding._runTestBody (package:flutter_test/src/binding.dart:1682:5)
<asynchronous suspension>
<asynchronous suspension>
(elided one frame from package:stack_trace)

This was caught by the test expectation on the following line:
  file:///C:/Users/NAGAR/IdeaProjects/fard-2/.worktrees/test-remediation/test/features/settings/widget_preview_widget_test.dart line 21
The test description was:
  renders with default theme without errors
ΓòÉΓòÉΓòÉΓòÉΓòÉΓòÉΓòÉΓòÉΓòÉΓòÉΓòÉΓòÉΓòÉΓòÉΓòÉΓòÉΓòÉΓòÉΓòÉΓòÉΓòÉΓòÉΓòÉΓòÉΓòÉΓòÉΓòÉΓòÉΓòÉΓòÉΓòÉΓòÉΓòÉΓòÉΓòÉΓòÉΓòÉΓòÉΓòÉΓòÉΓòÉΓòÉΓòÉΓòÉΓòÉΓòÉΓòÉΓòÉΓòÉΓòÉΓòÉΓòÉΓòÉΓòÉΓòÉΓòÉΓòÉΓòÉΓòÉΓòÉΓòÉΓòÉΓòÉΓòÉΓòÉΓòÉΓòÉΓòÉΓòÉΓòÉΓòÉΓòÉΓòÉΓòÉΓòÉΓòÉΓòÉΓòÉΓòÉΓòÉΓòÉΓòÉΓòÉΓòÉΓòÉΓòÉΓòÉΓòÉΓòÉΓòÉΓòÉΓòÉΓòÉΓòÉΓòÉΓòÉΓòÉΓòÉΓòÉΓòÉ
ΓòÉΓòÉΓòí EXCEPTION CAUGHT BY FLUTTER TEST FRAMEWORK Γò₧ΓòÉΓòÉΓòÉΓòÉΓòÉΓòÉΓòÉΓòÉΓòÉΓòÉΓòÉΓòÉΓòÉΓòÉΓòÉΓòÉΓòÉΓòÉΓòÉΓòÉΓòÉΓòÉΓòÉΓòÉΓòÉΓòÉΓòÉΓòÉΓòÉΓòÉΓòÉΓòÉΓòÉΓòÉΓòÉΓòÉΓòÉΓòÉΓòÉΓòÉΓòÉΓòÉΓòÉΓòÉΓòÉΓòÉΓòÉΓòÉΓòÉΓòÉΓòÉΓòÉ
The following message was thrown:
Multiple exceptions (2) were detected during the running of the current test, and at least one was
unexpected.
ΓòÉΓòÉΓòÉΓòÉΓòÉΓòÉΓòÉΓòÉΓòÉΓòÉΓòÉΓòÉΓòÉΓòÉΓòÉΓòÉΓòÉΓòÉΓòÉΓòÉΓòÉΓòÉΓòÉΓòÉΓòÉΓòÉΓòÉΓòÉΓòÉΓòÉΓòÉΓòÉΓòÉΓòÉΓòÉΓòÉΓòÉΓòÉΓòÉΓòÉΓòÉΓòÉΓòÉΓòÉΓòÉΓòÉΓòÉΓòÉΓòÉΓòÉΓòÉΓòÉΓòÉΓòÉΓòÉΓòÉΓòÉΓòÉΓòÉΓòÉΓòÉΓòÉΓòÉΓòÉΓòÉΓòÉΓòÉΓòÉΓòÉΓòÉΓòÉΓòÉΓòÉΓòÉΓòÉΓòÉΓòÉΓòÉΓòÉΓòÉΓòÉΓòÉΓòÉΓòÉΓòÉΓòÉΓòÉΓòÉΓòÉΓòÉΓòÉΓòÉΓòÉΓòÉΓòÉΓòÉΓòÉΓòÉΓòÉΓòÉ
+283 -19: C:/Users/NAGAR/IdeaProjects/fard-2/.worktrees/test-remediation/test/features/settings/widget_preview_widget_test.dart: WidgetPreview widget tests Basic rendering renders with default theme without errors [E]
  Test failed. See exception logs above.
  The test description was: renders with default theme without errors
  
+291 -19: C:/Users/NAGAR/IdeaProjects/fard-2/.worktrees/test-remediation/test/features/settings/widget_preview_widget_test.dart: WidgetPreview widget tests Basic rendering renders prayer schedule layout by default
ΓòÉΓòÉΓòí EXCEPTION CAUGHT BY WIDGETS LIBRARY Γò₧ΓòÉΓòÉΓòÉΓòÉΓòÉΓòÉΓòÉΓòÉΓòÉΓòÉΓòÉΓòÉΓòÉΓòÉΓòÉΓòÉΓòÉΓòÉΓòÉΓòÉΓòÉΓòÉΓòÉΓòÉΓòÉΓòÉΓòÉΓòÉΓòÉΓòÉΓòÉΓòÉΓòÉΓòÉΓòÉΓòÉΓòÉΓòÉΓòÉΓòÉΓòÉΓòÉΓòÉΓòÉΓòÉΓòÉΓòÉΓòÉΓòÉΓòÉΓòÉΓòÉΓòÉΓòÉΓòÉΓòÉΓòÉΓòÉΓòÉ
The following _TypeError was thrown building WidgetPreview(dirty, dependencies:
[_LocalizationsScope-[GlobalKey#80fb8]]):
Null check operator used on a null value

The relevant error-causing widget was:
  WidgetPreview
  WidgetPreview:file:///C:/Users/NAGAR/IdeaProjects/fard-2/.worktrees/test-remediation/test/features/settings/widget_preview_widget_test.dart:28:21

When the exception was thrown, this was the stack:
#0      WidgetPreview.build (package:fard/features/settings/presentation/widgets/widget_preview.dart:22:46)
#1      StatelessElement.build (package:flutter/src/widgets/framework.dart:5889:49)
#2      ComponentElement.performRebuild (package:flutter/src/widgets/framework.dart:5817:15)
#3      Element.rebuild (package:flutter/src/widgets/framework.dart:5529:7)
#4      ComponentElement._firstBuild (package:flutter/src/widgets/framework.dart:5799:5)
#5      ComponentElement.mount (package:flutter/src/widgets/framework.dart:5793:5)
...     Normal element mounting (25 frames)
#30     Element.inflateWidget (package:flutter/src/widgets/framework.dart:4587:20)
#31     MultiChildRenderObjectElement.inflateWidget (package:flutter/src/widgets/framework.dart:7264:36)
#32     MultiChildRenderObjectElement.mount (package:flutter/src/widgets/framework.dart:7279:32)
...     Normal element mounting (364 frames)
#396    Element.inflateWidget (package:flutter/src/widgets/framework.dart:4587:20)
#397    MultiChildRenderObjectElement.inflateWidget (package:flutter/src/widgets/framework.dart:7264:36)
#398    MultiChildRenderObjectElement.mount (package:flutter/src/widgets/framework.dart:7279:32)
...     Normal element mounting (467 frames)
#865    Element.inflateWidget (package:flutter/src/widgets/framework.dart:4587:20)
#866    Element.updateChild (package:flutter/src/widgets/framework.dart:4053:20)
#867    ComponentElement.performRebuild (package:flutter/src/widgets/framework.dart:5841:16)
#868    Element.rebuild (package:flutter/src/widgets/framework.dart:5529:7)
#869    ProxyElement.update (package:flutter/src/widgets/framework.dart:6149:5)
#870    _InheritedNotifierElement.update (package:flutter/src/widgets/inherited_notifier.dart:108:11)
#871    Element.updateChild (package:flutter/src/widgets/framework.dart:4037:15)
#872    ComponentElement.performRebuild (package:flutter/src/widgets/framework.dart:5841:16)
#873    StatefulElement.performRebuild (package:flutter/src/widgets/framework.dart:5982:11)
#874    Element.rebuild (package:flutter/src/widgets/framework.dart:5529:7)
#875    StatefulElement.update (package:flutter/src/widgets/framework.dart:6007:5)
#876    Element.updateChild (package:flutter/src/widgets/framework.dart:4037:15)
#877    ComponentElement.performRebuild (package:flutter/src/widgets/framework.dart:5841:16)
#878    Element.rebuild (package:flutter/src/widgets/framework.dart:5529:7)
#879    ProxyElement.update (package:flutter/src/widgets/framework.dart:6149:5)
#880    _InheritedNotifierElement.update (package:flutter/src/widgets/inherited_notifier.dart:108:11)
#881    Element.updateChild (package:flutter/src/widgets/framework.dart:4037:15)
#882    ComponentElement.performRebuild (package:flutter/src/widgets/framework.dart:5841:16)
#883    StatefulElement.performRebuild (package:flutter/src/widgets/framework.dart:5982:11)
#884    Element.rebuild (package:flutter/src/widgets/framework.dart:5529:7)
#885    StatefulElement.update (package:flutter/src/widgets/framework.dart:6007:5)
#886    Element.updateChild (package:flutter/src/widgets/framework.dart:4037:15)
#887    ComponentElement.performRebuild (package:flutter/src/widgets/framework.dart:5841:16)
#888    StatefulElement.performRebuild (package:flutter/src/widgets/framework.dart:5982:11)
#889    Element.rebuild (package:flutter/src/widgets/framework.dart:5529:7)
#890    StatefulElement.update (package:flutter/src/widgets/framework.dart:6007:5)
#891    Element.updateChild (package:flutter/src/widgets/framework.dart:4037:15)
#892    ComponentElement.performRebuild (package:flutter/src/widgets/framework.dart:5841:16)
#893    Element.rebuild (package:flutter/src/widgets/framework.dart:5529:7)
#894    ProxyElement.update (package:flutter/src/widgets/framework.dart:6149:5)
#895    Element.updateChild (package:flutter/src/widgets/framework.dart:4037:15)
#896    ComponentElement.performRebuild (package:flutter/src/widgets/framework.dart:5841:16)
#897    StatefulElement.performRebuild (package:flutter/src/widgets/framework.dart:5982:11)
#898    Element.rebuild (package:flutter/src/widgets/framework.dart:5529:7)
#899    StatefulElement.update (package:flutter/src/widgets/framework.dart:6007:5)
#900    Element.updateChild (package:flutter/src/widgets/framework.dart:4037:15)
#901    ComponentElement.performRebuild (package:flutter/src/widgets/framework.dart:5841:16)
#902    Element.rebuild (package:flutter/src/widgets/framework.dart:5529:7)
#903    ProxyElement.update (package:flutter/src/widgets/framework.dart:6149:5)
#904    Element.updateChild (package:flutter/src/widgets/framework.dart:4037:15)
#905    ComponentElement.performRebuild (package:flutter/src/widgets/framework.dart:5841:16)
#906    Element.rebuild (package:flutter/src/widgets/framework.dart:5529:7)
#907    ProxyElement.update (package:flutter/src/widgets/framework.dart:6149:5)
#908    Element.updateChild (package:flutter/src/widgets/framework.dart:4037:15)
#909    _RawViewElement._updateChild (package:flutter/src/widgets/view.dart:481:16)
#910    _RawViewElement.update (package:flutter/src/widgets/view.dart:568:5)
#911    Element.updateChild (package:flutter/src/widgets/framework.dart:4037:15)
#912    ComponentElement.performRebuild (package:flutter/src/widgets/framework.dart:5841:16)
#913    Element.rebuild (package:flutter/src/widgets/framework.dart:5529:7)
#914    StatelessElement.update (package:flutter/src/widgets/framework.dart:5895:5)
#915    Element.updateChild (package:flutter/src/widgets/framework.dart:4037:15)
#916    ComponentElement.performRebuild (package:flutter/src/widgets/framework.dart:5841:16)
#917    StatefulElement.performRebuild (package:flutter/src/widgets/framework.dart:5982:11)
#918    Element.rebuild (package:flutter/src/widgets/framework.dart:5529:7)
#919    StatefulElement.update (package:flutter/src/widgets/framework.dart:6007:5)
#920    Element.updateChild (package:flutter/src/widgets/framework.dart:4037:15)
#921    RootElement._rebuild (package:flutter/src/widgets/binding.dart:1822:16)
#922    RootElement.update (package:flutter/src/widgets/binding.dart:1800:5)
#923    RootElement.performRebuild (package:flutter/src/widgets/binding.dart:1814:7)
#924    Element.rebuild (package:flutter/src/widgets/framework.dart:5529:7)
#925    BuildScope._tryRebuild (package:flutter/src/widgets/framework.dart:2750:15)
#926    BuildScope._flushDirtyElements (package:flutter/src/widgets/framework.dart:2807:11)
#927    BuildOwner.buildScope (package:flutter/src/widgets/framework.dart:3111:18)
#928    AutomatedTestWidgetsFlutterBinding.drawFrame (package:flutter_test/src/binding.dart:2131:19)
#929    RendererBinding._handlePersistentFrameCallback (package:flutter/src/rendering/binding.dart:495:5)
#930    SchedulerBinding._invokeFrameCallback (package:flutter/src/scheduler/binding.dart:1430:15)
#931    SchedulerBinding.handleDrawFrame (package:flutter/src/scheduler/binding.dart:1345:9)
#932    AutomatedTestWidgetsFlutterBinding.pump.<anonymous closure> (package:flutter_test/src/binding.dart:1960:9)
#935    TestAsyncUtils.guard (package:flutter_test/src/test_async_utils.dart:74:41)
#936    AutomatedTestWidgetsFlutterBinding.pump (package:flutter_test/src/binding.dart:1949:27)
#937    WidgetTester.pumpWidget.<anonymous closure> (package:flutter_test/src/widget_tester.dart:598:22)
#940    TestAsyncUtils.guard (package:flutter_test/src/test_async_utils.dart:74:41)
#941    WidgetTester.pumpWidget (package:flutter_test/src/widget_tester.dart:595:27)
#942    main.<anonymous closure>.<anonymous closure>.<anonymous closure> (file:///C:/Users/NAGAR/IdeaProjects/fard-2/.worktrees/test-remediation/test/features/settings/widget_preview_widget_test.dart:25:22)
#943    testWidgets.<anonymous closure>.<anonymous closure> (package:flutter_test/src/widget_tester.dart:192:29)
<asynchronous suspension>
#944    TestWidgetsFlutterBinding._runTestBody (package:flutter_test/src/binding.dart:1682:5)
<asynchronous suspension>
<asynchronous suspension>
(elided 5 frames from dart:async and package:stack_trace)

ΓòÉΓòÉΓòÉΓòÉΓòÉΓòÉΓòÉΓòÉΓòÉΓòÉΓòÉΓòÉΓòÉΓòÉΓòÉΓòÉΓòÉΓòÉΓòÉΓòÉΓòÉΓòÉΓòÉΓòÉΓòÉΓòÉΓòÉΓòÉΓòÉΓòÉΓòÉΓòÉΓòÉΓòÉΓòÉΓòÉΓòÉΓòÉΓòÉΓòÉΓòÉΓòÉΓòÉΓòÉΓòÉΓòÉΓòÉΓòÉΓòÉΓòÉΓòÉΓòÉΓòÉΓòÉΓòÉΓòÉΓòÉΓòÉΓòÉΓòÉΓòÉΓòÉΓòÉΓòÉΓòÉΓòÉΓòÉΓòÉΓòÉΓòÉΓòÉΓòÉΓòÉΓòÉΓòÉΓòÉΓòÉΓòÉΓòÉΓòÉΓòÉΓòÉΓòÉΓòÉΓòÉΓòÉΓòÉΓòÉΓòÉΓòÉΓòÉΓòÉΓòÉΓòÉΓòÉΓòÉΓòÉΓòÉΓòÉΓòÉ
ΓòÉΓòÉΓòí EXCEPTION CAUGHT BY FLUTTER TEST FRAMEWORK Γò₧ΓòÉΓòÉΓòÉΓòÉΓòÉΓòÉΓòÉΓòÉΓòÉΓòÉΓòÉΓòÉΓòÉΓòÉΓòÉΓòÉΓòÉΓòÉΓòÉΓòÉΓòÉΓòÉΓòÉΓòÉΓòÉΓòÉΓòÉΓòÉΓòÉΓòÉΓòÉΓòÉΓòÉΓòÉΓòÉΓòÉΓòÉΓòÉΓòÉΓòÉΓòÉΓòÉΓòÉΓòÉΓòÉΓòÉΓòÉΓòÉΓòÉΓòÉΓòÉΓòÉ
The following TestFailure was thrown running a test:
Expected: exactly one matching candidate
  Actual: _TextWidgetFinder:<Found 0 widgets with text "Fajr": []>
   Which: means none were found but one was expected

When the exception was thrown, this was the stack:
#4      main.<anonymous closure>.<anonymous closure>.<anonymous closure> (file:///C:/Users/NAGAR/IdeaProjects/fard-2/.worktrees/test-remediation/test/features/settings/widget_preview_widget_test.dart:36:9)
<asynchronous suspension>
#5      testWidgets.<anonymous closure>.<anonymous closure> (package:flutter_test/src/widget_tester.dart:192:15)
<asynchronous suspension>
#6      TestWidgetsFlutterBinding._runTestBody (package:flutter_test/src/binding.dart:1682:5)
<asynchronous suspension>
<asynchronous suspension>
(elided one frame from package:stack_trace)

This was caught by the test expectation on the following line:
  file:///C:/Users/NAGAR/IdeaProjects/fard-2/.worktrees/test-remediation/test/features/settings/widget_preview_widget_test.dart line 36
The test description was:
  renders prayer schedule layout by default
ΓòÉΓòÉΓòÉΓòÉΓòÉΓòÉΓòÉΓòÉΓòÉΓòÉΓòÉΓòÉΓòÉΓòÉΓòÉΓòÉΓòÉΓòÉΓòÉΓòÉΓòÉΓòÉΓòÉΓòÉΓòÉΓòÉΓòÉΓòÉΓòÉΓòÉΓòÉΓòÉΓòÉΓòÉΓòÉΓòÉΓòÉΓòÉΓòÉΓòÉΓòÉΓòÉΓòÉΓòÉΓòÉΓòÉΓòÉΓòÉΓòÉΓòÉΓòÉΓòÉΓòÉΓòÉΓòÉΓòÉΓòÉΓòÉΓòÉΓòÉΓòÉΓòÉΓòÉΓòÉΓòÉΓòÉΓòÉΓòÉΓòÉΓòÉΓòÉΓòÉΓòÉΓòÉΓòÉΓòÉΓòÉΓòÉΓòÉΓòÉΓòÉΓòÉΓòÉΓòÉΓòÉΓòÉΓòÉΓòÉΓòÉΓòÉΓòÉΓòÉΓòÉΓòÉΓòÉΓòÉΓòÉΓòÉΓòÉΓòÉ
ΓòÉΓòÉΓòí EXCEPTION CAUGHT BY FLUTTER TEST FRAMEWORK Γò₧ΓòÉΓòÉΓòÉΓòÉΓòÉΓòÉΓòÉΓòÉΓòÉΓòÉΓòÉΓòÉΓòÉΓòÉΓòÉΓòÉΓòÉΓòÉΓòÉΓòÉΓòÉΓòÉΓòÉΓòÉΓòÉΓòÉΓòÉΓòÉΓòÉΓòÉΓòÉΓòÉΓòÉΓòÉΓòÉΓòÉΓòÉΓòÉΓòÉΓòÉΓòÉΓòÉΓòÉΓòÉΓòÉΓòÉΓòÉΓòÉΓòÉΓòÉΓòÉΓòÉ
The following message was thrown:
Multiple exceptions (2) were detected during the running of the current test, and at least one was
unexpected.
ΓòÉΓòÉΓòÉΓòÉΓòÉΓòÉΓòÉΓòÉΓòÉΓòÉΓòÉΓòÉΓòÉΓòÉΓòÉΓòÉΓòÉΓòÉΓòÉΓòÉΓòÉΓòÉΓòÉΓòÉΓòÉΓòÉΓòÉΓòÉΓòÉΓòÉΓòÉΓòÉΓòÉΓòÉΓòÉΓòÉΓòÉΓòÉΓòÉΓòÉΓòÉΓòÉΓòÉΓòÉΓòÉΓòÉΓòÉΓòÉΓòÉΓòÉΓòÉΓòÉΓòÉΓòÉΓòÉΓòÉΓòÉΓòÉΓòÉΓòÉΓòÉΓòÉΓòÉΓòÉΓòÉΓòÉΓòÉΓòÉΓòÉΓòÉΓòÉΓòÉΓòÉΓòÉΓòÉΓòÉΓòÉΓòÉΓòÉΓòÉΓòÉΓòÉΓòÉΓòÉΓòÉΓòÉΓòÉΓòÉΓòÉΓòÉΓòÉΓòÉΓòÉΓòÉΓòÉΓòÉΓòÉΓòÉΓòÉΓòÉ
+291 -20: C:/Users/NAGAR/IdeaProjects/fard-2/.worktrees/test-remediation/test/features/settings/widget_preview_widget_test.dart: WidgetPreview widget tests Basic rendering renders prayer schedule layout by default [E]
  Test failed. See exception logs above.
  The test description was: renders prayer schedule layout by default
  
+291 -20: C:/Users/NAGAR/IdeaProjects/fard-2/.worktrees/test-remediation/test/features/settings/widget_preview_widget_test.dart: WidgetPreview widget tests Basic rendering renders countdown layout when widgetType is countdown
ΓòÉΓòÉΓòí EXCEPTION CAUGHT BY WIDGETS LIBRARY Γò₧ΓòÉΓòÉΓòÉΓòÉΓòÉΓòÉΓòÉΓòÉΓòÉΓòÉΓòÉΓòÉΓòÉΓòÉΓòÉΓòÉΓòÉΓòÉΓòÉΓòÉΓòÉΓòÉΓòÉΓòÉΓòÉΓòÉΓòÉΓòÉΓòÉΓòÉΓòÉΓòÉΓòÉΓòÉΓòÉΓòÉΓòÉΓòÉΓòÉΓòÉΓòÉΓòÉΓòÉΓòÉΓòÉΓòÉΓòÉΓòÉΓòÉΓòÉΓòÉΓòÉΓòÉΓòÉΓòÉΓòÉΓòÉΓòÉΓòÉ
The following _TypeError was thrown building WidgetPreview(dirty, dependencies:
[_LocalizationsScope-[GlobalKey#37230]]):
Null check operator used on a null value

The relevant error-causing widget was:
  WidgetPreview
  WidgetPreview:file:///C:/Users/NAGAR/IdeaProjects/fard-2/.worktrees/test-remediation/test/features/settings/widget_preview_widget_test.dart:45:21

When the exception was thrown, this was the stack:
#0      WidgetPreview.build (package:fard/features/settings/presentation/widgets/widget_preview.dart:22:46)
#1      StatelessElement.build (package:flutter/src/widgets/framework.dart:5889:49)
#2      ComponentElement.performRebuild (package:flutter/src/widgets/framework.dart:5817:15)
#3      Element.rebuild (package:flutter/src/widgets/framework.dart:5529:7)
#4      ComponentElement._firstBuild (package:flutter/src/widgets/framework.dart:5799:5)
#5      ComponentElement.mount (package:flutter/src/widgets/framework.dart:5793:5)
...     Normal element mounting (25 frames)
#30     Element.inflateWidget (package:flutter/src/widgets/framework.dart:4587:20)
#31     MultiChildRenderObjectElement.inflateWidget (package:flutter/src/widgets/framework.dart:7264:36)
#32     MultiChildRenderObjectElement.mount (package:flutter/src/widgets/framework.dart:7279:32)
...     Normal element mounting (364 frames)
#396    Element.inflateWidget (package:flutter/src/widgets/framework.dart:4587:20)
#397    MultiChildRenderObjectElement.inflateWidget (package:flutter/src/widgets/framework.dart:7264:36)
#398    MultiChildRenderObjectElement.mount (package:flutter/src/widgets/framework.dart:7279:32)
...     Normal element mounting (467 frames)
#865    Element.inflateWidget (package:flutter/src/widgets/framework.dart:4587:20)
#866    Element.updateChild (package:flutter/src/widgets/framework.dart:4053:20)
#867    ComponentElement.performRebuild (package:flutter/src/widgets/framework.dart:5841:16)
#868    Element.rebuild (package:flutter/src/widgets/framework.dart:5529:7)
#869    ProxyElement.update (package:flutter/src/widgets/framework.dart:6149:5)
#870    _InheritedNotifierElement.update (package:flutter/src/widgets/inherited_notifier.dart:108:11)
#871    Element.updateChild (package:flutter/src/widgets/framework.dart:4037:15)
#872    ComponentElement.performRebuild (package:flutter/src/widgets/framework.dart:5841:16)
#873    StatefulElement.performRebuild (package:flutter/src/widgets/framework.dart:5982:11)
#874    Element.rebuild (package:flutter/src/widgets/framework.dart:5529:7)
#875    StatefulElement.update (package:flutter/src/widgets/framework.dart:6007:5)
#876    Element.updateChild (package:flutter/src/widgets/framework.dart:4037:15)
#877    ComponentElement.performRebuild (package:flutter/src/widgets/framework.dart:5841:16)
#878    Element.rebuild (package:flutter/src/widgets/framework.dart:5529:7)
#879    ProxyElement.update (package:flutter/src/widgets/framework.dart:6149:5)
#880    _InheritedNotifierElement.update (package:flutter/src/widgets/inherited_notifier.dart:108:11)
#881    Element.updateChild (package:flutter/src/widgets/framework.dart:4037:15)
#882    ComponentElement.performRebuild (package:flutter/src/widgets/framework.dart:5841:16)
#883    StatefulElement.performRebuild (package:flutter/src/widgets/framework.dart:5982:11)
#884    Element.rebuild (package:flutter/src/widgets/framework.dart:5529:7)
#885    StatefulElement.update (package:flutter/src/widgets/framework.dart:6007:5)
#886    Element.updateChild (package:flutter/src/widgets/framework.dart:4037:15)
#887    ComponentElement.performRebuild (package:flutter/src/widgets/framework.dart:5841:16)
#888    StatefulElement.performRebuild (package:flutter/src/widgets/framework.dart:5982:11)
#889    Element.rebuild (package:flutter/src/widgets/framework.dart:5529:7)
#890    StatefulElement.update (package:flutter/src/widgets/framework.dart:6007:5)
#891    Element.updateChild (package:flutter/src/widgets/framework.dart:4037:15)
#892    ComponentElement.performRebuild (package:flutter/src/widgets/framework.dart:5841:16)
#893    Element.rebuild (package:flutter/src/widgets/framework.dart:5529:7)
#894    ProxyElement.update (package:flutter/src/widgets/framework.dart:6149:5)
#895    Element.updateChild (package:flutter/src/widgets/framework.dart:4037:15)
#896    ComponentElement.performRebuild (package:flutter/src/widgets/framework.dart:5841:16)
#897    StatefulElement.performRebuild (package:flutter/src/widgets/framework.dart:5982:11)
#898    Element.rebuild (package:flutter/src/widgets/framework.dart:5529:7)
#899    StatefulElement.update (package:flutter/src/widgets/framework.dart:6007:5)
#900    Element.updateChild (package:flutter/src/widgets/framework.dart:4037:15)
#901    ComponentElement.performRebuild (package:flutter/src/widgets/framework.dart:5841:16)
#902    Element.rebuild (package:flutter/src/widgets/framework.dart:5529:7)
#903    ProxyElement.update (package:flutter/src/widgets/framework.dart:6149:5)
#904    Element.updateChild (package:flutter/src/widgets/framework.dart:4037:15)
#905    ComponentElement.performRebuild (package:flutter/src/widgets/framework.dart:5841:16)
#906    Element.rebuild (package:flutter/src/widgets/framework.dart:5529:7)
#907    ProxyElement.update (package:flutter/src/widgets/framework.dart:6149:5)
#908    Element.updateChild (package:flutter/src/widgets/framework.dart:4037:15)
#909    _RawViewElement._updateChild (package:flutter/src/widgets/view.dart:481:16)
#910    _RawViewElement.update (package:flutter/src/widgets/view.dart:568:5)
#911    Element.updateChild (package:flutter/src/widgets/framework.dart:4037:15)
#912    ComponentElement.performRebuild (package:flutter/src/widgets/framework.dart:5841:16)
#913    Element.rebuild (package:flutter/src/widgets/framework.dart:5529:7)
#914    StatelessElement.update (package:flutter/src/widgets/framework.dart:5895:5)
#915    Element.updateChild (package:flutter/src/widgets/framework.dart:4037:15)
#916    ComponentElement.performRebuild (package:flutter/src/widgets/framework.dart:5841:16)
#917    StatefulElement.performRebuild (package:flutter/src/widgets/framework.dart:5982:11)
#918    Element.rebuild (package:flutter/src/widgets/framework.dart:5529:7)
#919    StatefulElement.update (package:flutter/src/widgets/framework.dart:6007:5)
#920    Element.updateChild (package:flutter/src/widgets/framework.dart:4037:15)
#921    RootElement._rebuild (package:flutter/src/widgets/binding.dart:1822:16)
#922    RootElement.update (package:flutter/src/widgets/binding.dart:1800:5)
#923    RootElement.performRebuild (package:flutter/src/widgets/binding.dart:1814:7)
#924    Element.rebuild (package:flutter/src/widgets/framework.dart:5529:7)
#925    BuildScope._tryRebuild (package:flutter/src/widgets/framework.dart:2750:15)
#926    BuildScope._flushDirtyElements (package:flutter/src/widgets/framework.dart:2807:11)
#927    BuildOwner.buildScope (package:flutter/src/widgets/framework.dart:3111:18)
#928    AutomatedTestWidgetsFlutterBinding.drawFrame (package:flutter_test/src/binding.dart:2131:19)
#929    RendererBinding._handlePersistentFrameCallback (package:flutter/src/rendering/binding.dart:495:5)
#930    SchedulerBinding._invokeFrameCallback (package:flutter/src/scheduler/binding.dart:1430:15)
#931    SchedulerBinding.handleDrawFrame (package:flutter/src/scheduler/binding.dart:1345:9)
#932    AutomatedTestWidgetsFlutterBinding.pump.<anonymous closure> (package:flutter_test/src/binding.dart:1960:9)
#935    TestAsyncUtils.guard (package:flutter_test/src/test_async_utils.dart:74:41)
#936    AutomatedTestWidgetsFlutterBinding.pump (package:flutter_test/src/binding.dart:1949:27)
#937    WidgetTester.pumpWidget.<anonymous closure> (package:flutter_test/src/widget_tester.dart:598:22)
#940    TestAsyncUtils.guard (package:flutter_test/src/test_async_utils.dart:74:41)
#941    WidgetTester.pumpWidget (package:flutter_test/src/widget_tester.dart:595:27)
#942    main.<anonymous closure>.<anonymous closure>.<anonymous closure> (file:///C:/Users/NAGAR/IdeaProjects/fard-2/.worktrees/test-remediation/test/features/settings/widget_preview_widget_test.dart:42:22)
#943    testWidgets.<anonymous closure>.<anonymous closure> (package:flutter_test/src/widget_tester.dart:192:29)
<asynchronous suspension>
#944    TestWidgetsFlutterBinding._runTestBody (package:flutter_test/src/binding.dart:1682:5)
<asynchronous suspension>
<asynchronous suspension>
(elided 5 frames from dart:async and package:stack_trace)

ΓòÉΓòÉΓòÉΓòÉΓòÉΓòÉΓòÉΓòÉΓòÉΓòÉΓòÉΓòÉΓòÉΓòÉΓòÉΓòÉΓòÉΓòÉΓòÉΓòÉΓòÉΓòÉΓòÉΓòÉΓòÉΓòÉΓòÉΓòÉΓòÉΓòÉΓòÉΓòÉΓòÉΓòÉΓòÉΓòÉΓòÉΓòÉΓòÉΓòÉΓòÉΓòÉΓòÉΓòÉΓòÉΓòÉΓòÉΓòÉΓòÉΓòÉΓòÉΓòÉΓòÉΓòÉΓòÉΓòÉΓòÉΓòÉΓòÉΓòÉΓòÉΓòÉΓòÉΓòÉΓòÉΓòÉΓòÉΓòÉΓòÉΓòÉΓòÉΓòÉΓòÉΓòÉΓòÉΓòÉΓòÉΓòÉΓòÉΓòÉΓòÉΓòÉΓòÉΓòÉΓòÉΓòÉΓòÉΓòÉΓòÉΓòÉΓòÉΓòÉΓòÉΓòÉΓòÉΓòÉΓòÉΓòÉΓòÉΓòÉ
ΓòÉΓòÉΓòí EXCEPTION CAUGHT BY FLUTTER TEST FRAMEWORK Γò₧ΓòÉΓòÉΓòÉΓòÉΓòÉΓòÉΓòÉΓòÉΓòÉΓòÉΓòÉΓòÉΓòÉΓòÉΓòÉΓòÉΓòÉΓòÉΓòÉΓòÉΓòÉΓòÉΓòÉΓòÉΓòÉΓòÉΓòÉΓòÉΓòÉΓòÉΓòÉΓòÉΓòÉΓòÉΓòÉΓòÉΓòÉΓòÉΓòÉΓòÉΓòÉΓòÉΓòÉΓòÉΓòÉΓòÉΓòÉΓòÉΓòÉΓòÉΓòÉΓòÉ
The following TestFailure was thrown running a test:
Expected: exactly one matching candidate
  Actual: _TextWidgetFinder:<Found 0 widgets with text "Next Prayer": []>
   Which: means none were found but one was expected

When the exception was thrown, this was the stack:
#4      main.<anonymous closure>.<anonymous closure>.<anonymous closure> (file:///C:/Users/NAGAR/IdeaProjects/fard-2/.worktrees/test-remediation/test/features/settings/widget_preview_widget_test.dart:54:9)
<asynchronous suspension>
#5      testWidgets.<anonymous closure>.<anonymous closure> (package:flutter_test/src/widget_tester.dart:192:15)
<asynchronous suspension>
#6      TestWidgetsFlutterBinding._runTestBody (package:flutter_test/src/binding.dart:1682:5)
<asynchronous suspension>
<asynchronous suspension>
(elided one frame from package:stack_trace)

This was caught by the test expectation on the following line:
  file:///C:/Users/NAGAR/IdeaProjects/fard-2/.worktrees/test-remediation/test/features/settings/widget_preview_widget_test.dart line 54
The test description was:
  renders countdown layout when widgetType is countdown
ΓòÉΓòÉΓòÉΓòÉΓòÉΓòÉΓòÉΓòÉΓòÉΓòÉΓòÉΓòÉΓòÉΓòÉΓòÉΓòÉΓòÉΓòÉΓòÉΓòÉΓòÉΓòÉΓòÉΓòÉΓòÉΓòÉΓòÉΓòÉΓòÉΓòÉΓòÉΓòÉΓòÉΓòÉΓòÉΓòÉΓòÉΓòÉΓòÉΓòÉΓòÉΓòÉΓòÉΓòÉΓòÉΓòÉΓòÉΓòÉΓòÉΓòÉΓòÉΓòÉΓòÉΓòÉΓòÉΓòÉΓòÉΓòÉΓòÉΓòÉΓòÉΓòÉΓòÉΓòÉΓòÉΓòÉΓòÉΓòÉΓòÉΓòÉΓòÉΓòÉΓòÉΓòÉΓòÉΓòÉΓòÉΓòÉΓòÉΓòÉΓòÉΓòÉΓòÉΓòÉΓòÉΓòÉΓòÉΓòÉΓòÉΓòÉΓòÉΓòÉΓòÉΓòÉΓòÉΓòÉΓòÉΓòÉΓòÉΓòÉ
ΓòÉΓòÉΓòí EXCEPTION CAUGHT BY FLUTTER TEST FRAMEWORK Γò₧ΓòÉΓòÉΓòÉΓòÉΓòÉΓòÉΓòÉΓòÉΓòÉΓòÉΓòÉΓòÉΓòÉΓòÉΓòÉΓòÉΓòÉΓòÉΓòÉΓòÉΓòÉΓòÉΓòÉΓòÉΓòÉΓòÉΓòÉΓòÉΓòÉΓòÉΓòÉΓòÉΓòÉΓòÉΓòÉΓòÉΓòÉΓòÉΓòÉΓòÉΓòÉΓòÉΓòÉΓòÉΓòÉΓòÉΓòÉΓòÉΓòÉΓòÉΓòÉΓòÉ
The following message was thrown:
Multiple exceptions (2) were detected during the running of the current test, and at least one was
unexpected.
ΓòÉΓòÉΓòÉΓòÉΓòÉΓòÉΓòÉΓòÉΓòÉΓòÉΓòÉΓòÉΓòÉΓòÉΓòÉΓòÉΓòÉΓòÉΓòÉΓòÉΓòÉΓòÉΓòÉΓòÉΓòÉΓòÉΓòÉΓòÉΓòÉΓòÉΓòÉΓòÉΓòÉΓòÉΓòÉΓòÉΓòÉΓòÉΓòÉΓòÉΓòÉΓòÉΓòÉΓòÉΓòÉΓòÉΓòÉΓòÉΓòÉΓòÉΓòÉΓòÉΓòÉΓòÉΓòÉΓòÉΓòÉΓòÉΓòÉΓòÉΓòÉΓòÉΓòÉΓòÉΓòÉΓòÉΓòÉΓòÉΓòÉΓòÉΓòÉΓòÉΓòÉΓòÉΓòÉΓòÉΓòÉΓòÉΓòÉΓòÉΓòÉΓòÉΓòÉΓòÉΓòÉΓòÉΓòÉΓòÉΓòÉΓòÉΓòÉΓòÉΓòÉΓòÉΓòÉΓòÉΓòÉΓòÉΓòÉΓòÉ
+291 -21: C:/Users/NAGAR/IdeaProjects/fard-2/.worktrees/test-remediation/test/features/settings/widget_preview_widget_test.dart: WidgetPreview widget tests Basic rendering renders countdown layout when widgetType is countdown [E]
  Test failed. See exception logs above.
  The test description was: renders countdown layout when widgetType is countdown
  
+291 -21: C:/Users/NAGAR/IdeaProjects/fard-2/.worktrees/test-remediation/test/features/settings/widget_preview_widget_test.dart: WidgetPreview widget tests Prayer schedule layout shows all prayer times
ΓòÉΓòÉΓòí EXCEPTION CAUGHT BY WIDGETS LIBRARY Γò₧ΓòÉΓòÉΓòÉΓòÉΓòÉΓòÉΓòÉΓòÉΓòÉΓòÉΓòÉΓòÉΓòÉΓòÉΓòÉΓòÉΓòÉΓòÉΓòÉΓòÉΓòÉΓòÉΓòÉΓòÉΓòÉΓòÉΓòÉΓòÉΓòÉΓòÉΓòÉΓòÉΓòÉΓòÉΓòÉΓòÉΓòÉΓòÉΓòÉΓòÉΓòÉΓòÉΓòÉΓòÉΓòÉΓòÉΓòÉΓòÉΓòÉΓòÉΓòÉΓòÉΓòÉΓòÉΓòÉΓòÉΓòÉΓòÉΓòÉ
The following _TypeError was thrown building WidgetPreview(dirty, dependencies:
[_LocalizationsScope-[GlobalKey#9fb8f]]):
Null check operator used on a null value

The relevant error-causing widget was:
  WidgetPreview
  WidgetPreview:file:///C:/Users/NAGAR/IdeaProjects/fard-2/.worktrees/test-remediation/test/features/settings/widget_preview_widget_test.dart:65:21

When the exception was thrown, this was the stack:
#0      WidgetPreview.build (package:fard/features/settings/presentation/widgets/widget_preview.dart:22:46)
#1      StatelessElement.build (package:flutter/src/widgets/framework.dart:5889:49)
#2      ComponentElement.performRebuild (package:flutter/src/widgets/framework.dart:5817:15)
#3      Element.rebuild (package:flutter/src/widgets/framework.dart:5529:7)
#4      ComponentElement._firstBuild (package:flutter/src/widgets/framework.dart:5799:5)
#5      ComponentElement.mount (package:flutter/src/widgets/framework.dart:5793:5)
...     Normal element mounting (25 frames)
#30     Element.inflateWidget (package:flutter/src/widgets/framework.dart:4587:20)
#31     MultiChildRenderObjectElement.inflateWidget (package:flutter/src/widgets/framework.dart:7264:36)
#32     MultiChildRenderObjectElement.mount (package:flutter/src/widgets/framework.dart:7279:32)
...     Normal element mounting (364 frames)
#396    Element.inflateWidget (package:flutter/src/widgets/framework.dart:4587:20)
#397    MultiChildRenderObjectElement.inflateWidget (package:flutter/src/widgets/framework.dart:7264:36)
#398    MultiChildRenderObjectElement.mount (package:flutter/src/widgets/framework.dart:7279:32)
...     Normal element mounting (467 frames)
#865    Element.inflateWidget (package:flutter/src/widgets/framework.dart:4587:20)
#866    Element.updateChild (package:flutter/src/widgets/framework.dart:4053:20)
#867    ComponentElement.performRebuild (package:flutter/src/widgets/framework.dart:5841:16)
#868    Element.rebuild (package:flutter/src/widgets/framework.dart:5529:7)
#869    ProxyElement.update (package:flutter/src/widgets/framework.dart:6149:5)
#870    _InheritedNotifierElement.update (package:flutter/src/widgets/inherited_notifier.dart:108:11)
#871    Element.updateChild (package:flutter/src/widgets/framework.dart:4037:15)
#872    ComponentElement.performRebuild (package:flutter/src/widgets/framework.dart:5841:16)
#873    StatefulElement.performRebuild (package:flutter/src/widgets/framework.dart:5982:11)
#874    Element.rebuild (package:flutter/src/widgets/framework.dart:5529:7)
#875    StatefulElement.update (package:flutter/src/widgets/framework.dart:6007:5)
#876    Element.updateChild (package:flutter/src/widgets/framework.dart:4037:15)
#877    ComponentElement.performRebuild (package:flutter/src/widgets/framework.dart:5841:16)
#878    Element.rebuild (package:flutter/src/widgets/framework.dart:5529:7)
#879    ProxyElement.update (package:flutter/src/widgets/framework.dart:6149:5)
#880    _InheritedNotifierElement.update (package:flutter/src/widgets/inherited_notifier.dart:108:11)
#881    Element.updateChild (package:flutter/src/widgets/framework.dart:4037:15)
#882    ComponentElement.performRebuild (package:flutter/src/widgets/framework.dart:5841:16)
#883    StatefulElement.performRebuild (package:flutter/src/widgets/framework.dart:5982:11)
#884    Element.rebuild (package:flutter/src/widgets/framework.dart:5529:7)
#885    StatefulElement.update (package:flutter/src/widgets/framework.dart:6007:5)
#886    Element.updateChild (package:flutter/src/widgets/framework.dart:4037:15)
#887    ComponentElement.performRebuild (package:flutter/src/widgets/framework.dart:5841:16)
#888    StatefulElement.performRebuild (package:flutter/src/widgets/framework.dart:5982:11)
#889    Element.rebuild (package:flutter/src/widgets/framework.dart:5529:7)
#890    StatefulElement.update (package:flutter/src/widgets/framework.dart:6007:5)
#891    Element.updateChild (package:flutter/src/widgets/framework.dart:4037:15)
#892    ComponentElement.performRebuild (package:flutter/src/widgets/framework.dart:5841:16)
#893    Element.rebuild (package:flutter/src/widgets/framework.dart:5529:7)
#894    ProxyElement.update (package:flutter/src/widgets/framework.dart:6149:5)
#895    Element.updateChild (package:flutter/src/widgets/framework.dart:4037:15)
#896    ComponentElement.performRebuild (package:flutter/src/widgets/framework.dart:5841:16)
#897    StatefulElement.performRebuild (package:flutter/src/widgets/framework.dart:5982:11)
#898    Element.rebuild (package:flutter/src/widgets/framework.dart:5529:7)
#899    StatefulElement.update (package:flutter/src/widgets/framework.dart:6007:5)
#900    Element.updateChild (package:flutter/src/widgets/framework.dart:4037:15)
#901    ComponentElement.performRebuild (package:flutter/src/widgets/framework.dart:5841:16)
#902    Element.rebuild (package:flutter/src/widgets/framework.dart:5529:7)
#903    ProxyElement.update (package:flutter/src/widgets/framework.dart:6149:5)
#904    Element.updateChild (package:flutter/src/widgets/framework.dart:4037:15)
#905    ComponentElement.performRebuild (package:flutter/src/widgets/framework.dart:5841:16)
#906    Element.rebuild (package:flutter/src/widgets/framework.dart:5529:7)
#907    ProxyElement.update (package:flutter/src/widgets/framework.dart:6149:5)
#908    Element.updateChild (package:flutter/src/widgets/framework.dart:4037:15)
#909    _RawViewElement._updateChild (package:flutter/src/widgets/view.dart:481:16)
#910    _RawViewElement.update (package:flutter/src/widgets/view.dart:568:5)
#911    Element.updateChild (package:flutter/src/widgets/framework.dart:4037:15)
#912    ComponentElement.performRebuild (package:flutter/src/widgets/framework.dart:5841:16)
#913    Element.rebuild (package:flutter/src/widgets/framework.dart:5529:7)
#914    StatelessElement.update (package:flutter/src/widgets/framework.dart:5895:5)
#915    Element.updateChild (package:flutter/src/widgets/framework.dart:4037:15)
#916    ComponentElement.performRebuild (package:flutter/src/widgets/framework.dart:5841:16)
#917    StatefulElement.performRebuild (package:flutter/src/widgets/framework.dart:5982:11)
#918    Element.rebuild (package:flutter/src/widgets/framework.dart:5529:7)
#919    StatefulElement.update (package:flutter/src/widgets/framework.dart:6007:5)
#920    Element.updateChild (package:flutter/src/widgets/framework.dart:4037:15)
#921    RootElement._rebuild (package:flutter/src/widgets/binding.dart:1822:16)
#922    RootElement.update (package:flutter/src/widgets/binding.dart:1800:5)
#923    RootElement.performRebuild (package:flutter/src/widgets/binding.dart:1814:7)
#924    Element.rebuild (package:flutter/src/widgets/framework.dart:5529:7)
#925    BuildScope._tryRebuild (package:flutter/src/widgets/framework.dart:2750:15)
#926    BuildScope._flushDirtyElements (package:flutter/src/widgets/framework.dart:2807:11)
#927    BuildOwner.buildScope (package:flutter/src/widgets/framework.dart:3111:18)
#928    AutomatedTestWidgetsFlutterBinding.drawFrame (package:flutter_test/src/binding.dart:2131:19)
#929    RendererBinding._handlePersistentFrameCallback (package:flutter/src/rendering/binding.dart:495:5)
#930    SchedulerBinding._invokeFrameCallback (package:flutter/src/scheduler/binding.dart:1430:15)
#931    SchedulerBinding.handleDrawFrame (package:flutter/src/scheduler/binding.dart:1345:9)
#932    AutomatedTestWidgetsFlutterBinding.pump.<anonymous closure> (package:flutter_test/src/binding.dart:1960:9)
#935    TestAsyncUtils.guard (package:flutter_test/src/test_async_utils.dart:74:41)
#936    AutomatedTestWidgetsFlutterBinding.pump (package:flutter_test/src/binding.dart:1949:27)
#937    WidgetTester.pumpWidget.<anonymous closure> (package:flutter_test/src/widget_tester.dart:598:22)
#940    TestAsyncUtils.guard (package:flutter_test/src/test_async_utils.dart:74:41)
#941    WidgetTester.pumpWidget (package:flutter_test/src/widget_tester.dart:595:27)
#942    main.<anonymous closure>.<anonymous closure>.<anonymous closure> (file:///C:/Users/NAGAR/IdeaProjects/fard-2/.worktrees/test-remediation/test/features/settings/widget_preview_widget_test.dart:62:22)
#943    testWidgets.<anonymous closure>.<anonymous closure> (package:flutter_test/src/widget_tester.dart:192:29)
<asynchronous suspension>
#944    TestWidgetsFlutterBinding._runTestBody (package:flutter_test/src/binding.dart:1682:5)
<asynchronous suspension>
<asynchronous suspension>
(elided 5 frames from dart:async and package:stack_trace)

ΓòÉΓòÉΓòÉΓòÉΓòÉΓòÉΓòÉΓòÉΓòÉΓòÉΓòÉΓòÉΓòÉΓòÉΓòÉΓòÉΓòÉΓòÉΓòÉΓòÉΓòÉΓòÉΓòÉΓòÉΓòÉΓòÉΓòÉΓòÉΓòÉΓòÉΓòÉΓòÉΓòÉΓòÉΓòÉΓòÉΓòÉΓòÉΓòÉΓòÉΓòÉΓòÉΓòÉΓòÉΓòÉΓòÉΓòÉΓòÉΓòÉΓòÉΓòÉΓòÉΓòÉΓòÉΓòÉΓòÉΓòÉΓòÉΓòÉΓòÉΓòÉΓòÉΓòÉΓòÉΓòÉΓòÉΓòÉΓòÉΓòÉΓòÉΓòÉΓòÉΓòÉΓòÉΓòÉΓòÉΓòÉΓòÉΓòÉΓòÉΓòÉΓòÉΓòÉΓòÉΓòÉΓòÉΓòÉΓòÉΓòÉΓòÉΓòÉΓòÉΓòÉΓòÉΓòÉΓòÉΓòÉΓòÉΓòÉΓòÉ
ΓòÉΓòÉΓòí EXCEPTION CAUGHT BY FLUTTER TEST FRAMEWORK Γò₧ΓòÉΓòÉΓòÉΓòÉΓòÉΓòÉΓòÉΓòÉΓòÉΓòÉΓòÉΓòÉΓòÉΓòÉΓòÉΓòÉΓòÉΓòÉΓòÉΓòÉΓòÉΓòÉΓòÉΓòÉΓòÉΓòÉΓòÉΓòÉΓòÉΓòÉΓòÉΓòÉΓòÉΓòÉΓòÉΓòÉΓòÉΓòÉΓòÉΓòÉΓòÉΓòÉΓòÉΓòÉΓòÉΓòÉΓòÉΓòÉΓòÉΓòÉΓòÉΓòÉ
The following TestFailure was thrown running a test:
Expected: exactly one matching candidate
  Actual: _TextWidgetFinder:<Found 0 widgets with text "05:30 AM": []>
   Which: means none were found but one was expected

When the exception was thrown, this was the stack:
#4      main.<anonymous closure>.<anonymous closure>.<anonymous closure> (file:///C:/Users/NAGAR/IdeaProjects/fard-2/.worktrees/test-remediation/test/features/settings/widget_preview_widget_test.dart:73:9)
<asynchronous suspension>
#5      testWidgets.<anonymous closure>.<anonymous closure> (package:flutter_test/src/widget_tester.dart:192:15)
<asynchronous suspension>
#6      TestWidgetsFlutterBinding._runTestBody (package:flutter_test/src/binding.dart:1682:5)
<asynchronous suspension>
<asynchronous suspension>
(elided one frame from package:stack_trace)

This was caught by the test expectation on the following line:
  file:///C:/Users/NAGAR/IdeaProjects/fard-2/.worktrees/test-remediation/test/features/settings/widget_preview_widget_test.dart line 73
The test description was:
  shows all prayer times
ΓòÉΓòÉΓòÉΓòÉΓòÉΓòÉΓòÉΓòÉΓòÉΓòÉΓòÉΓòÉΓòÉΓòÉΓòÉΓòÉΓòÉΓòÉΓòÉΓòÉΓòÉΓòÉΓòÉΓòÉΓòÉΓòÉΓòÉΓòÉΓòÉΓòÉΓòÉΓòÉΓòÉΓòÉΓòÉΓòÉΓòÉΓòÉΓòÉΓòÉΓòÉΓòÉΓòÉΓòÉΓòÉΓòÉΓòÉΓòÉΓòÉΓòÉΓòÉΓòÉΓòÉΓòÉΓòÉΓòÉΓòÉΓòÉΓòÉΓòÉΓòÉΓòÉΓòÉΓòÉΓòÉΓòÉΓòÉΓòÉΓòÉΓòÉΓòÉΓòÉΓòÉΓòÉΓòÉΓòÉΓòÉΓòÉΓòÉΓòÉΓòÉΓòÉΓòÉΓòÉΓòÉΓòÉΓòÉΓòÉΓòÉΓòÉΓòÉΓòÉΓòÉΓòÉΓòÉΓòÉΓòÉΓòÉΓòÉΓòÉ
ΓòÉΓòÉΓòí EXCEPTION CAUGHT BY FLUTTER TEST FRAMEWORK Γò₧ΓòÉΓòÉΓòÉΓòÉΓòÉΓòÉΓòÉΓòÉΓòÉΓòÉΓòÉΓòÉΓòÉΓòÉΓòÉΓòÉΓòÉΓòÉΓòÉΓòÉΓòÉΓòÉΓòÉΓòÉΓòÉΓòÉΓòÉΓòÉΓòÉΓòÉΓòÉΓòÉΓòÉΓòÉΓòÉΓòÉΓòÉΓòÉΓòÉΓòÉΓòÉΓòÉΓòÉΓòÉΓòÉΓòÉΓòÉΓòÉΓòÉΓòÉΓòÉΓòÉ
The following message was thrown:
Multiple exceptions (2) were detected during the running of the current test, and at least one was
unexpected.
ΓòÉΓòÉΓòÉΓòÉΓòÉΓòÉΓòÉΓòÉΓòÉΓòÉΓòÉΓòÉΓòÉΓòÉΓòÉΓòÉΓòÉΓòÉΓòÉΓòÉΓòÉΓòÉΓòÉΓòÉΓòÉΓòÉΓòÉΓòÉΓòÉΓòÉΓòÉΓòÉΓòÉΓòÉΓòÉΓòÉΓòÉΓòÉΓòÉΓòÉΓòÉΓòÉΓòÉΓòÉΓòÉΓòÉΓòÉΓòÉΓòÉΓòÉΓòÉΓòÉΓòÉΓòÉΓòÉΓòÉΓòÉΓòÉΓòÉΓòÉΓòÉΓòÉΓòÉΓòÉΓòÉΓòÉΓòÉΓòÉΓòÉΓòÉΓòÉΓòÉΓòÉΓòÉΓòÉΓòÉΓòÉΓòÉΓòÉΓòÉΓòÉΓòÉΓòÉΓòÉΓòÉΓòÉΓòÉΓòÉΓòÉΓòÉΓòÉΓòÉΓòÉΓòÉΓòÉΓòÉΓòÉΓòÉΓòÉΓòÉ
+291 -22: C:/Users/NAGAR/IdeaProjects/fard-2/.worktrees/test-remediation/test/features/settings/widget_preview_widget_test.dart: WidgetPreview widget tests Prayer schedule layout shows all prayer times [E]
  Test failed. See exception logs above.
  The test description was: shows all prayer times
  
+291 -22: C:/Users/NAGAR/IdeaProjects/fard-2/.worktrees/test-remediation/test/features/settings/widget_preview_widget_test.dart: WidgetPreview widget tests Prayer schedule layout shows date header
ΓòÉΓòÉΓòí EXCEPTION CAUGHT BY WIDGETS LIBRARY Γò₧ΓòÉΓòÉΓòÉΓòÉΓòÉΓòÉΓòÉΓòÉΓòÉΓòÉΓòÉΓòÉΓòÉΓòÉΓòÉΓòÉΓòÉΓòÉΓòÉΓòÉΓòÉΓòÉΓòÉΓòÉΓòÉΓòÉΓòÉΓòÉΓòÉΓòÉΓòÉΓòÉΓòÉΓòÉΓòÉΓòÉΓòÉΓòÉΓòÉΓòÉΓòÉΓòÉΓòÉΓòÉΓòÉΓòÉΓòÉΓòÉΓòÉΓòÉΓòÉΓòÉΓòÉΓòÉΓòÉΓòÉΓòÉΓòÉΓòÉ
The following _TypeError was thrown building WidgetPreview(dirty, dependencies:
[_LocalizationsScope-[GlobalKey#844c7]]):
Null check operator used on a null value

The relevant error-causing widget was:
  WidgetPreview
  WidgetPreview:file:///C:/Users/NAGAR/IdeaProjects/fard-2/.worktrees/test-remediation/test/features/settings/widget_preview_widget_test.dart:83:21

When the exception was thrown, this was the stack:
#0      WidgetPreview.build (package:fard/features/settings/presentation/widgets/widget_preview.dart:22:46)
#1      StatelessElement.build (package:flutter/src/widgets/framework.dart:5889:49)
#2      ComponentElement.performRebuild (package:flutter/src/widgets/framework.dart:5817:15)
#3      Element.rebuild (package:flutter/src/widgets/framework.dart:5529:7)
#4      ComponentElement._firstBuild (package:flutter/src/widgets/framework.dart:5799:5)
#5      ComponentElement.mount (package:flutter/src/widgets/framework.dart:5793:5)
...     Normal element mounting (25 frames)
#30     Element.inflateWidget (package:flutter/src/widgets/framework.dart:4587:20)
#31     MultiChildRenderObjectElement.inflateWidget (package:flutter/src/widgets/framework.dart:7264:36)
#32     MultiChildRenderObjectElement.mount (package:flutter/src/widgets/framework.dart:7279:32)
...     Normal element mounting (364 frames)
#396    Element.inflateWidget (package:flutter/src/widgets/framework.dart:4587:20)
#397    MultiChildRenderObjectElement.inflateWidget (package:flutter/src/widgets/framework.dart:7264:36)
#398    MultiChildRenderObjectElement.mount (package:flutter/src/widgets/framework.dart:7279:32)
...     Normal element mounting (467 frames)
#865    Element.inflateWidget (package:flutter/src/widgets/framework.dart:4587:20)
#866    Element.updateChild (package:flutter/src/widgets/framework.dart:4053:20)
#867    ComponentElement.performRebuild (package:flutter/src/widgets/framework.dart:5841:16)
#868    Element.rebuild (package:flutter/src/widgets/framework.dart:5529:7)
#869    ProxyElement.update (package:flutter/src/widgets/framework.dart:6149:5)
#870    _InheritedNotifierElement.update (package:flutter/src/widgets/inherited_notifier.dart:108:11)
#871    Element.updateChild (package:flutter/src/widgets/framework.dart:4037:15)
#872    ComponentElement.performRebuild (package:flutter/src/widgets/framework.dart:5841:16)
#873    StatefulElement.performRebuild (package:flutter/src/widgets/framework.dart:5982:11)
#874    Element.rebuild (package:flutter/src/widgets/framework.dart:5529:7)
#875    StatefulElement.update (package:flutter/src/widgets/framework.dart:6007:5)
#876    Element.updateChild (package:flutter/src/widgets/framework.dart:4037:15)
#877    ComponentElement.performRebuild (package:flutter/src/widgets/framework.dart:5841:16)
#878    Element.rebuild (package:flutter/src/widgets/framework.dart:5529:7)
#879    ProxyElement.update (package:flutter/src/widgets/framework.dart:6149:5)
#880    _InheritedNotifierElement.update (package:flutter/src/widgets/inherited_notifier.dart:108:11)
#881    Element.updateChild (package:flutter/src/widgets/framework.dart:4037:15)
#882    ComponentElement.performRebuild (package:flutter/src/widgets/framework.dart:5841:16)
#883    StatefulElement.performRebuild (package:flutter/src/widgets/framework.dart:5982:11)
#884    Element.rebuild (package:flutter/src/widgets/framework.dart:5529:7)
#885    StatefulElement.update (package:flutter/src/widgets/framework.dart:6007:5)
#886    Element.updateChild (package:flutter/src/widgets/framework.dart:4037:15)
#887    ComponentElement.performRebuild (package:flutter/src/widgets/framework.dart:5841:16)
#888    StatefulElement.performRebuild (package:flutter/src/widgets/framework.dart:5982:11)
#889    Element.rebuild (package:flutter/src/widgets/framework.dart:5529:7)
#890    StatefulElement.update (package:flutter/src/widgets/framework.dart:6007:5)
#891    Element.updateChild (package:flutter/src/widgets/framework.dart:4037:15)
#892    ComponentElement.performRebuild (package:flutter/src/widgets/framework.dart:5841:16)
#893    Element.rebuild (package:flutter/src/widgets/framework.dart:5529:7)
#894    ProxyElement.update (package:flutter/src/widgets/framework.dart:6149:5)
#895    Element.updateChild (package:flutter/src/widgets/framework.dart:4037:15)
#896    ComponentElement.performRebuild (package:flutter/src/widgets/framework.dart:5841:16)
#897    StatefulElement.performRebuild (package:flutter/src/widgets/framework.dart:5982:11)
#898    Element.rebuild (package:flutter/src/widgets/framework.dart:5529:7)
#899    StatefulElement.update (package:flutter/src/widgets/framework.dart:6007:5)
#900    Element.updateChild (package:flutter/src/widgets/framework.dart:4037:15)
#901    ComponentElement.performRebuild (package:flutter/src/widgets/framework.dart:5841:16)
#902    Element.rebuild (package:flutter/src/widgets/framework.dart:5529:7)
#903    ProxyElement.update (package:flutter/src/widgets/framework.dart:6149:5)
#904    Element.updateChild (package:flutter/src/widgets/framework.dart:4037:15)
#905    ComponentElement.performRebuild (package:flutter/src/widgets/framework.dart:5841:16)
#906    Element.rebuild (package:flutter/src/widgets/framework.dart:5529:7)
#907    ProxyElement.update (package:flutter/src/widgets/framework.dart:6149:5)
#908    Element.updateChild (package:flutter/src/widgets/framework.dart:4037:15)
#909    _RawViewElement._updateChild (package:flutter/src/widgets/view.dart:481:16)
#910    _RawViewElement.update (package:flutter/src/widgets/view.dart:568:5)
#911    Element.updateChild (package:flutter/src/widgets/framework.dart:4037:15)
#912    ComponentElement.performRebuild (package:flutter/src/widgets/framework.dart:5841:16)
#913    Element.rebuild (package:flutter/src/widgets/framework.dart:5529:7)
#914    StatelessElement.update (package:flutter/src/widgets/framework.dart:5895:5)
#915    Element.updateChild (package:flutter/src/widgets/framework.dart:4037:15)
#916    ComponentElement.performRebuild (package:flutter/src/widgets/framework.dart:5841:16)
#917    StatefulElement.performRebuild (package:flutter/src/widgets/framework.dart:5982:11)
#918    Element.rebuild (package:flutter/src/widgets/framework.dart:5529:7)
#919    StatefulElement.update (package:flutter/src/widgets/framework.dart:6007:5)
#920    Element.updateChild (package:flutter/src/widgets/framework.dart:4037:15)
#921    RootElement._rebuild (package:flutter/src/widgets/binding.dart:1822:16)
#922    RootElement.update (package:flutter/src/widgets/binding.dart:1800:5)
#923    RootElement.performRebuild (package:flutter/src/widgets/binding.dart:1814:7)
#924    Element.rebuild (package:flutter/src/widgets/framework.dart:5529:7)
#925    BuildScope._tryRebuild (package:flutter/src/widgets/framework.dart:2750:15)
#926    BuildScope._flushDirtyElements (package:flutter/src/widgets/framework.dart:2807:11)
#927    BuildOwner.buildScope (package:flutter/src/widgets/framework.dart:3111:18)
#928    AutomatedTestWidgetsFlutterBinding.drawFrame (package:flutter_test/src/binding.dart:2131:19)
#929    RendererBinding._handlePersistentFrameCallback (package:flutter/src/rendering/binding.dart:495:5)
#930    SchedulerBinding._invokeFrameCallback (package:flutter/src/scheduler/binding.dart:1430:15)
#931    SchedulerBinding.handleDrawFrame (package:flutter/src/scheduler/binding.dart:1345:9)
#932    AutomatedTestWidgetsFlutterBinding.pump.<anonymous closure> (package:flutter_test/src/binding.dart:1960:9)
#935    TestAsyncUtils.guard (package:flutter_test/src/test_async_utils.dart:74:41)
#936    AutomatedTestWidgetsFlutterBinding.pump (package:flutter_test/src/binding.dart:1949:27)
#937    WidgetTester.pumpWidget.<anonymous closure> (package:flutter_test/src/widget_tester.dart:598:22)
#940    TestAsyncUtils.guard (package:flutter_test/src/test_async_utils.dart:74:41)
#941    WidgetTester.pumpWidget (package:flutter_test/src/widget_tester.dart:595:27)
#942    main.<anonymous closure>.<anonymous closure>.<anonymous closure> (file:///C:/Users/NAGAR/IdeaProjects/fard-2/.worktrees/test-remediation/test/features/settings/widget_preview_widget_test.dart:80:22)
#943    testWidgets.<anonymous closure>.<anonymous closure> (package:flutter_test/src/widget_tester.dart:192:29)
<asynchronous suspension>
#944    TestWidgetsFlutterBinding._runTestBody (package:flutter_test/src/binding.dart:1682:5)
<asynchronous suspension>
<asynchronous suspension>
(elided 5 frames from dart:async and package:stack_trace)

ΓòÉΓòÉΓòÉΓòÉΓòÉΓòÉΓòÉΓòÉΓòÉΓòÉΓòÉΓòÉΓòÉΓòÉΓòÉΓòÉΓòÉΓòÉΓòÉΓòÉΓòÉΓòÉΓòÉΓòÉΓòÉΓòÉΓòÉΓòÉΓòÉΓòÉΓòÉΓòÉΓòÉΓòÉΓòÉΓòÉΓòÉΓòÉΓòÉΓòÉΓòÉΓòÉΓòÉΓòÉΓòÉΓòÉΓòÉΓòÉΓòÉΓòÉΓòÉΓòÉΓòÉΓòÉΓòÉΓòÉΓòÉΓòÉΓòÉΓòÉΓòÉΓòÉΓòÉΓòÉΓòÉΓòÉΓòÉΓòÉΓòÉΓòÉΓòÉΓòÉΓòÉΓòÉΓòÉΓòÉΓòÉΓòÉΓòÉΓòÉΓòÉΓòÉΓòÉΓòÉΓòÉΓòÉΓòÉΓòÉΓòÉΓòÉΓòÉΓòÉΓòÉΓòÉΓòÉΓòÉΓòÉΓòÉΓòÉΓòÉ
ΓòÉΓòÉΓòí EXCEPTION CAUGHT BY FLUTTER TEST FRAMEWORK Γò₧ΓòÉΓòÉΓòÉΓòÉΓòÉΓòÉΓòÉΓòÉΓòÉΓòÉΓòÉΓòÉΓòÉΓòÉΓòÉΓòÉΓòÉΓòÉΓòÉΓòÉΓòÉΓòÉΓòÉΓòÉΓòÉΓòÉΓòÉΓòÉΓòÉΓòÉΓòÉΓòÉΓòÉΓòÉΓòÉΓòÉΓòÉΓòÉΓòÉΓòÉΓòÉΓòÉΓòÉΓòÉΓòÉΓòÉΓòÉΓòÉΓòÉΓòÉΓòÉΓòÉ
The following TestFailure was thrown running a test:
Expected: exactly one matching candidate
  Actual: _TextWidgetFinder:<Found 0 widgets with text "Tuesday, Apr 14, 2026": []>
   Which: means none were found but one was expected

When the exception was thrown, this was the stack:
#4      main.<anonymous closure>.<anonymous closure>.<anonymous closure> (file:///C:/Users/NAGAR/IdeaProjects/fard-2/.worktrees/test-remediation/test/features/settings/widget_preview_widget_test.dart:91:9)
<asynchronous suspension>
#5      testWidgets.<anonymous closure>.<anonymous closure> (package:flutter_test/src/widget_tester.dart:192:15)
<asynchronous suspension>
#6      TestWidgetsFlutterBinding._runTestBody (package:flutter_test/src/binding.dart:1682:5)
<asynchronous suspension>
<asynchronous suspension>
(elided one frame from package:stack_trace)

This was caught by the test expectation on the following line:
  file:///C:/Users/NAGAR/IdeaProjects/fard-2/.worktrees/test-remediation/test/features/settings/widget_preview_widget_test.dart line 91
The test description was:
  shows date header
ΓòÉΓòÉΓòÉΓòÉΓòÉΓòÉΓòÉΓòÉΓòÉΓòÉΓòÉΓòÉΓòÉΓòÉΓòÉΓòÉΓòÉΓòÉΓòÉΓòÉΓòÉΓòÉΓòÉΓòÉΓòÉΓòÉΓòÉΓòÉΓòÉΓòÉΓòÉΓòÉΓòÉΓòÉΓòÉΓòÉΓòÉΓòÉΓòÉΓòÉΓòÉΓòÉΓòÉΓòÉΓòÉΓòÉΓòÉΓòÉΓòÉΓòÉΓòÉΓòÉΓòÉΓòÉΓòÉΓòÉΓòÉΓòÉΓòÉΓòÉΓòÉΓòÉΓòÉΓòÉΓòÉΓòÉΓòÉΓòÉΓòÉΓòÉΓòÉΓòÉΓòÉΓòÉΓòÉΓòÉΓòÉΓòÉΓòÉΓòÉΓòÉΓòÉΓòÉΓòÉΓòÉΓòÉΓòÉΓòÉΓòÉΓòÉΓòÉΓòÉΓòÉΓòÉΓòÉΓòÉΓòÉΓòÉΓòÉΓòÉ
ΓòÉΓòÉΓòí EXCEPTION CAUGHT BY FLUTTER TEST FRAMEWORK Γò₧ΓòÉΓòÉΓòÉΓòÉΓòÉΓòÉΓòÉΓòÉΓòÉΓòÉΓòÉΓòÉΓòÉΓòÉΓòÉΓòÉΓòÉΓòÉΓòÉΓòÉΓòÉΓòÉΓòÉΓòÉΓòÉΓòÉΓòÉΓòÉΓòÉΓòÉΓòÉΓòÉΓòÉΓòÉΓòÉΓòÉΓòÉΓòÉΓòÉΓòÉΓòÉΓòÉΓòÉΓòÉΓòÉΓòÉΓòÉΓòÉΓòÉΓòÉΓòÉΓòÉ
The following message was thrown:
Multiple exceptions (2) were detected during the running of the current test, and at least one was
unexpected.
ΓòÉΓòÉΓòÉΓòÉΓòÉΓòÉΓòÉΓòÉΓòÉΓòÉΓòÉΓòÉΓòÉΓòÉΓòÉΓòÉΓòÉΓòÉΓòÉΓòÉΓòÉΓòÉΓòÉΓòÉΓòÉΓòÉΓòÉΓòÉΓòÉΓòÉΓòÉΓòÉΓòÉΓòÉΓòÉΓòÉΓòÉΓòÉΓòÉΓòÉΓòÉΓòÉΓòÉΓòÉΓòÉΓòÉΓòÉΓòÉΓòÉΓòÉΓòÉΓòÉΓòÉΓòÉΓòÉΓòÉΓòÉΓòÉΓòÉΓòÉΓòÉΓòÉΓòÉΓòÉΓòÉΓòÉΓòÉΓòÉΓòÉΓòÉΓòÉΓòÉΓòÉΓòÉΓòÉΓòÉΓòÉΓòÉΓòÉΓòÉΓòÉΓòÉΓòÉΓòÉΓòÉΓòÉΓòÉΓòÉΓòÉΓòÉΓòÉΓòÉΓòÉΓòÉΓòÉΓòÉΓòÉΓòÉΓòÉΓòÉ
+291 -23: C:/Users/NAGAR/IdeaProjects/fard-2/.worktrees/test-remediation/test/features/settings/widget_preview_widget_test.dart: WidgetPreview widget tests Prayer schedule layout shows date header [E]
  Test failed. See exception logs above.
  The test description was: shows date header
  
+291 -23: C:/Users/NAGAR/IdeaProjects/fard-2/.worktrees/test-remediation/test/features/settings/widget_preview_widget_test.dart: WidgetPreview widget tests Prayer schedule layout highlights next prayer (Asr)
ΓòÉΓòÉΓòí EXCEPTION CAUGHT BY WIDGETS LIBRARY Γò₧ΓòÉΓòÉΓòÉΓòÉΓòÉΓòÉΓòÉΓòÉΓòÉΓòÉΓòÉΓòÉΓòÉΓòÉΓòÉΓòÉΓòÉΓòÉΓòÉΓòÉΓòÉΓòÉΓòÉΓòÉΓòÉΓòÉΓòÉΓòÉΓòÉΓòÉΓòÉΓòÉΓòÉΓòÉΓòÉΓòÉΓòÉΓòÉΓòÉΓòÉΓòÉΓòÉΓòÉΓòÉΓòÉΓòÉΓòÉΓòÉΓòÉΓòÉΓòÉΓòÉΓòÉΓòÉΓòÉΓòÉΓòÉΓòÉΓòÉ
The following _TypeError was thrown building WidgetPreview(dirty, dependencies:
[_LocalizationsScope-[GlobalKey#96639]]):
Null check operator used on a null value

The relevant error-causing widget was:
  WidgetPreview
  WidgetPreview:file:///C:/Users/NAGAR/IdeaProjects/fard-2/.worktrees/test-remediation/test/features/settings/widget_preview_widget_test.dart:99:21

When the exception was thrown, this was the stack:
#0      WidgetPreview.build (package:fard/features/settings/presentation/widgets/widget_preview.dart:22:46)
#1      StatelessElement.build (package:flutter/src/widgets/framework.dart:5889:49)
#2      ComponentElement.performRebuild (package:flutter/src/widgets/framework.dart:5817:15)
#3      Element.rebuild (package:flutter/src/widgets/framework.dart:5529:7)
#4      ComponentElement._firstBuild (package:flutter/src/widgets/framework.dart:5799:5)
#5      ComponentElement.mount (package:flutter/src/widgets/framework.dart:5793:5)
...     Normal element mounting (25 frames)
#30     Element.inflateWidget (package:flutter/src/widgets/framework.dart:4587:20)
#31     MultiChildRenderObjectElement.inflateWidget (package:flutter/src/widgets/framework.dart:7264:36)
#32     MultiChildRenderObjectElement.mount (package:flutter/src/widgets/framework.dart:7279:32)
...     Normal element mounting (364 frames)
#396    Element.inflateWidget (package:flutter/src/widgets/framework.dart:4587:20)
#397    MultiChildRenderObjectElement.inflateWidget (package:flutter/src/widgets/framework.dart:7264:36)
#398    MultiChildRenderObjectElement.mount (package:flutter/src/widgets/framework.dart:7279:32)
...     Normal element mounting (467 frames)
#865    Element.inflateWidget (package:flutter/src/widgets/framework.dart:4587:20)
#866    Element.updateChild (package:flutter/src/widgets/framework.dart:4053:20)
#867    ComponentElement.performRebuild (package:flutter/src/widgets/framework.dart:5841:16)
#868    Element.rebuild (package:flutter/src/widgets/framework.dart:5529:7)
#869    ProxyElement.update (package:flutter/src/widgets/framework.dart:6149:5)
#870    _InheritedNotifierElement.update (package:flutter/src/widgets/inherited_notifier.dart:108:11)
#871    Element.updateChild (package:flutter/src/widgets/framework.dart:4037:15)
#872    ComponentElement.performRebuild (package:flutter/src/widgets/framework.dart:5841:16)
#873    StatefulElement.performRebuild (package:flutter/src/widgets/framework.dart:5982:11)
#874    Element.rebuild (package:flutter/src/widgets/framework.dart:5529:7)
#875    StatefulElement.update (package:flutter/src/widgets/framework.dart:6007:5)
#876    Element.updateChild (package:flutter/src/widgets/framework.dart:4037:15)
#877    ComponentElement.performRebuild (package:flutter/src/widgets/framework.dart:5841:16)
#878    Element.rebuild (package:flutter/src/widgets/framework.dart:5529:7)
#879    ProxyElement.update (package:flutter/src/widgets/framework.dart:6149:5)
#880    _InheritedNotifierElement.update (package:flutter/src/widgets/inherited_notifier.dart:108:11)
#881    Element.updateChild (package:flutter/src/widgets/framework.dart:4037:15)
#882    ComponentElement.performRebuild (package:flutter/src/widgets/framework.dart:5841:16)
#883    StatefulElement.performRebuild (package:flutter/src/widgets/framework.dart:5982:11)
#884    Element.rebuild (package:flutter/src/widgets/framework.dart:5529:7)
#885    StatefulElement.update (package:flutter/src/widgets/framework.dart:6007:5)
#886    Element.updateChild (package:flutter/src/widgets/framework.dart:4037:15)
#887    ComponentElement.performRebuild (package:flutter/src/widgets/framework.dart:5841:16)
#888    StatefulElement.performRebuild (package:flutter/src/widgets/framework.dart:5982:11)
#889    Element.rebuild (package:flutter/src/widgets/framework.dart:5529:7)
#890    StatefulElement.update (package:flutter/src/widgets/framework.dart:6007:5)
#891    Element.updateChild (package:flutter/src/widgets/framework.dart:4037:15)
#892    ComponentElement.performRebuild (package:flutter/src/widgets/framework.dart:5841:16)
#893    Element.rebuild (package:flutter/src/widgets/framework.dart:5529:7)
#894    ProxyElement.update (package:flutter/src/widgets/framework.dart:6149:5)
#895    Element.updateChild (package:flutter/src/widgets/framework.dart:4037:15)
#896    ComponentElement.performRebuild (package:flutter/src/widgets/framework.dart:5841:16)
#897    StatefulElement.performRebuild (package:flutter/src/widgets/framework.dart:5982:11)
#898    Element.rebuild (package:flutter/src/widgets/framework.dart:5529:7)
#899    StatefulElement.update (package:flutter/src/widgets/framework.dart:6007:5)
#900    Element.updateChild (package:flutter/src/widgets/framework.dart:4037:15)
#901    ComponentElement.performRebuild (package:flutter/src/widgets/framework.dart:5841:16)
#902    Element.rebuild (package:flutter/src/widgets/framework.dart:5529:7)
#903    ProxyElement.update (package:flutter/src/widgets/framework.dart:6149:5)
#904    Element.updateChild (package:flutter/src/widgets/framework.dart:4037:15)
#905    ComponentElement.performRebuild (package:flutter/src/widgets/framework.dart:5841:16)
#906    Element.rebuild (package:flutter/src/widgets/framework.dart:5529:7)
#907    ProxyElement.update (package:flutter/src/widgets/framework.dart:6149:5)
#908    Element.updateChild (package:flutter/src/widgets/framework.dart:4037:15)
#909    _RawViewElement._updateChild (package:flutter/src/widgets/view.dart:481:16)
#910    _RawViewElement.update (package:flutter/src/widgets/view.dart:568:5)
#911    Element.updateChild (package:flutter/src/widgets/framework.dart:4037:15)
#912    ComponentElement.performRebuild (package:flutter/src/widgets/framework.dart:5841:16)
#913    Element.rebuild (package:flutter/src/widgets/framework.dart:5529:7)
#914    StatelessElement.update (package:flutter/src/widgets/framework.dart:5895:5)
#915    Element.updateChild (package:flutter/src/widgets/framework.dart:4037:15)
#916    ComponentElement.performRebuild (package:flutter/src/widgets/framework.dart:5841:16)
#917    StatefulElement.performRebuild (package:flutter/src/widgets/framework.dart:5982:11)
#918    Element.rebuild (package:flutter/src/widgets/framework.dart:5529:7)
#919    StatefulElement.update (package:flutter/src/widgets/framework.dart:6007:5)
#920    Element.updateChild (package:flutter/src/widgets/framework.dart:4037:15)
#921    RootElement._rebuild (package:flutter/src/widgets/binding.dart:1822:16)
#922    RootElement.update (package:flutter/src/widgets/binding.dart:1800:5)
#923    RootElement.performRebuild (package:flutter/src/widgets/binding.dart:1814:7)
#924    Element.rebuild (package:flutter/src/widgets/framework.dart:5529:7)
#925    BuildScope._tryRebuild (package:flutter/src/widgets/framework.dart:2750:15)
#926    BuildScope._flushDirtyElements (package:flutter/src/widgets/framework.dart:2807:11)
#927    BuildOwner.buildScope (package:flutter/src/widgets/framework.dart:3111:18)
#928    AutomatedTestWidgetsFlutterBinding.drawFrame (package:flutter_test/src/binding.dart:2131:19)
#929    RendererBinding._handlePersistentFrameCallback (package:flutter/src/rendering/binding.dart:495:5)
#930    SchedulerBinding._invokeFrameCallback (package:flutter/src/scheduler/binding.dart:1430:15)
#931    SchedulerBinding.handleDrawFrame (package:flutter/src/scheduler/binding.dart:1345:9)
#932    AutomatedTestWidgetsFlutterBinding.pump.<anonymous closure> (package:flutter_test/src/binding.dart:1960:9)
#935    TestAsyncUtils.guard (package:flutter_test/src/test_async_utils.dart:74:41)
#936    AutomatedTestWidgetsFlutterBinding.pump (package:flutter_test/src/binding.dart:1949:27)
#937    WidgetTester.pumpWidget.<anonymous closure> (package:flutter_test/src/widget_tester.dart:598:22)
#940    TestAsyncUtils.guard (package:flutter_test/src/test_async_utils.dart:74:41)
#941    WidgetTester.pumpWidget (package:flutter_test/src/widget_tester.dart:595:27)
#942    main.<anonymous closure>.<anonymous closure>.<anonymous closure> (file:///C:/Users/NAGAR/IdeaProjects/fard-2/.worktrees/test-remediation/test/features/settings/widget_preview_widget_test.dart:96:22)
#943    testWidgets.<anonymous closure>.<anonymous closure> (package:flutter_test/src/widget_tester.dart:192:29)
<asynchronous suspension>
#944    TestWidgetsFlutterBinding._runTestBody (package:flutter_test/src/binding.dart:1682:5)
<asynchronous suspension>
<asynchronous suspension>
(elided 5 frames from dart:async and package:stack_trace)

ΓòÉΓòÉΓòÉΓòÉΓòÉΓòÉΓòÉΓòÉΓòÉΓòÉΓòÉΓòÉΓòÉΓòÉΓòÉΓòÉΓòÉΓòÉΓòÉΓòÉΓòÉΓòÉΓòÉΓòÉΓòÉΓòÉΓòÉΓòÉΓòÉΓòÉΓòÉΓòÉΓòÉΓòÉΓòÉΓòÉΓòÉΓòÉΓòÉΓòÉΓòÉΓòÉΓòÉΓòÉΓòÉΓòÉΓòÉΓòÉΓòÉΓòÉΓòÉΓòÉΓòÉΓòÉΓòÉΓòÉΓòÉΓòÉΓòÉΓòÉΓòÉΓòÉΓòÉΓòÉΓòÉΓòÉΓòÉΓòÉΓòÉΓòÉΓòÉΓòÉΓòÉΓòÉΓòÉΓòÉΓòÉΓòÉΓòÉΓòÉΓòÉΓòÉΓòÉΓòÉΓòÉΓòÉΓòÉΓòÉΓòÉΓòÉΓòÉΓòÉΓòÉΓòÉΓòÉΓòÉΓòÉΓòÉΓòÉΓòÉ
ΓòÉΓòÉΓòí EXCEPTION CAUGHT BY FLUTTER TEST FRAMEWORK Γò₧ΓòÉΓòÉΓòÉΓòÉΓòÉΓòÉΓòÉΓòÉΓòÉΓòÉΓòÉΓòÉΓòÉΓòÉΓòÉΓòÉΓòÉΓòÉΓòÉΓòÉΓòÉΓòÉΓòÉΓòÉΓòÉΓòÉΓòÉΓòÉΓòÉΓòÉΓòÉΓòÉΓòÉΓòÉΓòÉΓòÉΓòÉΓòÉΓòÉΓòÉΓòÉΓòÉΓòÉΓòÉΓòÉΓòÉΓòÉΓòÉΓòÉΓòÉΓòÉΓòÉ
The following TestFailure was thrown running a test:
Expected: exactly one matching candidate
  Actual: _TextWidgetFinder:<Found 0 widgets with text "Asr": []>
   Which: means none were found but one was expected

When the exception was thrown, this was the stack:
#4      main.<anonymous closure>.<anonymous closure>.<anonymous closure> (file:///C:/Users/NAGAR/IdeaProjects/fard-2/.worktrees/test-remediation/test/features/settings/widget_preview_widget_test.dart:109:9)
<asynchronous suspension>
#5      testWidgets.<anonymous closure>.<anonymous closure> (package:flutter_test/src/widget_tester.dart:192:15)
<asynchronous suspension>
#6      TestWidgetsFlutterBinding._runTestBody (package:flutter_test/src/binding.dart:1682:5)
<asynchronous suspension>
<asynchronous suspension>
(elided one frame from package:stack_trace)

This was caught by the test expectation on the following line:
  file:///C:/Users/NAGAR/IdeaProjects/fard-2/.worktrees/test-remediation/test/features/settings/widget_preview_widget_test.dart line 109
The test description was:
  highlights next prayer (Asr)
ΓòÉΓòÉΓòÉΓòÉΓòÉΓòÉΓòÉΓòÉΓòÉΓòÉΓòÉΓòÉΓòÉΓòÉΓòÉΓòÉΓòÉΓòÉΓòÉΓòÉΓòÉΓòÉΓòÉΓòÉΓòÉΓòÉΓòÉΓòÉΓòÉΓòÉΓòÉΓòÉΓòÉΓòÉΓòÉΓòÉΓòÉΓòÉΓòÉΓòÉΓòÉΓòÉΓòÉΓòÉΓòÉΓòÉΓòÉΓòÉΓòÉΓòÉΓòÉΓòÉΓòÉΓòÉΓòÉΓòÉΓòÉΓòÉΓòÉΓòÉΓòÉΓòÉΓòÉΓòÉΓòÉΓòÉΓòÉΓòÉΓòÉΓòÉΓòÉΓòÉΓòÉΓòÉΓòÉΓòÉΓòÉΓòÉΓòÉΓòÉΓòÉΓòÉΓòÉΓòÉΓòÉΓòÉΓòÉΓòÉΓòÉΓòÉΓòÉΓòÉΓòÉΓòÉΓòÉΓòÉΓòÉΓòÉΓòÉΓòÉ
ΓòÉΓòÉΓòí EXCEPTION CAUGHT BY FLUTTER TEST FRAMEWORK Γò₧ΓòÉΓòÉΓòÉΓòÉΓòÉΓòÉΓòÉΓòÉΓòÉΓòÉΓòÉΓòÉΓòÉΓòÉΓòÉΓòÉΓòÉΓòÉΓòÉΓòÉΓòÉΓòÉΓòÉΓòÉΓòÉΓòÉΓòÉΓòÉΓòÉΓòÉΓòÉΓòÉΓòÉΓòÉΓòÉΓòÉΓòÉΓòÉΓòÉΓòÉΓòÉΓòÉΓòÉΓòÉΓòÉΓòÉΓòÉΓòÉΓòÉΓòÉΓòÉΓòÉ
The following message was thrown:
Multiple exceptions (2) were detected during the running of the current test, and at least one was
unexpected.
ΓòÉΓòÉΓòÉΓòÉΓòÉΓòÉΓòÉΓòÉΓòÉΓòÉΓòÉΓòÉΓòÉΓòÉΓòÉΓòÉΓòÉΓòÉΓòÉΓòÉΓòÉΓòÉΓòÉΓòÉΓòÉΓòÉΓòÉΓòÉΓòÉΓòÉΓòÉΓòÉΓòÉΓòÉΓòÉΓòÉΓòÉΓòÉΓòÉΓòÉΓòÉΓòÉΓòÉΓòÉΓòÉΓòÉΓòÉΓòÉΓòÉΓòÉΓòÉΓòÉΓòÉΓòÉΓòÉΓòÉΓòÉΓòÉΓòÉΓòÉΓòÉΓòÉΓòÉΓòÉΓòÉΓòÉΓòÉΓòÉΓòÉΓòÉΓòÉΓòÉΓòÉΓòÉΓòÉΓòÉΓòÉΓòÉΓòÉΓòÉΓòÉΓòÉΓòÉΓòÉΓòÉΓòÉΓòÉΓòÉΓòÉΓòÉΓòÉΓòÉΓòÉΓòÉΓòÉΓòÉΓòÉΓòÉΓòÉΓòÉ
+291 -24: C:/Users/NAGAR/IdeaProjects/fard-2/.worktrees/test-remediation/test/features/settings/widget_preview_widget_test.dart: WidgetPreview widget tests Prayer schedule layout highlights next prayer (Asr) [E]
  Test failed. See exception logs above.
  The test description was: highlights next prayer (Asr)
  
+291 -24: C:/Users/NAGAR/IdeaProjects/fard-2/.worktrees/test-remediation/test/features/settings/widget_preview_widget_test.dart: WidgetPreview widget tests Countdown layout shows next prayer label
ΓòÉΓòÉΓòí EXCEPTION CAUGHT BY WIDGETS LIBRARY Γò₧ΓòÉΓòÉΓòÉΓòÉΓòÉΓòÉΓòÉΓòÉΓòÉΓòÉΓòÉΓòÉΓòÉΓòÉΓòÉΓòÉΓòÉΓòÉΓòÉΓòÉΓòÉΓòÉΓòÉΓòÉΓòÉΓòÉΓòÉΓòÉΓòÉΓòÉΓòÉΓòÉΓòÉΓòÉΓòÉΓòÉΓòÉΓòÉΓòÉΓòÉΓòÉΓòÉΓòÉΓòÉΓòÉΓòÉΓòÉΓòÉΓòÉΓòÉΓòÉΓòÉΓòÉΓòÉΓòÉΓòÉΓòÉΓòÉΓòÉ
The following _TypeError was thrown building WidgetPreview(dirty, dependencies:
[_LocalizationsScope-[GlobalKey#8e34d]]):
Null check operator used on a null value

The relevant error-causing widget was:
  WidgetPreview
  WidgetPreview:file:///C:/Users/NAGAR/IdeaProjects/fard-2/.worktrees/test-remediation/test/features/settings/widget_preview_widget_test.dart:118:21

When the exception was thrown, this was the stack:
#0      WidgetPreview.build (package:fard/features/settings/presentation/widgets/widget_preview.dart:22:46)
#1      StatelessElement.build (package:flutter/src/widgets/framework.dart:5889:49)
#2      ComponentElement.performRebuild (package:flutter/src/widgets/framework.dart:5817:15)
#3      Element.rebuild (package:flutter/src/widgets/framework.dart:5529:7)
#4      ComponentElement._firstBuild (package:flutter/src/widgets/framework.dart:5799:5)
#5      ComponentElement.mount (package:flutter/src/widgets/framework.dart:5793:5)
...     Normal element mounting (25 frames)
#30     Element.inflateWidget (package:flutter/src/widgets/framework.dart:4587:20)
#31     MultiChildRenderObjectElement.inflateWidget (package:flutter/src/widgets/framework.dart:7264:36)
#32     MultiChildRenderObjectElement.mount (package:flutter/src/widgets/framework.dart:7279:32)
...     Normal element mounting (364 frames)
#396    Element.inflateWidget (package:flutter/src/widgets/framework.dart:4587:20)
#397    MultiChildRenderObjectElement.inflateWidget (package:flutter/src/widgets/framework.dart:7264:36)
#398    MultiChildRenderObjectElement.mount (package:flutter/src/widgets/framework.dart:7279:32)
...     Normal element mounting (467 frames)
#865    Element.inflateWidget (package:flutter/src/widgets/framework.dart:4587:20)
#866    Element.updateChild (package:flutter/src/widgets/framework.dart:4053:20)
#867    ComponentElement.performRebuild (package:flutter/src/widgets/framework.dart:5841:16)
#868    Element.rebuild (package:flutter/src/widgets/framework.dart:5529:7)
#869    ProxyElement.update (package:flutter/src/widgets/framework.dart:6149:5)
#870    _InheritedNotifierElement.update (package:flutter/src/widgets/inherited_notifier.dart:108:11)
#871    Element.updateChild (package:flutter/src/widgets/framework.dart:4037:15)
#872    ComponentElement.performRebuild (package:flutter/src/widgets/framework.dart:5841:16)
#873    StatefulElement.performRebuild (package:flutter/src/widgets/framework.dart:5982:11)
#874    Element.rebuild (package:flutter/src/widgets/framework.dart:5529:7)
#875    StatefulElement.update (package:flutter/src/widgets/framework.dart:6007:5)
#876    Element.updateChild (package:flutter/src/widgets/framework.dart:4037:15)
#877    ComponentElement.performRebuild (package:flutter/src/widgets/framework.dart:5841:16)
#878    Element.rebuild (package:flutter/src/widgets/framework.dart:5529:7)
#879    ProxyElement.update (package:flutter/src/widgets/framework.dart:6149:5)
#880    _InheritedNotifierElement.update (package:flutter/src/widgets/inherited_notifier.dart:108:11)
#881    Element.updateChild (package:flutter/src/widgets/framework.dart:4037:15)
#882    ComponentElement.performRebuild (package:flutter/src/widgets/framework.dart:5841:16)
#883    StatefulElement.performRebuild (package:flutter/src/widgets/framework.dart:5982:11)
#884    Element.rebuild (package:flutter/src/widgets/framework.dart:5529:7)
#885    StatefulElement.update (package:flutter/src/widgets/framework.dart:6007:5)
#886    Element.updateChild (package:flutter/src/widgets/framework.dart:4037:15)
#887    ComponentElement.performRebuild (package:flutter/src/widgets/framework.dart:5841:16)
#888    StatefulElement.performRebuild (package:flutter/src/widgets/framework.dart:5982:11)
#889    Element.rebuild (package:flutter/src/widgets/framework.dart:5529:7)
#890    StatefulElement.update (package:flutter/src/widgets/framework.dart:6007:5)
#891    Element.updateChild (package:flutter/src/widgets/framework.dart:4037:15)
#892    ComponentElement.performRebuild (package:flutter/src/widgets/framework.dart:5841:16)
#893    Element.rebuild (package:flutter/src/widgets/framework.dart:5529:7)
#894    ProxyElement.update (package:flutter/src/widgets/framework.dart:6149:5)
#895    Element.updateChild (package:flutter/src/widgets/framework.dart:4037:15)
#896    ComponentElement.performRebuild (package:flutter/src/widgets/framework.dart:5841:16)
#897    StatefulElement.performRebuild (package:flutter/src/widgets/framework.dart:5982:11)
#898    Element.rebuild (package:flutter/src/widgets/framework.dart:5529:7)
#899    StatefulElement.update (package:flutter/src/widgets/framework.dart:6007:5)
#900    Element.updateChild (package:flutter/src/widgets/framework.dart:4037:15)
#901    ComponentElement.performRebuild (package:flutter/src/widgets/framework.dart:5841:16)
#902    Element.rebuild (package:flutter/src/widgets/framework.dart:5529:7)
#903    ProxyElement.update (package:flutter/src/widgets/framework.dart:6149:5)
#904    Element.updateChild (package:flutter/src/widgets/framework.dart:4037:15)
#905    ComponentElement.performRebuild (package:flutter/src/widgets/framework.dart:5841:16)
#906    Element.rebuild (package:flutter/src/widgets/framework.dart:5529:7)
#907    ProxyElement.update (package:flutter/src/widgets/framework.dart:6149:5)
#908    Element.updateChild (package:flutter/src/widgets/framework.dart:4037:15)
#909    _RawViewElement._updateChild (package:flutter/src/widgets/view.dart:481:16)
#910    _RawViewElement.update (package:flutter/src/widgets/view.dart:568:5)
#911    Element.updateChild (package:flutter/src/widgets/framework.dart:4037:15)
#912    ComponentElement.performRebuild (package:flutter/src/widgets/framework.dart:5841:16)
#913    Element.rebuild (package:flutter/src/widgets/framework.dart:5529:7)
#914    StatelessElement.update (package:flutter/src/widgets/framework.dart:5895:5)
#915    Element.updateChild (package:flutter/src/widgets/framework.dart:4037:15)
#916    ComponentElement.performRebuild (package:flutter/src/widgets/framework.dart:5841:16)
#917    StatefulElement.performRebuild (package:flutter/src/widgets/framework.dart:5982:11)
#918    Element.rebuild (package:flutter/src/widgets/framework.dart:5529:7)
#919    StatefulElement.update (package:flutter/src/widgets/framework.dart:6007:5)
#920    Element.updateChild (package:flutter/src/widgets/framework.dart:4037:15)
#921    RootElement._rebuild (package:flutter/src/widgets/binding.dart:1822:16)
#922    RootElement.update (package:flutter/src/widgets/binding.dart:1800:5)
#923    RootElement.performRebuild (package:flutter/src/widgets/binding.dart:1814:7)
#924    Element.rebuild (package:flutter/src/widgets/framework.dart:5529:7)
#925    BuildScope._tryRebuild (package:flutter/src/widgets/framework.dart:2750:15)
#926    BuildScope._flushDirtyElements (package:flutter/src/widgets/framework.dart:2807:11)
#927    BuildOwner.buildScope (package:flutter/src/widgets/framework.dart:3111:18)
#928    AutomatedTestWidgetsFlutterBinding.drawFrame (package:flutter_test/src/binding.dart:2131:19)
#929    RendererBinding._handlePersistentFrameCallback (package:flutter/src/rendering/binding.dart:495:5)
#930    SchedulerBinding._invokeFrameCallback (package:flutter/src/scheduler/binding.dart:1430:15)
#931    SchedulerBinding.handleDrawFrame (package:flutter/src/scheduler/binding.dart:1345:9)
#932    AutomatedTestWidgetsFlutterBinding.pump.<anonymous closure> (package:flutter_test/src/binding.dart:1960:9)
#935    TestAsyncUtils.guard (package:flutter_test/src/test_async_utils.dart:74:41)
#936    AutomatedTestWidgetsFlutterBinding.pump (package:flutter_test/src/binding.dart:1949:27)
#937    WidgetTester.pumpWidget.<anonymous closure> (package:flutter_test/src/widget_tester.dart:598:22)
#940    TestAsyncUtils.guard (package:flutter_test/src/test_async_utils.dart:74:41)
#941    WidgetTester.pumpWidget (package:flutter_test/src/widget_tester.dart:595:27)
#942    main.<anonymous closure>.<anonymous closure>.<anonymous closure> (file:///C:/Users/NAGAR/IdeaProjects/fard-2/.worktrees/test-remediation/test/features/settings/widget_preview_widget_test.dart:115:22)
#943    testWidgets.<anonymous closure>.<anonymous closure> (package:flutter_test/src/widget_tester.dart:192:29)
<asynchronous suspension>
#944    TestWidgetsFlutterBinding._runTestBody (package:flutter_test/src/binding.dart:1682:5)
<asynchronous suspension>
<asynchronous suspension>
(elided 5 frames from dart:async and package:stack_trace)

ΓòÉΓòÉΓòÉΓòÉΓòÉΓòÉΓòÉΓòÉΓòÉΓòÉΓòÉΓòÉΓòÉΓòÉΓòÉΓòÉΓòÉΓòÉΓòÉΓòÉΓòÉΓòÉΓòÉΓòÉΓòÉΓòÉΓòÉΓòÉΓòÉΓòÉΓòÉΓòÉΓòÉΓòÉΓòÉΓòÉΓòÉΓòÉΓòÉΓòÉΓòÉΓòÉΓòÉΓòÉΓòÉΓòÉΓòÉΓòÉΓòÉΓòÉΓòÉΓòÉΓòÉΓòÉΓòÉΓòÉΓòÉΓòÉΓòÉΓòÉΓòÉΓòÉΓòÉΓòÉΓòÉΓòÉΓòÉΓòÉΓòÉΓòÉΓòÉΓòÉΓòÉΓòÉΓòÉΓòÉΓòÉΓòÉΓòÉΓòÉΓòÉΓòÉΓòÉΓòÉΓòÉΓòÉΓòÉΓòÉΓòÉΓòÉΓòÉΓòÉΓòÉΓòÉΓòÉΓòÉΓòÉΓòÉΓòÉΓòÉ
ΓòÉΓòÉΓòí EXCEPTION CAUGHT BY FLUTTER TEST FRAMEWORK Γò₧ΓòÉΓòÉΓòÉΓòÉΓòÉΓòÉΓòÉΓòÉΓòÉΓòÉΓòÉΓòÉΓòÉΓòÉΓòÉΓòÉΓòÉΓòÉΓòÉΓòÉΓòÉΓòÉΓòÉΓòÉΓòÉΓòÉΓòÉΓòÉΓòÉΓòÉΓòÉΓòÉΓòÉΓòÉΓòÉΓòÉΓòÉΓòÉΓòÉΓòÉΓòÉΓòÉΓòÉΓòÉΓòÉΓòÉΓòÉΓòÉΓòÉΓòÉΓòÉΓòÉ
The following TestFailure was thrown running a test:
Expected: exactly one matching candidate
  Actual: _TextWidgetFinder:<Found 0 widgets with text "Next Prayer": []>
   Which: means none were found but one was expected

When the exception was thrown, this was the stack:
#4      main.<anonymous closure>.<anonymous closure>.<anonymous closure> (file:///C:/Users/NAGAR/IdeaProjects/fard-2/.worktrees/test-remediation/test/features/settings/widget_preview_widget_test.dart:126:9)
<asynchronous suspension>
#5      testWidgets.<anonymous closure>.<anonymous closure> (package:flutter_test/src/widget_tester.dart:192:15)
<asynchronous suspension>
#6      TestWidgetsFlutterBinding._runTestBody (package:flutter_test/src/binding.dart:1682:5)
<asynchronous suspension>
<asynchronous suspension>
(elided one frame from package:stack_trace)

This was caught by the test expectation on the following line:
  file:///C:/Users/NAGAR/IdeaProjects/fard-2/.worktrees/test-remediation/test/features/settings/widget_preview_widget_test.dart line 126
The test description was:
  shows next prayer label
ΓòÉΓòÉΓòÉΓòÉΓòÉΓòÉΓòÉΓòÉΓòÉΓòÉΓòÉΓòÉΓòÉΓòÉΓòÉΓòÉΓòÉΓòÉΓòÉΓòÉΓòÉΓòÉΓòÉΓòÉΓòÉΓòÉΓòÉΓòÉΓòÉΓòÉΓòÉΓòÉΓòÉΓòÉΓòÉΓòÉΓòÉΓòÉΓòÉΓòÉΓòÉΓòÉΓòÉΓòÉΓòÉΓòÉΓòÉΓòÉΓòÉΓòÉΓòÉΓòÉΓòÉΓòÉΓòÉΓòÉΓòÉΓòÉΓòÉΓòÉΓòÉΓòÉΓòÉΓòÉΓòÉΓòÉΓòÉΓòÉΓòÉΓòÉΓòÉΓòÉΓòÉΓòÉΓòÉΓòÉΓòÉΓòÉΓòÉΓòÉΓòÉΓòÉΓòÉΓòÉΓòÉΓòÉΓòÉΓòÉΓòÉΓòÉΓòÉΓòÉΓòÉΓòÉΓòÉΓòÉΓòÉΓòÉΓòÉΓòÉ
ΓòÉΓòÉΓòí EXCEPTION CAUGHT BY FLUTTER TEST FRAMEWORK Γò₧ΓòÉΓòÉΓòÉΓòÉΓòÉΓòÉΓòÉΓòÉΓòÉΓòÉΓòÉΓòÉΓòÉΓòÉΓòÉΓòÉΓòÉΓòÉΓòÉΓòÉΓòÉΓòÉΓòÉΓòÉΓòÉΓòÉΓòÉΓòÉΓòÉΓòÉΓòÉΓòÉΓòÉΓòÉΓòÉΓòÉΓòÉΓòÉΓòÉΓòÉΓòÉΓòÉΓòÉΓòÉΓòÉΓòÉΓòÉΓòÉΓòÉΓòÉΓòÉΓòÉ
The following message was thrown:
Multiple exceptions (2) were detected during the running of the current test, and at least one was
unexpected.
ΓòÉΓòÉΓòÉΓòÉΓòÉΓòÉΓòÉΓòÉΓòÉΓòÉΓòÉΓòÉΓòÉΓòÉΓòÉΓòÉΓòÉΓòÉΓòÉΓòÉΓòÉΓòÉΓòÉΓòÉΓòÉΓòÉΓòÉΓòÉΓòÉΓòÉΓòÉΓòÉΓòÉΓòÉΓòÉΓòÉΓòÉΓòÉΓòÉΓòÉΓòÉΓòÉΓòÉΓòÉΓòÉΓòÉΓòÉΓòÉΓòÉΓòÉΓòÉΓòÉΓòÉΓòÉΓòÉΓòÉΓòÉΓòÉΓòÉΓòÉΓòÉΓòÉΓòÉΓòÉΓòÉΓòÉΓòÉΓòÉΓòÉΓòÉΓòÉΓòÉΓòÉΓòÉΓòÉΓòÉΓòÉΓòÉΓòÉΓòÉΓòÉΓòÉΓòÉΓòÉΓòÉΓòÉΓòÉΓòÉΓòÉΓòÉΓòÉΓòÉΓòÉΓòÉΓòÉΓòÉΓòÉΓòÉΓòÉΓòÉ
+291 -25: C:/Users/NAGAR/IdeaProjects/fard-2/.worktrees/test-remediation/test/features/settings/widget_preview_widget_test.dart: WidgetPreview widget tests Countdown layout shows next prayer label [E]
  Test failed. See exception logs above.
  The test description was: shows next prayer label
  
+295 -25: C:/Users/NAGAR/IdeaProjects/fard-2/.worktrees/test-remediation/test/features/settings/widget_preview_widget_test.dart: WidgetPreview widget tests RTL mode shows Arabic text in RTL mode for prayer schedule
ΓòÉΓòÉΓòí EXCEPTION CAUGHT BY WIDGETS LIBRARY Γò₧ΓòÉΓòÉΓòÉΓòÉΓòÉΓòÉΓòÉΓòÉΓòÉΓòÉΓòÉΓòÉΓòÉΓòÉΓòÉΓòÉΓòÉΓòÉΓòÉΓòÉΓòÉΓòÉΓòÉΓòÉΓòÉΓòÉΓòÉΓòÉΓòÉΓòÉΓòÉΓòÉΓòÉΓòÉΓòÉΓòÉΓòÉΓòÉΓòÉΓòÉΓòÉΓòÉΓòÉΓòÉΓòÉΓòÉΓòÉΓòÉΓòÉΓòÉΓòÉΓòÉΓòÉΓòÉΓòÉΓòÉΓòÉΓòÉΓòÉ
The following _TypeError was thrown building WidgetPreview(dirty, dependencies:
[_LocalizationsScope-[GlobalKey#d4caf]]):
Null check operator used on a null value

The relevant error-causing widget was:
  WidgetPreview
  WidgetPreview:file:///C:/Users/NAGAR/IdeaProjects/fard-2/.worktrees/test-remediation/test/features/settings/widget_preview_widget_test.dart:137:21

When the exception was thrown, this was the stack:
#0      WidgetPreview.build (package:fard/features/settings/presentation/widgets/widget_preview.dart:22:46)
#1      StatelessElement.build (package:flutter/src/widgets/framework.dart:5889:49)
#2      ComponentElement.performRebuild (package:flutter/src/widgets/framework.dart:5817:15)
#3      Element.rebuild (package:flutter/src/widgets/framework.dart:5529:7)
#4      ComponentElement._firstBuild (package:flutter/src/widgets/framework.dart:5799:5)
#5      ComponentElement.mount (package:flutter/src/widgets/framework.dart:5793:5)
...     Normal element mounting (25 frames)
#30     Element.inflateWidget (package:flutter/src/widgets/framework.dart:4587:20)
#31     MultiChildRenderObjectElement.inflateWidget (package:flutter/src/widgets/framework.dart:7264:36)
#32     MultiChildRenderObjectElement.mount (package:flutter/src/widgets/framework.dart:7279:32)
...     Normal element mounting (364 frames)
#396    Element.inflateWidget (package:flutter/src/widgets/framework.dart:4587:20)
#397    MultiChildRenderObjectElement.inflateWidget (package:flutter/src/widgets/framework.dart:7264:36)
#398    MultiChildRenderObjectElement.mount (package:flutter/src/widgets/framework.dart:7279:32)
...     Normal element mounting (467 frames)
#865    Element.inflateWidget (package:flutter/src/widgets/framework.dart:4587:20)
#866    Element.updateChild (package:flutter/src/widgets/framework.dart:4053:20)
#867    ComponentElement.performRebuild (package:flutter/src/widgets/framework.dart:5841:16)
#868    Element.rebuild (package:flutter/src/widgets/framework.dart:5529:7)
#869    ProxyElement.update (package:flutter/src/widgets/framework.dart:6149:5)
#870    _InheritedNotifierElement.update (package:flutter/src/widgets/inherited_notifier.dart:108:11)
#871    Element.updateChild (package:flutter/src/widgets/framework.dart:4037:15)
#872    ComponentElement.performRebuild (package:flutter/src/widgets/framework.dart:5841:16)
#873    StatefulElement.performRebuild (package:flutter/src/widgets/framework.dart:5982:11)
#874    Element.rebuild (package:flutter/src/widgets/framework.dart:5529:7)
#875    StatefulElement.update (package:flutter/src/widgets/framework.dart:6007:5)
#876    Element.updateChild (package:flutter/src/widgets/framework.dart:4037:15)
#877    ComponentElement.performRebuild (package:flutter/src/widgets/framework.dart:5841:16)
#878    Element.rebuild (package:flutter/src/widgets/framework.dart:5529:7)
#879    ProxyElement.update (package:flutter/src/widgets/framework.dart:6149:5)
#880    _InheritedNotifierElement.update (package:flutter/src/widgets/inherited_notifier.dart:108:11)
#881    Element.updateChild (package:flutter/src/widgets/framework.dart:4037:15)
#882    ComponentElement.performRebuild (package:flutter/src/widgets/framework.dart:5841:16)
#883    StatefulElement.performRebuild (package:flutter/src/widgets/framework.dart:5982:11)
#884    Element.rebuild (package:flutter/src/widgets/framework.dart:5529:7)
#885    StatefulElement.update (package:flutter/src/widgets/framework.dart:6007:5)
#886    Element.updateChild (package:flutter/src/widgets/framework.dart:4037:15)
#887    ComponentElement.performRebuild (package:flutter/src/widgets/framework.dart:5841:16)
#888    StatefulElement.performRebuild (package:flutter/src/widgets/framework.dart:5982:11)
#889    Element.rebuild (package:flutter/src/widgets/framework.dart:5529:7)
#890    StatefulElement.update (package:flutter/src/widgets/framework.dart:6007:5)
#891    Element.updateChild (package:flutter/src/widgets/framework.dart:4037:15)
#892    ComponentElement.performRebuild (package:flutter/src/widgets/framework.dart:5841:16)
#893    Element.rebuild (package:flutter/src/widgets/framework.dart:5529:7)
#894    ProxyElement.update (package:flutter/src/widgets/framework.dart:6149:5)
#895    Element.updateChild (package:flutter/src/widgets/framework.dart:4037:15)
#896    ComponentElement.performRebuild (package:flutter/src/widgets/framework.dart:5841:16)
#897    StatefulElement.performRebuild (package:flutter/src/widgets/framework.dart:5982:11)
#898    Element.rebuild (package:flutter/src/widgets/framework.dart:5529:7)
#899    StatefulElement.update (package:flutter/src/widgets/framework.dart:6007:5)
#900    Element.updateChild (package:flutter/src/widgets/framework.dart:4037:15)
#901    ComponentElement.performRebuild (package:flutter/src/widgets/framework.dart:5841:16)
#902    Element.rebuild (package:flutter/src/widgets/framework.dart:5529:7)
#903    ProxyElement.update (package:flutter/src/widgets/framework.dart:6149:5)
#904    Element.updateChild (package:flutter/src/widgets/framework.dart:4037:15)
#905    ComponentElement.performRebuild (package:flutter/src/widgets/framework.dart:5841:16)
#906    Element.rebuild (package:flutter/src/widgets/framework.dart:5529:7)
#907    ProxyElement.update (package:flutter/src/widgets/framework.dart:6149:5)
#908    Element.updateChild (package:flutter/src/widgets/framework.dart:4037:15)
#909    _RawViewElement._updateChild (package:flutter/src/widgets/view.dart:481:16)
#910    _RawViewElement.update (package:flutter/src/widgets/view.dart:568:5)
#911    Element.updateChild (package:flutter/src/widgets/framework.dart:4037:15)
#912    ComponentElement.performRebuild (package:flutter/src/widgets/framework.dart:5841:16)
#913    Element.rebuild (package:flutter/src/widgets/framework.dart:5529:7)
#914    StatelessElement.update (package:flutter/src/widgets/framework.dart:5895:5)
#915    Element.updateChild (package:flutter/src/widgets/framework.dart:4037:15)
#916    ComponentElement.performRebuild (package:flutter/src/widgets/framework.dart:5841:16)
#917    StatefulElement.performRebuild (package:flutter/src/widgets/framework.dart:5982:11)
#918    Element.rebuild (package:flutter/src/widgets/framework.dart:5529:7)
#919    StatefulElement.update (package:flutter/src/widgets/framework.dart:6007:5)
#920    Element.updateChild (package:flutter/src/widgets/framework.dart:4037:15)
#921    RootElement._rebuild (package:flutter/src/widgets/binding.dart:1822:16)
#922    RootElement.update (package:flutter/src/widgets/binding.dart:1800:5)
#923    RootElement.performRebuild (package:flutter/src/widgets/binding.dart:1814:7)
#924    Element.rebuild (package:flutter/src/widgets/framework.dart:5529:7)
#925    BuildScope._tryRebuild (package:flutter/src/widgets/framework.dart:2750:15)
#926    BuildScope._flushDirtyElements (package:flutter/src/widgets/framework.dart:2807:11)
#927    BuildOwner.buildScope (package:flutter/src/widgets/framework.dart:3111:18)
#928    AutomatedTestWidgetsFlutterBinding.drawFrame (package:flutter_test/src/binding.dart:2131:19)
#929    RendererBinding._handlePersistentFrameCallback (package:flutter/src/rendering/binding.dart:495:5)
#930    SchedulerBinding._invokeFrameCallback (package:flutter/src/scheduler/binding.dart:1430:15)
#931    SchedulerBinding.handleDrawFrame (package:flutter/src/scheduler/binding.dart:1345:9)
#932    AutomatedTestWidgetsFlutterBinding.pump.<anonymous closure> (package:flutter_test/src/binding.dart:1960:9)
#935    TestAsyncUtils.guard (package:flutter_test/src/test_async_utils.dart:74:41)
#936    AutomatedTestWidgetsFlutterBinding.pump (package:flutter_test/src/binding.dart:1949:27)
#937    WidgetTester.pumpWidget.<anonymous closure> (package:flutter_test/src/widget_tester.dart:598:22)
#940    TestAsyncUtils.guard (package:flutter_test/src/test_async_utils.dart:74:41)
#941    WidgetTester.pumpWidget (package:flutter_test/src/widget_tester.dart:595:27)
#942    main.<anonymous closure>.<anonymous closure>.<anonymous closure> (file:///C:/Users/NAGAR/IdeaProjects/fard-2/.worktrees/test-remediation/test/features/settings/widget_preview_widget_test.dart:134:22)
#943    testWidgets.<anonymous closure>.<anonymous closure> (package:flutter_test/src/widget_tester.dart:192:29)
<asynchronous suspension>
#944    TestWidgetsFlutterBinding._runTestBody (package:flutter_test/src/binding.dart:1682:5)
<asynchronous suspension>
<asynchronous suspension>
(elided 5 frames from dart:async and package:stack_trace)

ΓòÉΓòÉΓòÉΓòÉΓòÉΓòÉΓòÉΓòÉΓòÉΓòÉΓòÉΓòÉΓòÉΓòÉΓòÉΓòÉΓòÉΓòÉΓòÉΓòÉΓòÉΓòÉΓòÉΓòÉΓòÉΓòÉΓòÉΓòÉΓòÉΓòÉΓòÉΓòÉΓòÉΓòÉΓòÉΓòÉΓòÉΓòÉΓòÉΓòÉΓòÉΓòÉΓòÉΓòÉΓòÉΓòÉΓòÉΓòÉΓòÉΓòÉΓòÉΓòÉΓòÉΓòÉΓòÉΓòÉΓòÉΓòÉΓòÉΓòÉΓòÉΓòÉΓòÉΓòÉΓòÉΓòÉΓòÉΓòÉΓòÉΓòÉΓòÉΓòÉΓòÉΓòÉΓòÉΓòÉΓòÉΓòÉΓòÉΓòÉΓòÉΓòÉΓòÉΓòÉΓòÉΓòÉΓòÉΓòÉΓòÉΓòÉΓòÉΓòÉΓòÉΓòÉΓòÉΓòÉΓòÉΓòÉΓòÉΓòÉ
ΓòÉΓòÉΓòí EXCEPTION CAUGHT BY FLUTTER TEST FRAMEWORK Γò₧ΓòÉΓòÉΓòÉΓòÉΓòÉΓòÉΓòÉΓòÉΓòÉΓòÉΓòÉΓòÉΓòÉΓòÉΓòÉΓòÉΓòÉΓòÉΓòÉΓòÉΓòÉΓòÉΓòÉΓòÉΓòÉΓòÉΓòÉΓòÉΓòÉΓòÉΓòÉΓòÉΓòÉΓòÉΓòÉΓòÉΓòÉΓòÉΓòÉΓòÉΓòÉΓòÉΓòÉΓòÉΓòÉΓòÉΓòÉΓòÉΓòÉΓòÉΓòÉΓòÉ
The following TestFailure was thrown running a test:
Expected: exactly one matching candidate
  Actual: _TextContainingWidgetFinder:<Found 0 widgets with text containing ┘ó┘á┘ó┘ª: []>
   Which: means none were found but one was expected

When the exception was thrown, this was the stack:
#4      main.<anonymous closure>.<anonymous closure>.<anonymous closure> (file:///C:/Users/NAGAR/IdeaProjects/fard-2/.worktrees/test-remediation/test/features/settings/widget_preview_widget_test.dart:147:9)
<asynchronous suspension>
#5      testWidgets.<anonymous closure>.<anonymous closure> (package:flutter_test/src/widget_tester.dart:192:15)
<asynchronous suspension>
#6      TestWidgetsFlutterBinding._runTestBody (package:flutter_test/src/binding.dart:1682:5)
<asynchronous suspension>
<asynchronous suspension>
(elided one frame from package:stack_trace)

This was caught by the test expectation on the following line:
  file:///C:/Users/NAGAR/IdeaProjects/fard-2/.worktrees/test-remediation/test/features/settings/widget_preview_widget_test.dart line 147
The test description was:
  shows Arabic text in RTL mode for prayer schedule
ΓòÉΓòÉΓòÉΓòÉΓòÉΓòÉΓòÉΓòÉΓòÉΓòÉΓòÉΓòÉΓòÉΓòÉΓòÉΓòÉΓòÉΓòÉΓòÉΓòÉΓòÉΓòÉΓòÉΓòÉΓòÉΓòÉΓòÉΓòÉΓòÉΓòÉΓòÉΓòÉΓòÉΓòÉΓòÉΓòÉΓòÉΓòÉΓòÉΓòÉΓòÉΓòÉΓòÉΓòÉΓòÉΓòÉΓòÉΓòÉΓòÉΓòÉΓòÉΓòÉΓòÉΓòÉΓòÉΓòÉΓòÉΓòÉΓòÉΓòÉΓòÉΓòÉΓòÉΓòÉΓòÉΓòÉΓòÉΓòÉΓòÉΓòÉΓòÉΓòÉΓòÉΓòÉΓòÉΓòÉΓòÉΓòÉΓòÉΓòÉΓòÉΓòÉΓòÉΓòÉΓòÉΓòÉΓòÉΓòÉΓòÉΓòÉΓòÉΓòÉΓòÉΓòÉΓòÉΓòÉΓòÉΓòÉΓòÉΓòÉ
ΓòÉΓòÉΓòí EXCEPTION CAUGHT BY FLUTTER TEST FRAMEWORK Γò₧ΓòÉΓòÉΓòÉΓòÉΓòÉΓòÉΓòÉΓòÉΓòÉΓòÉΓòÉΓòÉΓòÉΓòÉΓòÉΓòÉΓòÉΓòÉΓòÉΓòÉΓòÉΓòÉΓòÉΓòÉΓòÉΓòÉΓòÉΓòÉΓòÉΓòÉΓòÉΓòÉΓòÉΓòÉΓòÉΓòÉΓòÉΓòÉΓòÉΓòÉΓòÉΓòÉΓòÉΓòÉΓòÉΓòÉΓòÉΓòÉΓòÉΓòÉΓòÉΓòÉ
The following message was thrown:
Multiple exceptions (2) were detected during the running of the current test, and at least one was
unexpected.
ΓòÉΓòÉΓòÉΓòÉΓòÉΓòÉΓòÉΓòÉΓòÉΓòÉΓòÉΓòÉΓòÉΓòÉΓòÉΓòÉΓòÉΓòÉΓòÉΓòÉΓòÉΓòÉΓòÉΓòÉΓòÉΓòÉΓòÉΓòÉΓòÉΓòÉΓòÉΓòÉΓòÉΓòÉΓòÉΓòÉΓòÉΓòÉΓòÉΓòÉΓòÉΓòÉΓòÉΓòÉΓòÉΓòÉΓòÉΓòÉΓòÉΓòÉΓòÉΓòÉΓòÉΓòÉΓòÉΓòÉΓòÉΓòÉΓòÉΓòÉΓòÉΓòÉΓòÉΓòÉΓòÉΓòÉΓòÉΓòÉΓòÉΓòÉΓòÉΓòÉΓòÉΓòÉΓòÉΓòÉΓòÉΓòÉΓòÉΓòÉΓòÉΓòÉΓòÉΓòÉΓòÉΓòÉΓòÉΓòÉΓòÉΓòÉΓòÉΓòÉΓòÉΓòÉΓòÉΓòÉΓòÉΓòÉΓòÉΓòÉ
+296 -26: C:/Users/NAGAR/IdeaProjects/fard-2/.worktrees/test-remediation/test/features/settings/widget_preview_widget_test.dart: WidgetPreview widget tests RTL mode shows Arabic text in RTL mode for prayer schedule [E]
  Test failed. See exception logs above.
  The test description was: shows Arabic text in RTL mode for prayer schedule
  
+301 -26: C:/Users/NAGAR/IdeaProjects/fard-2/.worktrees/test-remediation/test/features/settings/widget_preview_widget_test.dart: WidgetPreview widget tests RTL mode shows Arabic text in RTL mode for countdown
ΓòÉΓòÉΓòí EXCEPTION CAUGHT BY WIDGETS LIBRARY Γò₧ΓòÉΓòÉΓòÉΓòÉΓòÉΓòÉΓòÉΓòÉΓòÉΓòÉΓòÉΓòÉΓòÉΓòÉΓòÉΓòÉΓòÉΓòÉΓòÉΓòÉΓòÉΓòÉΓòÉΓòÉΓòÉΓòÉΓòÉΓòÉΓòÉΓòÉΓòÉΓòÉΓòÉΓòÉΓòÉΓòÉΓòÉΓòÉΓòÉΓòÉΓòÉΓòÉΓòÉΓòÉΓòÉΓòÉΓòÉΓòÉΓòÉΓòÉΓòÉΓòÉΓòÉΓòÉΓòÉΓòÉΓòÉΓòÉΓòÉ
The following _TypeError was thrown building WidgetPreview(dirty, dependencies:
[_LocalizationsScope-[GlobalKey#b6f6f]]):
Null check operator used on a null value

The relevant error-causing widget was:
  WidgetPreview
  WidgetPreview:file:///C:/Users/NAGAR/IdeaProjects/fard-2/.worktrees/test-remediation/test/features/settings/widget_preview_widget_test.dart:155:21

When the exception was thrown, this was the stack:
#0      WidgetPreview.build (package:fard/features/settings/presentation/widgets/widget_preview.dart:22:46)
#1      StatelessElement.build (package:flutter/src/widgets/framework.dart:5889:49)
#2      ComponentElement.performRebuild (package:flutter/src/widgets/framework.dart:5817:15)
#3      Element.rebuild (package:flutter/src/widgets/framework.dart:5529:7)
#4      ComponentElement._firstBuild (package:flutter/src/widgets/framework.dart:5799:5)
#5      ComponentElement.mount (package:flutter/src/widgets/framework.dart:5793:5)
...     Normal element mounting (25 frames)
#30     Element.inflateWidget (package:flutter/src/widgets/framework.dart:4587:20)
#31     MultiChildRenderObjectElement.inflateWidget (package:flutter/src/widgets/framework.dart:7264:36)
#32     MultiChildRenderObjectElement.mount (package:flutter/src/widgets/framework.dart:7279:32)
...     Normal element mounting (364 frames)
#396    Element.inflateWidget (package:flutter/src/widgets/framework.dart:4587:20)
#397    MultiChildRenderObjectElement.inflateWidget (package:flutter/src/widgets/framework.dart:7264:36)
#398    MultiChildRenderObjectElement.mount (package:flutter/src/widgets/framework.dart:7279:32)
...     Normal element mounting (467 frames)
#865    Element.inflateWidget (package:flutter/src/widgets/framework.dart:4587:20)
#866    Element.updateChild (package:flutter/src/widgets/framework.dart:4053:20)
#867    ComponentElement.performRebuild (package:flutter/src/widgets/framework.dart:5841:16)
#868    Element.rebuild (package:flutter/src/widgets/framework.dart:5529:7)
#869    ProxyElement.update (package:flutter/src/widgets/framework.dart:6149:5)
#870    _InheritedNotifierElement.update (package:flutter/src/widgets/inherited_notifier.dart:108:11)
#871    Element.updateChild (package:flutter/src/widgets/framework.dart:4037:15)
#872    ComponentElement.performRebuild (package:flutter/src/widgets/framework.dart:5841:16)
#873    StatefulElement.performRebuild (package:flutter/src/widgets/framework.dart:5982:11)
#874    Element.rebuild (package:flutter/src/widgets/framework.dart:5529:7)
#875    StatefulElement.update (package:flutter/src/widgets/framework.dart:6007:5)
#876    Element.updateChild (package:flutter/src/widgets/framework.dart:4037:15)
#877    ComponentElement.performRebuild (package:flutter/src/widgets/framework.dart:5841:16)
#878    Element.rebuild (package:flutter/src/widgets/framework.dart:5529:7)
#879    ProxyElement.update (package:flutter/src/widgets/framework.dart:6149:5)
#880    _InheritedNotifierElement.update (package:flutter/src/widgets/inherited_notifier.dart:108:11)
#881    Element.updateChild (package:flutter/src/widgets/framework.dart:4037:15)
#882    ComponentElement.performRebuild (package:flutter/src/widgets/framework.dart:5841:16)
#883    StatefulElement.performRebuild (package:flutter/src/widgets/framework.dart:5982:11)
#884    Element.rebuild (package:flutter/src/widgets/framework.dart:5529:7)
#885    StatefulElement.update (package:flutter/src/widgets/framework.dart:6007:5)
#886    Element.updateChild (package:flutter/src/widgets/framework.dart:4037:15)
#887    ComponentElement.performRebuild (package:flutter/src/widgets/framework.dart:5841:16)
#888    StatefulElement.performRebuild (package:flutter/src/widgets/framework.dart:5982:11)
#889    Element.rebuild (package:flutter/src/widgets/framework.dart:5529:7)
#890    StatefulElement.update (package:flutter/src/widgets/framework.dart:6007:5)
#891    Element.updateChild (package:flutter/src/widgets/framework.dart:4037:15)
#892    ComponentElement.performRebuild (package:flutter/src/widgets/framework.dart:5841:16)
#893    Element.rebuild (package:flutter/src/widgets/framework.dart:5529:7)
#894    ProxyElement.update (package:flutter/src/widgets/framework.dart:6149:5)
#895    Element.updateChild (package:flutter/src/widgets/framework.dart:4037:15)
#896    ComponentElement.performRebuild (package:flutter/src/widgets/framework.dart:5841:16)
#897    StatefulElement.performRebuild (package:flutter/src/widgets/framework.dart:5982:11)
#898    Element.rebuild (package:flutter/src/widgets/framework.dart:5529:7)
#899    StatefulElement.update (package:flutter/src/widgets/framework.dart:6007:5)
#900    Element.updateChild (package:flutter/src/widgets/framework.dart:4037:15)
#901    ComponentElement.performRebuild (package:flutter/src/widgets/framework.dart:5841:16)
#902    Element.rebuild (package:flutter/src/widgets/framework.dart:5529:7)
#903    ProxyElement.update (package:flutter/src/widgets/framework.dart:6149:5)
#904    Element.updateChild (package:flutter/src/widgets/framework.dart:4037:15)
#905    ComponentElement.performRebuild (package:flutter/src/widgets/framework.dart:5841:16)
#906    Element.rebuild (package:flutter/src/widgets/framework.dart:5529:7)
#907    ProxyElement.update (package:flutter/src/widgets/framework.dart:6149:5)
#908    Element.updateChild (package:flutter/src/widgets/framework.dart:4037:15)
#909    _RawViewElement._updateChild (package:flutter/src/widgets/view.dart:481:16)
#910    _RawViewElement.update (package:flutter/src/widgets/view.dart:568:5)
#911    Element.updateChild (package:flutter/src/widgets/framework.dart:4037:15)
#912    ComponentElement.performRebuild (package:flutter/src/widgets/framework.dart:5841:16)
#913    Element.rebuild (package:flutter/src/widgets/framework.dart:5529:7)
#914    StatelessElement.update (package:flutter/src/widgets/framework.dart:5895:5)
#915    Element.updateChild (package:flutter/src/widgets/framework.dart:4037:15)
#916    ComponentElement.performRebuild (package:flutter/src/widgets/framework.dart:5841:16)
#917    StatefulElement.performRebuild (package:flutter/src/widgets/framework.dart:5982:11)
#918    Element.rebuild (package:flutter/src/widgets/framework.dart:5529:7)
#919    StatefulElement.update (package:flutter/src/widgets/framework.dart:6007:5)
#920    Element.updateChild (package:flutter/src/widgets/framework.dart:4037:15)
#921    RootElement._rebuild (package:flutter/src/widgets/binding.dart:1822:16)
#922    RootElement.update (package:flutter/src/widgets/binding.dart:1800:5)
#923    RootElement.performRebuild (package:flutter/src/widgets/binding.dart:1814:7)
#924    Element.rebuild (package:flutter/src/widgets/framework.dart:5529:7)
#925    BuildScope._tryRebuild (package:flutter/src/widgets/framework.dart:2750:15)
#926    BuildScope._flushDirtyElements (package:flutter/src/widgets/framework.dart:2807:11)
#927    BuildOwner.buildScope (package:flutter/src/widgets/framework.dart:3111:18)
#928    AutomatedTestWidgetsFlutterBinding.drawFrame (package:flutter_test/src/binding.dart:2131:19)
#929    RendererBinding._handlePersistentFrameCallback (package:flutter/src/rendering/binding.dart:495:5)
#930    SchedulerBinding._invokeFrameCallback (package:flutter/src/scheduler/binding.dart:1430:15)
#931    SchedulerBinding.handleDrawFrame (package:flutter/src/scheduler/binding.dart:1345:9)
#932    AutomatedTestWidgetsFlutterBinding.pump.<anonymous closure> (package:flutter_test/src/binding.dart:1960:9)
#935    TestAsyncUtils.guard (package:flutter_test/src/test_async_utils.dart:74:41)
#936    AutomatedTestWidgetsFlutterBinding.pump (package:flutter_test/src/binding.dart:1949:27)
#937    WidgetTester.pumpWidget.<anonymous closure> (package:flutter_test/src/widget_tester.dart:598:22)
#940    TestAsyncUtils.guard (package:flutter_test/src/test_async_utils.dart:74:41)
#941    WidgetTester.pumpWidget (package:flutter_test/src/widget_tester.dart:595:27)
#942    main.<anonymous closure>.<anonymous closure>.<anonymous closure> (file:///C:/Users/NAGAR/IdeaProjects/fard-2/.worktrees/test-remediation/test/features/settings/widget_preview_widget_test.dart:152:22)
#943    testWidgets.<anonymous closure>.<anonymous closure> (package:flutter_test/src/widget_tester.dart:192:29)
<asynchronous suspension>
#944    TestWidgetsFlutterBinding._runTestBody (package:flutter_test/src/binding.dart:1682:5)
<asynchronous suspension>
<asynchronous suspension>
(elided 5 frames from dart:async and package:stack_trace)

ΓòÉΓòÉΓòÉΓòÉΓòÉΓòÉΓòÉΓòÉΓòÉΓòÉΓòÉΓòÉΓòÉΓòÉΓòÉΓòÉΓòÉΓòÉΓòÉΓòÉΓòÉΓòÉΓòÉΓòÉΓòÉΓòÉΓòÉΓòÉΓòÉΓòÉΓòÉΓòÉΓòÉΓòÉΓòÉΓòÉΓòÉΓòÉΓòÉΓòÉΓòÉΓòÉΓòÉΓòÉΓòÉΓòÉΓòÉΓòÉΓòÉΓòÉΓòÉΓòÉΓòÉΓòÉΓòÉΓòÉΓòÉΓòÉΓòÉΓòÉΓòÉΓòÉΓòÉΓòÉΓòÉΓòÉΓòÉΓòÉΓòÉΓòÉΓòÉΓòÉΓòÉΓòÉΓòÉΓòÉΓòÉΓòÉΓòÉΓòÉΓòÉΓòÉΓòÉΓòÉΓòÉΓòÉΓòÉΓòÉΓòÉΓòÉΓòÉΓòÉΓòÉΓòÉΓòÉΓòÉΓòÉΓòÉΓòÉΓòÉ
ΓòÉΓòÉΓòí EXCEPTION CAUGHT BY FLUTTER TEST FRAMEWORK Γò₧ΓòÉΓòÉΓòÉΓòÉΓòÉΓòÉΓòÉΓòÉΓòÉΓòÉΓòÉΓòÉΓòÉΓòÉΓòÉΓòÉΓòÉΓòÉΓòÉΓòÉΓòÉΓòÉΓòÉΓòÉΓòÉΓòÉΓòÉΓòÉΓòÉΓòÉΓòÉΓòÉΓòÉΓòÉΓòÉΓòÉΓòÉΓòÉΓòÉΓòÉΓòÉΓòÉΓòÉΓòÉΓòÉΓòÉΓòÉΓòÉΓòÉΓòÉΓòÉΓòÉ
The following TestFailure was thrown running a test:
Expected: exactly one matching candidate
  Actual: _TextContainingWidgetFinder:<Found 0 widgets with text containing ╪º┘ä╪╡┘ä╪º╪⌐: []>
   Which: means none were found but one was expected

When the exception was thrown, this was the stack:
#4      main.<anonymous closure>.<anonymous closure>.<anonymous closure> (file:///C:/Users/NAGAR/IdeaProjects/fard-2/.worktrees/test-remediation/test/features/settings/widget_preview_widget_test.dart:165:9)
<asynchronous suspension>
#5      testWidgets.<anonymous closure>.<anonymous closure> (package:flutter_test/src/widget_tester.dart:192:15)
<asynchronous suspension>
#6      TestWidgetsFlutterBinding._runTestBody (package:flutter_test/src/binding.dart:1682:5)
<asynchronous suspension>
<asynchronous suspension>
(elided one frame from package:stack_trace)

This was caught by the test expectation on the following line:
  file:///C:/Users/NAGAR/IdeaProjects/fard-2/.worktrees/test-remediation/test/features/settings/widget_preview_widget_test.dart line 165
The test description was:
  shows Arabic text in RTL mode for countdown
ΓòÉΓòÉΓòÉΓòÉΓòÉΓòÉΓòÉΓòÉΓòÉΓòÉΓòÉΓòÉΓòÉΓòÉΓòÉΓòÉΓòÉΓòÉΓòÉΓòÉΓòÉΓòÉΓòÉΓòÉΓòÉΓòÉΓòÉΓòÉΓòÉΓòÉΓòÉΓòÉΓòÉΓòÉΓòÉΓòÉΓòÉΓòÉΓòÉΓòÉΓòÉΓòÉΓòÉΓòÉΓòÉΓòÉΓòÉΓòÉΓòÉΓòÉΓòÉΓòÉΓòÉΓòÉΓòÉΓòÉΓòÉΓòÉΓòÉΓòÉΓòÉΓòÉΓòÉΓòÉΓòÉΓòÉΓòÉΓòÉΓòÉΓòÉΓòÉΓòÉΓòÉΓòÉΓòÉΓòÉΓòÉΓòÉΓòÉΓòÉΓòÉΓòÉΓòÉΓòÉΓòÉΓòÉΓòÉΓòÉΓòÉΓòÉΓòÉΓòÉΓòÉΓòÉΓòÉΓòÉΓòÉΓòÉΓòÉΓòÉ
ΓòÉΓòÉΓòí EXCEPTION CAUGHT BY FLUTTER TEST FRAMEWORK Γò₧ΓòÉΓòÉΓòÉΓòÉΓòÉΓòÉΓòÉΓòÉΓòÉΓòÉΓòÉΓòÉΓòÉΓòÉΓòÉΓòÉΓòÉΓòÉΓòÉΓòÉΓòÉΓòÉΓòÉΓòÉΓòÉΓòÉΓòÉΓòÉΓòÉΓòÉΓòÉΓòÉΓòÉΓòÉΓòÉΓòÉΓòÉΓòÉΓòÉΓòÉΓòÉΓòÉΓòÉΓòÉΓòÉΓòÉΓòÉΓòÉΓòÉΓòÉΓòÉΓòÉ
The following message was thrown:
Multiple exceptions (2) were detected during the running of the current test, and at least one was
unexpected.
ΓòÉΓòÉΓòÉΓòÉΓòÉΓòÉΓòÉΓòÉΓòÉΓòÉΓòÉΓòÉΓòÉΓòÉΓòÉΓòÉΓòÉΓòÉΓòÉΓòÉΓòÉΓòÉΓòÉΓòÉΓòÉΓòÉΓòÉΓòÉΓòÉΓòÉΓòÉΓòÉΓòÉΓòÉΓòÉΓòÉΓòÉΓòÉΓòÉΓòÉΓòÉΓòÉΓòÉΓòÉΓòÉΓòÉΓòÉΓòÉΓòÉΓòÉΓòÉΓòÉΓòÉΓòÉΓòÉΓòÉΓòÉΓòÉΓòÉΓòÉΓòÉΓòÉΓòÉΓòÉΓòÉΓòÉΓòÉΓòÉΓòÉΓòÉΓòÉΓòÉΓòÉΓòÉΓòÉΓòÉΓòÉΓòÉΓòÉΓòÉΓòÉΓòÉΓòÉΓòÉΓòÉΓòÉΓòÉΓòÉΓòÉΓòÉΓòÉΓòÉΓòÉΓòÉΓòÉΓòÉΓòÉΓòÉΓòÉΓòÉ
+301 -27: C:/Users/NAGAR/IdeaProjects/fard-2/.worktrees/test-remediation/test/features/settings/widget_preview_widget_test.dart: WidgetPreview widget tests RTL mode shows Arabic text in RTL mode for countdown [E]
  Test failed. See exception logs above.
  The test description was: shows Arabic text in RTL mode for countdown
  
+302 -27: C:/Users/NAGAR/IdeaProjects/fard-2/.worktrees/test-remediation/test/features/settings/widget_preview_widget_test.dart: WidgetPreview widget tests ValueKey behavior ValueKey changes when widgetType changes
ΓòÉΓòÉΓòí EXCEPTION CAUGHT BY WIDGETS LIBRARY Γò₧ΓòÉΓòÉΓòÉΓòÉΓòÉΓòÉΓòÉΓòÉΓòÉΓòÉΓòÉΓòÉΓòÉΓòÉΓòÉΓòÉΓòÉΓòÉΓòÉΓòÉΓòÉΓòÉΓòÉΓòÉΓòÉΓòÉΓòÉΓòÉΓòÉΓòÉΓòÉΓòÉΓòÉΓòÉΓòÉΓòÉΓòÉΓòÉΓòÉΓòÉΓòÉΓòÉΓòÉΓòÉΓòÉΓòÉΓòÉΓòÉΓòÉΓòÉΓòÉΓòÉΓòÉΓòÉΓòÉΓòÉΓòÉΓòÉΓòÉ
The following _TypeError was thrown building WidgetPreview(dirty, dependencies:
[_LocalizationsScope-[GlobalKey#9bf8b]]):
Null check operator used on a null value

The relevant error-causing widget was:
  WidgetPreview
  WidgetPreview:file:///C:/Users/NAGAR/IdeaProjects/fard-2/.worktrees/test-remediation/test/features/settings/widget_preview_widget_test.dart:179:21

When the exception was thrown, this was the stack:
#0      WidgetPreview.build (package:fard/features/settings/presentation/widgets/widget_preview.dart:22:46)
#1      StatelessElement.build (package:flutter/src/widgets/framework.dart:5889:49)
#2      ComponentElement.performRebuild (package:flutter/src/widgets/framework.dart:5817:15)
#3      Element.rebuild (package:flutter/src/widgets/framework.dart:5529:7)
#4      ComponentElement._firstBuild (package:flutter/src/widgets/framework.dart:5799:5)
#5      ComponentElement.mount (package:flutter/src/widgets/framework.dart:5793:5)
...     Normal element mounting (25 frames)
#30     Element.inflateWidget (package:flutter/src/widgets/framework.dart:4587:20)
#31     MultiChildRenderObjectElement.inflateWidget (package:flutter/src/widgets/framework.dart:7264:36)
#32     MultiChildRenderObjectElement.mount (package:flutter/src/widgets/framework.dart:7279:32)
...     Normal element mounting (364 frames)
#396    Element.inflateWidget (package:flutter/src/widgets/framework.dart:4587:20)
#397    MultiChildRenderObjectElement.inflateWidget (package:flutter/src/widgets/framework.dart:7264:36)
#398    MultiChildRenderObjectElement.mount (package:flutter/src/widgets/framework.dart:7279:32)
...     Normal element mounting (467 frames)
#865    Element.inflateWidget (package:flutter/src/widgets/framework.dart:4587:20)
#866    Element.updateChild (package:flutter/src/widgets/framework.dart:4053:20)
#867    ComponentElement.performRebuild (package:flutter/src/widgets/framework.dart:5841:16)
#868    Element.rebuild (package:flutter/src/widgets/framework.dart:5529:7)
#869    ProxyElement.update (package:flutter/src/widgets/framework.dart:6149:5)
#870    _InheritedNotifierElement.update (package:flutter/src/widgets/inherited_notifier.dart:108:11)
#871    Element.updateChild (package:flutter/src/widgets/framework.dart:4037:15)
#872    ComponentElement.performRebuild (package:flutter/src/widgets/framework.dart:5841:16)
#873    StatefulElement.performRebuild (package:flutter/src/widgets/framework.dart:5982:11)
#874    Element.rebuild (package:flutter/src/widgets/framework.dart:5529:7)
#875    StatefulElement.update (package:flutter/src/widgets/framework.dart:6007:5)
#876    Element.updateChild (package:flutter/src/widgets/framework.dart:4037:15)
#877    ComponentElement.performRebuild (package:flutter/src/widgets/framework.dart:5841:16)
#878    Element.rebuild (package:flutter/src/widgets/framework.dart:5529:7)
#879    ProxyElement.update (package:flutter/src/widgets/framework.dart:6149:5)
#880    _InheritedNotifierElement.update (package:flutter/src/widgets/inherited_notifier.dart:108:11)
#881    Element.updateChild (package:flutter/src/widgets/framework.dart:4037:15)
#882    ComponentElement.performRebuild (package:flutter/src/widgets/framework.dart:5841:16)
#883    StatefulElement.performRebuild (package:flutter/src/widgets/framework.dart:5982:11)
#884    Element.rebuild (package:flutter/src/widgets/framework.dart:5529:7)
#885    StatefulElement.update (package:flutter/src/widgets/framework.dart:6007:5)
#886    Element.updateChild (package:flutter/src/widgets/framework.dart:4037:15)
#887    ComponentElement.performRebuild (package:flutter/src/widgets/framework.dart:5841:16)
#888    StatefulElement.performRebuild (package:flutter/src/widgets/framework.dart:5982:11)
#889    Element.rebuild (package:flutter/src/widgets/framework.dart:5529:7)
#890    StatefulElement.update (package:flutter/src/widgets/framework.dart:6007:5)
#891    Element.updateChild (package:flutter/src/widgets/framework.dart:4037:15)
#892    ComponentElement.performRebuild (package:flutter/src/widgets/framework.dart:5841:16)
#893    Element.rebuild (package:flutter/src/widgets/framework.dart:5529:7)
#894    ProxyElement.update (package:flutter/src/widgets/framework.dart:6149:5)
#895    Element.updateChild (package:flutter/src/widgets/framework.dart:4037:15)
#896    ComponentElement.performRebuild (package:flutter/src/widgets/framework.dart:5841:16)
#897    StatefulElement.performRebuild (package:flutter/src/widgets/framework.dart:5982:11)
#898    Element.rebuild (package:flutter/src/widgets/framework.dart:5529:7)
#899    StatefulElement.update (package:flutter/src/widgets/framework.dart:6007:5)
#900    Element.updateChild (package:flutter/src/widgets/framework.dart:4037:15)
#901    ComponentElement.performRebuild (package:flutter/src/widgets/framework.dart:5841:16)
#902    Element.rebuild (package:flutter/src/widgets/framework.dart:5529:7)
#903    ProxyElement.update (package:flutter/src/widgets/framework.dart:6149:5)
#904    Element.updateChild (package:flutter/src/widgets/framework.dart:4037:15)
#905    ComponentElement.performRebuild (package:flutter/src/widgets/framework.dart:5841:16)
#906    Element.rebuild (package:flutter/src/widgets/framework.dart:5529:7)
#907    ProxyElement.update (package:flutter/src/widgets/framework.dart:6149:5)
#908    Element.updateChild (package:flutter/src/widgets/framework.dart:4037:15)
#909    _RawViewElement._updateChild (package:flutter/src/widgets/view.dart:481:16)
#910    _RawViewElement.update (package:flutter/src/widgets/view.dart:568:5)
#911    Element.updateChild (package:flutter/src/widgets/framework.dart:4037:15)
#912    ComponentElement.performRebuild (package:flutter/src/widgets/framework.dart:5841:16)
#913    Element.rebuild (package:flutter/src/widgets/framework.dart:5529:7)
#914    StatelessElement.update (package:flutter/src/widgets/framework.dart:5895:5)
#915    Element.updateChild (package:flutter/src/widgets/framework.dart:4037:15)
#916    ComponentElement.performRebuild (package:flutter/src/widgets/framework.dart:5841:16)
#917    StatefulElement.performRebuild (package:flutter/src/widgets/framework.dart:5982:11)
#918    Element.rebuild (package:flutter/src/widgets/framework.dart:5529:7)
#919    StatefulElement.update (package:flutter/src/widgets/framework.dart:6007:5)
#920    Element.updateChild (package:flutter/src/widgets/framework.dart:4037:15)
#921    RootElement._rebuild (package:flutter/src/widgets/binding.dart:1822:16)
#922    RootElement.update (package:flutter/src/widgets/binding.dart:1800:5)
#923    RootElement.performRebuild (package:flutter/src/widgets/binding.dart:1814:7)
#924    Element.rebuild (package:flutter/src/widgets/framework.dart:5529:7)
#925    BuildScope._tryRebuild (package:flutter/src/widgets/framework.dart:2750:15)
#926    BuildScope._flushDirtyElements (package:flutter/src/widgets/framework.dart:2807:11)
#927    BuildOwner.buildScope (package:flutter/src/widgets/framework.dart:3111:18)
#928    AutomatedTestWidgetsFlutterBinding.drawFrame (package:flutter_test/src/binding.dart:2131:19)
#929    RendererBinding._handlePersistentFrameCallback (package:flutter/src/rendering/binding.dart:495:5)
#930    SchedulerBinding._invokeFrameCallback (package:flutter/src/scheduler/binding.dart:1430:15)
#931    SchedulerBinding.handleDrawFrame (package:flutter/src/scheduler/binding.dart:1345:9)
#932    AutomatedTestWidgetsFlutterBinding.pump.<anonymous closure> (package:flutter_test/src/binding.dart:1960:9)
#935    TestAsyncUtils.guard (package:flutter_test/src/test_async_utils.dart:74:41)
#936    AutomatedTestWidgetsFlutterBinding.pump (package:flutter_test/src/binding.dart:1949:27)
#937    WidgetTester.pumpWidget.<anonymous closure> (package:flutter_test/src/widget_tester.dart:598:22)
#940    TestAsyncUtils.guard (package:flutter_test/src/test_async_utils.dart:74:41)
#941    WidgetTester.pumpWidget (package:flutter_test/src/widget_tester.dart:595:27)
#942    main.<anonymous closure>.<anonymous closure>.<anonymous closure> (file:///C:/Users/NAGAR/IdeaProjects/fard-2/.worktrees/test-remediation/test/features/settings/widget_preview_widget_test.dart:175:22)
#943    testWidgets.<anonymous closure>.<anonymous closure> (package:flutter_test/src/widget_tester.dart:192:29)
<asynchronous suspension>
#944    TestWidgetsFlutterBinding._runTestBody (package:flutter_test/src/binding.dart:1682:5)
<asynchronous suspension>
<asynchronous suspension>
(elided 5 frames from dart:async and package:stack_trace)

ΓòÉΓòÉΓòÉΓòÉΓòÉΓòÉΓòÉΓòÉΓòÉΓòÉΓòÉΓòÉΓòÉΓòÉΓòÉΓòÉΓòÉΓòÉΓòÉΓòÉΓòÉΓòÉΓòÉΓòÉΓòÉΓòÉΓòÉΓòÉΓòÉΓòÉΓòÉΓòÉΓòÉΓòÉΓòÉΓòÉΓòÉΓòÉΓòÉΓòÉΓòÉΓòÉΓòÉΓòÉΓòÉΓòÉΓòÉΓòÉΓòÉΓòÉΓòÉΓòÉΓòÉΓòÉΓòÉΓòÉΓòÉΓòÉΓòÉΓòÉΓòÉΓòÉΓòÉΓòÉΓòÉΓòÉΓòÉΓòÉΓòÉΓòÉΓòÉΓòÉΓòÉΓòÉΓòÉΓòÉΓòÉΓòÉΓòÉΓòÉΓòÉΓòÉΓòÉΓòÉΓòÉΓòÉΓòÉΓòÉΓòÉΓòÉΓòÉΓòÉΓòÉΓòÉΓòÉΓòÉΓòÉΓòÉΓòÉΓòÉ
ΓòÉΓòÉΓòí EXCEPTION CAUGHT BY FLUTTER TEST FRAMEWORK Γò₧ΓòÉΓòÉΓòÉΓòÉΓòÉΓòÉΓòÉΓòÉΓòÉΓòÉΓòÉΓòÉΓòÉΓòÉΓòÉΓòÉΓòÉΓòÉΓòÉΓòÉΓòÉΓòÉΓòÉΓòÉΓòÉΓòÉΓòÉΓòÉΓòÉΓòÉΓòÉΓòÉΓòÉΓòÉΓòÉΓòÉΓòÉΓòÉΓòÉΓòÉΓòÉΓòÉΓòÉΓòÉΓòÉΓòÉΓòÉΓòÉΓòÉΓòÉΓòÉΓòÉ
The following StateError was thrown running a test:
Bad state: No element

When the exception was thrown, this was the stack:
#0      Iterable.first (dart:core/iterable.dart:663:7)
#1      _FirstFinderMixin.filter (package:flutter_test/src/finders.dart:1340:28)
#3      Iterable.single (dart:core/iterable.dart:694:13)
#4      WidgetController.widget (package:flutter_test/src/controller.dart:823:30)
#5      main.<anonymous closure>.<anonymous closure>.<anonymous closure> (file:///C:/Users/NAGAR/IdeaProjects/fard-2/.worktrees/test-remediation/test/features/settings/widget_preview_widget_test.dart:188:48)
<asynchronous suspension>
#6      testWidgets.<anonymous closure>.<anonymous closure> (package:flutter_test/src/widget_tester.dart:192:15)
<asynchronous suspension>
#7      TestWidgetsFlutterBinding._runTestBody (package:flutter_test/src/binding.dart:1682:5)
<asynchronous suspension>
<asynchronous suspension>
(elided 2 frames from dart:async-patch and package:stack_trace)

The test description was:
  ValueKey changes when widgetType changes
ΓòÉΓòÉΓòÉΓòÉΓòÉΓòÉΓòÉΓòÉΓòÉΓòÉΓòÉΓòÉΓòÉΓòÉΓòÉΓòÉΓòÉΓòÉΓòÉΓòÉΓòÉΓòÉΓòÉΓòÉΓòÉΓòÉΓòÉΓòÉΓòÉΓòÉΓòÉΓòÉΓòÉΓòÉΓòÉΓòÉΓòÉΓòÉΓòÉΓòÉΓòÉΓòÉΓòÉΓòÉΓòÉΓòÉΓòÉΓòÉΓòÉΓòÉΓòÉΓòÉΓòÉΓòÉΓòÉΓòÉΓòÉΓòÉΓòÉΓòÉΓòÉΓòÉΓòÉΓòÉΓòÉΓòÉΓòÉΓòÉΓòÉΓòÉΓòÉΓòÉΓòÉΓòÉΓòÉΓòÉΓòÉΓòÉΓòÉΓòÉΓòÉΓòÉΓòÉΓòÉΓòÉΓòÉΓòÉΓòÉΓòÉΓòÉΓòÉΓòÉΓòÉΓòÉΓòÉΓòÉΓòÉΓòÉΓòÉΓòÉ
ΓòÉΓòÉΓòí EXCEPTION CAUGHT BY FLUTTER TEST FRAMEWORK Γò₧ΓòÉΓòÉΓòÉΓòÉΓòÉΓòÉΓòÉΓòÉΓòÉΓòÉΓòÉΓòÉΓòÉΓòÉΓòÉΓòÉΓòÉΓòÉΓòÉΓòÉΓòÉΓòÉΓòÉΓòÉΓòÉΓòÉΓòÉΓòÉΓòÉΓòÉΓòÉΓòÉΓòÉΓòÉΓòÉΓòÉΓòÉΓòÉΓòÉΓòÉΓòÉΓòÉΓòÉΓòÉΓòÉΓòÉΓòÉΓòÉΓòÉΓòÉΓòÉΓòÉ
The following message was thrown:
Multiple exceptions (2) were detected during the running of the current test, and at least one was
unexpected.
ΓòÉΓòÉΓòÉΓòÉΓòÉΓòÉΓòÉΓòÉΓòÉΓòÉΓòÉΓòÉΓòÉΓòÉΓòÉΓòÉΓòÉΓòÉΓòÉΓòÉΓòÉΓòÉΓòÉΓòÉΓòÉΓòÉΓòÉΓòÉΓòÉΓòÉΓòÉΓòÉΓòÉΓòÉΓòÉΓòÉΓòÉΓòÉΓòÉΓòÉΓòÉΓòÉΓòÉΓòÉΓòÉΓòÉΓòÉΓòÉΓòÉΓòÉΓòÉΓòÉΓòÉΓòÉΓòÉΓòÉΓòÉΓòÉΓòÉΓòÉΓòÉΓòÉΓòÉΓòÉΓòÉΓòÉΓòÉΓòÉΓòÉΓòÉΓòÉΓòÉΓòÉΓòÉΓòÉΓòÉΓòÉΓòÉΓòÉΓòÉΓòÉΓòÉΓòÉΓòÉΓòÉΓòÉΓòÉΓòÉΓòÉΓòÉΓòÉΓòÉΓòÉΓòÉΓòÉΓòÉΓòÉΓòÉΓòÉΓòÉ
+302 -28: C:/Users/NAGAR/IdeaProjects/fard-2/.worktrees/test-remediation/test/features/settings/widget_preview_widget_test.dart: WidgetPreview widget tests ValueKey behavior ValueKey changes when widgetType changes [E]
  Test failed. See exception logs above.
  The test description was: ValueKey changes when widgetType changes
  
+302 -28: C:/Users/NAGAR/IdeaProjects/fard-2/.worktrees/test-remediation/test/features/settings/widget_preview_widget_test.dart: WidgetPreview widget tests ValueKey behavior ValueKey changes when theme changes
ΓòÉΓòÉΓòí EXCEPTION CAUGHT BY WIDGETS LIBRARY Γò₧ΓòÉΓòÉΓòÉΓòÉΓòÉΓòÉΓòÉΓòÉΓòÉΓòÉΓòÉΓòÉΓòÉΓòÉΓòÉΓòÉΓòÉΓòÉΓòÉΓòÉΓòÉΓòÉΓòÉΓòÉΓòÉΓòÉΓòÉΓòÉΓòÉΓòÉΓòÉΓòÉΓòÉΓòÉΓòÉΓòÉΓòÉΓòÉΓòÉΓòÉΓòÉΓòÉΓòÉΓòÉΓòÉΓòÉΓòÉΓòÉΓòÉΓòÉΓòÉΓòÉΓòÉΓòÉΓòÉΓòÉΓòÉΓòÉΓòÉ
The following _TypeError was thrown building WidgetPreview(dirty, dependencies:
[_LocalizationsScope-[GlobalKey#824d0]]):
Null check operator used on a null value

The relevant error-causing widget was:
  WidgetPreview
  WidgetPreview:file:///C:/Users/NAGAR/IdeaProjects/fard-2/.worktrees/test-remediation/test/features/settings/widget_preview_widget_test.dart:225:21

When the exception was thrown, this was the stack:
#0      WidgetPreview.build (package:fard/features/settings/presentation/widgets/widget_preview.dart:22:46)
#1      StatelessElement.build (package:flutter/src/widgets/framework.dart:5889:49)
#2      ComponentElement.performRebuild (package:flutter/src/widgets/framework.dart:5817:15)
#3      Element.rebuild (package:flutter/src/widgets/framework.dart:5529:7)
#4      ComponentElement._firstBuild (package:flutter/src/widgets/framework.dart:5799:5)
#5      ComponentElement.mount (package:flutter/src/widgets/framework.dart:5793:5)
...     Normal element mounting (25 frames)
#30     Element.inflateWidget (package:flutter/src/widgets/framework.dart:4587:20)
#31     MultiChildRenderObjectElement.inflateWidget (package:flutter/src/widgets/framework.dart:7264:36)
#32     MultiChildRenderObjectElement.mount (package:flutter/src/widgets/framework.dart:7279:32)
...     Normal element mounting (364 frames)
#396    Element.inflateWidget (package:flutter/src/widgets/framework.dart:4587:20)
#397    MultiChildRenderObjectElement.inflateWidget (package:flutter/src/widgets/framework.dart:7264:36)
#398    MultiChildRenderObjectElement.mount (package:flutter/src/widgets/framework.dart:7279:32)
...     Normal element mounting (467 frames)
#865    Element.inflateWidget (package:flutter/src/widgets/framework.dart:4587:20)
#866    Element.updateChild (package:flutter/src/widgets/framework.dart:4053:20)
#867    ComponentElement.performRebuild (package:flutter/src/widgets/framework.dart:5841:16)
#868    Element.rebuild (package:flutter/src/widgets/framework.dart:5529:7)
#869    ProxyElement.update (package:flutter/src/widgets/framework.dart:6149:5)
#870    _InheritedNotifierElement.update (package:flutter/src/widgets/inherited_notifier.dart:108:11)
#871    Element.updateChild (package:flutter/src/widgets/framework.dart:4037:15)
#872    ComponentElement.performRebuild (package:flutter/src/widgets/framework.dart:5841:16)
#873    StatefulElement.performRebuild (package:flutter/src/widgets/framework.dart:5982:11)
#874    Element.rebuild (package:flutter/src/widgets/framework.dart:5529:7)
#875    StatefulElement.update (package:flutter/src/widgets/framework.dart:6007:5)
#876    Element.updateChild (package:flutter/src/widgets/framework.dart:4037:15)
#877    ComponentElement.performRebuild (package:flutter/src/widgets/framework.dart:5841:16)
#878    Element.rebuild (package:flutter/src/widgets/framework.dart:5529:7)
#879    ProxyElement.update (package:flutter/src/widgets/framework.dart:6149:5)
#880    _InheritedNotifierElement.update (package:flutter/src/widgets/inherited_notifier.dart:108:11)
#881    Element.updateChild (package:flutter/src/widgets/framework.dart:4037:15)
#882    ComponentElement.performRebuild (package:flutter/src/widgets/framework.dart:5841:16)
#883    StatefulElement.performRebuild (package:flutter/src/widgets/framework.dart:5982:11)
#884    Element.rebuild (package:flutter/src/widgets/framework.dart:5529:7)
#885    StatefulElement.update (package:flutter/src/widgets/framework.dart:6007:5)
#886    Element.updateChild (package:flutter/src/widgets/framework.dart:4037:15)
#887    ComponentElement.performRebuild (package:flutter/src/widgets/framework.dart:5841:16)
#888    StatefulElement.performRebuild (package:flutter/src/widgets/framework.dart:5982:11)
#889    Element.rebuild (package:flutter/src/widgets/framework.dart:5529:7)
#890    StatefulElement.update (package:flutter/src/widgets/framework.dart:6007:5)
#891    Element.updateChild (package:flutter/src/widgets/framework.dart:4037:15)
#892    ComponentElement.performRebuild (package:flutter/src/widgets/framework.dart:5841:16)
#893    Element.rebuild (package:flutter/src/widgets/framework.dart:5529:7)
#894    ProxyElement.update (package:flutter/src/widgets/framework.dart:6149:5)
#895    Element.updateChild (package:flutter/src/widgets/framework.dart:4037:15)
#896    ComponentElement.performRebuild (package:flutter/src/widgets/framework.dart:5841:16)
#897    StatefulElement.performRebuild (package:flutter/src/widgets/framework.dart:5982:11)
#898    Element.rebuild (package:flutter/src/widgets/framework.dart:5529:7)
#899    StatefulElement.update (package:flutter/src/widgets/framework.dart:6007:5)
#900    Element.updateChild (package:flutter/src/widgets/framework.dart:4037:15)
#901    ComponentElement.performRebuild (package:flutter/src/widgets/framework.dart:5841:16)
#902    Element.rebuild (package:flutter/src/widgets/framework.dart:5529:7)
#903    ProxyElement.update (package:flutter/src/widgets/framework.dart:6149:5)
#904    Element.updateChild (package:flutter/src/widgets/framework.dart:4037:15)
#905    ComponentElement.performRebuild (package:flutter/src/widgets/framework.dart:5841:16)
#906    Element.rebuild (package:flutter/src/widgets/framework.dart:5529:7)
#907    ProxyElement.update (package:flutter/src/widgets/framework.dart:6149:5)
#908    Element.updateChild (package:flutter/src/widgets/framework.dart:4037:15)
#909    _RawViewElement._updateChild (package:flutter/src/widgets/view.dart:481:16)
#910    _RawViewElement.update (package:flutter/src/widgets/view.dart:568:5)
#911    Element.updateChild (package:flutter/src/widgets/framework.dart:4037:15)
#912    ComponentElement.performRebuild (package:flutter/src/widgets/framework.dart:5841:16)
#913    Element.rebuild (package:flutter/src/widgets/framework.dart:5529:7)
#914    StatelessElement.update (package:flutter/src/widgets/framework.dart:5895:5)
#915    Element.updateChild (package:flutter/src/widgets/framework.dart:4037:15)
#916    ComponentElement.performRebuild (package:flutter/src/widgets/framework.dart:5841:16)
#917    StatefulElement.performRebuild (package:flutter/src/widgets/framework.dart:5982:11)
#918    Element.rebuild (package:flutter/src/widgets/framework.dart:5529:7)
#919    StatefulElement.update (package:flutter/src/widgets/framework.dart:6007:5)
#920    Element.updateChild (package:flutter/src/widgets/framework.dart:4037:15)
#921    RootElement._rebuild (package:flutter/src/widgets/binding.dart:1822:16)
#922    RootElement.update (package:flutter/src/widgets/binding.dart:1800:5)
#923    RootElement.performRebuild (package:flutter/src/widgets/binding.dart:1814:7)
#924    Element.rebuild (package:flutter/src/widgets/framework.dart:5529:7)
#925    BuildScope._tryRebuild (package:flutter/src/widgets/framework.dart:2750:15)
#926    BuildScope._flushDirtyElements (package:flutter/src/widgets/framework.dart:2807:11)
#927    BuildOwner.buildScope (package:flutter/src/widgets/framework.dart:3111:18)
#928    AutomatedTestWidgetsFlutterBinding.drawFrame (package:flutter_test/src/binding.dart:2131:19)
#929    RendererBinding._handlePersistentFrameCallback (package:flutter/src/rendering/binding.dart:495:5)
#930    SchedulerBinding._invokeFrameCallback (package:flutter/src/scheduler/binding.dart:1430:15)
#931    SchedulerBinding.handleDrawFrame (package:flutter/src/scheduler/binding.dart:1345:9)
#932    AutomatedTestWidgetsFlutterBinding.pump.<anonymous closure> (package:flutter_test/src/binding.dart:1960:9)
#935    TestAsyncUtils.guard (package:flutter_test/src/test_async_utils.dart:74:41)
#936    AutomatedTestWidgetsFlutterBinding.pump (package:flutter_test/src/binding.dart:1949:27)
#937    WidgetTester.pumpWidget.<anonymous closure> (package:flutter_test/src/widget_tester.dart:598:22)
#940    TestAsyncUtils.guard (package:flutter_test/src/test_async_utils.dart:74:41)
#941    WidgetTester.pumpWidget (package:flutter_test/src/widget_tester.dart:595:27)
#942    main.<anonymous closure>.<anonymous closure>.<anonymous closure> (file:///C:/Users/NAGAR/IdeaProjects/fard-2/.worktrees/test-remediation/test/features/settings/widget_preview_widget_test.dart:221:22)
#943    testWidgets.<anonymous closure>.<anonymous closure> (package:flutter_test/src/widget_tester.dart:192:29)
<asynchronous suspension>
#944    TestWidgetsFlutterBinding._runTestBody (package:flutter_test/src/binding.dart:1682:5)
<asynchronous suspension>
<asynchronous suspension>
(elided 5 frames from dart:async and package:stack_trace)

ΓòÉΓòÉΓòÉΓòÉΓòÉΓòÉΓòÉΓòÉΓòÉΓòÉΓòÉΓòÉΓòÉΓòÉΓòÉΓòÉΓòÉΓòÉΓòÉΓòÉΓòÉΓòÉΓòÉΓòÉΓòÉΓòÉΓòÉΓòÉΓòÉΓòÉΓòÉΓòÉΓòÉΓòÉΓòÉΓòÉΓòÉΓòÉΓòÉΓòÉΓòÉΓòÉΓòÉΓòÉΓòÉΓòÉΓòÉΓòÉΓòÉΓòÉΓòÉΓòÉΓòÉΓòÉΓòÉΓòÉΓòÉΓòÉΓòÉΓòÉΓòÉΓòÉΓòÉΓòÉΓòÉΓòÉΓòÉΓòÉΓòÉΓòÉΓòÉΓòÉΓòÉΓòÉΓòÉΓòÉΓòÉΓòÉΓòÉΓòÉΓòÉΓòÉΓòÉΓòÉΓòÉΓòÉΓòÉΓòÉΓòÉΓòÉΓòÉΓòÉΓòÉΓòÉΓòÉΓòÉΓòÉΓòÉΓòÉΓòÉ
ΓòÉΓòÉΓòí EXCEPTION CAUGHT BY FLUTTER TEST FRAMEWORK Γò₧ΓòÉΓòÉΓòÉΓòÉΓòÉΓòÉΓòÉΓòÉΓòÉΓòÉΓòÉΓòÉΓòÉΓòÉΓòÉΓòÉΓòÉΓòÉΓòÉΓòÉΓòÉΓòÉΓòÉΓòÉΓòÉΓòÉΓòÉΓòÉΓòÉΓòÉΓòÉΓòÉΓòÉΓòÉΓòÉΓòÉΓòÉΓòÉΓòÉΓòÉΓòÉΓòÉΓòÉΓòÉΓòÉΓòÉΓòÉΓòÉΓòÉΓòÉΓòÉΓòÉ
The following StateError was thrown running a test:
Bad state: No element

When the exception was thrown, this was the stack:
#0      Iterable.first (dart:core/iterable.dart:663:7)
#1      _FirstFinderMixin.filter (package:flutter_test/src/finders.dart:1340:28)
#3      Iterable.single (dart:core/iterable.dart:694:13)
#4      WidgetController.widget (package:flutter_test/src/controller.dart:823:30)
#5      main.<anonymous closure>.<anonymous closure>.<anonymous closure> (file:///C:/Users/NAGAR/IdeaProjects/fard-2/.worktrees/test-remediation/test/features/settings/widget_preview_widget_test.dart:233:35)
<asynchronous suspension>
#6      testWidgets.<anonymous closure>.<anonymous closure> (package:flutter_test/src/widget_tester.dart:192:15)
<asynchronous suspension>
#7      TestWidgetsFlutterBinding._runTestBody (package:flutter_test/src/binding.dart:1682:5)
<asynchronous suspension>
<asynchronous suspension>
(elided 2 frames from dart:async-patch and package:stack_trace)

The test description was:
  ValueKey changes when theme changes
ΓòÉΓòÉΓòÉΓòÉΓòÉΓòÉΓòÉΓòÉΓòÉΓòÉΓòÉΓòÉΓòÉΓòÉΓòÉΓòÉΓòÉΓòÉΓòÉΓòÉΓòÉΓòÉΓòÉΓòÉΓòÉΓòÉΓòÉΓòÉΓòÉΓòÉΓòÉΓòÉΓòÉΓòÉΓòÉΓòÉΓòÉΓòÉΓòÉΓòÉΓòÉΓòÉΓòÉΓòÉΓòÉΓòÉΓòÉΓòÉΓòÉΓòÉΓòÉΓòÉΓòÉΓòÉΓòÉΓòÉΓòÉΓòÉΓòÉΓòÉΓòÉΓòÉΓòÉΓòÉΓòÉΓòÉΓòÉΓòÉΓòÉΓòÉΓòÉΓòÉΓòÉΓòÉΓòÉΓòÉΓòÉΓòÉΓòÉΓòÉΓòÉΓòÉΓòÉΓòÉΓòÉΓòÉΓòÉΓòÉΓòÉΓòÉΓòÉΓòÉΓòÉΓòÉΓòÉΓòÉΓòÉΓòÉΓòÉΓòÉ
ΓòÉΓòÉΓòí EXCEPTION CAUGHT BY FLUTTER TEST FRAMEWORK Γò₧ΓòÉΓòÉΓòÉΓòÉΓòÉΓòÉΓòÉΓòÉΓòÉΓòÉΓòÉΓòÉΓòÉΓòÉΓòÉΓòÉΓòÉΓòÉΓòÉΓòÉΓòÉΓòÉΓòÉΓòÉΓòÉΓòÉΓòÉΓòÉΓòÉΓòÉΓòÉΓòÉΓòÉΓòÉΓòÉΓòÉΓòÉΓòÉΓòÉΓòÉΓòÉΓòÉΓòÉΓòÉΓòÉΓòÉΓòÉΓòÉΓòÉΓòÉΓòÉΓòÉ
The following message was thrown:
Multiple exceptions (2) were detected during the running of the current test, and at least one was
unexpected.
ΓòÉΓòÉΓòÉΓòÉΓòÉΓòÉΓòÉΓòÉΓòÉΓòÉΓòÉΓòÉΓòÉΓòÉΓòÉΓòÉΓòÉΓòÉΓòÉΓòÉΓòÉΓòÉΓòÉΓòÉΓòÉΓòÉΓòÉΓòÉΓòÉΓòÉΓòÉΓòÉΓòÉΓòÉΓòÉΓòÉΓòÉΓòÉΓòÉΓòÉΓòÉΓòÉΓòÉΓòÉΓòÉΓòÉΓòÉΓòÉΓòÉΓòÉΓòÉΓòÉΓòÉΓòÉΓòÉΓòÉΓòÉΓòÉΓòÉΓòÉΓòÉΓòÉΓòÉΓòÉΓòÉΓòÉΓòÉΓòÉΓòÉΓòÉΓòÉΓòÉΓòÉΓòÉΓòÉΓòÉΓòÉΓòÉΓòÉΓòÉΓòÉΓòÉΓòÉΓòÉΓòÉΓòÉΓòÉΓòÉΓòÉΓòÉΓòÉΓòÉΓòÉΓòÉΓòÉΓòÉΓòÉΓòÉΓòÉΓòÉ
+302 -29: C:/Users/NAGAR/IdeaProjects/fard-2/.worktrees/test-remediation/test/features/settings/widget_preview_widget_test.dart: WidgetPreview widget tests ValueKey behavior ValueKey changes when theme changes [E]
  Test failed. See exception logs above.
  The test description was: ValueKey changes when theme changes
  
+302 -29: C:/Users/NAGAR/IdeaProjects/fard-2/.worktrees/test-remediation/test/features/settings/widget_preview_widget_test.dart: WidgetPreview widget tests Custom theme colors renders with custom theme colors
ΓòÉΓòÉΓòí EXCEPTION CAUGHT BY WIDGETS LIBRARY Γò₧ΓòÉΓòÉΓòÉΓòÉΓòÉΓòÉΓòÉΓòÉΓòÉΓòÉΓòÉΓòÉΓòÉΓòÉΓòÉΓòÉΓòÉΓòÉΓòÉΓòÉΓòÉΓòÉΓòÉΓòÉΓòÉΓòÉΓòÉΓòÉΓòÉΓòÉΓòÉΓòÉΓòÉΓòÉΓòÉΓòÉΓòÉΓòÉΓòÉΓòÉΓòÉΓòÉΓòÉΓòÉΓòÉΓòÉΓòÉΓòÉΓòÉΓòÉΓòÉΓòÉΓòÉΓòÉΓòÉΓòÉΓòÉΓòÉΓòÉ
The following _TypeError was thrown building WidgetPreview(dirty, dependencies:
[_LocalizationsScope-[GlobalKey#99a7f]]):
Null check operator used on a null value

The relevant error-causing widget was:
  WidgetPreview
  WidgetPreview:file:///C:/Users/NAGAR/IdeaProjects/fard-2/.worktrees/test-remediation/test/features/settings/widget_preview_widget_test.dart:275:21

When the exception was thrown, this was the stack:
#0      WidgetPreview.build (package:fard/features/settings/presentation/widgets/widget_preview.dart:22:46)
#1      StatelessElement.build (package:flutter/src/widgets/framework.dart:5889:49)
#2      ComponentElement.performRebuild (package:flutter/src/widgets/framework.dart:5817:15)
#3      Element.rebuild (package:flutter/src/widgets/framework.dart:5529:7)
#4      ComponentElement._firstBuild (package:flutter/src/widgets/framework.dart:5799:5)
#5      ComponentElement.mount (package:flutter/src/widgets/framework.dart:5793:5)
...     Normal element mounting (25 frames)
#30     Element.inflateWidget (package:flutter/src/widgets/framework.dart:4587:20)
#31     MultiChildRenderObjectElement.inflateWidget (package:flutter/src/widgets/framework.dart:7264:36)
#32     MultiChildRenderObjectElement.mount (package:flutter/src/widgets/framework.dart:7279:32)
...     Normal element mounting (364 frames)
#396    Element.inflateWidget (package:flutter/src/widgets/framework.dart:4587:20)
#397    MultiChildRenderObjectElement.inflateWidget (package:flutter/src/widgets/framework.dart:7264:36)
#398    MultiChildRenderObjectElement.mount (package:flutter/src/widgets/framework.dart:7279:32)
...     Normal element mounting (467 frames)
#865    Element.inflateWidget (package:flutter/src/widgets/framework.dart:4587:20)
#866    Element.updateChild (package:flutter/src/widgets/framework.dart:4053:20)
#867    ComponentElement.performRebuild (package:flutter/src/widgets/framework.dart:5841:16)
#868    Element.rebuild (package:flutter/src/widgets/framework.dart:5529:7)
#869    ProxyElement.update (package:flutter/src/widgets/framework.dart:6149:5)
#870    _InheritedNotifierElement.update (package:flutter/src/widgets/inherited_notifier.dart:108:11)
#871    Element.updateChild (package:flutter/src/widgets/framework.dart:4037:15)
#872    ComponentElement.performRebuild (package:flutter/src/widgets/framework.dart:5841:16)
#873    StatefulElement.performRebuild (package:flutter/src/widgets/framework.dart:5982:11)
#874    Element.rebuild (package:flutter/src/widgets/framework.dart:5529:7)
#875    StatefulElement.update (package:flutter/src/widgets/framework.dart:6007:5)
#876    Element.updateChild (package:flutter/src/widgets/framework.dart:4037:15)
#877    ComponentElement.performRebuild (package:flutter/src/widgets/framework.dart:5841:16)
#878    Element.rebuild (package:flutter/src/widgets/framework.dart:5529:7)
#879    ProxyElement.update (package:flutter/src/widgets/framework.dart:6149:5)
#880    _InheritedNotifierElement.update (package:flutter/src/widgets/inherited_notifier.dart:108:11)
#881    Element.updateChild (package:flutter/src/widgets/framework.dart:4037:15)
#882    ComponentElement.performRebuild (package:flutter/src/widgets/framework.dart:5841:16)
#883    StatefulElement.performRebuild (package:flutter/src/widgets/framework.dart:5982:11)
#884    Element.rebuild (package:flutter/src/widgets/framework.dart:5529:7)
#885    StatefulElement.update (package:flutter/src/widgets/framework.dart:6007:5)
#886    Element.updateChild (package:flutter/src/widgets/framework.dart:4037:15)
#887    ComponentElement.performRebuild (package:flutter/src/widgets/framework.dart:5841:16)
#888    StatefulElement.performRebuild (package:flutter/src/widgets/framework.dart:5982:11)
#889    Element.rebuild (package:flutter/src/widgets/framework.dart:5529:7)
#890    StatefulElement.update (package:flutter/src/widgets/framework.dart:6007:5)
#891    Element.updateChild (package:flutter/src/widgets/framework.dart:4037:15)
#892    ComponentElement.performRebuild (package:flutter/src/widgets/framework.dart:5841:16)
#893    Element.rebuild (package:flutter/src/widgets/framework.dart:5529:7)
#894    ProxyElement.update (package:flutter/src/widgets/framework.dart:6149:5)
#895    Element.updateChild (package:flutter/src/widgets/framework.dart:4037:15)
#896    ComponentElement.performRebuild (package:flutter/src/widgets/framework.dart:5841:16)
#897    StatefulElement.performRebuild (package:flutter/src/widgets/framework.dart:5982:11)
#898    Element.rebuild (package:flutter/src/widgets/framework.dart:5529:7)
#899    StatefulElement.update (package:flutter/src/widgets/framework.dart:6007:5)
#900    Element.updateChild (package:flutter/src/widgets/framework.dart:4037:15)
#901    ComponentElement.performRebuild (package:flutter/src/widgets/framework.dart:5841:16)
#902    Element.rebuild (package:flutter/src/widgets/framework.dart:5529:7)
#903    ProxyElement.update (package:flutter/src/widgets/framework.dart:6149:5)
#904    Element.updateChild (package:flutter/src/widgets/framework.dart:4037:15)
#905    ComponentElement.performRebuild (package:flutter/src/widgets/framework.dart:5841:16)
#906    Element.rebuild (package:flutter/src/widgets/framework.dart:5529:7)
#907    ProxyElement.update (package:flutter/src/widgets/framework.dart:6149:5)
#908    Element.updateChild (package:flutter/src/widgets/framework.dart:4037:15)
#909    _RawViewElement._updateChild (package:flutter/src/widgets/view.dart:481:16)
#910    _RawViewElement.update (package:flutter/src/widgets/view.dart:568:5)
#911    Element.updateChild (package:flutter/src/widgets/framework.dart:4037:15)
#912    ComponentElement.performRebuild (package:flutter/src/widgets/framework.dart:5841:16)
#913    Element.rebuild (package:flutter/src/widgets/framework.dart:5529:7)
#914    StatelessElement.update (package:flutter/src/widgets/framework.dart:5895:5)
#915    Element.updateChild (package:flutter/src/widgets/framework.dart:4037:15)
#916    ComponentElement.performRebuild (package:flutter/src/widgets/framework.dart:5841:16)
#917    StatefulElement.performRebuild (package:flutter/src/widgets/framework.dart:5982:11)
#918    Element.rebuild (package:flutter/src/widgets/framework.dart:5529:7)
#919    StatefulElement.update (package:flutter/src/widgets/framework.dart:6007:5)
#920    Element.updateChild (package:flutter/src/widgets/framework.dart:4037:15)
#921    RootElement._rebuild (package:flutter/src/widgets/binding.dart:1822:16)
#922    RootElement.update (package:flutter/src/widgets/binding.dart:1800:5)
#923    RootElement.performRebuild (package:flutter/src/widgets/binding.dart:1814:7)
#924    Element.rebuild (package:flutter/src/widgets/framework.dart:5529:7)
#925    BuildScope._tryRebuild (package:flutter/src/widgets/framework.dart:2750:15)
#926    BuildScope._flushDirtyElements (package:flutter/src/widgets/framework.dart:2807:11)
#927    BuildOwner.buildScope (package:flutter/src/widgets/framework.dart:3111:18)
#928    AutomatedTestWidgetsFlutterBinding.drawFrame (package:flutter_test/src/binding.dart:2131:19)
#929    RendererBinding._handlePersistentFrameCallback (package:flutter/src/rendering/binding.dart:495:5)
#930    SchedulerBinding._invokeFrameCallback (package:flutter/src/scheduler/binding.dart:1430:15)
#931    SchedulerBinding.handleDrawFrame (package:flutter/src/scheduler/binding.dart:1345:9)
#932    AutomatedTestWidgetsFlutterBinding.pump.<anonymous closure> (package:flutter_test/src/binding.dart:1960:9)
#935    TestAsyncUtils.guard (package:flutter_test/src/test_async_utils.dart:74:41)
#936    AutomatedTestWidgetsFlutterBinding.pump (package:flutter_test/src/binding.dart:1949:27)
#937    WidgetTester.pumpWidget.<anonymous closure> (package:flutter_test/src/widget_tester.dart:598:22)
#940    TestAsyncUtils.guard (package:flutter_test/src/test_async_utils.dart:74:41)
#941    WidgetTester.pumpWidget (package:flutter_test/src/widget_tester.dart:595:27)
#942    main.<anonymous closure>.<anonymous closure>.<anonymous closure> (file:///C:/Users/NAGAR/IdeaProjects/fard-2/.worktrees/test-remediation/test/features/settings/widget_preview_widget_test.dart:272:22)
#943    testWidgets.<anonymous closure>.<anonymous closure> (package:flutter_test/src/widget_tester.dart:192:29)
<asynchronous suspension>
#944    TestWidgetsFlutterBinding._runTestBody (package:flutter_test/src/binding.dart:1682:5)
<asynchronous suspension>
<asynchronous suspension>
(elided 5 frames from dart:async and package:stack_trace)

ΓòÉΓòÉΓòÉΓòÉΓòÉΓòÉΓòÉΓòÉΓòÉΓòÉΓòÉΓòÉΓòÉΓòÉΓòÉΓòÉΓòÉΓòÉΓòÉΓòÉΓòÉΓòÉΓòÉΓòÉΓòÉΓòÉΓòÉΓòÉΓòÉΓòÉΓòÉΓòÉΓòÉΓòÉΓòÉΓòÉΓòÉΓòÉΓòÉΓòÉΓòÉΓòÉΓòÉΓòÉΓòÉΓòÉΓòÉΓòÉΓòÉΓòÉΓòÉΓòÉΓòÉΓòÉΓòÉΓòÉΓòÉΓòÉΓòÉΓòÉΓòÉΓòÉΓòÉΓòÉΓòÉΓòÉΓòÉΓòÉΓòÉΓòÉΓòÉΓòÉΓòÉΓòÉΓòÉΓòÉΓòÉΓòÉΓòÉΓòÉΓòÉΓòÉΓòÉΓòÉΓòÉΓòÉΓòÉΓòÉΓòÉΓòÉΓòÉΓòÉΓòÉΓòÉΓòÉΓòÉΓòÉΓòÉΓòÉΓòÉ
+302 -30: C:/Users/NAGAR/IdeaProjects/fard-2/.worktrees/test-remediation/test/features/settings/widget_preview_widget_test.dart: WidgetPreview widget tests Custom theme colors renders with custom theme colors [E]
  Test failed. See exception logs above.
  The test description was: renders with custom theme colors
  
+302 -30: C:/Users/NAGAR/IdeaProjects/fard-2/.worktrees/test-remediation/test/features/werd/domain/entities/reading_segment_range_test.dart: ReadingSegment - Range Tracking Verification BUG DEMONSTRATION: Creating segment with start=1, end=10
Γ£à CORRECT Segment:
   Start Ayah: 1
   End Ayah: 10
   Ayah Count: 10
+303 -30: C:/Users/NAGAR/IdeaProjects/fard-2/.worktrees/test-remediation/test/features/werd/domain/entities/reading_segment_range_test.dart: ReadingSegment - Range Tracking Verification BUG DEMONSTRATION: Current buggy behavior creates single ayah segment
Γ¥î BUGGY Segment (what currently happens):
   Start Ayah: 10
   End Ayah: 10
   Ayah Count: 1
+304 -30: C:/Users/NAGAR/IdeaProjects/fard-2/.worktrees/test-remediation/test/features/werd/domain/entities/reading_segment_range_test.dart: ReadingSegment - Range Tracking Verification Segment merging should preserve ranges
Merged segments:
   Segment: 1 - 5 (5 ayahs)
   Segment: 10 - 15 (6 ayahs)
+305 -30: C:/Users/NAGAR/IdeaProjects/fard-2/.worktrees/test-remediation/test/features/werd/domain/entities/reading_segment_range_test.dart: ReadingSegment - Range Tracking Verification Adjacent segments should merge
Adjacent segments after merge:
   Segment: 1 - 10 (10 ayahs)
+306 -30: C:/Users/NAGAR/IdeaProjects/fard-2/.worktrees/test-remediation/test/features/werd/domain/entities/reading_segment_range_test.dart: ReadingSegment - Range Tracking Verification Calculate total ayahs from multiple segments
Total ayahs from segments: 11
+307 -30: C:/Users/NAGAR/IdeaProjects/fard-2/.worktrees/test-remediation/test/features/werd/domain/entities/reading_segment_range_test.dart: ReadingSegment - Range Tracking Verification WerdProgress should calculate total from segments
Segments today: 2
Calculated total from segments: 11
+308 -30: C:/Users/NAGAR/IdeaProjects/fard-2/.worktrees/test-remediation/test/features/settings/widget_preview_widget_test.dart: WidgetPreview widget tests Custom theme colors background color is applied
ΓòÉΓòÉΓòí EXCEPTION CAUGHT BY WIDGETS LIBRARY Γò₧ΓòÉΓòÉΓòÉΓòÉΓòÉΓòÉΓòÉΓòÉΓòÉΓòÉΓòÉΓòÉΓòÉΓòÉΓòÉΓòÉΓòÉΓòÉΓòÉΓòÉΓòÉΓòÉΓòÉΓòÉΓòÉΓòÉΓòÉΓòÉΓòÉΓòÉΓòÉΓòÉΓòÉΓòÉΓòÉΓòÉΓòÉΓòÉΓòÉΓòÉΓòÉΓòÉΓòÉΓòÉΓòÉΓòÉΓòÉΓòÉΓòÉΓòÉΓòÉΓòÉΓòÉΓòÉΓòÉΓòÉΓòÉΓòÉΓòÉ
The following _TypeError was thrown building WidgetPreview(dirty, dependencies:
[_LocalizationsScope-[GlobalKey#cdd85]]):
Null check operator used on a null value

The relevant error-causing widget was:
  WidgetPreview
  WidgetPreview:file:///C:/Users/NAGAR/IdeaProjects/fard-2/.worktrees/test-remediation/test/features/settings/widget_preview_widget_test.dart:295:21

When the exception was thrown, this was the stack:
#0      WidgetPreview.build (package:fard/features/settings/presentation/widgets/widget_preview.dart:22:46)
#1      StatelessElement.build (package:flutter/src/widgets/framework.dart:5889:49)
#2      ComponentElement.performRebuild (package:flutter/src/widgets/framework.dart:5817:15)
#3      Element.rebuild (package:flutter/src/widgets/framework.dart:5529:7)
#4      ComponentElement._firstBuild (package:flutter/src/widgets/framework.dart:5799:5)
#5      ComponentElement.mount (package:flutter/src/widgets/framework.dart:5793:5)
...     Normal element mounting (25 frames)
#30     Element.inflateWidget (package:flutter/src/widgets/framework.dart:4587:20)
#31     MultiChildRenderObjectElement.inflateWidget (package:flutter/src/widgets/framework.dart:7264:36)
#32     MultiChildRenderObjectElement.mount (package:flutter/src/widgets/framework.dart:7279:32)
...     Normal element mounting (364 frames)
#396    Element.inflateWidget (package:flutter/src/widgets/framework.dart:4587:20)
#397    MultiChildRenderObjectElement.inflateWidget (package:flutter/src/widgets/framework.dart:7264:36)
#398    MultiChildRenderObjectElement.mount (package:flutter/src/widgets/framework.dart:7279:32)
...     Normal element mounting (467 frames)
#865    Element.inflateWidget (package:flutter/src/widgets/framework.dart:4587:20)
#866    Element.updateChild (package:flutter/src/widgets/framework.dart:4053:20)
#867    ComponentElement.performRebuild (package:flutter/src/widgets/framework.dart:5841:16)
#868    Element.rebuild (package:flutter/src/widgets/framework.dart:5529:7)
#869    ProxyElement.update (package:flutter/src/widgets/framework.dart:6149:5)
#870    _InheritedNotifierElement.update (package:flutter/src/widgets/inherited_notifier.dart:108:11)
#871    Element.updateChild (package:flutter/src/widgets/framework.dart:4037:15)
#872    ComponentElement.performRebuild (package:flutter/src/widgets/framework.dart:5841:16)
#873    StatefulElement.performRebuild (package:flutter/src/widgets/framework.dart:5982:11)
#874    Element.rebuild (package:flutter/src/widgets/framework.dart:5529:7)
#875    StatefulElement.update (package:flutter/src/widgets/framework.dart:6007:5)
#876    Element.updateChild (package:flutter/src/widgets/framework.dart:4037:15)
#877    ComponentElement.performRebuild (package:flutter/src/widgets/framework.dart:5841:16)
#878    Element.rebuild (package:flutter/src/widgets/framework.dart:5529:7)
#879    ProxyElement.update (package:flutter/src/widgets/framework.dart:6149:5)
#880    _InheritedNotifierElement.update (package:flutter/src/widgets/inherited_notifier.dart:108:11)
#881    Element.updateChild (package:flutter/src/widgets/framework.dart:4037:15)
#882    ComponentElement.performRebuild (package:flutter/src/widgets/framework.dart:5841:16)
#883    StatefulElement.performRebuild (package:flutter/src/widgets/framework.dart:5982:11)
#884    Element.rebuild (package:flutter/src/widgets/framework.dart:5529:7)
#885    StatefulElement.update (package:flutter/src/widgets/framework.dart:6007:5)
#886    Element.updateChild (package:flutter/src/widgets/framework.dart:4037:15)
#887    ComponentElement.performRebuild (package:flutter/src/widgets/framework.dart:5841:16)
#888    StatefulElement.performRebuild (package:flutter/src/widgets/framework.dart:5982:11)
#889    Element.rebuild (package:flutter/src/widgets/framework.dart:5529:7)
#890    StatefulElement.update (package:flutter/src/widgets/framework.dart:6007:5)
#891    Element.updateChild (package:flutter/src/widgets/framework.dart:4037:15)
#892    ComponentElement.performRebuild (package:flutter/src/widgets/framework.dart:5841:16)
#893    Element.rebuild (package:flutter/src/widgets/framework.dart:5529:7)
#894    ProxyElement.update (package:flutter/src/widgets/framework.dart:6149:5)
#895    Element.updateChild (package:flutter/src/widgets/framework.dart:4037:15)
#896    ComponentElement.performRebuild (package:flutter/src/widgets/framework.dart:5841:16)
#897    StatefulElement.performRebuild (package:flutter/src/widgets/framework.dart:5982:11)
#898    Element.rebuild (package:flutter/src/widgets/framework.dart:5529:7)
#899    StatefulElement.update (package:flutter/src/widgets/framework.dart:6007:5)
#900    Element.updateChild (package:flutter/src/widgets/framework.dart:4037:15)
#901    ComponentElement.performRebuild (package:flutter/src/widgets/framework.dart:5841:16)
#902    Element.rebuild (package:flutter/src/widgets/framework.dart:5529:7)
#903    ProxyElement.update (package:flutter/src/widgets/framework.dart:6149:5)
#904    Element.updateChild (package:flutter/src/widgets/framework.dart:4037:15)
#905    ComponentElement.performRebuild (package:flutter/src/widgets/framework.dart:5841:16)
#906    Element.rebuild (package:flutter/src/widgets/framework.dart:5529:7)
#907    ProxyElement.update (package:flutter/src/widgets/framework.dart:6149:5)
#908    Element.updateChild (package:flutter/src/widgets/framework.dart:4037:15)
#909    _RawViewElement._updateChild (package:flutter/src/widgets/view.dart:481:16)
#910    _RawViewElement.update (package:flutter/src/widgets/view.dart:568:5)
#911    Element.updateChild (package:flutter/src/widgets/framework.dart:4037:15)
#912    ComponentElement.performRebuild (package:flutter/src/widgets/framework.dart:5841:16)
#913    Element.rebuild (package:flutter/src/widgets/framework.dart:5529:7)
#914    StatelessElement.update (package:flutter/src/widgets/framework.dart:5895:5)
#915    Element.updateChild (package:flutter/src/widgets/framework.dart:4037:15)
#916    ComponentElement.performRebuild (package:flutter/src/widgets/framework.dart:5841:16)
#917    StatefulElement.performRebuild (package:flutter/src/widgets/framework.dart:5982:11)
#918    Element.rebuild (package:flutter/src/widgets/framework.dart:5529:7)
#919    StatefulElement.update (package:flutter/src/widgets/framework.dart:6007:5)
#920    Element.updateChild (package:flutter/src/widgets/framework.dart:4037:15)
#921    RootElement._rebuild (package:flutter/src/widgets/binding.dart:1822:16)
#922    RootElement.update (package:flutter/src/widgets/binding.dart:1800:5)
#923    RootElement.performRebuild (package:flutter/src/widgets/binding.dart:1814:7)
#924    Element.rebuild (package:flutter/src/widgets/framework.dart:5529:7)
#925    BuildScope._tryRebuild (package:flutter/src/widgets/framework.dart:2750:15)
#926    BuildScope._flushDirtyElements (package:flutter/src/widgets/framework.dart:2807:11)
#927    BuildOwner.buildScope (package:flutter/src/widgets/framework.dart:3111:18)
#928    AutomatedTestWidgetsFlutterBinding.drawFrame (package:flutter_test/src/binding.dart:2131:19)
#929    RendererBinding._handlePersistentFrameCallback (package:flutter/src/rendering/binding.dart:495:5)
#930    SchedulerBinding._invokeFrameCallback (package:flutter/src/scheduler/binding.dart:1430:15)
#931    SchedulerBinding.handleDrawFrame (package:flutter/src/scheduler/binding.dart:1345:9)
#932    AutomatedTestWidgetsFlutterBinding.pump.<anonymous closure> (package:flutter_test/src/binding.dart:1960:9)
#935    TestAsyncUtils.guard (package:flutter_test/src/test_async_utils.dart:74:41)
#936    AutomatedTestWidgetsFlutterBinding.pump (package:flutter_test/src/binding.dart:1949:27)
#937    WidgetTester.pumpWidget.<anonymous closure> (package:flutter_test/src/widget_tester.dart:598:22)
#940    TestAsyncUtils.guard (package:flutter_test/src/test_async_utils.dart:74:41)
#941    WidgetTester.pumpWidget (package:flutter_test/src/widget_tester.dart:595:27)
#942    main.<anonymous closure>.<anonymous closure>.<anonymous closure> (file:///C:/Users/NAGAR/IdeaProjects/fard-2/.worktrees/test-remediation/test/features/settings/widget_preview_widget_test.dart:292:22)
#943    testWidgets.<anonymous closure>.<anonymous closure> (package:flutter_test/src/widget_tester.dart:192:29)
<asynchronous suspension>
#944    TestWidgetsFlutterBinding._runTestBody (package:flutter_test/src/binding.dart:1682:5)
<asynchronous suspension>
<asynchronous suspension>
(elided 5 frames from dart:async and package:stack_trace)

ΓòÉΓòÉΓòÉΓòÉΓòÉΓòÉΓòÉΓòÉΓòÉΓòÉΓòÉΓòÉΓòÉΓòÉΓòÉΓòÉΓòÉΓòÉΓòÉΓòÉΓòÉΓòÉΓòÉΓòÉΓòÉΓòÉΓòÉΓòÉΓòÉΓòÉΓòÉΓòÉΓòÉΓòÉΓòÉΓòÉΓòÉΓòÉΓòÉΓòÉΓòÉΓòÉΓòÉΓòÉΓòÉΓòÉΓòÉΓòÉΓòÉΓòÉΓòÉΓòÉΓòÉΓòÉΓòÉΓòÉΓòÉΓòÉΓòÉΓòÉΓòÉΓòÉΓòÉΓòÉΓòÉΓòÉΓòÉΓòÉΓòÉΓòÉΓòÉΓòÉΓòÉΓòÉΓòÉΓòÉΓòÉΓòÉΓòÉΓòÉΓòÉΓòÉΓòÉΓòÉΓòÉΓòÉΓòÉΓòÉΓòÉΓòÉΓòÉΓòÉΓòÉΓòÉΓòÉΓòÉΓòÉΓòÉΓòÉΓòÉ
ΓòÉΓòÉΓòí EXCEPTION CAUGHT BY FLUTTER TEST FRAMEWORK Γò₧ΓòÉΓòÉΓòÉΓòÉΓòÉΓòÉΓòÉΓòÉΓòÉΓòÉΓòÉΓòÉΓòÉΓòÉΓòÉΓòÉΓòÉΓòÉΓòÉΓòÉΓòÉΓòÉΓòÉΓòÉΓòÉΓòÉΓòÉΓòÉΓòÉΓòÉΓòÉΓòÉΓòÉΓòÉΓòÉΓòÉΓòÉΓòÉΓòÉΓòÉΓòÉΓòÉΓòÉΓòÉΓòÉΓòÉΓòÉΓòÉΓòÉΓòÉΓòÉΓòÉ
The following StateError was thrown running a test:
Bad state: No element

When the exception was thrown, this was the stack:
#0      Iterable.first (dart:core/iterable.dart:663:7)
#1      _FirstFinderMixin.filter (package:flutter_test/src/finders.dart:1340:28)
#3      Iterable.single (dart:core/iterable.dart:694:13)
#4      WidgetController.widget (package:flutter_test/src/controller.dart:823:30)
#5      main.<anonymous closure>.<anonymous closure>.<anonymous closure> (file:///C:/Users/NAGAR/IdeaProjects/fard-2/.worktrees/test-remediation/test/features/settings/widget_preview_widget_test.dart:304:34)
<asynchronous suspension>
#6      testWidgets.<anonymous closure>.<anonymous closure> (package:flutter_test/src/widget_tester.dart:192:15)
<asynchronous suspension>
#7      TestWidgetsFlutterBinding._runTestBody (package:flutter_test/src/binding.dart:1682:5)
<asynchronous suspension>
<asynchronous suspension>
(elided 2 frames from dart:async-patch and package:stack_trace)

The test description was:
  background color is applied
ΓòÉΓòÉΓòÉΓòÉΓòÉΓòÉΓòÉΓòÉΓòÉΓòÉΓòÉΓòÉΓòÉΓòÉΓòÉΓòÉΓòÉΓòÉΓòÉΓòÉΓòÉΓòÉΓòÉΓòÉΓòÉΓòÉΓòÉΓòÉΓòÉΓòÉΓòÉΓòÉΓòÉΓòÉΓòÉΓòÉΓòÉΓòÉΓòÉΓòÉΓòÉΓòÉΓòÉΓòÉΓòÉΓòÉΓòÉΓòÉΓòÉΓòÉΓòÉΓòÉΓòÉΓòÉΓòÉΓòÉΓòÉΓòÉΓòÉΓòÉΓòÉΓòÉΓòÉΓòÉΓòÉΓòÉΓòÉΓòÉΓòÉΓòÉΓòÉΓòÉΓòÉΓòÉΓòÉΓòÉΓòÉΓòÉΓòÉΓòÉΓòÉΓòÉΓòÉΓòÉΓòÉΓòÉΓòÉΓòÉΓòÉΓòÉΓòÉΓòÉΓòÉΓòÉΓòÉΓòÉΓòÉΓòÉΓòÉΓòÉ
ΓòÉΓòÉΓòí EXCEPTION CAUGHT BY FLUTTER TEST FRAMEWORK Γò₧ΓòÉΓòÉΓòÉΓòÉΓòÉΓòÉΓòÉΓòÉΓòÉΓòÉΓòÉΓòÉΓòÉΓòÉΓòÉΓòÉΓòÉΓòÉΓòÉΓòÉΓòÉΓòÉΓòÉΓòÉΓòÉΓòÉΓòÉΓòÉΓòÉΓòÉΓòÉΓòÉΓòÉΓòÉΓòÉΓòÉΓòÉΓòÉΓòÉΓòÉΓòÉΓòÉΓòÉΓòÉΓòÉΓòÉΓòÉΓòÉΓòÉΓòÉΓòÉΓòÉ
The following message was thrown:
Multiple exceptions (2) were detected during the running of the current test, and at least one was
unexpected.
ΓòÉΓòÉΓòÉΓòÉΓòÉΓòÉΓòÉΓòÉΓòÉΓòÉΓòÉΓòÉΓòÉΓòÉΓòÉΓòÉΓòÉΓòÉΓòÉΓòÉΓòÉΓòÉΓòÉΓòÉΓòÉΓòÉΓòÉΓòÉΓòÉΓòÉΓòÉΓòÉΓòÉΓòÉΓòÉΓòÉΓòÉΓòÉΓòÉΓòÉΓòÉΓòÉΓòÉΓòÉΓòÉΓòÉΓòÉΓòÉΓòÉΓòÉΓòÉΓòÉΓòÉΓòÉΓòÉΓòÉΓòÉΓòÉΓòÉΓòÉΓòÉΓòÉΓòÉΓòÉΓòÉΓòÉΓòÉΓòÉΓòÉΓòÉΓòÉΓòÉΓòÉΓòÉΓòÉΓòÉΓòÉΓòÉΓòÉΓòÉΓòÉΓòÉΓòÉΓòÉΓòÉΓòÉΓòÉΓòÉΓòÉΓòÉΓòÉΓòÉΓòÉΓòÉΓòÉΓòÉΓòÉΓòÉΓòÉΓòÉ
+308 -31: C:/Users/NAGAR/IdeaProjects/fard-2/.worktrees/test-remediation/test/features/settings/widget_preview_widget_test.dart: WidgetPreview widget tests Custom theme colors background color is applied [E]
  Test failed. See exception logs above.
  The test description was: background color is applied
  
+325 -31: C:/Users/NAGAR/IdeaProjects/fard-2/.worktrees/test-remediation/test/features/werd/domain/werd_progress_dual_format_bug_test.dart: ≡ƒÉ¢ BUG PROOF: When copyWith only sets readItemsToday, segmentsToday stays empty
ΓòöΓòÉΓòÉΓòÉΓòÉΓòÉΓòÉΓòÉΓòÉΓòÉΓòÉΓòÉΓòÉΓòÉΓòÉΓòÉΓòÉΓòÉΓòÉΓòÉΓòÉΓòÉΓòÉΓòÉΓòÉΓòÉΓòÉΓòÉΓòÉΓòÉΓòÉΓòÉΓòÉΓòÉΓòÉΓòÉΓòÉΓòÉΓòÉΓòÉΓòÉΓòÉΓòÉΓòÉΓòÉΓòÉΓòÉΓòÉΓòÉΓòÉΓòÉΓòÉΓòÉΓòù
≡ƒÉ¢ BUG PROOF TEST RESULTS
ΓòáΓòÉΓòÉΓòÉΓòÉΓòÉΓòÉΓòÉΓòÉΓòÉΓòÉΓòÉΓòÉΓòÉΓòÉΓòÉΓòÉΓòÉΓòÉΓòÉΓòÉΓòÉΓòÉΓòÉΓòÉΓòÉΓòÉΓòÉΓòÉΓòÉΓòÉΓòÉΓòÉΓòÉΓòÉΓòÉΓòÉΓòÉΓòÉΓòÉΓòÉΓòÉΓòÉΓòÉΓòÉΓòÉΓòÉΓòÉΓòÉΓòÉΓòÉΓòÉΓòÉΓòú
readItemsToday: {1, 2, 3, 4, 5, 6, 7}
readItemsToday count: 7
segmentsToday: []
segmentsToday count: 0
totalAmountReadToday: 7

Γ¥îΓ¥îΓ¥î BUG CONFIRMED! Γ¥îΓ¥îΓ¥î

readItemsToday has 7 ayahs
segmentsToday is EMPTY (0)

This is why:
  Γ£à History shows correct count (reads readItemsToday)
  Γ¥î Today's Reading shows wrong count (reads segmentsToday)
ΓòÜΓòÉΓòÉΓòÉΓòÉΓòÉΓòÉΓòÉΓòÉΓòÉΓòÉΓòÉΓòÉΓòÉΓòÉΓòÉΓòÉΓòÉΓòÉΓòÉΓòÉΓòÉΓòÉΓòÉΓòÉΓòÉΓòÉΓòÉΓòÉΓòÉΓòÉΓòÉΓòÉΓòÉΓòÉΓòÉΓòÉΓòÉΓòÉΓòÉΓòÉΓòÉΓòÉΓòÉΓòÉΓòÉΓòÉΓòÉΓòÉΓòÉΓòÉΓòÉΓòÉΓò¥
+326 -31: C:/Users/NAGAR/IdeaProjects/fard-2/.worktrees/test-remediation/test/features/werd/domain/werd_progress_dual_format_bug_test.dart: Γ£à EXPECTED BEHAVIOR: Should set BOTH readItemsToday AND segmentsToday
ΓòöΓòÉΓòÉΓòÉΓòÉΓòÉΓòÉΓòÉΓòÉΓòÉΓòÉΓòÉΓòÉΓòÉΓòÉΓòÉΓòÉΓòÉΓòÉΓòÉΓòÉΓòÉΓòÉΓòÉΓòÉΓòÉΓòÉΓòÉΓòÉΓòÉΓòÉΓòÉΓòÉΓòÉΓòÉΓòÉΓòÉΓòÉΓòÉΓòÉΓòÉΓòÉΓòÉΓòÉΓòÉΓòÉΓòÉΓòÉΓòÉΓòÉΓòÉΓòÉΓòÉΓòù
Γ£à EXPECTED BEHAVIOR TEST
ΓòáΓòÉΓòÉΓòÉΓòÉΓòÉΓòÉΓòÉΓòÉΓòÉΓòÉΓòÉΓòÉΓòÉΓòÉΓòÉΓòÉΓòÉΓòÉΓòÉΓòÉΓòÉΓòÉΓòÉΓòÉΓòÉΓòÉΓòÉΓòÉΓòÉΓòÉΓòÉΓòÉΓòÉΓòÉΓòÉΓòÉΓòÉΓòÉΓòÉΓòÉΓòÉΓòÉΓòÉΓòÉΓòÉΓòÉΓòÉΓòÉΓòÉΓòÉΓòÉΓòÉΓòú
readItemsToday: 7 ayahs
segmentsToday: 1 segment(s)
Segment 0: 1-7 (7 ayahs)
Γ£à Both formats are in sync!
ΓòÜΓòÉΓòÉΓòÉΓòÉΓòÉΓòÉΓòÉΓòÉΓòÉΓòÉΓòÉΓòÉΓòÉΓòÉΓòÉΓòÉΓòÉΓòÉΓòÉΓòÉΓòÉΓòÉΓòÉΓòÉΓòÉΓòÉΓòÉΓòÉΓòÉΓòÉΓòÉΓòÉΓòÉΓòÉΓòÉΓòÉΓòÉΓòÉΓòÉΓòÉΓòÉΓòÉΓòÉΓòÉΓòÉΓòÉΓòÉΓòÉΓòÉΓòÉΓòÉΓòÉΓò¥
+327 -31: C:/Users/NAGAR/IdeaProjects/fard-2/.worktrees/test-remediation/test/features/werd/presentation/blocs/werd_bloc_session_tracking_test.dart: SESSION TRACKING: Continue Button Flow REAL USER FLOW: Clicking "Continue" 3 times creates 3 separate sessions
≡ƒÄ¼ [WerdBloc] Continue button - starting session at ayah 1
≡ƒôû Created new session: ayah 1 (Total sessions: 1)
≡ƒôû Extended session 1: 1 ΓåÆ 1
≡ƒôí [WerdBloc] State emitted - Segments: 1, Total: 0
≡ƒôû Extended session 1: 1 ΓåÆ 2
≡ƒôí [WerdBloc] State emitted - Segments: 1, Total: 1
≡ƒôû Extended session 1: 1 ΓåÆ 3
≡ƒÅü [WerdBloc] Ending daily session
≡ƒôí [WerdBloc] State emitted - Segments: 1, Total: 2
Γ£à Daily session ended: 1 ΓåÆ 3 (0 min)
≡ƒÄ¼ [WerdBloc] Continue button - starting session at ayah 4
≡ƒôí [WerdBloc] State emitted - Segments: 1, Total: 3
≡ƒôû Created new session: ayah 4 (Total sessions: 2)
≡ƒôí [WerdBloc] State emitted - Segments: 1, Total: 3
≡ƒôû Extended session 2: 4 ΓåÆ 4
≡ƒôí [WerdBloc] State emitted - Segments: 2, Total: 3
≡ƒôû Extended session 2: 4 ΓåÆ 5
≡ƒôí [WerdBloc] State emitted - Segments: 2, Total: 4
≡ƒôû Extended session 2: 4 ΓåÆ 6
≡ƒÅü [WerdBloc] Ending daily session
≡ƒôí [WerdBloc] State emitted - Segments: 2, Total: 5
Γ£à Daily session ended: 4 ΓåÆ 6 (0 min)
≡ƒÄ¼ [WerdBloc] Continue button - starting session at ayah 7
≡ƒôí [WerdBloc] State emitted - Segments: 2, Total: 6
≡ƒôû Created new session: ayah 7 (Total sessions: 3)
≡ƒôí [WerdBloc] State emitted - Segments: 2, Total: 6
≡ƒôû Extended session 3: 7 ΓåÆ 7
≡ƒôí [WerdBloc] State emitted - Segments: 3, Total: 6
≡ƒôû Extended session 3: 7 ΓåÆ 8
≡ƒôí [WerdBloc] State emitted - Segments: 3, Total: 7
≡ƒôû Extended session 3: 7 ΓåÆ 9
≡ƒôí [WerdBloc] State emitted - Segments: 3, Total: 8
≡ƒôû Extended session 3: 7 ΓåÆ 10
≡ƒÅü [WerdBloc] Ending daily session
≡ƒôí [WerdBloc] State emitted - Segments: 3, Total: 9
Γ£à Daily session ended: 7 ΓåÆ 10 (0 min)
≡ƒôí [WerdBloc] State emitted - Segments: 3, Total: 10
≡ƒôí [WerdBloc] State emitted - Segments: 3, Total: 10
ΓòöΓòÉΓòÉΓòÉΓòÉΓòÉΓòÉΓòÉΓòÉΓòÉΓòÉΓòÉΓòÉΓòÉΓòÉΓòÉΓòÉΓòÉΓòÉΓòÉΓòÉΓòÉΓòÉΓòÉΓòÉΓòÉΓòÉΓòÉΓòÉΓòÉΓòÉΓòÉΓòÉΓòÉΓòÉΓòÉΓòÉΓòÉΓòÉΓòÉΓòÉΓòÉΓòÉΓòÉΓòÉΓòÉΓòÉΓòÉΓòÉΓòÉΓòÉΓòÉΓòÉΓòù
≡ƒÄ» SESSION TRACKING TEST RESULTS
ΓòáΓòÉΓòÉΓòÉΓòÉΓòÉΓòÉΓòÉΓòÉΓòÉΓòÉΓòÉΓòÉΓòÉΓòÉΓòÉΓòÉΓòÉΓòÉΓòÉΓòÉΓòÉΓòÉΓòÉΓòÉΓòÉΓòÉΓòÉΓòÉΓòÉΓòÉΓòÉΓòÉΓòÉΓòÉΓòÉΓòÉΓòÉΓòÉΓòÉΓòÉΓòÉΓòÉΓòÉΓòÉΓòÉΓòÉΓòÉΓòÉΓòÉΓòÉΓòÉΓòÉΓòú
updateProgress called: 16 times

≡ƒôè Final State:
   Total ayahs today: 10
   Sessions count: 3

Γ£àΓ£àΓ£à SUCCESS! 3 SESSIONS CREATED Γ£àΓ£àΓ£à

Session Details:

  Session 1:
    Ayahs: 1-3 (3 ayahs)
    Start: 9:04 AM
    End: 9:04 AM
    Duration: 0 min

  Session 2:
    Ayahs: 4-6 (3 ayahs)
    Start: 9:04 AM
    End: 9:04 AM
    Duration: 0 min

  Session 3:
    Ayahs: 7-10 (4 ayahs)
    Start: 9:04 AM
    End: 9:04 AM
    Duration: 0 min

This is what the user will see in Today's Reading dialog!
ΓòÜΓòÉΓòÉΓòÉΓòÉΓòÉΓòÉΓòÉΓòÉΓòÉΓòÉΓòÉΓòÉΓòÉΓòÉΓòÉΓòÉΓòÉΓòÉΓòÉΓòÉΓòÉΓòÉΓòÉΓòÉΓòÉΓòÉΓòÉΓòÉΓòÉΓòÉΓòÉΓòÉΓòÉΓòÉΓòÉΓòÉΓòÉΓòÉΓòÉΓòÉΓòÉΓòÉΓòÉΓòÉΓòÉΓòÉΓòÉΓòÉΓòÉΓòÉΓòÉΓòÉΓò¥
+328 -31: C:/Users/NAGAR/IdeaProjects/fard-2/.worktrees/test-remediation/test/features/werd/presentation/blocs/werd_bloc_session_tracking_test.dart: SESSION TRACKING: Continue Button Flow EDGE CASE: Session without endSession should still work
≡ƒÄ¼ [WerdBloc] Continue button - starting session at ayah 1
≡ƒôû Created new session: ayah 1 (Total sessions: 1)
≡ƒôû Extended session 1: 1 ΓåÆ 1
≡ƒôí [WerdBloc] State emitted - Segments: 1, Total: 0
≡ƒôû Extended session 1: 1 ΓåÆ 2
≡ƒôí [WerdBloc] State emitted - Segments: 1, Total: 1
≡ƒôí [WerdBloc] State emitted - Segments: 1, Total: 2
ΓòöΓòÉΓòÉΓòÉΓòÉΓòÉΓòÉΓòÉΓòÉΓòÉΓòÉΓòÉΓòÉΓòÉΓòÉΓòÉΓòÉΓòÉΓòÉΓòÉΓòÉΓòÉΓòÉΓòÉΓòÉΓòÉΓòÉΓòÉΓòÉΓòÉΓòÉΓòÉΓòÉΓòÉΓòÉΓòÉΓòÉΓòÉΓòÉΓòÉΓòÉΓòÉΓòÉΓòÉΓòÉΓòÉΓòÉΓòÉΓòÉΓòÉΓòÉΓòÉΓòÉΓòù
≡ƒÄ» ACTIVE SESSION TEST (no endSession)
ΓòáΓòÉΓòÉΓòÉΓòÉΓòÉΓòÉΓòÉΓòÉΓòÉΓòÉΓòÉΓòÉΓòÉΓòÉΓòÉΓòÉΓòÉΓòÉΓòÉΓòÉΓòÉΓòÉΓòÉΓòÉΓòÉΓòÉΓòÉΓòÉΓòÉΓòÉΓòÉΓòÉΓòÉΓòÉΓòÉΓòÉΓòÉΓòÉΓòÉΓòÉΓòÉΓòÉΓòÉΓòÉΓòÉΓòÉΓòÉΓòÉΓòÉΓòÉΓòÉΓòÉΓòú
Sessions count: 1
Session 0:
  Ayahs: 1-2 (2 ayahs)
  Start: 9:04 AM
  End: 
  Status: ACTIVE (still reading)

Γ£à Session is active - endTime is null as expected
ΓòÜΓòÉΓòÉΓòÉΓòÉΓòÉΓòÉΓòÉΓòÉΓòÉΓòÉΓòÉΓòÉΓòÉΓòÉΓòÉΓòÉΓòÉΓòÉΓòÉΓòÉΓòÉΓòÉΓòÉΓòÉΓòÉΓòÉΓòÉΓòÉΓòÉΓòÉΓòÉΓòÉΓòÉΓòÉΓòÉΓòÉΓòÉΓòÉΓòÉΓòÉΓòÉΓòÉΓòÉΓòÉΓòÉΓòÉΓòÉΓòÉΓòÉΓòÉΓòÉΓòÉΓò¥
+350 -31: C:/Users/NAGAR/IdeaProjects/fard-2/.worktrees/test-remediation/test/features/werd/werd_goal_change_bug_test.dart: Bug: Changing goal clears history BUG001 - setGoal resets progress but leaves segmentsToday inconsistent

≡ƒôè BEFORE CHANGING GOAL:
   Total ayahs today: 100
   Segments today: 1
   Read items today: 100
   History entries: 1
   Last read: ayah 100

≡ƒôè AFTER CHANGING GOAL (buggy behavior):
   Total ayahs today: 0
   Segments today: 1
   Read items today: 0
   History entries: 1
   Last read: ayah 10

Γ¥î BUG IDENTIFIED:
   totalAmountReadToday = 0 (reset)
   readItemsToday = {} (reset)
   segmentsToday = [1 segment] (NOT reset) Γ¥î

   This inconsistency causes:
   1. UI shows 0 ayahs but has 1 segment
   2. History calculations use empty readItemsToday
   3. Pages/juz show as 0.0

≡ƒôè HISTORY CALCULATION (with our fix):
   Using readItems from segments: 100 items
   Pages: 14.0
   Γ£à At least our fix helps calculate from segments!
+351 -31: C:/Users/NAGAR/IdeaProjects/fard-2/.worktrees/test-remediation/test/features/werd/werd_goal_change_bug_test.dart: Bug: Changing goal clears history BUG002 - setGoal should preserve history but reset today sessions

Γ£à CORRECT BEHAVIOR:
   History entries: 2
   Total ayahs today: 0
   Segments today: 0
+352 -31: C:/Users/NAGAR/IdeaProjects/fard-2/.worktrees/test-remediation/test/features/werd/werd_goal_change_bug_test.dart: Bug: Changing goal clears history BUG003 - Verify the actual bug: Opening history shows 0 pages/juz

Γ¥î OLD BEHAVIOR (without fix):
   Using readItemsToday: 0 items
   Pages: 0.0
   User sees: 0.0 pages in history

Γ£à NEW BEHAVIOR (with fix):
   Using segments fallback: 100 items
   Pages: 14.0
   User sees: 14.0 pages in history
+353 -31: C:/Users/NAGAR/IdeaProjects/fard-2/.worktrees/test-remediation/test/features/werd/werd_goal_change_bug_test.dart: Bug: Changing goal clears history BUG004 - After setGoal fix, history should include today's reading

≡ƒôè SIMULATING setGoal WITH FIX #4:
   Before: 0 history entries
   Today's reading: 100 ayahs
   After: 1 history entries
   Today saved to history: true
   Total ayahs today: 0

Γ£à FIX #4 VERIFIED:
   Today's reading saved to history BEFORE reset
   Data is NOT lost when changing goals
   History shows: 100 ayahs, 14.0 pages
+354 -31: C:/Users/NAGAR/IdeaProjects/fard-2/.worktrees/test-remediation/test/features/werd/werd_goal_change_integration_test.dart: INTEGRATION - Complete goal change flow should preserve history

ΓòÉΓòÉΓòÉΓòÉΓòÉΓòÉΓòÉΓòÉΓòÉΓòÉΓòÉΓòÉΓòÉΓòÉΓòÉΓòÉΓòÉΓòÉΓòÉΓòÉΓòÉΓòÉΓòÉΓòÉΓòÉΓòÉΓòÉΓòÉΓòÉΓòÉΓòÉΓòÉΓòÉΓòÉΓòÉΓòÉΓòÉΓòÉΓòÉΓòÉΓòÉΓòÉΓòÉ
≡ƒÄ» INTEGRATION TEST: Goal Change Flow
ΓòÉΓòÉΓòÉΓòÉΓòÉΓòÉΓòÉΓòÉΓòÉΓòÉΓòÉΓòÉΓòÉΓòÉΓòÉΓòÉΓòÉΓòÉΓòÉΓòÉΓòÉΓòÉΓòÉΓòÉΓòÉΓòÉΓòÉΓòÉΓòÉΓòÉΓòÉΓòÉΓòÉΓòÉΓòÉΓòÉΓòÉΓòÉΓòÉΓòÉΓòÉΓòÉΓòÉ

≡ƒôû STEP 1: User reads 100 ayahs
   Γ£à Read 100 ayahs
   History entries: 0

ΓÜÖ∩╕Å  STEP 2: User changes goal
   Before change:
   - totalAmountReadToday: 100
   - segmentsToday: 1
   - history entries: 0
   Γ£à Saved to history: 2026-04-18
   - History entries: 1
   After change:
   - totalAmountReadToday: 0
   - segmentsToday: 0
   - history entries: 1

≡ƒôÜ STEP 3: User opens history page
   History entries: 1
   Has any history: true
   Has today reading: false
   Should show history: true

   Γ£à FOUND today's entry in history!
   - Ayahs: 100
   - Pages: 14.0
   - Juz: 0.6756756756756757
   - Sessions: 1

Γ£à VERIFICATION:

ΓòÉΓòÉΓòÉΓòÉΓòÉΓòÉΓòÉΓòÉΓòÉΓòÉΓòÉΓòÉΓòÉΓòÉΓòÉΓòÉΓòÉΓòÉΓòÉΓòÉΓòÉΓòÉΓòÉΓòÉΓòÉΓòÉΓòÉΓòÉΓòÉΓòÉΓòÉΓòÉΓòÉΓòÉΓòÉΓòÉΓòÉΓòÉΓòÉΓòÉΓòÉΓòÉΓòÉ
Γ£à TEST PASSED: History preserved after goal change!
ΓòÉΓòÉΓòÉΓòÉΓòÉΓòÉΓòÉΓòÉΓòÉΓòÉΓòÉΓòÉΓòÉΓòÉΓòÉΓòÉΓòÉΓòÉΓòÉΓòÉΓòÉΓòÉΓòÉΓòÉΓòÉΓòÉΓòÉΓòÉΓòÉΓòÉΓòÉΓòÉΓòÉΓòÉΓòÉΓòÉΓòÉΓòÉΓòÉΓòÉΓòÉΓòÉΓòÉ

+355 -31: C:/Users/NAGAR/IdeaProjects/fard-2/.worktrees/test-remediation/test/features/werd/werd_goal_change_integration_test.dart: INTEGRATION - History page filtering should show saved data

ΓòÉΓòÉΓòÉΓòÉΓòÉΓòÉΓòÉΓòÉΓòÉΓòÉΓòÉΓòÉΓòÉΓòÉΓòÉΓòÉΓòÉΓòÉΓòÉΓòÉΓòÉΓòÉΓòÉΓòÉΓòÉΓòÉΓòÉΓòÉΓòÉΓòÉΓòÉΓòÉΓòÉΓòÉΓòÉΓòÉΓòÉΓòÉΓòÉΓòÉΓòÉΓòÉΓòÉ
≡ƒöì TEST: History Page Filtering
ΓòÉΓòÉΓòÉΓòÉΓòÉΓòÉΓòÉΓòÉΓòÉΓòÉΓòÉΓòÉΓòÉΓòÉΓòÉΓòÉΓòÉΓòÉΓòÉΓòÉΓòÉΓòÉΓòÉΓòÉΓòÉΓòÉΓòÉΓòÉΓòÉΓòÉΓòÉΓòÉΓòÉΓòÉΓòÉΓòÉΓòÉΓòÉΓòÉΓòÉΓòÉΓòÉΓòÉ

≡ƒôè Progress state:
   totalAmountReadToday: 0
   segmentsToday: 0
   history entries: 1

≡ƒôï History list (1 entries):
   - 2026-04-18: 100 ayahs, 14.0 pages

≡ƒöì Checking entry: 2026-04-18
   Year match: true
   Month match: true
   Include: true
   Γ£à Added to filtered list

≡ƒôè Summary:
   Today matches period: true
   Today totalAmountReadToday: 0
   Filtered history count: 1
   Period total ayahs: 100
   Period total pages: 14.0

Γ£à History page will show data: true

ΓòÉΓòÉΓòÉΓòÉΓòÉΓòÉΓòÉΓòÉΓòÉΓòÉΓòÉΓòÉΓòÉΓòÉΓòÉΓòÉΓòÉΓòÉΓòÉΓòÉΓòÉΓòÉΓòÉΓòÉΓòÉΓòÉΓòÉΓòÉΓòÉΓòÉΓòÉΓòÉΓòÉΓòÉΓòÉΓòÉΓòÉΓòÉΓòÉΓòÉΓòÉΓòÉΓòÉ
Γ£à TEST PASSED: History page filtering works!
ΓòÉΓòÉΓòÉΓòÉΓòÉΓòÉΓòÉΓòÉΓòÉΓòÉΓòÉΓòÉΓòÉΓòÉΓòÉΓòÉΓòÉΓòÉΓòÉΓòÉΓòÉΓòÉΓòÉΓòÉΓòÉΓòÉΓòÉΓòÉΓòÉΓòÉΓòÉΓòÉΓòÉΓòÉΓòÉΓòÉΓòÉΓòÉΓòÉΓòÉΓòÉΓòÉΓòÉ

+357 -31: C:/Users/NAGAR/IdeaProjects/fard-2/.worktrees/test-remediation/test/features/werd/werd_unit_consistency_test.dart: Percentage Consistency Across Units U001 - Same reading should show same percentage in all units

≡ƒôè READING: Ayahs 1-100
   Ayahs read: 100.0
   Pages read: 14.0
   Juz read: 0.6756756756756757

≡ƒôê GOAL PROGRESS:
   Ayah goal: 20 ΓåÆ 500.0%
   Page goal: 2.0 pages ΓåÆ 700.0%
   Juz goal: 0.5 juz ΓåÆ 135.1%

   Max difference between percentages: 564.9%
   Γ£à All percentages are in reasonable range
+358 -31: C:/Users/NAGAR/IdeaProjects/fard-2/.worktrees/test-remediation/test/features/werd/werd_unit_consistency_test.dart: Percentage Consistency Across Units U002 - Empty reading should show 0% in all units

≡ƒôè EMPTY READING:
   Ayahs: 0.0
   Pages: 0.0
   Juz: 0.0
+361 -31: C:/Users/NAGAR/IdeaProjects/fard-2/.worktrees/test-remediation/test/features/werd/werd_unit_consistency_test.dart: Percentage Consistency Across Units U003 - Full Quran should show 100% in all units

≡ƒôè FULL QURAN (6236 ayahs):
   Ayahs: 6236.0 (expected: 6236)
   Pages: 604.0 (expected: ~604)
   Juz: 30.0 (expected: ~30)
+362 -31: C:/Users/NAGAR/IdeaProjects/fard-2/.worktrees/test-remediation/test/features/werd/werd_unit_consistency_test.dart: Percentage Consistency Across Units U004 - Segment-based calculation matches readItems

≡ƒôè SEGMENT vs READITEMS COMPARISON:
   Pages (readItems): 14.245454545454546
   Pages (segments):  14.245454545454546
   Difference: 0.0

   Juz (readItems): 0.686936936936937
   Juz (segments):  0.686936936936937
   Difference: 0.0
+363 -31: C:/Users/NAGAR/IdeaProjects/fard-2/.worktrees/test-remediation/test/features/werd/werd_unit_consistency_test.dart: Percentage Consistency Across Units U005 - Percentage consistency with real-world goal scenarios

≡ƒôè REALISTIC GOAL SCENARIO:
   Read: 30 ayahs (1-30)
   Progress in ayahs: 30.0
   Progress in pages: 3.875
   Progress in juz: 0.20270270270270271

   If goal = 30 ayahs: 100.0%
   If goal = 2 pages (~12 ayahs): 193.8%
   If goal = 1 juz (~148 ayahs): 20.3%
+364 -31: C:/Users/NAGAR/IdeaProjects/fard-2/.worktrees/test-remediation/test/features/werd/werd_unit_consistency_test.dart: Percentage Consistency Across Units U006 - Multiple sessions maintain percentage consistency

≡ƒôè MULTI-SESSION SCENARIO (3 sessions):
   Session 1: ayahs 1-50
   Session 2: ayahs 51-100
   Session 3: ayahs 101-150

   Total ayahs: 150.0
   Total pages: 21.5
   Total juz: 1.018018018018018

≡ƒôê GOAL PROGRESS:
   Ayah goal (100): 150.0%
   Page goal (3.0): 716.7%
+365 -31: C:/Users/NAGAR/IdeaProjects/fard-2/.worktrees/test-remediation/test/features/werd/werd_unit_consistency_test.dart: Percentage Consistency Across Units U006 - Multiple sessions maintain percentage consistency
   Juz goal (0.5): 203.6%
+366 -31: C:/Users/NAGAR/IdeaProjects/fard-2/.worktrees/test-remediation/test/features/werd/werd_unit_consistency_test.dart: Percentage Consistency Across Units U007 - Boundary conditions: Single ayah

≡ƒôè SINGLE AYAH (ayah 1):
   Ayahs: 1.0
   Pages: 0.14285714285714285
   Juz: 0.006756756756756757
+367 -31: C:/Users/NAGAR/IdeaProjects/fard-2/.worktrees/test-remediation/test/features/werd/werd_unit_consistency_test.dart: Percentage Consistency Across Units U008 - Overlapping segments dont double-count

≡ƒôè OVERLAPPING SEGMENTS:
   Segment 1: 1-100 (100 ayahs)
   Segment 2: 50-150 (101 ayahs, but 50-100 overlap)
   Calculated ayahs: 150.0
   Expected: 150 (ayahs 1-150 with deduplication)
   Γ£à Overlapping ayahs correctly deduplicated
+368 -31: C:/Users/NAGAR/IdeaProjects/fard-2/.worktrees/test-remediation/test/features/werd/werd_unit_consistency_test.dart: Percentage Consistency Across Units U009 - Percentage calculation matches UI _convertValue logic

≡ƒôè UI PERCENTAGE CONSISTENCY TEST:
   Goal: 20 pages (=141 ayahs)
   Read: 100 ayahs

   Base percentage: 70.9%

   Ayah: 100.0 / 141.0 = 70.9%
   Page: 14.0 / 20.0 = 70.0%
   Juz:  0.6756756756756757 / 0.9527027027027027 = 70.9%

   Max difference: 0.92%
+369 -31: C:/Users/NAGAR/IdeaProjects/fard-2/.worktrees/test-remediation/test/features/werd/werd_unit_consistency_test.dart: Regression: Previous bugs should be fixed R001 - readItemsToday should not be empty when segments exist

≡ƒÉ¢ REGRESSION TEST - Bug #1:
   Segments: 1
   readItemsToday: 100 items
   Page progress: 14.0
+370 -31: C:/Users/NAGAR/IdeaProjects/fard-2/.worktrees/test-remediation/test/features/werd/werd_unit_consistency_test.dart: Regression: Previous bugs should be fixed R002 - History entry should have non-zero pages/juz

≡ƒÉ¢ REGRESSION TEST - Bug #2:
   Pages in history: 14.0
   Juz in history: 0.6756756756756757
+377 -31: C:/Users/NAGAR/IdeaProjects/fard-2/.worktrees/test-remediation/test/features/werd/presentation/widgets/werd_progress_card_test.dart: WerdProgressCard Progress Display shows completion state when goal exceeded (15/10)
ΓòÉΓòÉΓòí EXCEPTION CAUGHT BY FLUTTER TEST FRAMEWORK Γò₧ΓòÉΓòÉΓòÉΓòÉΓòÉΓòÉΓòÉΓòÉΓòÉΓòÉΓòÉΓòÉΓòÉΓòÉΓòÉΓòÉΓòÉΓòÉΓòÉΓòÉΓòÉΓòÉΓòÉΓòÉΓòÉΓòÉΓòÉΓòÉΓòÉΓòÉΓòÉΓòÉΓòÉΓòÉΓòÉΓòÉΓòÉΓòÉΓòÉΓòÉΓòÉΓòÉΓòÉΓòÉΓòÉΓòÉΓòÉΓòÉΓòÉΓòÉΓòÉΓòÉ
The following TestFailure was thrown running a test:
Expected: exactly one matching candidate
  Actual: _IconWidgetFinder:<Found 0 widgets with icon "IconData(U+0F635)": []>
   Which: means none were found but one was expected

When the exception was thrown, this was the stack:
#4      main.<anonymous closure>.<anonymous closure> (file:///C:/Users/NAGAR/IdeaProjects/fard-2/.worktrees/test-remediation/test/features/werd/presentation/widgets/werd_progress_card_test.dart:215:7)
<asynchronous suspension>
#5      testWidgets.<anonymous closure>.<anonymous closure> (package:flutter_test/src/widget_tester.dart:192:15)
<asynchronous suspension>
#6      TestWidgetsFlutterBinding._runTestBody (package:flutter_test/src/binding.dart:1682:5)
<asynchronous suspension>
<asynchronous suspension>
(elided one frame from package:stack_trace)

This was caught by the test expectation on the following line:
  file:///C:/Users/NAGAR/IdeaProjects/fard-2/.worktrees/test-remediation/test/features/werd/presentation/widgets/werd_progress_card_test.dart line 215
The test description was:
  shows completion state when goal exceeded (15/10)
ΓòÉΓòÉΓòÉΓòÉΓòÉΓòÉΓòÉΓòÉΓòÉΓòÉΓòÉΓòÉΓòÉΓòÉΓòÉΓòÉΓòÉΓòÉΓòÉΓòÉΓòÉΓòÉΓòÉΓòÉΓòÉΓòÉΓòÉΓòÉΓòÉΓòÉΓòÉΓòÉΓòÉΓòÉΓòÉΓòÉΓòÉΓòÉΓòÉΓòÉΓòÉΓòÉΓòÉΓòÉΓòÉΓòÉΓòÉΓòÉΓòÉΓòÉΓòÉΓòÉΓòÉΓòÉΓòÉΓòÉΓòÉΓòÉΓòÉΓòÉΓòÉΓòÉΓòÉΓòÉΓòÉΓòÉΓòÉΓòÉΓòÉΓòÉΓòÉΓòÉΓòÉΓòÉΓòÉΓòÉΓòÉΓòÉΓòÉΓòÉΓòÉΓòÉΓòÉΓòÉΓòÉΓòÉΓòÉΓòÉΓòÉΓòÉΓòÉΓòÉΓòÉΓòÉΓòÉΓòÉΓòÉΓòÉΓòÉΓòÉ
+377 -32: C:/Users/NAGAR/IdeaProjects/fard-2/.worktrees/test-remediation/test/features/werd/presentation/widgets/werd_progress_card_test.dart: WerdProgressCard Progress Display shows completion state when goal exceeded (15/10) [E]
  Test failed. See exception logs above.
  The test description was: shows completion state when goal exceeded (15/10)
  
+378 -32: C:/Users/NAGAR/IdeaProjects/fard-2/.worktrees/test-remediation/test/integration/werd_session_tracking_real_test.dart: SESSION TRACKING - Real Repository Integration Tests REAL TEST 1: Three Continue sessions saved and loaded
configureDependencies: Starting...
configureDependencies: Timezones initialized
configureDependencies: Initializing Hive...
configureDependencies: Hive initialized
+379 -33: C:/Users/NAGAR/IdeaProjects/fard-2/.worktrees/test-remediation/test/integration/werd_session_tracking_real_test.dart: SESSION TRACKING - Real Repository Integration Tests REAL TEST 1: Three Continue sessions saved and loaded [E]
  MissingPluginException(No implementation found for method getAll on channel plugins.flutter.io/shared_preferences)
  dart:async                                                           _Completer.completeError
  package:shared_preferences/src/shared_preferences_legacy.dart 90:19  SharedPreferences.getInstance
  ===== asynchronous gap ===========================
  dart:async                                                           _CustomZone.registerBinaryCallback
  package:shared_preferences/src/shared_preferences_legacy.dart 85:13  SharedPreferences.getInstance
  package:fard/core/di/register_module.dart 16:60                      RegisterModule.prefs
  package:fard/core/di/configure_dependencies.config.dart 123:28       GetItInjectableX.init.<fn>
  package:injectable/src/get_it_helper.dart 99:27                      GetItHelper.factoryAsync
  package:fard/core/di/configure_dependencies.config.dart 122:14       GetItInjectableX.init
  package:fard/core/di/configure_dependencies.dart 71:15               configureDependencies
  ===== asynchronous gap ===========================
  dart:async                                                           _CustomZone.registerUnaryCallback
  package:fard/core/di/configure_dependencies.dart 61:5                configureDependencies
  test\integration\werd_session_tracking_real_test.dart 21:13          main.<fn>.<fn>
  ===== asynchronous gap ===========================
  dart:async                                                           _CustomZone.registerUnaryCallback
  test\integration\werd_session_tracking_real_test.dart 20:7           main.<fn>.<fn>
  
+379 -33: C:/Users/NAGAR/IdeaProjects/fard-2/.worktrees/test-remediation/test/integration/werd_session_tracking_real_test.dart: SESSION TRACKING - Real Repository Integration Tests REAL TEST 2: Big jump with "Mark All"
configureDependencies: Starting...
configureDependencies: Timezones initialized
configureDependencies: Initializing Hive...
configureDependencies: Hive initialized
Adapter registration warning: HiveError: There is already a TypeAdapter for typeId 0.
+379 -34: C:/Users/NAGAR/IdeaProjects/fard-2/.worktrees/test-remediation/test/integration/werd_session_tracking_real_test.dart: SESSION TRACKING - Real Repository Integration Tests REAL TEST 2: Big jump with "Mark All" [E]
  MissingPluginException(No implementation found for method getAll on channel plugins.flutter.io/shared_preferences)
  dart:async                                                           _Completer.completeError
  package:shared_preferences/src/shared_preferences_legacy.dart 90:19  SharedPreferences.getInstance
  ===== asynchronous gap ===========================
  dart:async                                                           _CustomZone.registerBinaryCallback
  package:shared_preferences/src/shared_preferences_legacy.dart 85:13  SharedPreferences.getInstance
  package:fard/core/di/register_module.dart 16:60                      RegisterModule.prefs
  package:fard/core/di/configure_dependencies.config.dart 123:28       GetItInjectableX.init.<fn>
  package:injectable/src/get_it_helper.dart 99:27                      GetItHelper.factoryAsync
  package:fard/core/di/configure_dependencies.config.dart 122:14       GetItInjectableX.init
  package:fard/core/di/configure_dependencies.dart 71:15               configureDependencies
  ===== asynchronous gap ===========================
  dart:async                                                           _CustomZone.registerUnaryCallback
  package:fard/core/di/configure_dependencies.dart 61:5                configureDependencies
  test\integration\werd_session_tracking_real_test.dart 21:13          main.<fn>.<fn>
  ===== asynchronous gap ===========================
  dart:async                                                           _CustomZone.registerUnaryCallback
  test\integration\werd_session_tracking_real_test.dart 20:7           main.<fn>.<fn>
  
+379 -34: C:/Users/NAGAR/IdeaProjects/fard-2/.worktrees/test-remediation/test/integration/werd_session_tracking_real_test.dart: SESSION TRACKING - Real Repository Integration Tests REAL TEST 3: Multiple jumps - sessions NOT merged
configureDependencies: Starting...
+380 -34: C:/Users/NAGAR/IdeaProjects/fard-2/.worktrees/test-remediation/test/integration/werd_session_tracking_real_test.dart: SESSION TRACKING - Real Repository Integration Tests REAL TEST 3: Multiple jumps - sessions NOT merged
configureDependencies: Timezones initialized
configureDependencies: Initializing Hive...
configureDependencies: Hive initialized
Adapter registration warning: HiveError: There is already a TypeAdapter for typeId 0.
+380 -35: C:/Users/NAGAR/IdeaProjects/fard-2/.worktrees/test-remediation/test/integration/werd_session_tracking_real_test.dart: SESSION TRACKING - Real Repository Integration Tests REAL TEST 3: Multiple jumps - sessions NOT merged [E]
  MissingPluginException(No implementation found for method getAll on channel plugins.flutter.io/shared_preferences)
  dart:async                                                           _Completer.completeError
  package:shared_preferences/src/shared_preferences_legacy.dart 90:19  SharedPreferences.getInstance
  ===== asynchronous gap ===========================
  dart:async                                                           _CustomZone.registerBinaryCallback
  package:shared_preferences/src/shared_preferences_legacy.dart 85:13  SharedPreferences.getInstance
  package:fard/core/di/register_module.dart 16:60                      RegisterModule.prefs
  package:fard/core/di/configure_dependencies.config.dart 123:28       GetItInjectableX.init.<fn>
  package:injectable/src/get_it_helper.dart 99:27                      GetItHelper.factoryAsync
  package:fard/core/di/configure_dependencies.config.dart 122:14       GetItInjectableX.init
  package:fard/core/di/configure_dependencies.dart 71:15               configureDependencies
  ===== asynchronous gap ===========================
  dart:async                                                           _CustomZone.registerUnaryCallback
  package:fard/core/di/configure_dependencies.dart 61:5                configureDependencies
  test\integration\werd_session_tracking_real_test.dart 21:13          main.<fn>.<fn>
  ===== asynchronous gap ===========================
  dart:async                                                           _CustomZone.registerUnaryCallback
  test\integration\werd_session_tracking_real_test.dart 20:7           main.<fn>.<fn>
  
+399 -35: C:/Users/NAGAR/IdeaProjects/fard-2/.worktrees/test-remediation/test/features/werd/presentation/widgets/set_werd_goal_dialog_test.dart: SetWerdGoalDialog Start Point Selection Choose specific surah/ayah selector shows surah dropdown
ΓòÉΓòÉΓòí EXCEPTION CAUGHT BY FLUTTER TEST FRAMEWORK Γò₧ΓòÉΓòÉΓòÉΓòÉΓòÉΓòÉΓòÉΓòÉΓòÉΓòÉΓòÉΓòÉΓòÉΓòÉΓòÉΓòÉΓòÉΓòÉΓòÉΓòÉΓòÉΓòÉΓòÉΓòÉΓòÉΓòÉΓòÉΓòÉΓòÉΓòÉΓòÉΓòÉΓòÉΓòÉΓòÉΓòÉΓòÉΓòÉΓòÉΓòÉΓòÉΓòÉΓòÉΓòÉΓòÉΓòÉΓòÉΓòÉΓòÉΓòÉΓòÉΓòÉ
The following TestFailure was thrown running a test:
Expected: exactly one matching candidate
  Actual: _TextWidgetFinder:<Found 0 widgets with text "Al-Fatihah": []>
   Which: means none were found but one was expected

When the exception was thrown, this was the stack:
#4      main.<anonymous closure>.<anonymous closure> (file:///C:/Users/NAGAR/IdeaProjects/fard-2/.worktrees/test-remediation/test/features/werd/presentation/widgets/set_werd_goal_dialog_test.dart:350:7)
<asynchronous suspension>
#5      testWidgets.<anonymous closure>.<anonymous closure> (package:flutter_test/src/widget_tester.dart:192:15)
<asynchronous suspension>
#6      TestWidgetsFlutterBinding._runTestBody (package:flutter_test/src/binding.dart:1682:5)
<asynchronous suspension>
<asynchronous suspension>
(elided one frame from package:stack_trace)

This was caught by the test expectation on the following line:
  file:///C:/Users/NAGAR/IdeaProjects/fard-2/.worktrees/test-remediation/test/features/werd/presentation/widgets/set_werd_goal_dialog_test.dart line 350
The test description was:
  Choose specific surah/ayah selector shows surah dropdown
ΓòÉΓòÉΓòÉΓòÉΓòÉΓòÉΓòÉΓòÉΓòÉΓòÉΓòÉΓòÉΓòÉΓòÉΓòÉΓòÉΓòÉΓòÉΓòÉΓòÉΓòÉΓòÉΓòÉΓòÉΓòÉΓòÉΓòÉΓòÉΓòÉΓòÉΓòÉΓòÉΓòÉΓòÉΓòÉΓòÉΓòÉΓòÉΓòÉΓòÉΓòÉΓòÉΓòÉΓòÉΓòÉΓòÉΓòÉΓòÉΓòÉΓòÉΓòÉΓòÉΓòÉΓòÉΓòÉΓòÉΓòÉΓòÉΓòÉΓòÉΓòÉΓòÉΓòÉΓòÉΓòÉΓòÉΓòÉΓòÉΓòÉΓòÉΓòÉΓòÉΓòÉΓòÉΓòÉΓòÉΓòÉΓòÉΓòÉΓòÉΓòÉΓòÉΓòÉΓòÉΓòÉΓòÉΓòÉΓòÉΓòÉΓòÉΓòÉΓòÉΓòÉΓòÉΓòÉΓòÉΓòÉΓòÉΓòÉΓòÉ
+399 -36: C:/Users/NAGAR/IdeaProjects/fard-2/.worktrees/test-remediation/test/features/werd/presentation/widgets/set_werd_goal_dialog_test.dart: SetWerdGoalDialog Start Point Selection Choose specific surah/ayah selector shows surah dropdown [E]
  Test failed. See exception logs above.
  The test description was: Choose specific surah/ayah selector shows surah dropdown
  
+401 -36: C:/Users/NAGAR/IdeaProjects/fard-2/.worktrees/test-remediation/test/features/werd/presentation/widgets/set_werd_goal_dialog_test.dart: SetWerdGoalDialog Start Point Selection changing surah resets ayah to 1
ΓòÉΓòÉΓòí EXCEPTION CAUGHT BY FLUTTER TEST FRAMEWORK Γò₧ΓòÉΓòÉΓòÉΓòÉΓòÉΓòÉΓòÉΓòÉΓòÉΓòÉΓòÉΓòÉΓòÉΓòÉΓòÉΓòÉΓòÉΓòÉΓòÉΓòÉΓòÉΓòÉΓòÉΓòÉΓòÉΓòÉΓòÉΓòÉΓòÉΓòÉΓòÉΓòÉΓòÉΓòÉΓòÉΓòÉΓòÉΓòÉΓòÉΓòÉΓòÉΓòÉΓòÉΓòÉΓòÉΓòÉΓòÉΓòÉΓòÉΓòÉΓòÉΓòÉ
The following assertion was thrown running a test:
The finder "Found 0 widgets with text "Al-Fatihah": []" (used in a call to "tap()") could not find
any matching widgets.

When the exception was thrown, this was the stack:
#0      WidgetController._getElementPoint (package:flutter_test/src/controller.dart:2090:7)
#1      WidgetController.getCenter (package:flutter_test/src/controller.dart:1942:12)
#2      WidgetController.tap (package:flutter_test/src/controller.dart:1075:7)
#3      main.<anonymous closure>.<anonymous closure> (file:///C:/Users/NAGAR/IdeaProjects/fard-2/.worktrees/test-remediation/test/features/werd/presentation/widgets/set_werd_goal_dialog_test.dart:379:20)
<asynchronous suspension>
#4      testWidgets.<anonymous closure>.<anonymous closure> (package:flutter_test/src/widget_tester.dart:192:15)
<asynchronous suspension>
#5      TestWidgetsFlutterBinding._runTestBody (package:flutter_test/src/binding.dart:1682:5)
<asynchronous suspension>
<asynchronous suspension>
(elided one frame from package:stack_trace)

The test description was:
  changing surah resets ayah to 1
ΓòÉΓòÉΓòÉΓòÉΓòÉΓòÉΓòÉΓòÉΓòÉΓòÉΓòÉΓòÉΓòÉΓòÉΓòÉΓòÉΓòÉΓòÉΓòÉΓòÉΓòÉΓòÉΓòÉΓòÉΓòÉΓòÉΓòÉΓòÉΓòÉΓòÉΓòÉΓòÉΓòÉΓòÉΓòÉΓòÉΓòÉΓòÉΓòÉΓòÉΓòÉΓòÉΓòÉΓòÉΓòÉΓòÉΓòÉΓòÉΓòÉΓòÉΓòÉΓòÉΓòÉΓòÉΓòÉΓòÉΓòÉΓòÉΓòÉΓòÉΓòÉΓòÉΓòÉΓòÉΓòÉΓòÉΓòÉΓòÉΓòÉΓòÉΓòÉΓòÉΓòÉΓòÉΓòÉΓòÉΓòÉΓòÉΓòÉΓòÉΓòÉΓòÉΓòÉΓòÉΓòÉΓòÉΓòÉΓòÉΓòÉΓòÉΓòÉΓòÉΓòÉΓòÉΓòÉΓòÉΓòÉΓòÉΓòÉΓòÉ
+401 -37: C:/Users/NAGAR/IdeaProjects/fard-2/.worktrees/test-remediation/test/features/werd/presentation/widgets/set_werd_goal_dialog_test.dart: SetWerdGoalDialog Start Point Selection changing surah resets ayah to 1 [E]
  Test failed. See exception logs above.
  The test description was: changing surah resets ayah to 1
  
+410 -37: C:/Users/NAGAR/IdeaProjects/fard-2/.worktrees/test-remediation/test/features/werd/presentation/widgets/set_werd_goal_dialog_test.dart: SetWerdGoalDialog Value Input increment button increases value

Warning: A call to tap() with finder "Found 1 widget with icon "IconData(U+0F537)": [
  Icon(IconData(U+0F537), size: 28.0, color: Color(alpha: 1.0000, red: 0.3843, green: 0.3569, blue: 0.4431, colorSpace: ColorSpace.sRGB), dependencies: [Directionality, IconTheme]),
]" derived an Offset (Offset(591.0, 534.0)) that would not hit test on the specified widget.
Maybe the widget is actually off-screen, or another widget is obscuring it, or the widget cannot receive pointer events.
The finder corresponds to this RenderBox: RenderSemanticsAnnotations#82597 relayoutBoundary=up31
The hit test result at that offset is: HitTestResult(RenderDecoratedBox#1c2c6@Offset(441.0, 489.0), RenderConstrainedBox#983d1@Offset(441.0, 489.0), _RenderInkFeatures#bab69@Offset(441.0, 489.0), RenderCustomPaint#3de0b@Offset(441.0, 489.0), RenderPhysicalShape#d2a75@Offset(441.0, 489.0), RenderConstrainedBox#376a3@Offset(441.0, 489.0), RenderPositionedBox#0d386@Offset(571.0, 510.0), RenderPadding#da328@Offset(591.0, 534.0), RenderSemanticsAnnotations#3ae47@Offset(591.0, 534.0), RenderPadding#4177d@Offset(591.0, 534.0), RenderSemanticsAnnotations#3ffff@Offset(591.0, 534.0), RenderPadding#82163@Offset(591.0, 534.0), RenderSemanticsAnnotations#3e95b@Offset(591.0, 534.0), RenderRepaintBoundary#ff278@Offset(591.0, 534.0), RenderIgnorePointer#0f8d3@Offset(591.0, 534.0), RenderAnimatedOpacity#4cfcf@Offset(591.0, 534.0), RenderRepaintBoundary#ee5a4@Offset(591.0, 534.0), RenderSemanticsAnnotations#f81bd@Offset(591.0, 534.0), RenderOffstage#cddb2@Offset(591.0, 534.0), RenderSemanticsAnnotations#713e6@Offset(591.0, 534.0), _RenderTheater#7308c@Offset(591.0, 534.0), RenderAbsorbPointer#ba1d7@Offset(591.0, 534.0), RenderPointerListener#976f3@Offset(591.0, 534.0), RenderSemanticsAnnotations#98938@Offset(591.0, 534.0), RenderCustomPaint#d8e92@Offset(591.0, 534.0), RenderSemanticsAnnotations#8051c@Offset(591.0, 534.0), RenderSemanticsAnnotations#14aa5@Offset(591.0, 534.0), RenderSemanticsAnnotations#0cf1e@Offset(591.0, 534.0), RenderTapRegionSurface#1380e@Offset(591.0, 534.0), RenderSemanticsAnnotations#4ed72@Offset(591.0, 534.0), RenderSemanticsAnnotations#02933@Offset(591.0, 534.0), HitTestEntry<HitTestTarget>#6e5b6(_ReusableRenderView#006c0), HitTestEntry<HitTestTarget>#423c3(<AutomatedTestWidgetsFlutterBinding>))
#0      WidgetController._getElementPoint (package:flutter_test/src/controller.dart:2158:25)
#1      WidgetController.getCenter (package:flutter_test/src/controller.dart:1942:12)
#2      WidgetController.tap (package:flutter_test/src/controller.dart:1075:7)
#3      main.<anonymous closure>.<anonymous closure> (file:///C:/Users/NAGAR/IdeaProjects/fard-2/.worktrees/test-remediation/test/features/werd/presentation/widgets/set_werd_goal_dialog_test.dart:507:20)
<asynchronous suspension>
#4      testWidgets.<anonymous closure>.<anonymous closure> (package:flutter_test/src/widget_tester.dart:192:15)
<asynchronous suspension>
#5      TestWidgetsFlutterBinding._runTestBody (package:flutter_test/src/binding.dart:1682:5)
<asynchronous suspension>
#6      StackZoneSpecification._registerCallback.<anonymous closure> (package:stack_trace/src/stack_zone_specification.dart:114:42)
<asynchronous suspension>
To silence this warning, pass "warnIfMissed: false" to "tap()".
To make this warning fatal, set WidgetController.hitTestWarningShouldBeFatal to true.

ΓòÉΓòÉΓòí EXCEPTION CAUGHT BY FLUTTER TEST FRAMEWORK Γò₧ΓòÉΓòÉΓòÉΓòÉΓòÉΓòÉΓòÉΓòÉΓòÉΓòÉΓòÉΓòÉΓòÉΓòÉΓòÉΓòÉΓòÉΓòÉΓòÉΓòÉΓòÉΓòÉΓòÉΓòÉΓòÉΓòÉΓòÉΓòÉΓòÉΓòÉΓòÉΓòÉΓòÉΓòÉΓòÉΓòÉΓòÉΓòÉΓòÉΓòÉΓòÉΓòÉΓòÉΓòÉΓòÉΓòÉΓòÉΓòÉΓòÉΓòÉΓòÉΓòÉ
The following TestFailure was thrown running a test:
Expected: exactly one matching candidate
  Actual: _TextWidgetFinder:<Found 0 widgets with text "11": []>
   Which: means none were found but one was expected

When the exception was thrown, this was the stack:
#4      main.<anonymous closure>.<anonymous closure> (file:///C:/Users/NAGAR/IdeaProjects/fard-2/.worktrees/test-remediation/test/features/werd/presentation/widgets/set_werd_goal_dialog_test.dart:510:7)
<asynchronous suspension>
#5      testWidgets.<anonymous closure>.<anonymous closure> (package:flutter_test/src/widget_tester.dart:192:15)
<asynchronous suspension>
#6      TestWidgetsFlutterBinding._runTestBody (package:flutter_test/src/binding.dart:1682:5)
<asynchronous suspension>
<asynchronous suspension>
(elided one frame from package:stack_trace)

This was caught by the test expectation on the following line:
  file:///C:/Users/NAGAR/IdeaProjects/fard-2/.worktrees/test-remediation/test/features/werd/presentation/widgets/set_werd_goal_dialog_test.dart line 510
The test description was:
  increment button increases value
ΓòÉΓòÉΓòÉΓòÉΓòÉΓòÉΓòÉΓòÉΓòÉΓòÉΓòÉΓòÉΓòÉΓòÉΓòÉΓòÉΓòÉΓòÉΓòÉΓòÉΓòÉΓòÉΓòÉΓòÉΓòÉΓòÉΓòÉΓòÉΓòÉΓòÉΓòÉΓòÉΓòÉΓòÉΓòÉΓòÉΓòÉΓòÉΓòÉΓòÉΓòÉΓòÉΓòÉΓòÉΓòÉΓòÉΓòÉΓòÉΓòÉΓòÉΓòÉΓòÉΓòÉΓòÉΓòÉΓòÉΓòÉΓòÉΓòÉΓòÉΓòÉΓòÉΓòÉΓòÉΓòÉΓòÉΓòÉΓòÉΓòÉΓòÉΓòÉΓòÉΓòÉΓòÉΓòÉΓòÉΓòÉΓòÉΓòÉΓòÉΓòÉΓòÉΓòÉΓòÉΓòÉΓòÉΓòÉΓòÉΓòÉΓòÉΓòÉΓòÉΓòÉΓòÉΓòÉΓòÉΓòÉΓòÉΓòÉΓòÉ
+410 -38: C:/Users/NAGAR/IdeaProjects/fard-2/.worktrees/test-remediation/test/features/werd/presentation/widgets/set_werd_goal_dialog_test.dart: SetWerdGoalDialog Value Input increment button increases value [E]
  Test failed. See exception logs above.
  The test description was: increment button increases value
  
+421 -38: C:/Users/NAGAR/IdeaProjects/fard-2/.worktrees/test-remediation/test/features/werd/presentation/widgets/set_werd_goal_dialog_test.dart: SetWerdGoalDialog Value Input decrement button decreases value (min 1)

Warning: A call to tap() with finder "Found 1 widget with icon "IconData(U+F00F1)": [
  Icon(IconData(U+F00F1), size: 28.0, color: Color(alpha: 1.0000, red: 0.3843, green: 0.3569, blue: 0.4431, colorSpace: ColorSpace.sRGB), dependencies: [Directionality, IconTheme]),
]" derived an Offset (Offset(209.0, 534.0)) that would not hit test on the specified widget.
Maybe the widget is actually off-screen, or another widget is obscuring it, or the widget cannot receive pointer events.
The finder corresponds to this RenderBox: RenderSemanticsAnnotations#ba1f9 relayoutBoundary=up31
The hit test result at that offset is: HitTestResult(RenderDecoratedBox#c2778@Offset(59.0, 489.0), RenderConstrainedBox#ab91d@Offset(59.0, 489.0), _RenderInkFeatures#1da77@Offset(59.0, 489.0), RenderCustomPaint#0c74b@Offset(59.0, 489.0), RenderPhysicalShape#835b1@Offset(59.0, 489.0), RenderConstrainedBox#4ccbd@Offset(59.0, 489.0), RenderPositionedBox#5ae8f@Offset(189.0, 510.0), RenderPadding#296ed@Offset(209.0, 534.0), RenderSemanticsAnnotations#98b0f@Offset(209.0, 534.0), RenderPadding#c01e4@Offset(209.0, 534.0), RenderSemanticsAnnotations#e5e15@Offset(209.0, 534.0), RenderPadding#6888c@Offset(209.0, 534.0), RenderSemanticsAnnotations#35210@Offset(209.0, 534.0), RenderRepaintBoundary#a2cfc@Offset(209.0, 534.0), RenderIgnorePointer#0dd03@Offset(209.0, 534.0), RenderAnimatedOpacity#eec67@Offset(209.0, 534.0), RenderRepaintBoundary#f6035@Offset(209.0, 534.0), RenderSemanticsAnnotations#c64bf@Offset(209.0, 534.0), RenderOffstage#d1561@Offset(209.0, 534.0), RenderSemanticsAnnotations#500b9@Offset(209.0, 534.0), _RenderTheater#6c987@Offset(209.0, 534.0), RenderAbsorbPointer#d2d4c@Offset(209.0, 534.0), RenderPointerListener#b8e93@Offset(209.0, 534.0), RenderSemanticsAnnotations#452e4@Offset(209.0, 534.0), RenderCustomPaint#44e7e@Offset(209.0, 534.0), RenderSemanticsAnnotations#10a1e@Offset(209.0, 534.0), RenderSemanticsAnnotations#8a01f@Offset(209.0, 534.0), RenderSemanticsAnnotations#0fcae@Offset(209.0, 534.0), RenderTapRegionSurface#67159@Offset(209.0, 534.0), RenderSemanticsAnnotations#e98d1@Offset(209.0, 534.0), RenderSemanticsAnnotations#f5143@Offset(209.0, 534.0), HitTestEntry<HitTestTarget>#c6df6(_ReusableRenderView#006c0), HitTestEntry<HitTestTarget>#26f03(<AutomatedTestWidgetsFlutterBinding>))
#0      WidgetController._getElementPoint (package:flutter_test/src/controller.dart:2158:25)
#1      WidgetController.getCenter (package:flutter_test/src/controller.dart:1942:12)
#2      WidgetController.tap (package:flutter_test/src/controller.dart:1075:7)
#3      main.<anonymous closure>.<anonymous closure> (file:///C:/Users/NAGAR/IdeaProjects/fard-2/.worktrees/test-remediation/test/features/werd/presentation/widgets/set_werd_goal_dialog_test.dart:533:20)
<asynchronous suspension>
#4      testWidgets.<anonymous closure>.<anonymous closure> (package:flutter_test/src/widget_tester.dart:192:15)
<asynchronous suspension>
#5      TestWidgetsFlutterBinding._runTestBody (package:flutter_test/src/binding.dart:1682:5)
<asynchronous suspension>
#6      StackZoneSpecification._registerCallback.<anonymous closure> (package:stack_trace/src/stack_zone_specification.dart:114:42)
<asynchronous suspension>
To silence this warning, pass "warnIfMissed: false" to "tap()".
To make this warning fatal, set WidgetController.hitTestWarningShouldBeFatal to true.

ΓòÉΓòÉΓòí EXCEPTION CAUGHT BY FLUTTER TEST FRAMEWORK Γò₧ΓòÉΓòÉΓòÉΓòÉΓòÉΓòÉΓòÉΓòÉΓòÉΓòÉΓòÉΓòÉΓòÉΓòÉΓòÉΓòÉΓòÉΓòÉΓòÉΓòÉΓòÉΓòÉΓòÉΓòÉΓòÉΓòÉΓòÉΓòÉΓòÉΓòÉΓòÉΓòÉΓòÉΓòÉΓòÉΓòÉΓòÉΓòÉΓòÉΓòÉΓòÉΓòÉΓòÉΓòÉΓòÉΓòÉΓòÉΓòÉΓòÉΓòÉΓòÉΓòÉ
The following TestFailure was thrown running a test:
Expected: exactly one matching candidate
  Actual: _TextWidgetFinder:<Found 0 widgets with text "9": []>
   Which: means none were found but one was expected

When the exception was thrown, this was the stack:
#4      main.<anonymous closure>.<anonymous closure> (file:///C:/Users/NAGAR/IdeaProjects/fard-2/.worktrees/test-remediation/test/features/werd/presentation/widgets/set_werd_goal_dialog_test.dart:536:7)
<asynchronous suspension>
#5      testWidgets.<anonymous closure>.<anonymous closure> (package:flutter_test/src/widget_tester.dart:192:15)
<asynchronous suspension>
#6      TestWidgetsFlutterBinding._runTestBody (package:flutter_test/src/binding.dart:1682:5)
<asynchronous suspension>
<asynchronous suspension>
(elided one frame from package:stack_trace)

This was caught by the test expectation on the following line:
  file:///C:/Users/NAGAR/IdeaProjects/fard-2/.worktrees/test-remediation/test/features/werd/presentation/widgets/set_werd_goal_dialog_test.dart line 536
The test description was:
  decrement button decreases value (min 1)
ΓòÉΓòÉΓòÉΓòÉΓòÉΓòÉΓòÉΓòÉΓòÉΓòÉΓòÉΓòÉΓòÉΓòÉΓòÉΓòÉΓòÉΓòÉΓòÉΓòÉΓòÉΓòÉΓòÉΓòÉΓòÉΓòÉΓòÉΓòÉΓòÉΓòÉΓòÉΓòÉΓòÉΓòÉΓòÉΓòÉΓòÉΓòÉΓòÉΓòÉΓòÉΓòÉΓòÉΓòÉΓòÉΓòÉΓòÉΓòÉΓòÉΓòÉΓòÉΓòÉΓòÉΓòÉΓòÉΓòÉΓòÉΓòÉΓòÉΓòÉΓòÉΓòÉΓòÉΓòÉΓòÉΓòÉΓòÉΓòÉΓòÉΓòÉΓòÉΓòÉΓòÉΓòÉΓòÉΓòÉΓòÉΓòÉΓòÉΓòÉΓòÉΓòÉΓòÉΓòÉΓòÉΓòÉΓòÉΓòÉΓòÉΓòÉΓòÉΓòÉΓòÉΓòÉΓòÉΓòÉΓòÉΓòÉΓòÉΓòÉ
+421 -39: C:/Users/NAGAR/IdeaProjects/fard-2/.worktrees/test-remediation/test/features/werd/presentation/widgets/set_werd_goal_dialog_test.dart: SetWerdGoalDialog Value Input decrement button decreases value (min 1) [E]
  Test failed. See exception logs above.
  The test description was: decrement button decreases value (min 1)
  
+434 -39: C:/Users/NAGAR/IdeaProjects/fard-2/.worktrees/test-remediation/test/features/werd/presentation/widgets/set_werd_goal_dialog_test.dart: SetWerdGoalDialog Save & Cancel Save button dispatches WerdEvent.setGoal
ΓòÉΓòÉΓòí EXCEPTION CAUGHT BY FLUTTER TEST FRAMEWORK Γò₧ΓòÉΓòÉΓòÉΓòÉΓòÉΓòÉΓòÉΓòÉΓòÉΓòÉΓòÉΓòÉΓòÉΓòÉΓòÉΓòÉΓòÉΓòÉΓòÉΓòÉΓòÉΓòÉΓòÉΓòÉΓòÉΓòÉΓòÉΓòÉΓòÉΓòÉΓòÉΓòÉΓòÉΓòÉΓòÉΓòÉΓòÉΓòÉΓòÉΓòÉΓòÉΓòÉΓòÉΓòÉΓòÉΓòÉΓòÉΓòÉΓòÉΓòÉΓòÉΓòÉ
The following StateError was thrown running a test:
Bad state: A test tried to use `any` or `captureAny` on a parameter of type `WerdEvent`, but
registerFallbackValue was not previously called to register a fallback value for `WerdEvent`.

To fix, do:

```
void main() {
  setUpAll(() {
    registerFallbackValue(/* create a dummy instance of `WerdEvent` */);
  });
}
```

This instance of `WerdEvent` will only be passed around, but never be interacted with.
Therefore, if `WerdEvent` is a function, it does not have to return a valid object and
could throw unconditionally.
If you cannot easily create an instance of `WerdEvent`, consider defining a `Fake`:

```
class MyTypeFake extends Fake implements MyType {}

void main() {
  setUpAll(() {
    registerFallbackValue(MyTypeFake());
  });
}
```

Fallbacks are required because mocktail has to know of a valid `WerdEvent` to prevent
TypeErrors from being thrown in Dart's sound null safe mode, while still
providing a convenient syntax.

When the exception was thrown, this was the stack:
#0      _getFallbackValue (package:mocktail/src/_register_matcher.dart:49:5)
#1      _registerMatcher (package:mocktail/src/_register_matcher.dart:160:25)
#2      any (package:mocktail/src/_register_matcher.dart:104:10)
#3      main.<anonymous closure>.<anonymous closure>.<anonymous closure> (file:///C:/Users/NAGAR/IdeaProjects/fard-2/.worktrees/test-remediation/test/features/werd/presentation/widgets/set_werd_goal_dialog_test.dart:625:32)
#4      _makeVerify.<anonymous closure> (package:mocktail/src/mocktail.dart:508:9)
#5      main.<anonymous closure>.<anonymous closure> (file:///C:/Users/NAGAR/IdeaProjects/fard-2/.worktrees/test-remediation/test/features/werd/presentation/widgets/set_werd_goal_dialog_test.dart:624:13)
<asynchronous suspension>
#6      testWidgets.<anonymous closure>.<anonymous closure> (package:flutter_test/src/widget_tester.dart:192:15)
<asynchronous suspension>
#7      TestWidgetsFlutterBinding._runTestBody (package:flutter_test/src/binding.dart:1682:5)
<asynchronous suspension>
<asynchronous suspension>
(elided one frame from package:stack_trace)

The test description was:
  Save button dispatches WerdEvent.setGoal
ΓòÉΓòÉΓòÉΓòÉΓòÉΓòÉΓòÉΓòÉΓòÉΓòÉΓòÉΓòÉΓòÉΓòÉΓòÉΓòÉΓòÉΓòÉΓòÉΓòÉΓòÉΓòÉΓòÉΓòÉΓòÉΓòÉΓòÉΓòÉΓòÉΓòÉΓòÉΓòÉΓòÉΓòÉΓòÉΓòÉΓòÉΓòÉΓòÉΓòÉΓòÉΓòÉΓòÉΓòÉΓòÉΓòÉΓòÉΓòÉΓòÉΓòÉΓòÉΓòÉΓòÉΓòÉΓòÉΓòÉΓòÉΓòÉΓòÉΓòÉΓòÉΓòÉΓòÉΓòÉΓòÉΓòÉΓòÉΓòÉΓòÉΓòÉΓòÉΓòÉΓòÉΓòÉΓòÉΓòÉΓòÉΓòÉΓòÉΓòÉΓòÉΓòÉΓòÉΓòÉΓòÉΓòÉΓòÉΓòÉΓòÉΓòÉΓòÉΓòÉΓòÉΓòÉΓòÉΓòÉΓòÉΓòÉΓòÉΓòÉ
+434 -40: C:/Users/NAGAR/IdeaProjects/fard-2/.worktrees/test-remediation/test/features/werd/presentation/widgets/set_werd_goal_dialog_test.dart: SetWerdGoalDialog Save & Cancel Save button dispatches WerdEvent.setGoal [E]
  Test failed. See exception logs above.
  The test description was: Save button dispatches WerdEvent.setGoal
  
+435 -40: C:/Users/NAGAR/IdeaProjects/fard-2/.worktrees/test-remediation/test/features/werd/presentation/widgets/set_werd_goal_dialog_test.dart: SetWerdGoalDialog Save & Cancel Save button creates goal with correct startAbsolute
ΓòÉΓòÉΓòí EXCEPTION CAUGHT BY WIDGETS LIBRARY Γò₧ΓòÉΓòÉΓòÉΓòÉΓòÉΓòÉΓòÉΓòÉΓòÉΓòÉΓòÉΓòÉΓòÉΓòÉΓòÉΓòÉΓòÉΓòÉΓòÉΓòÉΓòÉΓòÉΓòÉΓòÉΓòÉΓòÉΓòÉΓòÉΓòÉΓòÉΓòÉΓòÉΓòÉΓòÉΓòÉΓòÉΓòÉΓòÉΓòÉΓòÉΓòÉΓòÉΓòÉΓòÉΓòÉΓòÉΓòÉΓòÉΓòÉΓòÉΓòÉΓòÉΓòÉΓòÉΓòÉΓòÉΓòÉΓòÉΓòÉ
The following _TypeError was thrown building _InheritedProviderScope<QuranBloc?>:
type 'Null' is not a subtype of type 'Stream<WerdState>'

The relevant error-causing widget was:
  _InheritedProviderScope<QuranBloc?>
  _InheritedProviderScope:file:///C:/Users/NAGAR/AppData/Local/Pub/Cache/hosted/pub.dev/provider-6.1.5+1/lib/src/inherited_provider.dart:164:12

When the exception was thrown, this was the stack:
#0      _MockBlocBase.stream (package:bloc_test/src/mock_bloc.dart:52:7)
#1      BlocProvider._startListening (package:flutter_bloc/src/bloc_provider.dart:140:32)
#2      _ValueInheritedProviderState.value (package:provider/src/inherited_provider.dart:939:50)
#3      _InheritedProviderScopeElement.value (package:provider/src/inherited_provider.dart:603:33)
#4      Provider.of (package:provider/src/provider.dart:337:37)
#5      ReadContext.read (package:provider/src/provider.dart:683:21)
#6      _SetWerdGoalDialogState.initState (package:fard/features/werd/presentation/widgets/set_werd_goal_dialog.dart:31:33)
#7      StatefulElement._firstBuild (package:flutter/src/widgets/framework.dart:5950:55)
#8      ComponentElement.mount (package:flutter/src/widgets/framework.dart:5793:5)
...     Normal element mounting (7 frames)
#15     _InheritedProviderScopeElement.mount (package:provider/src/inherited_provider.dart:424:11)
...     Normal element mounting (7 frames)
#22     SingleChildWidgetElementMixin.mount (package:nested/nested.dart:222:11)
...     Normal element mounting (7 frames)
#29     SingleChildWidgetElementMixin.mount (package:nested/nested.dart:222:11)
...     Normal element mounting (7 frames)
#36     _NestedHookElement.mount (package:nested/nested.dart:187:11)
...     Normal element mounting (7 frames)
#43     _InheritedProviderScopeElement.mount (package:provider/src/inherited_provider.dart:424:11)
...     Normal element mounting (7 frames)
#50     SingleChildWidgetElementMixin.mount (package:nested/nested.dart:222:11)
...     Normal element mounting (7 frames)
#57     SingleChildWidgetElementMixin.mount (package:nested/nested.dart:222:11)
...     Normal element mounting (7 frames)
#64     _NestedHookElement.mount (package:nested/nested.dart:187:11)
...     Normal element mounting (7 frames)
#71     SingleChildWidgetElementMixin.mount (package:nested/nested.dart:222:11)
...     Normal element mounting (208 frames)
#279    Element.inflateWidget (package:flutter/src/widgets/framework.dart:4587:20)
#280    MultiChildRenderObjectElement.inflateWidget (package:flutter/src/widgets/framework.dart:7264:36)
#281    Element.updateChild (package:flutter/src/widgets/framework.dart:4059:18)
#282    Element.updateChildren (package:flutter/src/widgets/framework.dart:4255:32)
#283    MultiChildRenderObjectElement.update (package:flutter/src/widgets/framework.dart:7295:17)
#284    Element.updateChild (package:flutter/src/widgets/framework.dart:4037:15)
#285    ComponentElement.performRebuild (package:flutter/src/widgets/framework.dart:5841:16)
#286    StatefulElement.performRebuild (package:flutter/src/widgets/framework.dart:5982:11)
#287    Element.rebuild (package:flutter/src/widgets/framework.dart:5529:7)
#288    StatefulElement.update (package:flutter/src/widgets/framework.dart:6007:5)
#289    Element.updateChild (package:flutter/src/widgets/framework.dart:4037:15)
#290    ComponentElement.performRebuild (package:flutter/src/widgets/framework.dart:5841:16)
#291    Element.rebuild (package:flutter/src/widgets/framework.dart:5529:7)
#292    ProxyElement.update (package:flutter/src/widgets/framework.dart:6149:5)
#293    Element.updateChild (package:flutter/src/widgets/framework.dart:4037:15)
#294    ComponentElement.performRebuild (package:flutter/src/widgets/framework.dart:5841:16)
#295    Element.rebuild (package:flutter/src/widgets/framework.dart:5529:7)
#296    ProxyElement.update (package:flutter/src/widgets/framework.dart:6149:5)
#297    _InheritedNotifierElement.update (package:flutter/src/widgets/inherited_notifier.dart:108:11)
#298    Element.updateChild (package:flutter/src/widgets/framework.dart:4037:15)
#299    ComponentElement.performRebuild (package:flutter/src/widgets/framework.dart:5841:16)
#300    StatefulElement.performRebuild (package:flutter/src/widgets/framework.dart:5982:11)
#301    Element.rebuild (package:flutter/src/widgets/framework.dart:5529:7)
#302    StatefulElement.update (package:flutter/src/widgets/framework.dart:6007:5)
#303    Element.updateChild (package:flutter/src/widgets/framework.dart:4037:15)
#304    ComponentElement.performRebuild (package:flutter/src/widgets/framework.dart:5841:16)
#305    Element.rebuild (package:flutter/src/widgets/framework.dart:5529:7)
#306    ProxyElement.update (package:flutter/src/widgets/framework.dart:6149:5)
#307    _InheritedNotifierElement.update (package:flutter/src/widgets/inherited_notifier.dart:108:11)
#308    Element.updateChild (package:flutter/src/widgets/framework.dart:4037:15)
#309    ComponentElement.performRebuild (package:flutter/src/widgets/framework.dart:5841:16)
#310    StatefulElement.performRebuild (package:flutter/src/widgets/framework.dart:5982:11)
#311    Element.rebuild (package:flutter/src/widgets/framework.dart:5529:7)
#312    StatefulElement.update (package:flutter/src/widgets/framework.dart:6007:5)
#313    Element.updateChild (package:flutter/src/widgets/framework.dart:4037:15)
#314    ComponentElement.performRebuild (package:flutter/src/widgets/framework.dart:5841:16)
#315    StatefulElement.performRebuild (package:flutter/src/widgets/framework.dart:5982:11)
#316    Element.rebuild (package:flutter/src/widgets/framework.dart:5529:7)
#317    StatefulElement.update (package:flutter/src/widgets/framework.dart:6007:5)
#318    Element.updateChild (package:flutter/src/widgets/framework.dart:4037:15)
#319    SingleChildRenderObjectElement.update (package:flutter/src/widgets/framework.dart:7122:14)
#320    Element.updateChild (package:flutter/src/widgets/framework.dart:4037:15)
#321    SingleChildRenderObjectElement.update (package:flutter/src/widgets/framework.dart:7122:14)
#322    Element.updateChild (package:flutter/src/widgets/framework.dart:4037:15)
#323    ComponentElement.performRebuild (package:flutter/src/widgets/framework.dart:5841:16)
#324    Element.rebuild (package:flutter/src/widgets/framework.dart:5529:7)
#325    ProxyElement.update (package:flutter/src/widgets/framework.dart:6149:5)
#326    Element.updateChild (package:flutter/src/widgets/framework.dart:4037:15)
#327    ComponentElement.performRebuild (package:flutter/src/widgets/framework.dart:5841:16)
#328    Element.rebuild (package:flutter/src/widgets/framework.dart:5529:7)
#329    ProxyElement.update (package:flutter/src/widgets/framework.dart:6149:5)
#330    Element.updateChild (package:flutter/src/widgets/framework.dart:4037:15)
#331    ComponentElement.performRebuild (package:flutter/src/widgets/framework.dart:5841:16)
#332    StatefulElement.performRebuild (package:flutter/src/widgets/framework.dart:5982:11)
#333    Element.rebuild (package:flutter/src/widgets/framework.dart:5529:7)
#334    BuildScope._tryRebuild (package:flutter/src/widgets/framework.dart:2750:15)
#335    BuildScope._flushDirtyElements (package:flutter/src/widgets/framework.dart:2807:11)
#336    BuildOwner.buildScope (package:flutter/src/widgets/framework.dart:3111:18)
#337    AutomatedTestWidgetsFlutterBinding.drawFrame (package:flutter_test/src/binding.dart:2131:19)
#338    RendererBinding._handlePersistentFrameCallback (package:flutter/src/rendering/binding.dart:495:5)
#339    SchedulerBinding._invokeFrameCallback (package:flutter/src/scheduler/binding.dart:1430:15)
#340    SchedulerBinding.handleDrawFrame (package:flutter/src/scheduler/binding.dart:1345:9)
#341    AutomatedTestWidgetsFlutterBinding.pump.<anonymous closure> (package:flutter_test/src/binding.dart:1960:9)
#344    TestAsyncUtils.guard (package:flutter_test/src/test_async_utils.dart:74:41)
#345    AutomatedTestWidgetsFlutterBinding.pump (package:flutter_test/src/binding.dart:1949:27)
#346    WidgetTester.pumpAndSettle.<anonymous closure> (package:flutter_test/src/widget_tester.dart:719:23)
#349    TestAsyncUtils.guard (package:flutter_test/src/test_async_utils.dart:74:41)
#350    WidgetTester.pumpAndSettle (package:flutter_test/src/widget_tester.dart:712:27)
#351    main.<anonymous closure>.<anonymous closure> (file:///C:/Users/NAGAR/IdeaProjects/fard-2/.worktrees/test-remediation/test/features/werd/presentation/widgets/set_werd_goal_dialog_test.dart:648:20)
<asynchronous suspension>
#352    testWidgets.<anonymous closure>.<anonymous closure> (package:flutter_test/src/widget_tester.dart:192:15)
<asynchronous suspension>
#353    TestWidgetsFlutterBinding._runTestBody (package:flutter_test/src/binding.dart:1682:5)
<asynchronous suspension>
<asynchronous suspension>
(elided 5 frames from dart:async and package:stack_trace)

ΓòÉΓòÉΓòÉΓòÉΓòÉΓòÉΓòÉΓòÉΓòÉΓòÉΓòÉΓòÉΓòÉΓòÉΓòÉΓòÉΓòÉΓòÉΓòÉΓòÉΓòÉΓòÉΓòÉΓòÉΓòÉΓòÉΓòÉΓòÉΓòÉΓòÉΓòÉΓòÉΓòÉΓòÉΓòÉΓòÉΓòÉΓòÉΓòÉΓòÉΓòÉΓòÉΓòÉΓòÉΓòÉΓòÉΓòÉΓòÉΓòÉΓòÉΓòÉΓòÉΓòÉΓòÉΓòÉΓòÉΓòÉΓòÉΓòÉΓòÉΓòÉΓòÉΓòÉΓòÉΓòÉΓòÉΓòÉΓòÉΓòÉΓòÉΓòÉΓòÉΓòÉΓòÉΓòÉΓòÉΓòÉΓòÉΓòÉΓòÉΓòÉΓòÉΓòÉΓòÉΓòÉΓòÉΓòÉΓòÉΓòÉΓòÉΓòÉΓòÉΓòÉΓòÉΓòÉΓòÉΓòÉΓòÉΓòÉΓòÉ
ΓòÉΓòÉΓòí EXCEPTION CAUGHT BY FLUTTER TEST FRAMEWORK Γò₧ΓòÉΓòÉΓòÉΓòÉΓòÉΓòÉΓòÉΓòÉΓòÉΓòÉΓòÉΓòÉΓòÉΓòÉΓòÉΓòÉΓòÉΓòÉΓòÉΓòÉΓòÉΓòÉΓòÉΓòÉΓòÉΓòÉΓòÉΓòÉΓòÉΓòÉΓòÉΓòÉΓòÉΓòÉΓòÉΓòÉΓòÉΓòÉΓòÉΓòÉΓòÉΓòÉΓòÉΓòÉΓòÉΓòÉΓòÉΓòÉΓòÉΓòÉΓòÉΓòÉ
The following assertion was thrown running a test:
The finder "Found 0 widgets with text "Start from Al-Fatihah (beginning)": []" (used in a call to
"tap()") could not find any matching widgets.

When the exception was thrown, this was the stack:
#0      WidgetController._getElementPoint (package:flutter_test/src/controller.dart:2090:7)
#1      WidgetController.getCenter (package:flutter_test/src/controller.dart:1942:12)
#2      WidgetController.tap (package:flutter_test/src/controller.dart:1075:7)
#3      main.<anonymous closure>.<anonymous closure> (file:///C:/Users/NAGAR/IdeaProjects/fard-2/.worktrees/test-remediation/test/features/werd/presentation/widgets/set_werd_goal_dialog_test.dart:651:20)
<asynchronous suspension>
#4      testWidgets.<anonymous closure>.<anonymous closure> (package:flutter_test/src/widget_tester.dart:192:15)
<asynchronous suspension>
#5      TestWidgetsFlutterBinding._runTestBody (package:flutter_test/src/binding.dart:1682:5)
<asynchronous suspension>
<asynchronous suspension>
(elided one frame from package:stack_trace)

The test description was:
  Save button creates goal with correct startAbsolute
ΓòÉΓòÉΓòÉΓòÉΓòÉΓòÉΓòÉΓòÉΓòÉΓòÉΓòÉΓòÉΓòÉΓòÉΓòÉΓòÉΓòÉΓòÉΓòÉΓòÉΓòÉΓòÉΓòÉΓòÉΓòÉΓòÉΓòÉΓòÉΓòÉΓòÉΓòÉΓòÉΓòÉΓòÉΓòÉΓòÉΓòÉΓòÉΓòÉΓòÉΓòÉΓòÉΓòÉΓòÉΓòÉΓòÉΓòÉΓòÉΓòÉΓòÉΓòÉΓòÉΓòÉΓòÉΓòÉΓòÉΓòÉΓòÉΓòÉΓòÉΓòÉΓòÉΓòÉΓòÉΓòÉΓòÉΓòÉΓòÉΓòÉΓòÉΓòÉΓòÉΓòÉΓòÉΓòÉΓòÉΓòÉΓòÉΓòÉΓòÉΓòÉΓòÉΓòÉΓòÉΓòÉΓòÉΓòÉΓòÉΓòÉΓòÉΓòÉΓòÉΓòÉΓòÉΓòÉΓòÉΓòÉΓòÉΓòÉΓòÉ
ΓòÉΓòÉΓòí EXCEPTION CAUGHT BY FLUTTER TEST FRAMEWORK Γò₧ΓòÉΓòÉΓòÉΓòÉΓòÉΓòÉΓòÉΓòÉΓòÉΓòÉΓòÉΓòÉΓòÉΓòÉΓòÉΓòÉΓòÉΓòÉΓòÉΓòÉΓòÉΓòÉΓòÉΓòÉΓòÉΓòÉΓòÉΓòÉΓòÉΓòÉΓòÉΓòÉΓòÉΓòÉΓòÉΓòÉΓòÉΓòÉΓòÉΓòÉΓòÉΓòÉΓòÉΓòÉΓòÉΓòÉΓòÉΓòÉΓòÉΓòÉΓòÉΓòÉ
The following message was thrown:
Multiple exceptions (2) were detected during the running of the current test, and at least one was
unexpected.
ΓòÉΓòÉΓòÉΓòÉΓòÉΓòÉΓòÉΓòÉΓòÉΓòÉΓòÉΓòÉΓòÉΓòÉΓòÉΓòÉΓòÉΓòÉΓòÉΓòÉΓòÉΓòÉΓòÉΓòÉΓòÉΓòÉΓòÉΓòÉΓòÉΓòÉΓòÉΓòÉΓòÉΓòÉΓòÉΓòÉΓòÉΓòÉΓòÉΓòÉΓòÉΓòÉΓòÉΓòÉΓòÉΓòÉΓòÉΓòÉΓòÉΓòÉΓòÉΓòÉΓòÉΓòÉΓòÉΓòÉΓòÉΓòÉΓòÉΓòÉΓòÉΓòÉΓòÉΓòÉΓòÉΓòÉΓòÉΓòÉΓòÉΓòÉΓòÉΓòÉΓòÉΓòÉΓòÉΓòÉΓòÉΓòÉΓòÉΓòÉΓòÉΓòÉΓòÉΓòÉΓòÉΓòÉΓòÉΓòÉΓòÉΓòÉΓòÉΓòÉΓòÉΓòÉΓòÉΓòÉΓòÉΓòÉΓòÉΓòÉ
+435 -41: C:/Users/NAGAR/IdeaProjects/fard-2/.worktrees/test-remediation/test/features/werd/presentation/widgets/set_werd_goal_dialog_test.dart: SetWerdGoalDialog Save & Cancel Save button creates goal with correct startAbsolute [E]
  Test failed. See exception logs above.
  The test description was: Save button creates goal with correct startAbsolute
  
+436 -41: C:/Users/NAGAR/IdeaProjects/fard-2/.worktrees/test-remediation/test/features/werd/presentation/widgets/set_werd_goal_dialog_test.dart: SetWerdGoalDialog Save & Cancel Cancel button closes dialog
ΓòÉΓòÉΓòí EXCEPTION CAUGHT BY WIDGETS LIBRARY Γò₧ΓòÉΓòÉΓòÉΓòÉΓòÉΓòÉΓòÉΓòÉΓòÉΓòÉΓòÉΓòÉΓòÉΓòÉΓòÉΓòÉΓòÉΓòÉΓòÉΓòÉΓòÉΓòÉΓòÉΓòÉΓòÉΓòÉΓòÉΓòÉΓòÉΓòÉΓòÉΓòÉΓòÉΓòÉΓòÉΓòÉΓòÉΓòÉΓòÉΓòÉΓòÉΓòÉΓòÉΓòÉΓòÉΓòÉΓòÉΓòÉΓòÉΓòÉΓòÉΓòÉΓòÉΓòÉΓòÉΓòÉΓòÉΓòÉΓòÉ
The following _TypeError was thrown building _InheritedProviderScope<QuranBloc?>:
type 'Null' is not a subtype of type 'Stream<WerdState>'

The relevant error-causing widget was:
  _InheritedProviderScope<QuranBloc?>
  _InheritedProviderScope:file:///C:/Users/NAGAR/AppData/Local/Pub/Cache/hosted/pub.dev/provider-6.1.5+1/lib/src/inherited_provider.dart:164:12

When the exception was thrown, this was the stack:
#0      _MockBlocBase.stream (package:bloc_test/src/mock_bloc.dart:52:7)
#1      BlocProvider._startListening (package:flutter_bloc/src/bloc_provider.dart:140:32)
#2      _ValueInheritedProviderState.value (package:provider/src/inherited_provider.dart:939:50)
#3      _InheritedProviderScopeElement.value (package:provider/src/inherited_provider.dart:603:33)
#4      Provider.of (package:provider/src/provider.dart:337:37)
#5      ReadContext.read (package:provider/src/provider.dart:683:21)
#6      _SetWerdGoalDialogState.initState (package:fard/features/werd/presentation/widgets/set_werd_goal_dialog.dart:31:33)
#7      StatefulElement._firstBuild (package:flutter/src/widgets/framework.dart:5950:55)
#8      ComponentElement.mount (package:flutter/src/widgets/framework.dart:5793:5)
...     Normal element mounting (7 frames)
#15     _InheritedProviderScopeElement.mount (package:provider/src/inherited_provider.dart:424:11)
...     Normal element mounting (7 frames)
#22     SingleChildWidgetElementMixin.mount (package:nested/nested.dart:222:11)
...     Normal element mounting (7 frames)
#29     SingleChildWidgetElementMixin.mount (package:nested/nested.dart:222:11)
...     Normal element mounting (7 frames)
#36     _NestedHookElement.mount (package:nested/nested.dart:187:11)
...     Normal element mounting (7 frames)
#43     _InheritedProviderScopeElement.mount (package:provider/src/inherited_provider.dart:424:11)
...     Normal element mounting (7 frames)
#50     SingleChildWidgetElementMixin.mount (package:nested/nested.dart:222:11)
...     Normal element mounting (7 frames)
#57     SingleChildWidgetElementMixin.mount (package:nested/nested.dart:222:11)
...     Normal element mounting (7 frames)
#64     _NestedHookElement.mount (package:nested/nested.dart:187:11)
...     Normal element mounting (7 frames)
#71     SingleChildWidgetElementMixin.mount (package:nested/nested.dart:222:11)
...     Normal element mounting (208 frames)
#279    Element.inflateWidget (package:flutter/src/widgets/framework.dart:4587:20)
#280    MultiChildRenderObjectElement.inflateWidget (package:flutter/src/widgets/framework.dart:7264:36)
#281    Element.updateChild (package:flutter/src/widgets/framework.dart:4059:18)
#282    Element.updateChildren (package:flutter/src/widgets/framework.dart:4255:32)
#283    MultiChildRenderObjectElement.update (package:flutter/src/widgets/framework.dart:7295:17)
#284    Element.updateChild (package:flutter/src/widgets/framework.dart:4037:15)
#285    ComponentElement.performRebuild (package:flutter/src/widgets/framework.dart:5841:16)
#286    StatefulElement.performRebuild (package:flutter/src/widgets/framework.dart:5982:11)
#287    Element.rebuild (package:flutter/src/widgets/framework.dart:5529:7)
#288    StatefulElement.update (package:flutter/src/widgets/framework.dart:6007:5)
#289    Element.updateChild (package:flutter/src/widgets/framework.dart:4037:15)
#290    ComponentElement.performRebuild (package:flutter/src/widgets/framework.dart:5841:16)
#291    Element.rebuild (package:flutter/src/widgets/framework.dart:5529:7)
#292    ProxyElement.update (package:flutter/src/widgets/framework.dart:6149:5)
#293    Element.updateChild (package:flutter/src/widgets/framework.dart:4037:15)
#294    ComponentElement.performRebuild (package:flutter/src/widgets/framework.dart:5841:16)
#295    Element.rebuild (package:flutter/src/widgets/framework.dart:5529:7)
#296    ProxyElement.update (package:flutter/src/widgets/framework.dart:6149:5)
#297    _InheritedNotifierElement.update (package:flutter/src/widgets/inherited_notifier.dart:108:11)
#298    Element.updateChild (package:flutter/src/widgets/framework.dart:4037:15)
#299    ComponentElement.performRebuild (package:flutter/src/widgets/framework.dart:5841:16)
#300    StatefulElement.performRebuild (package:flutter/src/widgets/framework.dart:5982:11)
#301    Element.rebuild (package:flutter/src/widgets/framework.dart:5529:7)
#302    StatefulElement.update (package:flutter/src/widgets/framework.dart:6007:5)
#303    Element.updateChild (package:flutter/src/widgets/framework.dart:4037:15)
#304    ComponentElement.performRebuild (package:flutter/src/widgets/framework.dart:5841:16)
#305    Element.rebuild (package:flutter/src/widgets/framework.dart:5529:7)
#306    ProxyElement.update (package:flutter/src/widgets/framework.dart:6149:5)
#307    _InheritedNotifierElement.update (package:flutter/src/widgets/inherited_notifier.dart:108:11)
#308    Element.updateChild (package:flutter/src/widgets/framework.dart:4037:15)
#309    ComponentElement.performRebuild (package:flutter/src/widgets/framework.dart:5841:16)
#310    StatefulElement.performRebuild (package:flutter/src/widgets/framework.dart:5982:11)
#311    Element.rebuild (package:flutter/src/widgets/framework.dart:5529:7)
#312    StatefulElement.update (package:flutter/src/widgets/framework.dart:6007:5)
#313    Element.updateChild (package:flutter/src/widgets/framework.dart:4037:15)
#314    ComponentElement.performRebuild (package:flutter/src/widgets/framework.dart:5841:16)
#315    StatefulElement.performRebuild (package:flutter/src/widgets/framework.dart:5982:11)
#316    Element.rebuild (package:flutter/src/widgets/framework.dart:5529:7)
#317    StatefulElement.update (package:flutter/src/widgets/framework.dart:6007:5)
#318    Element.updateChild (package:flutter/src/widgets/framework.dart:4037:15)
#319    SingleChildRenderObjectElement.update (package:flutter/src/widgets/framework.dart:7122:14)
#320    Element.updateChild (package:flutter/src/widgets/framework.dart:4037:15)
#321    SingleChildRenderObjectElement.update (package:flutter/src/widgets/framework.dart:7122:14)
#322    Element.updateChild (package:flutter/src/widgets/framework.dart:4037:15)
#323    ComponentElement.performRebuild (package:flutter/src/widgets/framework.dart:5841:16)
#324    Element.rebuild (package:flutter/src/widgets/framework.dart:5529:7)
#325    ProxyElement.update (package:flutter/src/widgets/framework.dart:6149:5)
#326    Element.updateChild (package:flutter/src/widgets/framework.dart:4037:15)
#327    ComponentElement.performRebuild (package:flutter/src/widgets/framework.dart:5841:16)
#328    Element.rebuild (package:flutter/src/widgets/framework.dart:5529:7)
#329    ProxyElement.update (package:flutter/src/widgets/framework.dart:6149:5)
#330    Element.updateChild (package:flutter/src/widgets/framework.dart:4037:15)
#331    ComponentElement.performRebuild (package:flutter/src/widgets/framework.dart:5841:16)
#332    StatefulElement.performRebuild (package:flutter/src/widgets/framework.dart:5982:11)
#333    Element.rebuild (package:flutter/src/widgets/framework.dart:5529:7)
#334    BuildScope._tryRebuild (package:flutter/src/widgets/framework.dart:2750:15)
#335    BuildScope._flushDirtyElements (package:flutter/src/widgets/framework.dart:2807:11)
#336    BuildOwner.buildScope (package:flutter/src/widgets/framework.dart:3111:18)
#337    AutomatedTestWidgetsFlutterBinding.drawFrame (package:flutter_test/src/binding.dart:2131:19)
#338    RendererBinding._handlePersistentFrameCallback (package:flutter/src/rendering/binding.dart:495:5)
#339    SchedulerBinding._invokeFrameCallback (package:flutter/src/scheduler/binding.dart:1430:15)
#340    SchedulerBinding.handleDrawFrame (package:flutter/src/scheduler/binding.dart:1345:9)
#341    AutomatedTestWidgetsFlutterBinding.pump.<anonymous closure> (package:flutter_test/src/binding.dart:1960:9)
#344    TestAsyncUtils.guard (package:flutter_test/src/test_async_utils.dart:74:41)
#345    AutomatedTestWidgetsFlutterBinding.pump (package:flutter_test/src/binding.dart:1949:27)
#346    WidgetTester.pumpAndSettle.<anonymous closure> (package:flutter_test/src/widget_tester.dart:719:23)
#349    TestAsyncUtils.guard (package:flutter_test/src/test_async_utils.dart:74:41)
#350    WidgetTester.pumpAndSettle (package:flutter_test/src/widget_tester.dart:712:27)
#351    main.<anonymous closure>.<anonymous closure> (file:///C:/Users/NAGAR/IdeaProjects/fard-2/.worktrees/test-remediation/test/features/werd/presentation/widgets/set_werd_goal_dialog_test.dart:688:20)
<asynchronous suspension>
#352    testWidgets.<anonymous closure>.<anonymous closure> (package:flutter_test/src/widget_tester.dart:192:15)
<asynchronous suspension>
#353    TestWidgetsFlutterBinding._runTestBody (package:flutter_test/src/binding.dart:1682:5)
<asynchronous suspension>
<asynchronous suspension>
(elided 5 frames from dart:async and package:stack_trace)

ΓòÉΓòÉΓòÉΓòÉΓòÉΓòÉΓòÉΓòÉΓòÉΓòÉΓòÉΓòÉΓòÉΓòÉΓòÉΓòÉΓòÉΓòÉΓòÉΓòÉΓòÉΓòÉΓòÉΓòÉΓòÉΓòÉΓòÉΓòÉΓòÉΓòÉΓòÉΓòÉΓòÉΓòÉΓòÉΓòÉΓòÉΓòÉΓòÉΓòÉΓòÉΓòÉΓòÉΓòÉΓòÉΓòÉΓòÉΓòÉΓòÉΓòÉΓòÉΓòÉΓòÉΓòÉΓòÉΓòÉΓòÉΓòÉΓòÉΓòÉΓòÉΓòÉΓòÉΓòÉΓòÉΓòÉΓòÉΓòÉΓòÉΓòÉΓòÉΓòÉΓòÉΓòÉΓòÉΓòÉΓòÉΓòÉΓòÉΓòÉΓòÉΓòÉΓòÉΓòÉΓòÉΓòÉΓòÉΓòÉΓòÉΓòÉΓòÉΓòÉΓòÉΓòÉΓòÉΓòÉΓòÉΓòÉΓòÉΓòÉ
ΓòÉΓòÉΓòí EXCEPTION CAUGHT BY FLUTTER TEST FRAMEWORK Γò₧ΓòÉΓòÉΓòÉΓòÉΓòÉΓòÉΓòÉΓòÉΓòÉΓòÉΓòÉΓòÉΓòÉΓòÉΓòÉΓòÉΓòÉΓòÉΓòÉΓòÉΓòÉΓòÉΓòÉΓòÉΓòÉΓòÉΓòÉΓòÉΓòÉΓòÉΓòÉΓòÉΓòÉΓòÉΓòÉΓòÉΓòÉΓòÉΓòÉΓòÉΓòÉΓòÉΓòÉΓòÉΓòÉΓòÉΓòÉΓòÉΓòÉΓòÉΓòÉΓòÉ
The following assertion was thrown running a test:
The finder "Found 0 widgets with text "Cancel": []" (used in a call to "tap()") could not find any
matching widgets.

When the exception was thrown, this was the stack:
#0      WidgetController._getElementPoint (package:flutter_test/src/controller.dart:2090:7)
#1      WidgetController.getCenter (package:flutter_test/src/controller.dart:1942:12)
#2      WidgetController.tap (package:flutter_test/src/controller.dart:1075:7)
#3      main.<anonymous closure>.<anonymous closure> (file:///C:/Users/NAGAR/IdeaProjects/fard-2/.worktrees/test-remediation/test/features/werd/presentation/widgets/set_werd_goal_dialog_test.dart:691:20)
<asynchronous suspension>
#4      testWidgets.<anonymous closure>.<anonymous closure> (package:flutter_test/src/widget_tester.dart:192:15)
<asynchronous suspension>
#5      TestWidgetsFlutterBinding._runTestBody (package:flutter_test/src/binding.dart:1682:5)
<asynchronous suspension>
<asynchronous suspension>
(elided one frame from package:stack_trace)

The test description was:
  Cancel button closes dialog
ΓòÉΓòÉΓòÉΓòÉΓòÉΓòÉΓòÉΓòÉΓòÉΓòÉΓòÉΓòÉΓòÉΓòÉΓòÉΓòÉΓòÉΓòÉΓòÉΓòÉΓòÉΓòÉΓòÉΓòÉΓòÉΓòÉΓòÉΓòÉΓòÉΓòÉΓòÉΓòÉΓòÉΓòÉΓòÉΓòÉΓòÉΓòÉΓòÉΓòÉΓòÉΓòÉΓòÉΓòÉΓòÉΓòÉΓòÉΓòÉΓòÉΓòÉΓòÉΓòÉΓòÉΓòÉΓòÉΓòÉΓòÉΓòÉΓòÉΓòÉΓòÉΓòÉΓòÉΓòÉΓòÉΓòÉΓòÉΓòÉΓòÉΓòÉΓòÉΓòÉΓòÉΓòÉΓòÉΓòÉΓòÉΓòÉΓòÉΓòÉΓòÉΓòÉΓòÉΓòÉΓòÉΓòÉΓòÉΓòÉΓòÉΓòÉΓòÉΓòÉΓòÉΓòÉΓòÉΓòÉΓòÉΓòÉΓòÉΓòÉ
ΓòÉΓòÉΓòí EXCEPTION CAUGHT BY FLUTTER TEST FRAMEWORK Γò₧ΓòÉΓòÉΓòÉΓòÉΓòÉΓòÉΓòÉΓòÉΓòÉΓòÉΓòÉΓòÉΓòÉΓòÉΓòÉΓòÉΓòÉΓòÉΓòÉΓòÉΓòÉΓòÉΓòÉΓòÉΓòÉΓòÉΓòÉΓòÉΓòÉΓòÉΓòÉΓòÉΓòÉΓòÉΓòÉΓòÉΓòÉΓòÉΓòÉΓòÉΓòÉΓòÉΓòÉΓòÉΓòÉΓòÉΓòÉΓòÉΓòÉΓòÉΓòÉΓòÉ
The following message was thrown:
Multiple exceptions (2) were detected during the running of the current test, and at least one was
unexpected.
ΓòÉΓòÉΓòÉΓòÉΓòÉΓòÉΓòÉΓòÉΓòÉΓòÉΓòÉΓòÉΓòÉΓòÉΓòÉΓòÉΓòÉΓòÉΓòÉΓòÉΓòÉΓòÉΓòÉΓòÉΓòÉΓòÉΓòÉΓòÉΓòÉΓòÉΓòÉΓòÉΓòÉΓòÉΓòÉΓòÉΓòÉΓòÉΓòÉΓòÉΓòÉΓòÉΓòÉΓòÉΓòÉΓòÉΓòÉΓòÉΓòÉΓòÉΓòÉΓòÉΓòÉΓòÉΓòÉΓòÉΓòÉΓòÉΓòÉΓòÉΓòÉΓòÉΓòÉΓòÉΓòÉΓòÉΓòÉΓòÉΓòÉΓòÉΓòÉΓòÉΓòÉΓòÉΓòÉΓòÉΓòÉΓòÉΓòÉΓòÉΓòÉΓòÉΓòÉΓòÉΓòÉΓòÉΓòÉΓòÉΓòÉΓòÉΓòÉΓòÉΓòÉΓòÉΓòÉΓòÉΓòÉΓòÉΓòÉΓòÉ
+436 -42: C:/Users/NAGAR/IdeaProjects/fard-2/.worktrees/test-remediation/test/features/werd/presentation/widgets/set_werd_goal_dialog_test.dart: SetWerdGoalDialog Save & Cancel Cancel button closes dialog [E]
  Test failed. See exception logs above.
  The test description was: Cancel button closes dialog
  
+436 -42: C:/Users/NAGAR/IdeaProjects/fard-2/.worktrees/test-remediation/test/features/werd/presentation/widgets/set_werd_goal_dialog_test.dart: SetWerdGoalDialog Save & Cancel Close icon button closes dialog
ΓòÉΓòÉΓòí EXCEPTION CAUGHT BY WIDGETS LIBRARY Γò₧ΓòÉΓòÉΓòÉΓòÉΓòÉΓòÉΓòÉΓòÉΓòÉΓòÉΓòÉΓòÉΓòÉΓòÉΓòÉΓòÉΓòÉΓòÉΓòÉΓòÉΓòÉΓòÉΓòÉΓòÉΓòÉΓòÉΓòÉΓòÉΓòÉΓòÉΓòÉΓòÉΓòÉΓòÉΓòÉΓòÉΓòÉΓòÉΓòÉΓòÉΓòÉΓòÉΓòÉΓòÉΓòÉΓòÉΓòÉΓòÉΓòÉΓòÉΓòÉΓòÉΓòÉΓòÉΓòÉΓòÉΓòÉΓòÉΓòÉ
The following _TypeError was thrown building _InheritedProviderScope<QuranBloc?>:
type 'Null' is not a subtype of type 'Stream<WerdState>'

The relevant error-causing widget was:
  _InheritedProviderScope<QuranBloc?>
  _InheritedProviderScope:file:///C:/Users/NAGAR/AppData/Local/Pub/Cache/hosted/pub.dev/provider-6.1.5+1/lib/src/inherited_provider.dart:164:12

When the exception was thrown, this was the stack:
#0      _MockBlocBase.stream (package:bloc_test/src/mock_bloc.dart:52:7)
#1      BlocProvider._startListening (package:flutter_bloc/src/bloc_provider.dart:140:32)
#2      _ValueInheritedProviderState.value (package:provider/src/inherited_provider.dart:939:50)
#3      _InheritedProviderScopeElement.value (package:provider/src/inherited_provider.dart:603:33)
#4      Provider.of (package:provider/src/provider.dart:337:37)
#5      ReadContext.read (package:provider/src/provider.dart:683:21)
#6      _SetWerdGoalDialogState.initState (package:fard/features/werd/presentation/widgets/set_werd_goal_dialog.dart:31:33)
#7      StatefulElement._firstBuild (package:flutter/src/widgets/framework.dart:5950:55)
#8      ComponentElement.mount (package:flutter/src/widgets/framework.dart:5793:5)
...     Normal element mounting (7 frames)
#15     _InheritedProviderScopeElement.mount (package:provider/src/inherited_provider.dart:424:11)
...     Normal element mounting (7 frames)
#22     SingleChildWidgetElementMixin.mount (package:nested/nested.dart:222:11)
...     Normal element mounting (7 frames)
#29     SingleChildWidgetElementMixin.mount (package:nested/nested.dart:222:11)
...     Normal element mounting (7 frames)
#36     _NestedHookElement.mount (package:nested/nested.dart:187:11)
...     Normal element mounting (7 frames)
#43     _InheritedProviderScopeElement.mount (package:provider/src/inherited_provider.dart:424:11)
...     Normal element mounting (7 frames)
#50     SingleChildWidgetElementMixin.mount (package:nested/nested.dart:222:11)
...     Normal element mounting (7 frames)
#57     SingleChildWidgetElementMixin.mount (package:nested/nested.dart:222:11)
...     Normal element mounting (7 frames)
#64     _NestedHookElement.mount (package:nested/nested.dart:187:11)
...     Normal element mounting (7 frames)
#71     SingleChildWidgetElementMixin.mount (package:nested/nested.dart:222:11)
...     Normal element mounting (208 frames)
#279    Element.inflateWidget (package:flutter/src/widgets/framework.dart:4587:20)
#280    MultiChildRenderObjectElement.inflateWidget (package:flutter/src/widgets/framework.dart:7264:36)
#281    Element.updateChild (package:flutter/src/widgets/framework.dart:4059:18)
#282    Element.updateChildren (package:flutter/src/widgets/framework.dart:4255:32)
#283    MultiChildRenderObjectElement.update (package:flutter/src/widgets/framework.dart:7295:17)
#284    Element.updateChild (package:flutter/src/widgets/framework.dart:4037:15)
#285    ComponentElement.performRebuild (package:flutter/src/widgets/framework.dart:5841:16)
#286    StatefulElement.performRebuild (package:flutter/src/widgets/framework.dart:5982:11)
#287    Element.rebuild (package:flutter/src/widgets/framework.dart:5529:7)
#288    StatefulElement.update (package:flutter/src/widgets/framework.dart:6007:5)
#289    Element.updateChild (package:flutter/src/widgets/framework.dart:4037:15)
#290    ComponentElement.performRebuild (package:flutter/src/widgets/framework.dart:5841:16)
#291    Element.rebuild (package:flutter/src/widgets/framework.dart:5529:7)
#292    ProxyElement.update (package:flutter/src/widgets/framework.dart:6149:5)
#293    Element.updateChild (package:flutter/src/widgets/framework.dart:4037:15)
#294    ComponentElement.performRebuild (package:flutter/src/widgets/framework.dart:5841:16)
#295    Element.rebuild (package:flutter/src/widgets/framework.dart:5529:7)
#296    ProxyElement.update (package:flutter/src/widgets/framework.dart:6149:5)
#297    _InheritedNotifierElement.update (package:flutter/src/widgets/inherited_notifier.dart:108:11)
#298    Element.updateChild (package:flutter/src/widgets/framework.dart:4037:15)
#299    ComponentElement.performRebuild (package:flutter/src/widgets/framework.dart:5841:16)
#300    StatefulElement.performRebuild (package:flutter/src/widgets/framework.dart:5982:11)
#301    Element.rebuild (package:flutter/src/widgets/framework.dart:5529:7)
#302    StatefulElement.update (package:flutter/src/widgets/framework.dart:6007:5)
#303    Element.updateChild (package:flutter/src/widgets/framework.dart:4037:15)
#304    ComponentElement.performRebuild (package:flutter/src/widgets/framework.dart:5841:16)
#305    Element.rebuild (package:flutter/src/widgets/framework.dart:5529:7)
#306    ProxyElement.update (package:flutter/src/widgets/framework.dart:6149:5)
#307    _InheritedNotifierElement.update (package:flutter/src/widgets/inherited_notifier.dart:108:11)
#308    Element.updateChild (package:flutter/src/widgets/framework.dart:4037:15)
#309    ComponentElement.performRebuild (package:flutter/src/widgets/framework.dart:5841:16)
#310    StatefulElement.performRebuild (package:flutter/src/widgets/framework.dart:5982:11)
#311    Element.rebuild (package:flutter/src/widgets/framework.dart:5529:7)
#312    StatefulElement.update (package:flutter/src/widgets/framework.dart:6007:5)
#313    Element.updateChild (package:flutter/src/widgets/framework.dart:4037:15)
#314    ComponentElement.performRebuild (package:flutter/src/widgets/framework.dart:5841:16)
#315    StatefulElement.performRebuild (package:flutter/src/widgets/framework.dart:5982:11)
#316    Element.rebuild (package:flutter/src/widgets/framework.dart:5529:7)
#317    StatefulElement.update (package:flutter/src/widgets/framework.dart:6007:5)
#318    Element.updateChild (package:flutter/src/widgets/framework.dart:4037:15)
#319    SingleChildRenderObjectElement.update (package:flutter/src/widgets/framework.dart:7122:14)
#320    Element.updateChild (package:flutter/src/widgets/framework.dart:4037:15)
#321    SingleChildRenderObjectElement.update (package:flutter/src/widgets/framework.dart:7122:14)
#322    Element.updateChild (package:flutter/src/widgets/framework.dart:4037:15)
#323    ComponentElement.performRebuild (package:flutter/src/widgets/framework.dart:5841:16)
#324    Element.rebuild (package:flutter/src/widgets/framework.dart:5529:7)
#325    ProxyElement.update (package:flutter/src/widgets/framework.dart:6149:5)
#326    Element.updateChild (package:flutter/src/widgets/framework.dart:4037:15)
#327    ComponentElement.performRebuild (package:flutter/src/widgets/framework.dart:5841:16)
#328    Element.rebuild (package:flutter/src/widgets/framework.dart:5529:7)
#329    ProxyElement.update (package:flutter/src/widgets/framework.dart:6149:5)
#330    Element.updateChild (package:flutter/src/widgets/framework.dart:4037:15)
#331    ComponentElement.performRebuild (package:flutter/src/widgets/framework.dart:5841:16)
#332    StatefulElement.performRebuild (package:flutter/src/widgets/framework.dart:5982:11)
#333    Element.rebuild (package:flutter/src/widgets/framework.dart:5529:7)
#334    BuildScope._tryRebuild (package:flutter/src/widgets/framework.dart:2750:15)
#335    BuildScope._flushDirtyElements (package:flutter/src/widgets/framework.dart:2807:11)
#336    BuildOwner.buildScope (package:flutter/src/widgets/framework.dart:3111:18)
#337    AutomatedTestWidgetsFlutterBinding.drawFrame (package:flutter_test/src/binding.dart:2131:19)
#338    RendererBinding._handlePersistentFrameCallback (package:flutter/src/rendering/binding.dart:495:5)
#339    SchedulerBinding._invokeFrameCallback (package:flutter/src/scheduler/binding.dart:1430:15)
#340    SchedulerBinding.handleDrawFrame (package:flutter/src/scheduler/binding.dart:1345:9)
#341    AutomatedTestWidgetsFlutterBinding.pump.<anonymous closure> (package:flutter_test/src/binding.dart:1960:9)
#344    TestAsyncUtils.guard (package:flutter_test/src/test_async_utils.dart:74:41)
#345    AutomatedTestWidgetsFlutterBinding.pump (package:flutter_test/src/binding.dart:1949:27)
#346    WidgetTester.pumpAndSettle.<anonymous closure> (package:flutter_test/src/widget_tester.dart:719:23)
#349    TestAsyncUtils.guard (package:flutter_test/src/test_async_utils.dart:74:41)
#350    WidgetTester.pumpAndSettle (package:flutter_test/src/widget_tester.dart:712:27)
#351    main.<anonymous closure>.<anonymous closure> (file:///C:/Users/NAGAR/IdeaProjects/fard-2/.worktrees/test-remediation/test/features/werd/presentation/widgets/set_werd_goal_dialog_test.dart:715:20)
<asynchronous suspension>
#352    testWidgets.<anonymous closure>.<anonymous closure> (package:flutter_test/src/widget_tester.dart:192:15)
<asynchronous suspension>
#353    TestWidgetsFlutterBinding._runTestBody (package:flutter_test/src/binding.dart:1682:5)
<asynchronous suspension>
<asynchronous suspension>
(elided 5 frames from dart:async and package:stack_trace)

ΓòÉΓòÉΓòÉΓòÉΓòÉΓòÉΓòÉΓòÉΓòÉΓòÉΓòÉΓòÉΓòÉΓòÉΓòÉΓòÉΓòÉΓòÉΓòÉΓòÉΓòÉΓòÉΓòÉΓòÉΓòÉΓòÉΓòÉΓòÉΓòÉΓòÉΓòÉΓòÉΓòÉΓòÉΓòÉΓòÉΓòÉΓòÉΓòÉΓòÉΓòÉΓòÉΓòÉΓòÉΓòÉΓòÉΓòÉΓòÉΓòÉΓòÉΓòÉΓòÉΓòÉΓòÉΓòÉΓòÉΓòÉΓòÉΓòÉΓòÉΓòÉΓòÉΓòÉΓòÉΓòÉΓòÉΓòÉΓòÉΓòÉΓòÉΓòÉΓòÉΓòÉΓòÉΓòÉΓòÉΓòÉΓòÉΓòÉΓòÉΓòÉΓòÉΓòÉΓòÉΓòÉΓòÉΓòÉΓòÉΓòÉΓòÉΓòÉΓòÉΓòÉΓòÉΓòÉΓòÉΓòÉΓòÉΓòÉΓòÉ
ΓòÉΓòÉΓòí EXCEPTION CAUGHT BY FLUTTER TEST FRAMEWORK Γò₧ΓòÉΓòÉΓòÉΓòÉΓòÉΓòÉΓòÉΓòÉΓòÉΓòÉΓòÉΓòÉΓòÉΓòÉΓòÉΓòÉΓòÉΓòÉΓòÉΓòÉΓòÉΓòÉΓòÉΓòÉΓòÉΓòÉΓòÉΓòÉΓòÉΓòÉΓòÉΓòÉΓòÉΓòÉΓòÉΓòÉΓòÉΓòÉΓòÉΓòÉΓòÉΓòÉΓòÉΓòÉΓòÉΓòÉΓòÉΓòÉΓòÉΓòÉΓòÉΓòÉ
The following assertion was thrown running a test:
The finder "Found 0 widgets with icon "IconData(U+0F647)": []" (used in a call to "tap()") could not
find any matching widgets.

When the exception was thrown, this was the stack:
#0      WidgetController._getElementPoint (package:flutter_test/src/controller.dart:2090:7)
#1      WidgetController.getCenter (package:flutter_test/src/controller.dart:1942:12)
#2      WidgetController.tap (package:flutter_test/src/controller.dart:1075:7)
#3      main.<anonymous closure>.<anonymous closure> (file:///C:/Users/NAGAR/IdeaProjects/fard-2/.worktrees/test-remediation/test/features/werd/presentation/widgets/set_werd_goal_dialog_test.dart:718:20)
<asynchronous suspension>
#4      testWidgets.<anonymous closure>.<anonymous closure> (package:flutter_test/src/widget_tester.dart:192:15)
<asynchronous suspension>
#5      TestWidgetsFlutterBinding._runTestBody (package:flutter_test/src/binding.dart:1682:5)
<asynchronous suspension>
<asynchronous suspension>
(elided one frame from package:stack_trace)

The test description was:
  Close icon button closes dialog
ΓòÉΓòÉΓòÉΓòÉΓòÉΓòÉΓòÉΓòÉΓòÉΓòÉΓòÉΓòÉΓòÉΓòÉΓòÉΓòÉΓòÉΓòÉΓòÉΓòÉΓòÉΓòÉΓòÉΓòÉΓòÉΓòÉΓòÉΓòÉΓòÉΓòÉΓòÉΓòÉΓòÉΓòÉΓòÉΓòÉΓòÉΓòÉΓòÉΓòÉΓòÉΓòÉΓòÉΓòÉΓòÉΓòÉΓòÉΓòÉΓòÉΓòÉΓòÉΓòÉΓòÉΓòÉΓòÉΓòÉΓòÉΓòÉΓòÉΓòÉΓòÉΓòÉΓòÉΓòÉΓòÉΓòÉΓòÉΓòÉΓòÉΓòÉΓòÉΓòÉΓòÉΓòÉΓòÉΓòÉΓòÉΓòÉΓòÉΓòÉΓòÉΓòÉΓòÉΓòÉΓòÉΓòÉΓòÉΓòÉΓòÉΓòÉΓòÉΓòÉΓòÉΓòÉΓòÉΓòÉΓòÉΓòÉΓòÉΓòÉ
ΓòÉΓòÉΓòí EXCEPTION CAUGHT BY FLUTTER TEST FRAMEWORK Γò₧ΓòÉΓòÉΓòÉΓòÉΓòÉΓòÉΓòÉΓòÉΓòÉΓòÉΓòÉΓòÉΓòÉΓòÉΓòÉΓòÉΓòÉΓòÉΓòÉΓòÉΓòÉΓòÉΓòÉΓòÉΓòÉΓòÉΓòÉΓòÉΓòÉΓòÉΓòÉΓòÉΓòÉΓòÉΓòÉΓòÉΓòÉΓòÉΓòÉΓòÉΓòÉΓòÉΓòÉΓòÉΓòÉΓòÉΓòÉΓòÉΓòÉΓòÉΓòÉΓòÉ
The following message was thrown:
Multiple exceptions (2) were detected during the running of the current test, and at least one was
unexpected.
ΓòÉΓòÉΓòÉΓòÉΓòÉΓòÉΓòÉΓòÉΓòÉΓòÉΓòÉΓòÉΓòÉΓòÉΓòÉΓòÉΓòÉΓòÉΓòÉΓòÉΓòÉΓòÉΓòÉΓòÉΓòÉΓòÉΓòÉΓòÉΓòÉΓòÉΓòÉΓòÉΓòÉΓòÉΓòÉΓòÉΓòÉΓòÉΓòÉΓòÉΓòÉΓòÉΓòÉΓòÉΓòÉΓòÉΓòÉΓòÉΓòÉΓòÉΓòÉΓòÉΓòÉΓòÉΓòÉΓòÉΓòÉΓòÉΓòÉΓòÉΓòÉΓòÉΓòÉΓòÉΓòÉΓòÉΓòÉΓòÉΓòÉΓòÉΓòÉΓòÉΓòÉΓòÉΓòÉΓòÉΓòÉΓòÉΓòÉΓòÉΓòÉΓòÉΓòÉΓòÉΓòÉΓòÉΓòÉΓòÉΓòÉΓòÉΓòÉΓòÉΓòÉΓòÉΓòÉΓòÉΓòÉΓòÉΓòÉΓòÉ
+436 -43: C:/Users/NAGAR/IdeaProjects/fard-2/.worktrees/test-remediation/test/features/werd/presentation/widgets/set_werd_goal_dialog_test.dart: SetWerdGoalDialog Save & Cancel Close icon button closes dialog [E]
  Test failed. See exception logs above.
  The test description was: Close icon button closes dialog
  
+436 -43: C:/Users/NAGAR/IdeaProjects/fard-2/.worktrees/test-remediation/test/features/werd/presentation/widgets/set_werd_goal_dialog_test.dart: SetWerdGoalDialog Arabic Localization shows Arabic text for goal type
ΓòÉΓòÉΓòí EXCEPTION CAUGHT BY WIDGETS LIBRARY Γò₧ΓòÉΓòÉΓòÉΓòÉΓòÉΓòÉΓòÉΓòÉΓòÉΓòÉΓòÉΓòÉΓòÉΓòÉΓòÉΓòÉΓòÉΓòÉΓòÉΓòÉΓòÉΓòÉΓòÉΓòÉΓòÉΓòÉΓòÉΓòÉΓòÉΓòÉΓòÉΓòÉΓòÉΓòÉΓòÉΓòÉΓòÉΓòÉΓòÉΓòÉΓòÉΓòÉΓòÉΓòÉΓòÉΓòÉΓòÉΓòÉΓòÉΓòÉΓòÉΓòÉΓòÉΓòÉΓòÉΓòÉΓòÉΓòÉΓòÉ
The following _TypeError was thrown building _InheritedProviderScope<QuranBloc?>:
type 'Null' is not a subtype of type 'Stream<WerdState>'

The relevant error-causing widget was:
  _InheritedProviderScope<QuranBloc?>
  _InheritedProviderScope:file:///C:/Users/NAGAR/AppData/Local/Pub/Cache/hosted/pub.dev/provider-6.1.5+1/lib/src/inherited_provider.dart:164:12

When the exception was thrown, this was the stack:
#0      _MockBlocBase.stream (package:bloc_test/src/mock_bloc.dart:52:7)
#1      BlocProvider._startListening (package:flutter_bloc/src/bloc_provider.dart:140:32)
#2      _ValueInheritedProviderState.value (package:provider/src/inherited_provider.dart:939:50)
#3      _InheritedProviderScopeElement.value (package:provider/src/inherited_provider.dart:603:33)
#4      Provider.of (package:provider/src/provider.dart:337:37)
#5      ReadContext.read (package:provider/src/provider.dart:683:21)
#6      _SetWerdGoalDialogState.initState (package:fard/features/werd/presentation/widgets/set_werd_goal_dialog.dart:31:33)
#7      StatefulElement._firstBuild (package:flutter/src/widgets/framework.dart:5950:55)
#8      ComponentElement.mount (package:flutter/src/widgets/framework.dart:5793:5)
...     Normal element mounting (7 frames)
#15     _InheritedProviderScopeElement.mount (package:provider/src/inherited_provider.dart:424:11)
...     Normal element mounting (7 frames)
#22     SingleChildWidgetElementMixin.mount (package:nested/nested.dart:222:11)
...     Normal element mounting (7 frames)
#29     SingleChildWidgetElementMixin.mount (package:nested/nested.dart:222:11)
...     Normal element mounting (7 frames)
#36     _NestedHookElement.mount (package:nested/nested.dart:187:11)
...     Normal element mounting (7 frames)
#43     _InheritedProviderScopeElement.mount (package:provider/src/inherited_provider.dart:424:11)
...     Normal element mounting (7 frames)
#50     SingleChildWidgetElementMixin.mount (package:nested/nested.dart:222:11)
...     Normal element mounting (7 frames)
#57     SingleChildWidgetElementMixin.mount (package:nested/nested.dart:222:11)
...     Normal element mounting (7 frames)
#64     _NestedHookElement.mount (package:nested/nested.dart:187:11)
...     Normal element mounting (7 frames)
#71     SingleChildWidgetElementMixin.mount (package:nested/nested.dart:222:11)
...     Normal element mounting (208 frames)
#279    Element.inflateWidget (package:flutter/src/widgets/framework.dart:4587:20)
#280    MultiChildRenderObjectElement.inflateWidget (package:flutter/src/widgets/framework.dart:7264:36)
#281    Element.updateChild (package:flutter/src/widgets/framework.dart:4059:18)
#282    Element.updateChildren (package:flutter/src/widgets/framework.dart:4255:32)
#283    MultiChildRenderObjectElement.update (package:flutter/src/widgets/framework.dart:7295:17)
#284    Element.updateChild (package:flutter/src/widgets/framework.dart:4037:15)
#285    ComponentElement.performRebuild (package:flutter/src/widgets/framework.dart:5841:16)
#286    StatefulElement.performRebuild (package:flutter/src/widgets/framework.dart:5982:11)
#287    Element.rebuild (package:flutter/src/widgets/framework.dart:5529:7)
#288    StatefulElement.update (package:flutter/src/widgets/framework.dart:6007:5)
#289    Element.updateChild (package:flutter/src/widgets/framework.dart:4037:15)
#290    ComponentElement.performRebuild (package:flutter/src/widgets/framework.dart:5841:16)
#291    Element.rebuild (package:flutter/src/widgets/framework.dart:5529:7)
#292    ProxyElement.update (package:flutter/src/widgets/framework.dart:6149:5)
#293    Element.updateChild (package:flutter/src/widgets/framework.dart:4037:15)
#294    ComponentElement.performRebuild (package:flutter/src/widgets/framework.dart:5841:16)
#295    Element.rebuild (package:flutter/src/widgets/framework.dart:5529:7)
#296    ProxyElement.update (package:flutter/src/widgets/framework.dart:6149:5)
#297    _InheritedNotifierElement.update (package:flutter/src/widgets/inherited_notifier.dart:108:11)
#298    Element.updateChild (package:flutter/src/widgets/framework.dart:4037:15)
#299    ComponentElement.performRebuild (package:flutter/src/widgets/framework.dart:5841:16)
#300    StatefulElement.performRebuild (package:flutter/src/widgets/framework.dart:5982:11)
#301    Element.rebuild (package:flutter/src/widgets/framework.dart:5529:7)
#302    StatefulElement.update (package:flutter/src/widgets/framework.dart:6007:5)
#303    Element.updateChild (package:flutter/src/widgets/framework.dart:4037:15)
#304    ComponentElement.performRebuild (package:flutter/src/widgets/framework.dart:5841:16)
#305    Element.rebuild (package:flutter/src/widgets/framework.dart:5529:7)
#306    ProxyElement.update (package:flutter/src/widgets/framework.dart:6149:5)
#307    _InheritedNotifierElement.update (package:flutter/src/widgets/inherited_notifier.dart:108:11)
#308    Element.updateChild (package:flutter/src/widgets/framework.dart:4037:15)
#309    ComponentElement.performRebuild (package:flutter/src/widgets/framework.dart:5841:16)
#310    StatefulElement.performRebuild (package:flutter/src/widgets/framework.dart:5982:11)
#311    Element.rebuild (package:flutter/src/widgets/framework.dart:5529:7)
#312    StatefulElement.update (package:flutter/src/widgets/framework.dart:6007:5)
#313    Element.updateChild (package:flutter/src/widgets/framework.dart:4037:15)
#314    ComponentElement.performRebuild (package:flutter/src/widgets/framework.dart:5841:16)
#315    StatefulElement.performRebuild (package:flutter/src/widgets/framework.dart:5982:11)
#316    Element.rebuild (package:flutter/src/widgets/framework.dart:5529:7)
#317    StatefulElement.update (package:flutter/src/widgets/framework.dart:6007:5)
#318    Element.updateChild (package:flutter/src/widgets/framework.dart:4037:15)
#319    SingleChildRenderObjectElement.update (package:flutter/src/widgets/framework.dart:7122:14)
#320    Element.updateChild (package:flutter/src/widgets/framework.dart:4037:15)
#321    SingleChildRenderObjectElement.update (package:flutter/src/widgets/framework.dart:7122:14)
#322    Element.updateChild (package:flutter/src/widgets/framework.dart:4037:15)
#323    ComponentElement.performRebuild (package:flutter/src/widgets/framework.dart:5841:16)
#324    Element.rebuild (package:flutter/src/widgets/framework.dart:5529:7)
#325    ProxyElement.update (package:flutter/src/widgets/framework.dart:6149:5)
#326    Element.updateChild (package:flutter/src/widgets/framework.dart:4037:15)
#327    ComponentElement.performRebuild (package:flutter/src/widgets/framework.dart:5841:16)
#328    Element.rebuild (package:flutter/src/widgets/framework.dart:5529:7)
#329    ProxyElement.update (package:flutter/src/widgets/framework.dart:6149:5)
#330    Element.updateChild (package:flutter/src/widgets/framework.dart:4037:15)
#331    ComponentElement.performRebuild (package:flutter/src/widgets/framework.dart:5841:16)
#332    StatefulElement.performRebuild (package:flutter/src/widgets/framework.dart:5982:11)
#333    Element.rebuild (package:flutter/src/widgets/framework.dart:5529:7)
#334    BuildScope._tryRebuild (package:flutter/src/widgets/framework.dart:2750:15)
#335    BuildScope._flushDirtyElements (package:flutter/src/widgets/framework.dart:2807:11)
#336    BuildOwner.buildScope (package:flutter/src/widgets/framework.dart:3111:18)
#337    AutomatedTestWidgetsFlutterBinding.drawFrame (package:flutter_test/src/binding.dart:2131:19)
#338    RendererBinding._handlePersistentFrameCallback (package:flutter/src/rendering/binding.dart:495:5)
#339    SchedulerBinding._invokeFrameCallback (package:flutter/src/scheduler/binding.dart:1430:15)
#340    SchedulerBinding.handleDrawFrame (package:flutter/src/scheduler/binding.dart:1345:9)
#341    AutomatedTestWidgetsFlutterBinding.pump.<anonymous closure> (package:flutter_test/src/binding.dart:1960:9)
#344    TestAsyncUtils.guard (package:flutter_test/src/test_async_utils.dart:74:41)
#345    AutomatedTestWidgetsFlutterBinding.pump (package:flutter_test/src/binding.dart:1949:27)
#346    WidgetTester.pumpAndSettle.<anonymous closure> (package:flutter_test/src/widget_tester.dart:719:23)
#349    TestAsyncUtils.guard (package:flutter_test/src/test_async_utils.dart:74:41)
#350    WidgetTester.pumpAndSettle (package:flutter_test/src/widget_tester.dart:712:27)
#351    main.<anonymous closure>.<anonymous closure> (file:///C:/Users/NAGAR/IdeaProjects/fard-2/.worktrees/test-remediation/test/features/werd/presentation/widgets/set_werd_goal_dialog_test.dart:743:20)
<asynchronous suspension>
#352    testWidgets.<anonymous closure>.<anonymous closure> (package:flutter_test/src/widget_tester.dart:192:15)
<asynchronous suspension>
#353    TestWidgetsFlutterBinding._runTestBody (package:flutter_test/src/binding.dart:1682:5)
<asynchronous suspension>
<asynchronous suspension>
(elided 5 frames from dart:async and package:stack_trace)

ΓòÉΓòÉΓòÉΓòÉΓòÉΓòÉΓòÉΓòÉΓòÉΓòÉΓòÉΓòÉΓòÉΓòÉΓòÉΓòÉΓòÉΓòÉΓòÉΓòÉΓòÉΓòÉΓòÉΓòÉΓòÉΓòÉΓòÉΓòÉΓòÉΓòÉΓòÉΓòÉΓòÉΓòÉΓòÉΓòÉΓòÉΓòÉΓòÉΓòÉΓòÉΓòÉΓòÉΓòÉΓòÉΓòÉΓòÉΓòÉΓòÉΓòÉΓòÉΓòÉΓòÉΓòÉΓòÉΓòÉΓòÉΓòÉΓòÉΓòÉΓòÉΓòÉΓòÉΓòÉΓòÉΓòÉΓòÉΓòÉΓòÉΓòÉΓòÉΓòÉΓòÉΓòÉΓòÉΓòÉΓòÉΓòÉΓòÉΓòÉΓòÉΓòÉΓòÉΓòÉΓòÉΓòÉΓòÉΓòÉΓòÉΓòÉΓòÉΓòÉΓòÉΓòÉΓòÉΓòÉΓòÉΓòÉΓòÉΓòÉ
ΓòÉΓòÉΓòí EXCEPTION CAUGHT BY FLUTTER TEST FRAMEWORK Γò₧ΓòÉΓòÉΓòÉΓòÉΓòÉΓòÉΓòÉΓòÉΓòÉΓòÉΓòÉΓòÉΓòÉΓòÉΓòÉΓòÉΓòÉΓòÉΓòÉΓòÉΓòÉΓòÉΓòÉΓòÉΓòÉΓòÉΓòÉΓòÉΓòÉΓòÉΓòÉΓòÉΓòÉΓòÉΓòÉΓòÉΓòÉΓòÉΓòÉΓòÉΓòÉΓòÉΓòÉΓòÉΓòÉΓòÉΓòÉΓòÉΓòÉΓòÉΓòÉΓòÉ
The following TestFailure was thrown running a test:
Expected: exactly one matching candidate
  Actual: _TextWidgetFinder:<Found 0 widgets with text "┘â┘à┘è╪⌐ ┘è┘ê┘à┘è╪⌐": []>
   Which: means none were found but one was expected

When the exception was thrown, this was the stack:
#4      main.<anonymous closure>.<anonymous closure> (file:///C:/Users/NAGAR/IdeaProjects/fard-2/.worktrees/test-remediation/test/features/werd/presentation/widgets/set_werd_goal_dialog_test.dart:745:7)
<asynchronous suspension>
#5      testWidgets.<anonymous closure>.<anonymous closure> (package:flutter_test/src/widget_tester.dart:192:15)
<asynchronous suspension>
#6      TestWidgetsFlutterBinding._runTestBody (package:flutter_test/src/binding.dart:1682:5)
<asynchronous suspension>
<asynchronous suspension>
(elided one frame from package:stack_trace)

This was caught by the test expectation on the following line:
  file:///C:/Users/NAGAR/IdeaProjects/fard-2/.worktrees/test-remediation/test/features/werd/presentation/widgets/set_werd_goal_dialog_test.dart line 745
The test description was:
  shows Arabic text for goal type
ΓòÉΓòÉΓòÉΓòÉΓòÉΓòÉΓòÉΓòÉΓòÉΓòÉΓòÉΓòÉΓòÉΓòÉΓòÉΓòÉΓòÉΓòÉΓòÉΓòÉΓòÉΓòÉΓòÉΓòÉΓòÉΓòÉΓòÉΓòÉΓòÉΓòÉΓòÉΓòÉΓòÉΓòÉΓòÉΓòÉΓòÉΓòÉΓòÉΓòÉΓòÉΓòÉΓòÉΓòÉΓòÉΓòÉΓòÉΓòÉΓòÉΓòÉΓòÉΓòÉΓòÉΓòÉΓòÉΓòÉΓòÉΓòÉΓòÉΓòÉΓòÉΓòÉΓòÉΓòÉΓòÉΓòÉΓòÉΓòÉΓòÉΓòÉΓòÉΓòÉΓòÉΓòÉΓòÉΓòÉΓòÉΓòÉΓòÉΓòÉΓòÉΓòÉΓòÉΓòÉΓòÉΓòÉΓòÉΓòÉΓòÉΓòÉΓòÉΓòÉΓòÉΓòÉΓòÉΓòÉΓòÉΓòÉΓòÉΓòÉ
ΓòÉΓòÉΓòí EXCEPTION CAUGHT BY FLUTTER TEST FRAMEWORK Γò₧ΓòÉΓòÉΓòÉΓòÉΓòÉΓòÉΓòÉΓòÉΓòÉΓòÉΓòÉΓòÉΓòÉΓòÉΓòÉΓòÉΓòÉΓòÉΓòÉΓòÉΓòÉΓòÉΓòÉΓòÉΓòÉΓòÉΓòÉΓòÉΓòÉΓòÉΓòÉΓòÉΓòÉΓòÉΓòÉΓòÉΓòÉΓòÉΓòÉΓòÉΓòÉΓòÉΓòÉΓòÉΓòÉΓòÉΓòÉΓòÉΓòÉΓòÉΓòÉΓòÉ
The following message was thrown:
Multiple exceptions (2) were detected during the running of the current test, and at least one was
unexpected.
ΓòÉΓòÉΓòÉΓòÉΓòÉΓòÉΓòÉΓòÉΓòÉΓòÉΓòÉΓòÉΓòÉΓòÉΓòÉΓòÉΓòÉΓòÉΓòÉΓòÉΓòÉΓòÉΓòÉΓòÉΓòÉΓòÉΓòÉΓòÉΓòÉΓòÉΓòÉΓòÉΓòÉΓòÉΓòÉΓòÉΓòÉΓòÉΓòÉΓòÉΓòÉΓòÉΓòÉΓòÉΓòÉΓòÉΓòÉΓòÉΓòÉΓòÉΓòÉΓòÉΓòÉΓòÉΓòÉΓòÉΓòÉΓòÉΓòÉΓòÉΓòÉΓòÉΓòÉΓòÉΓòÉΓòÉΓòÉΓòÉΓòÉΓòÉΓòÉΓòÉΓòÉΓòÉΓòÉΓòÉΓòÉΓòÉΓòÉΓòÉΓòÉΓòÉΓòÉΓòÉΓòÉΓòÉΓòÉΓòÉΓòÉΓòÉΓòÉΓòÉΓòÉΓòÉΓòÉΓòÉΓòÉΓòÉΓòÉΓòÉ
+436 -44: C:/Users/NAGAR/IdeaProjects/fard-2/.worktrees/test-remediation/test/features/werd/presentation/widgets/set_werd_goal_dialog_test.dart: SetWerdGoalDialog Arabic Localization shows Arabic text for goal type [E]
  Test failed. See exception logs above.
  The test description was: shows Arabic text for goal type
  
+436 -44: C:/Users/NAGAR/IdeaProjects/fard-2/.worktrees/test-remediation/test/features/werd/presentation/widgets/set_werd_goal_dialog_test.dart: SetWerdGoalDialog Arabic Localization shows Arabic text for start points
ΓòÉΓòÉΓòí EXCEPTION CAUGHT BY WIDGETS LIBRARY Γò₧ΓòÉΓòÉΓòÉΓòÉΓòÉΓòÉΓòÉΓòÉΓòÉΓòÉΓòÉΓòÉΓòÉΓòÉΓòÉΓòÉΓòÉΓòÉΓòÉΓòÉΓòÉΓòÉΓòÉΓòÉΓòÉΓòÉΓòÉΓòÉΓòÉΓòÉΓòÉΓòÉΓòÉΓòÉΓòÉΓòÉΓòÉΓòÉΓòÉΓòÉΓòÉΓòÉΓòÉΓòÉΓòÉΓòÉΓòÉΓòÉΓòÉΓòÉΓòÉΓòÉΓòÉΓòÉΓòÉΓòÉΓòÉΓòÉΓòÉ
The following _TypeError was thrown building _InheritedProviderScope<QuranBloc?>:
type 'Null' is not a subtype of type 'Stream<WerdState>'

The relevant error-causing widget was:
  _InheritedProviderScope<QuranBloc?>
  _InheritedProviderScope:file:///C:/Users/NAGAR/AppData/Local/Pub/Cache/hosted/pub.dev/provider-6.1.5+1/lib/src/inherited_provider.dart:164:12

When the exception was thrown, this was the stack:
#0      _MockBlocBase.stream (package:bloc_test/src/mock_bloc.dart:52:7)
#1      BlocProvider._startListening (package:flutter_bloc/src/bloc_provider.dart:140:32)
#2      _ValueInheritedProviderState.value (package:provider/src/inherited_provider.dart:939:50)
#3      _InheritedProviderScopeElement.value (package:provider/src/inherited_provider.dart:603:33)
#4      Provider.of (package:provider/src/provider.dart:337:37)
#5      ReadContext.read (package:provider/src/provider.dart:683:21)
#6      _SetWerdGoalDialogState.initState (package:fard/features/werd/presentation/widgets/set_werd_goal_dialog.dart:31:33)
#7      StatefulElement._firstBuild (package:flutter/src/widgets/framework.dart:5950:55)
#8      ComponentElement.mount (package:flutter/src/widgets/framework.dart:5793:5)
...     Normal element mounting (7 frames)
#15     _InheritedProviderScopeElement.mount (package:provider/src/inherited_provider.dart:424:11)
...     Normal element mounting (7 frames)
#22     SingleChildWidgetElementMixin.mount (package:nested/nested.dart:222:11)
...     Normal element mounting (7 frames)
#29     SingleChildWidgetElementMixin.mount (package:nested/nested.dart:222:11)
...     Normal element mounting (7 frames)
#36     _NestedHookElement.mount (package:nested/nested.dart:187:11)
...     Normal element mounting (7 frames)
#43     _InheritedProviderScopeElement.mount (package:provider/src/inherited_provider.dart:424:11)
...     Normal element mounting (7 frames)
#50     SingleChildWidgetElementMixin.mount (package:nested/nested.dart:222:11)
...     Normal element mounting (7 frames)
#57     SingleChildWidgetElementMixin.mount (package:nested/nested.dart:222:11)
...     Normal element mounting (7 frames)
#64     _NestedHookElement.mount (package:nested/nested.dart:187:11)
...     Normal element mounting (7 frames)
#71     SingleChildWidgetElementMixin.mount (package:nested/nested.dart:222:11)
...     Normal element mounting (208 frames)
#279    Element.inflateWidget (package:flutter/src/widgets/framework.dart:4587:20)
#280    MultiChildRenderObjectElement.inflateWidget (package:flutter/src/widgets/framework.dart:7264:36)
#281    Element.updateChild (package:flutter/src/widgets/framework.dart:4059:18)
#282    Element.updateChildren (package:flutter/src/widgets/framework.dart:4255:32)
#283    MultiChildRenderObjectElement.update (package:flutter/src/widgets/framework.dart:7295:17)
#284    Element.updateChild (package:flutter/src/widgets/framework.dart:4037:15)
#285    ComponentElement.performRebuild (package:flutter/src/widgets/framework.dart:5841:16)
#286    StatefulElement.performRebuild (package:flutter/src/widgets/framework.dart:5982:11)
#287    Element.rebuild (package:flutter/src/widgets/framework.dart:5529:7)
#288    StatefulElement.update (package:flutter/src/widgets/framework.dart:6007:5)
#289    Element.updateChild (package:flutter/src/widgets/framework.dart:4037:15)
#290    ComponentElement.performRebuild (package:flutter/src/widgets/framework.dart:5841:16)
#291    Element.rebuild (package:flutter/src/widgets/framework.dart:5529:7)
#292    ProxyElement.update (package:flutter/src/widgets/framework.dart:6149:5)
#293    Element.updateChild (package:flutter/src/widgets/framework.dart:4037:15)
#294    ComponentElement.performRebuild (package:flutter/src/widgets/framework.dart:5841:16)
#295    Element.rebuild (package:flutter/src/widgets/framework.dart:5529:7)
#296    ProxyElement.update (package:flutter/src/widgets/framework.dart:6149:5)
#297    _InheritedNotifierElement.update (package:flutter/src/widgets/inherited_notifier.dart:108:11)
#298    Element.updateChild (package:flutter/src/widgets/framework.dart:4037:15)
#299    ComponentElement.performRebuild (package:flutter/src/widgets/framework.dart:5841:16)
#300    StatefulElement.performRebuild (package:flutter/src/widgets/framework.dart:5982:11)
#301    Element.rebuild (package:flutter/src/widgets/framework.dart:5529:7)
#302    StatefulElement.update (package:flutter/src/widgets/framework.dart:6007:5)
#303    Element.updateChild (package:flutter/src/widgets/framework.dart:4037:15)
#304    ComponentElement.performRebuild (package:flutter/src/widgets/framework.dart:5841:16)
#305    Element.rebuild (package:flutter/src/widgets/framework.dart:5529:7)
#306    ProxyElement.update (package:flutter/src/widgets/framework.dart:6149:5)
#307    _InheritedNotifierElement.update (package:flutter/src/widgets/inherited_notifier.dart:108:11)
#308    Element.updateChild (package:flutter/src/widgets/framework.dart:4037:15)
#309    ComponentElement.performRebuild (package:flutter/src/widgets/framework.dart:5841:16)
#310    StatefulElement.performRebuild (package:flutter/src/widgets/framework.dart:5982:11)
#311    Element.rebuild (package:flutter/src/widgets/framework.dart:5529:7)
#312    StatefulElement.update (package:flutter/src/widgets/framework.dart:6007:5)
#313    Element.updateChild (package:flutter/src/widgets/framework.dart:4037:15)
#314    ComponentElement.performRebuild (package:flutter/src/widgets/framework.dart:5841:16)
#315    StatefulElement.performRebuild (package:flutter/src/widgets/framework.dart:5982:11)
#316    Element.rebuild (package:flutter/src/widgets/framework.dart:5529:7)
#317    StatefulElement.update (package:flutter/src/widgets/framework.dart:6007:5)
#318    Element.updateChild (package:flutter/src/widgets/framework.dart:4037:15)
#319    SingleChildRenderObjectElement.update (package:flutter/src/widgets/framework.dart:7122:14)
#320    Element.updateChild (package:flutter/src/widgets/framework.dart:4037:15)
#321    SingleChildRenderObjectElement.update (package:flutter/src/widgets/framework.dart:7122:14)
#322    Element.updateChild (package:flutter/src/widgets/framework.dart:4037:15)
#323    ComponentElement.performRebuild (package:flutter/src/widgets/framework.dart:5841:16)
#324    Element.rebuild (package:flutter/src/widgets/framework.dart:5529:7)
#325    ProxyElement.update (package:flutter/src/widgets/framework.dart:6149:5)
#326    Element.updateChild (package:flutter/src/widgets/framework.dart:4037:15)
#327    ComponentElement.performRebuild (package:flutter/src/widgets/framework.dart:5841:16)
#328    Element.rebuild (package:flutter/src/widgets/framework.dart:5529:7)
#329    ProxyElement.update (package:flutter/src/widgets/framework.dart:6149:5)
#330    Element.updateChild (package:flutter/src/widgets/framework.dart:4037:15)
#331    ComponentElement.performRebuild (package:flutter/src/widgets/framework.dart:5841:16)
#332    StatefulElement.performRebuild (package:flutter/src/widgets/framework.dart:5982:11)
#333    Element.rebuild (package:flutter/src/widgets/framework.dart:5529:7)
#334    BuildScope._tryRebuild (package:flutter/src/widgets/framework.dart:2750:15)
#335    BuildScope._flushDirtyElements (package:flutter/src/widgets/framework.dart:2807:11)
#336    BuildOwner.buildScope (package:flutter/src/widgets/framework.dart:3111:18)
#337    AutomatedTestWidgetsFlutterBinding.drawFrame (package:flutter_test/src/binding.dart:2131:19)
#338    RendererBinding._handlePersistentFrameCallback (package:flutter/src/rendering/binding.dart:495:5)
#339    SchedulerBinding._invokeFrameCallback (package:flutter/src/scheduler/binding.dart:1430:15)
#340    SchedulerBinding.handleDrawFrame (package:flutter/src/scheduler/binding.dart:1345:9)
#341    AutomatedTestWidgetsFlutterBinding.pump.<anonymous closure> (package:flutter_test/src/binding.dart:1960:9)
#344    TestAsyncUtils.guard (package:flutter_test/src/test_async_utils.dart:74:41)
#345    AutomatedTestWidgetsFlutterBinding.pump (package:flutter_test/src/binding.dart:1949:27)
#346    WidgetTester.pumpAndSettle.<anonymous closure> (package:flutter_test/src/widget_tester.dart:719:23)
#349    TestAsyncUtils.guard (package:flutter_test/src/test_async_utils.dart:74:41)
#350    WidgetTester.pumpAndSettle (package:flutter_test/src/widget_tester.dart:712:27)
#351    main.<anonymous closure>.<anonymous closure> (file:///C:/Users/NAGAR/IdeaProjects/fard-2/.worktrees/test-remediation/test/features/werd/presentation/widgets/set_werd_goal_dialog_test.dart:766:20)
<asynchronous suspension>
#352    testWidgets.<anonymous closure>.<anonymous closure> (package:flutter_test/src/widget_tester.dart:192:15)
<asynchronous suspension>
#353    TestWidgetsFlutterBinding._runTestBody (package:flutter_test/src/binding.dart:1682:5)
<asynchronous suspension>
<asynchronous suspension>
(elided 5 frames from dart:async and package:stack_trace)

ΓòÉΓòÉΓòÉΓòÉΓòÉΓòÉΓòÉΓòÉΓòÉΓòÉΓòÉΓòÉΓòÉΓòÉΓòÉΓòÉΓòÉΓòÉΓòÉΓòÉΓòÉΓòÉΓòÉΓòÉΓòÉΓòÉΓòÉΓòÉΓòÉΓòÉΓòÉΓòÉΓòÉΓòÉΓòÉΓòÉΓòÉΓòÉΓòÉΓòÉΓòÉΓòÉΓòÉΓòÉΓòÉΓòÉΓòÉΓòÉΓòÉΓòÉΓòÉΓòÉΓòÉΓòÉΓòÉΓòÉΓòÉΓòÉΓòÉΓòÉΓòÉΓòÉΓòÉΓòÉΓòÉΓòÉΓòÉΓòÉΓòÉΓòÉΓòÉΓòÉΓòÉΓòÉΓòÉΓòÉΓòÉΓòÉΓòÉΓòÉΓòÉΓòÉΓòÉΓòÉΓòÉΓòÉΓòÉΓòÉΓòÉΓòÉΓòÉΓòÉΓòÉΓòÉΓòÉΓòÉΓòÉΓòÉΓòÉΓòÉ
ΓòÉΓòÉΓòí EXCEPTION CAUGHT BY FLUTTER TEST FRAMEWORK Γò₧ΓòÉΓòÉΓòÉΓòÉΓòÉΓòÉΓòÉΓòÉΓòÉΓòÉΓòÉΓòÉΓòÉΓòÉΓòÉΓòÉΓòÉΓòÉΓòÉΓòÉΓòÉΓòÉΓòÉΓòÉΓòÉΓòÉΓòÉΓòÉΓòÉΓòÉΓòÉΓòÉΓòÉΓòÉΓòÉΓòÉΓòÉΓòÉΓòÉΓòÉΓòÉΓòÉΓòÉΓòÉΓòÉΓòÉΓòÉΓòÉΓòÉΓòÉΓòÉΓòÉ
The following TestFailure was thrown running a test:
Expected: exactly one matching candidate
  Actual: _TextWidgetFinder:<Found 0 widgets with text "┘à┘å ╪º┘ä╪¿╪»╪º┘è╪⌐ (╪º┘ä┘ü╪º╪¬╪¡╪⌐)": []>
   Which: means none were found but one was expected

When the exception was thrown, this was the stack:
#4      main.<anonymous closure>.<anonymous closure> (file:///C:/Users/NAGAR/IdeaProjects/fard-2/.worktrees/test-remediation/test/features/werd/presentation/widgets/set_werd_goal_dialog_test.dart:768:7)
<asynchronous suspension>
#5      testWidgets.<anonymous closure>.<anonymous closure> (package:flutter_test/src/widget_tester.dart:192:15)
<asynchronous suspension>
#6      TestWidgetsFlutterBinding._runTestBody (package:flutter_test/src/binding.dart:1682:5)
<asynchronous suspension>
<asynchronous suspension>
(elided one frame from package:stack_trace)

This was caught by the test expectation on the following line:
  file:///C:/Users/NAGAR/IdeaProjects/fard-2/.worktrees/test-remediation/test/features/werd/presentation/widgets/set_werd_goal_dialog_test.dart line 768
The test description was:
  shows Arabic text for start points
ΓòÉΓòÉΓòÉΓòÉΓòÉΓòÉΓòÉΓòÉΓòÉΓòÉΓòÉΓòÉΓòÉΓòÉΓòÉΓòÉΓòÉΓòÉΓòÉΓòÉΓòÉΓòÉΓòÉΓòÉΓòÉΓòÉΓòÉΓòÉΓòÉΓòÉΓòÉΓòÉΓòÉΓòÉΓòÉΓòÉΓòÉΓòÉΓòÉΓòÉΓòÉΓòÉΓòÉΓòÉΓòÉΓòÉΓòÉΓòÉΓòÉΓòÉΓòÉΓòÉΓòÉΓòÉΓòÉΓòÉΓòÉΓòÉΓòÉΓòÉΓòÉΓòÉΓòÉΓòÉΓòÉΓòÉΓòÉΓòÉΓòÉΓòÉΓòÉΓòÉΓòÉΓòÉΓòÉΓòÉΓòÉΓòÉΓòÉΓòÉΓòÉΓòÉΓòÉΓòÉΓòÉΓòÉΓòÉΓòÉΓòÉΓòÉΓòÉΓòÉΓòÉΓòÉΓòÉΓòÉΓòÉΓòÉΓòÉΓòÉ
ΓòÉΓòÉΓòí EXCEPTION CAUGHT BY FLUTTER TEST FRAMEWORK Γò₧ΓòÉΓòÉΓòÉΓòÉΓòÉΓòÉΓòÉΓòÉΓòÉΓòÉΓòÉΓòÉΓòÉΓòÉΓòÉΓòÉΓòÉΓòÉΓòÉΓòÉΓòÉΓòÉΓòÉΓòÉΓòÉΓòÉΓòÉΓòÉΓòÉΓòÉΓòÉΓòÉΓòÉΓòÉΓòÉΓòÉΓòÉΓòÉΓòÉΓòÉΓòÉΓòÉΓòÉΓòÉΓòÉΓòÉΓòÉΓòÉΓòÉΓòÉΓòÉΓòÉ
The following message was thrown:
Multiple exceptions (2) were detected during the running of the current test, and at least one was
unexpected.
ΓòÉΓòÉΓòÉΓòÉΓòÉΓòÉΓòÉΓòÉΓòÉΓòÉΓòÉΓòÉΓòÉΓòÉΓòÉΓòÉΓòÉΓòÉΓòÉΓòÉΓòÉΓòÉΓòÉΓòÉΓòÉΓòÉΓòÉΓòÉΓòÉΓòÉΓòÉΓòÉΓòÉΓòÉΓòÉΓòÉΓòÉΓòÉΓòÉΓòÉΓòÉΓòÉΓòÉΓòÉΓòÉΓòÉΓòÉΓòÉΓòÉΓòÉΓòÉΓòÉΓòÉΓòÉΓòÉΓòÉΓòÉΓòÉΓòÉΓòÉΓòÉΓòÉΓòÉΓòÉΓòÉΓòÉΓòÉΓòÉΓòÉΓòÉΓòÉΓòÉΓòÉΓòÉΓòÉΓòÉΓòÉΓòÉΓòÉΓòÉΓòÉΓòÉΓòÉΓòÉΓòÉΓòÉΓòÉΓòÉΓòÉΓòÉΓòÉΓòÉΓòÉΓòÉΓòÉΓòÉΓòÉΓòÉΓòÉΓòÉ
+436 -45: C:/Users/NAGAR/IdeaProjects/fard-2/.worktrees/test-remediation/test/features/werd/presentation/widgets/set_werd_goal_dialog_test.dart: SetWerdGoalDialog Arabic Localization shows Arabic text for start points [E]
  Test failed. See exception logs above.
  The test description was: shows Arabic text for start points
  
+436 -45: C:/Users/NAGAR/IdeaProjects/fard-2/.worktrees/test-remediation/test/features/werd/presentation/widgets/set_werd_goal_dialog_test.dart: SetWerdGoalDialog Arabic Localization shows Arabic text for save/cancel
ΓòÉΓòÉΓòí EXCEPTION CAUGHT BY WIDGETS LIBRARY Γò₧ΓòÉΓòÉΓòÉΓòÉΓòÉΓòÉΓòÉΓòÉΓòÉΓòÉΓòÉΓòÉΓòÉΓòÉΓòÉΓòÉΓòÉΓòÉΓòÉΓòÉΓòÉΓòÉΓòÉΓòÉΓòÉΓòÉΓòÉΓòÉΓòÉΓòÉΓòÉΓòÉΓòÉΓòÉΓòÉΓòÉΓòÉΓòÉΓòÉΓòÉΓòÉΓòÉΓòÉΓòÉΓòÉΓòÉΓòÉΓòÉΓòÉΓòÉΓòÉΓòÉΓòÉΓòÉΓòÉΓòÉΓòÉΓòÉΓòÉ
The following _TypeError was thrown building _InheritedProviderScope<QuranBloc?>:
type 'Null' is not a subtype of type 'Stream<WerdState>'

The relevant error-causing widget was:
  _InheritedProviderScope<QuranBloc?>
  _InheritedProviderScope:file:///C:/Users/NAGAR/AppData/Local/Pub/Cache/hosted/pub.dev/provider-6.1.5+1/lib/src/inherited_provider.dart:164:12

When the exception was thrown, this was the stack:
#0      _MockBlocBase.stream (package:bloc_test/src/mock_bloc.dart:52:7)
#1      BlocProvider._startListening (package:flutter_bloc/src/bloc_provider.dart:140:32)
#2      _ValueInheritedProviderState.value (package:provider/src/inherited_provider.dart:939:50)
#3      _InheritedProviderScopeElement.value (package:provider/src/inherited_provider.dart:603:33)
#4      Provider.of (package:provider/src/provider.dart:337:37)
#5      ReadContext.read (package:provider/src/provider.dart:683:21)
#6      _SetWerdGoalDialogState.initState (package:fard/features/werd/presentation/widgets/set_werd_goal_dialog.dart:31:33)
#7      StatefulElement._firstBuild (package:flutter/src/widgets/framework.dart:5950:55)
#8      ComponentElement.mount (package:flutter/src/widgets/framework.dart:5793:5)
...     Normal element mounting (7 frames)
#15     _InheritedProviderScopeElement.mount (package:provider/src/inherited_provider.dart:424:11)
...     Normal element mounting (7 frames)
#22     SingleChildWidgetElementMixin.mount (package:nested/nested.dart:222:11)
...     Normal element mounting (7 frames)
#29     SingleChildWidgetElementMixin.mount (package:nested/nested.dart:222:11)
...     Normal element mounting (7 frames)
#36     _NestedHookElement.mount (package:nested/nested.dart:187:11)
...     Normal element mounting (7 frames)
#43     _InheritedProviderScopeElement.mount (package:provider/src/inherited_provider.dart:424:11)
...     Normal element mounting (7 frames)
#50     SingleChildWidgetElementMixin.mount (package:nested/nested.dart:222:11)
...     Normal element mounting (7 frames)
#57     SingleChildWidgetElementMixin.mount (package:nested/nested.dart:222:11)
...     Normal element mounting (7 frames)
#64     _NestedHookElement.mount (package:nested/nested.dart:187:11)
...     Normal element mounting (7 frames)
#71     SingleChildWidgetElementMixin.mount (package:nested/nested.dart:222:11)
...     Normal element mounting (208 frames)
#279    Element.inflateWidget (package:flutter/src/widgets/framework.dart:4587:20)
#280    MultiChildRenderObjectElement.inflateWidget (package:flutter/src/widgets/framework.dart:7264:36)
#281    Element.updateChild (package:flutter/src/widgets/framework.dart:4059:18)
#282    Element.updateChildren (package:flutter/src/widgets/framework.dart:4255:32)
#283    MultiChildRenderObjectElement.update (package:flutter/src/widgets/framework.dart:7295:17)
#284    Element.updateChild (package:flutter/src/widgets/framework.dart:4037:15)
#285    ComponentElement.performRebuild (package:flutter/src/widgets/framework.dart:5841:16)
#286    StatefulElement.performRebuild (package:flutter/src/widgets/framework.dart:5982:11)
#287    Element.rebuild (package:flutter/src/widgets/framework.dart:5529:7)
#288    StatefulElement.update (package:flutter/src/widgets/framework.dart:6007:5)
#289    Element.updateChild (package:flutter/src/widgets/framework.dart:4037:15)
#290    ComponentElement.performRebuild (package:flutter/src/widgets/framework.dart:5841:16)
#291    Element.rebuild (package:flutter/src/widgets/framework.dart:5529:7)
#292    ProxyElement.update (package:flutter/src/widgets/framework.dart:6149:5)
#293    Element.updateChild (package:flutter/src/widgets/framework.dart:4037:15)
#294    ComponentElement.performRebuild (package:flutter/src/widgets/framework.dart:5841:16)
#295    Element.rebuild (package:flutter/src/widgets/framework.dart:5529:7)
#296    ProxyElement.update (package:flutter/src/widgets/framework.dart:6149:5)
#297    _InheritedNotifierElement.update (package:flutter/src/widgets/inherited_notifier.dart:108:11)
#298    Element.updateChild (package:flutter/src/widgets/framework.dart:4037:15)
#299    ComponentElement.performRebuild (package:flutter/src/widgets/framework.dart:5841:16)
#300    StatefulElement.performRebuild (package:flutter/src/widgets/framework.dart:5982:11)
#301    Element.rebuild (package:flutter/src/widgets/framework.dart:5529:7)
#302    StatefulElement.update (package:flutter/src/widgets/framework.dart:6007:5)
#303    Element.updateChild (package:flutter/src/widgets/framework.dart:4037:15)
#304    ComponentElement.performRebuild (package:flutter/src/widgets/framework.dart:5841:16)
#305    Element.rebuild (package:flutter/src/widgets/framework.dart:5529:7)
#306    ProxyElement.update (package:flutter/src/widgets/framework.dart:6149:5)
#307    _InheritedNotifierElement.update (package:flutter/src/widgets/inherited_notifier.dart:108:11)
#308    Element.updateChild (package:flutter/src/widgets/framework.dart:4037:15)
#309    ComponentElement.performRebuild (package:flutter/src/widgets/framework.dart:5841:16)
#310    StatefulElement.performRebuild (package:flutter/src/widgets/framework.dart:5982:11)
#311    Element.rebuild (package:flutter/src/widgets/framework.dart:5529:7)
#312    StatefulElement.update (package:flutter/src/widgets/framework.dart:6007:5)
#313    Element.updateChild (package:flutter/src/widgets/framework.dart:4037:15)
#314    ComponentElement.performRebuild (package:flutter/src/widgets/framework.dart:5841:16)
#315    StatefulElement.performRebuild (package:flutter/src/widgets/framework.dart:5982:11)
#316    Element.rebuild (package:flutter/src/widgets/framework.dart:5529:7)
#317    StatefulElement.update (package:flutter/src/widgets/framework.dart:6007:5)
#318    Element.updateChild (package:flutter/src/widgets/framework.dart:4037:15)
#319    SingleChildRenderObjectElement.update (package:flutter/src/widgets/framework.dart:7122:14)
#320    Element.updateChild (package:flutter/src/widgets/framework.dart:4037:15)
#321    SingleChildRenderObjectElement.update (package:flutter/src/widgets/framework.dart:7122:14)
#322    Element.updateChild (package:flutter/src/widgets/framework.dart:4037:15)
#323    ComponentElement.performRebuild (package:flutter/src/widgets/framework.dart:5841:16)
#324    Element.rebuild (package:flutter/src/widgets/framework.dart:5529:7)
#325    ProxyElement.update (package:flutter/src/widgets/framework.dart:6149:5)
#326    Element.updateChild (package:flutter/src/widgets/framework.dart:4037:15)
#327    ComponentElement.performRebuild (package:flutter/src/widgets/framework.dart:5841:16)
#328    Element.rebuild (package:flutter/src/widgets/framework.dart:5529:7)
#329    ProxyElement.update (package:flutter/src/widgets/framework.dart:6149:5)
#330    Element.updateChild (package:flutter/src/widgets/framework.dart:4037:15)
#331    ComponentElement.performRebuild (package:flutter/src/widgets/framework.dart:5841:16)
#332    StatefulElement.performRebuild (package:flutter/src/widgets/framework.dart:5982:11)
#333    Element.rebuild (package:flutter/src/widgets/framework.dart:5529:7)
#334    BuildScope._tryRebuild (package:flutter/src/widgets/framework.dart:2750:15)
#335    BuildScope._flushDirtyElements (package:flutter/src/widgets/framework.dart:2807:11)
#336    BuildOwner.buildScope (package:flutter/src/widgets/framework.dart:3111:18)
#337    AutomatedTestWidgetsFlutterBinding.drawFrame (package:flutter_test/src/binding.dart:2131:19)
#338    RendererBinding._handlePersistentFrameCallback (package:flutter/src/rendering/binding.dart:495:5)
#339    SchedulerBinding._invokeFrameCallback (package:flutter/src/scheduler/binding.dart:1430:15)
#340    SchedulerBinding.handleDrawFrame (package:flutter/src/scheduler/binding.dart:1345:9)
#341    AutomatedTestWidgetsFlutterBinding.pump.<anonymous closure> (package:flutter_test/src/binding.dart:1960:9)
#344    TestAsyncUtils.guard (package:flutter_test/src/test_async_utils.dart:74:41)
#345    AutomatedTestWidgetsFlutterBinding.pump (package:flutter_test/src/binding.dart:1949:27)
#346    WidgetTester.pumpAndSettle.<anonymous closure> (package:flutter_test/src/widget_tester.dart:719:23)
#349    TestAsyncUtils.guard (package:flutter_test/src/test_async_utils.dart:74:41)
#350    WidgetTester.pumpAndSettle (package:flutter_test/src/widget_tester.dart:712:27)
#351    main.<anonymous closure>.<anonymous closure> (file:///C:/Users/NAGAR/IdeaProjects/fard-2/.worktrees/test-remediation/test/features/werd/presentation/widgets/set_werd_goal_dialog_test.dart:790:20)
<asynchronous suspension>
#352    testWidgets.<anonymous closure>.<anonymous closure> (package:flutter_test/src/widget_tester.dart:192:15)
<asynchronous suspension>
#353    TestWidgetsFlutterBinding._runTestBody (package:flutter_test/src/binding.dart:1682:5)
<asynchronous suspension>
<asynchronous suspension>
(elided 5 frames from dart:async and package:stack_trace)

ΓòÉΓòÉΓòÉΓòÉΓòÉΓòÉΓòÉΓòÉΓòÉΓòÉΓòÉΓòÉΓòÉΓòÉΓòÉΓòÉΓòÉΓòÉΓòÉΓòÉΓòÉΓòÉΓòÉΓòÉΓòÉΓòÉΓòÉΓòÉΓòÉΓòÉΓòÉΓòÉΓòÉΓòÉΓòÉΓòÉΓòÉΓòÉΓòÉΓòÉΓòÉΓòÉΓòÉΓòÉΓòÉΓòÉΓòÉΓòÉΓòÉΓòÉΓòÉΓòÉΓòÉΓòÉΓòÉΓòÉΓòÉΓòÉΓòÉΓòÉΓòÉΓòÉΓòÉΓòÉΓòÉΓòÉΓòÉΓòÉΓòÉΓòÉΓòÉΓòÉΓòÉΓòÉΓòÉΓòÉΓòÉΓòÉΓòÉΓòÉΓòÉΓòÉΓòÉΓòÉΓòÉΓòÉΓòÉΓòÉΓòÉΓòÉΓòÉΓòÉΓòÉΓòÉΓòÉΓòÉΓòÉΓòÉΓòÉΓòÉ
ΓòÉΓòÉΓòí EXCEPTION CAUGHT BY FLUTTER TEST FRAMEWORK Γò₧ΓòÉΓòÉΓòÉΓòÉΓòÉΓòÉΓòÉΓòÉΓòÉΓòÉΓòÉΓòÉΓòÉΓòÉΓòÉΓòÉΓòÉΓòÉΓòÉΓòÉΓòÉΓòÉΓòÉΓòÉΓòÉΓòÉΓòÉΓòÉΓòÉΓòÉΓòÉΓòÉΓòÉΓòÉΓòÉΓòÉΓòÉΓòÉΓòÉΓòÉΓòÉΓòÉΓòÉΓòÉΓòÉΓòÉΓòÉΓòÉΓòÉΓòÉΓòÉΓòÉ
The following TestFailure was thrown running a test:
Expected: exactly one matching candidate
  Actual: _TextWidgetFinder:<Found 0 widgets with text "╪¡┘ü╪╕ ╪º┘ä┘ç╪»┘ü": []>
   Which: means none were found but one was expected

When the exception was thrown, this was the stack:
#4      main.<anonymous closure>.<anonymous closure> (file:///C:/Users/NAGAR/IdeaProjects/fard-2/.worktrees/test-remediation/test/features/werd/presentation/widgets/set_werd_goal_dialog_test.dart:792:7)
<asynchronous suspension>
#5      testWidgets.<anonymous closure>.<anonymous closure> (package:flutter_test/src/widget_tester.dart:192:15)
<asynchronous suspension>
#6      TestWidgetsFlutterBinding._runTestBody (package:flutter_test/src/binding.dart:1682:5)
<asynchronous suspension>
<asynchronous suspension>
(elided one frame from package:stack_trace)

This was caught by the test expectation on the following line:
  file:///C:/Users/NAGAR/IdeaProjects/fard-2/.worktrees/test-remediation/test/features/werd/presentation/widgets/set_werd_goal_dialog_test.dart line 792
The test description was:
  shows Arabic text for save/cancel
ΓòÉΓòÉΓòÉΓòÉΓòÉΓòÉΓòÉΓòÉΓòÉΓòÉΓòÉΓòÉΓòÉΓòÉΓòÉΓòÉΓòÉΓòÉΓòÉΓòÉΓòÉΓòÉΓòÉΓòÉΓòÉΓòÉΓòÉΓòÉΓòÉΓòÉΓòÉΓòÉΓòÉΓòÉΓòÉΓòÉΓòÉΓòÉΓòÉΓòÉΓòÉΓòÉΓòÉΓòÉΓòÉΓòÉΓòÉΓòÉΓòÉΓòÉΓòÉΓòÉΓòÉΓòÉΓòÉΓòÉΓòÉΓòÉΓòÉΓòÉΓòÉΓòÉΓòÉΓòÉΓòÉΓòÉΓòÉΓòÉΓòÉΓòÉΓòÉΓòÉΓòÉΓòÉΓòÉΓòÉΓòÉΓòÉΓòÉΓòÉΓòÉΓòÉΓòÉΓòÉΓòÉΓòÉΓòÉΓòÉΓòÉΓòÉΓòÉΓòÉΓòÉΓòÉΓòÉΓòÉΓòÉΓòÉΓòÉΓòÉ
ΓòÉΓòÉΓòí EXCEPTION CAUGHT BY FLUTTER TEST FRAMEWORK Γò₧ΓòÉΓòÉΓòÉΓòÉΓòÉΓòÉΓòÉΓòÉΓòÉΓòÉΓòÉΓòÉΓòÉΓòÉΓòÉΓòÉΓòÉΓòÉΓòÉΓòÉΓòÉΓòÉΓòÉΓòÉΓòÉΓòÉΓòÉΓòÉΓòÉΓòÉΓòÉΓòÉΓòÉΓòÉΓòÉΓòÉΓòÉΓòÉΓòÉΓòÉΓòÉΓòÉΓòÉΓòÉΓòÉΓòÉΓòÉΓòÉΓòÉΓòÉΓòÉΓòÉ
The following message was thrown:
Multiple exceptions (2) were detected during the running of the current test, and at least one was
unexpected.
ΓòÉΓòÉΓòÉΓòÉΓòÉΓòÉΓòÉΓòÉΓòÉΓòÉΓòÉΓòÉΓòÉΓòÉΓòÉΓòÉΓòÉΓòÉΓòÉΓòÉΓòÉΓòÉΓòÉΓòÉΓòÉΓòÉΓòÉΓòÉΓòÉΓòÉΓòÉΓòÉΓòÉΓòÉΓòÉΓòÉΓòÉΓòÉΓòÉΓòÉΓòÉΓòÉΓòÉΓòÉΓòÉΓòÉΓòÉΓòÉΓòÉΓòÉΓòÉΓòÉΓòÉΓòÉΓòÉΓòÉΓòÉΓòÉΓòÉΓòÉΓòÉΓòÉΓòÉΓòÉΓòÉΓòÉΓòÉΓòÉΓòÉΓòÉΓòÉΓòÉΓòÉΓòÉΓòÉΓòÉΓòÉΓòÉΓòÉΓòÉΓòÉΓòÉΓòÉΓòÉΓòÉΓòÉΓòÉΓòÉΓòÉΓòÉΓòÉΓòÉΓòÉΓòÉΓòÉΓòÉΓòÉΓòÉΓòÉΓòÉ
+436 -46: C:/Users/NAGAR/IdeaProjects/fard-2/.worktrees/test-remediation/test/features/werd/presentation/widgets/set_werd_goal_dialog_test.dart: SetWerdGoalDialog Arabic Localization shows Arabic text for save/cancel [E]
  Test failed. See exception logs above.
  The test description was: shows Arabic text for save/cancel
  
+438 -46: C:/Users/NAGAR/IdeaProjects/fard-2/.worktrees/test-remediation/test/widgets/ayah_text_test.dart: AyahText triggers onAyahTap
ΓòÉΓòÉΓòí EXCEPTION CAUGHT BY FLUTTER TEST FRAMEWORK Γò₧ΓòÉΓòÉΓòÉΓòÉΓòÉΓòÉΓòÉΓòÉΓòÉΓòÉΓòÉΓòÉΓòÉΓòÉΓòÉΓòÉΓòÉΓòÉΓòÉΓòÉΓòÉΓòÉΓòÉΓòÉΓòÉΓòÉΓòÉΓòÉΓòÉΓòÉΓòÉΓòÉΓòÉΓòÉΓòÉΓòÉΓòÉΓòÉΓòÉΓòÉΓòÉΓòÉΓòÉΓòÉΓòÉΓòÉΓòÉΓòÉΓòÉΓòÉΓòÉΓòÉ
The following TestFailure was thrown running a test:
Expected: Ayah:<Ayah(AyahNumber(1, 1), ╪¿╪│┘à ╪º┘ä┘ä┘ç, null, null, null, 1, 1, null, null, false, null,
null, [], null)>
  Actual: <null>

When the exception was thrown, this was the stack:
#4      main.<anonymous closure> (file:///C:/Users/NAGAR/IdeaProjects/fard-2/.worktrees/test-remediation/test/widgets/ayah_text_test.dart:65:5)
<asynchronous suspension>
#5      testWidgets.<anonymous closure>.<anonymous closure> (package:flutter_test/src/widget_tester.dart:192:15)
<asynchronous suspension>
#6      TestWidgetsFlutterBinding._runTestBody (package:flutter_test/src/binding.dart:1682:5)
<asynchronous suspension>
<asynchronous suspension>
(elided one frame from package:stack_trace)

This was caught by the test expectation on the following line:
  file:///C:/Users/NAGAR/IdeaProjects/fard-2/.worktrees/test-remediation/test/widgets/ayah_text_test.dart line 65
The test description was:
  AyahText triggers onAyahTap
ΓòÉΓòÉΓòÉΓòÉΓòÉΓòÉΓòÉΓòÉΓòÉΓòÉΓòÉΓòÉΓòÉΓòÉΓòÉΓòÉΓòÉΓòÉΓòÉΓòÉΓòÉΓòÉΓòÉΓòÉΓòÉΓòÉΓòÉΓòÉΓòÉΓòÉΓòÉΓòÉΓòÉΓòÉΓòÉΓòÉΓòÉΓòÉΓòÉΓòÉΓòÉΓòÉΓòÉΓòÉΓòÉΓòÉΓòÉΓòÉΓòÉΓòÉΓòÉΓòÉΓòÉΓòÉΓòÉΓòÉΓòÉΓòÉΓòÉΓòÉΓòÉΓòÉΓòÉΓòÉΓòÉΓòÉΓòÉΓòÉΓòÉΓòÉΓòÉΓòÉΓòÉΓòÉΓòÉΓòÉΓòÉΓòÉΓòÉΓòÉΓòÉΓòÉΓòÉΓòÉΓòÉΓòÉΓòÉΓòÉΓòÉΓòÉΓòÉΓòÉΓòÉΓòÉΓòÉΓòÉΓòÉΓòÉΓòÉΓòÉ
+438 -47: C:/Users/NAGAR/IdeaProjects/fard-2/.worktrees/test-remediation/test/widgets/ayah_text_test.dart: AyahText triggers onAyahTap [E]
  Test failed. See exception logs above.
  The test description was: AyahText triggers onAyahTap
  
+457 -48: C:/Users/NAGAR/IdeaProjects/fard-2/.worktrees/test-remediation/test/features/werd/data/repositories/werd_repository_comprehensive_test.dart: WerdRepository Progress Management updateProgress triggers watchProgress stream [E]
  TimeoutException after 0:00:30.000000: Test timed out after 30 seconds. See https://pub.dev/packages/test#timeouts
  dart:isolate  _RawReceivePort._handleMessage
  
+458 -49: C:/Users/NAGAR/IdeaProjects/fard-2/.worktrees/test-remediation/test/features/werd/data/repositories/werd_repository_comprehensive_test.dart: WerdRepository Progress Management importProgress clears existing and imports new [E]
  Expected: null
    Actual: WerdProgress:<WerdProgress(old, 0, null, null, null, null, {}, [], null, null, 2026-04-18 09:05:19.713383, 0, 0, {})>
  
  package:matcher                                                                      expect
  package:flutter_test/src/widget_tester.dart 473:18                                   expect
  test\features\werd\data\repositories\werd_repository_comprehensive_test.dart 317:23  main.<fn>.<fn>.<fn>
  package:fard/core/errors/failure.dart 51:23                                          Result.fold
  test\features\werd\data\repositories\werd_repository_comprehensive_test.dart 315:17  main.<fn>.<fn>
  
+458 -50: C:/Users/NAGAR/IdeaProjects/fard-2/.worktrees/test-remediation/test/features/werd/data/repositories/werd_repository_comprehensive_test.dart: WerdRepository Day Rollover Logic day rollover creates history entry [E]
  Expected: a value greater than <0>
    Actual: <0.0>
     Which: is not a value greater than <0>
  
  package:matcher                                                                      expect
  package:flutter_test/src/widget_tester.dart 473:18                                   expect
  test\features\werd\data\repositories\werd_repository_comprehensive_test.dart 355:11  main.<fn>.<fn>.<fn>
  package:fard/core/errors/failure.dart 51:23                                          Result.fold
  test\features\werd\data\repositories\werd_repository_comprehensive_test.dart 343:14  main.<fn>.<fn>
  
+464 -51: C:/Users/NAGAR/IdeaProjects/fard-2/.worktrees/test-remediation/test/features/werd/data/repositories/werd_repository_comprehensive_test.dart: WerdRepository Day Rollover Logic day rollover calculates fractional pages and juz [E]
  Expected: a value greater than <0>
    Actual: <0.0>
     Which: is not a value greater than <0>
  
  package:matcher                                                                      expect
  package:flutter_test/src/widget_tester.dart 473:18                                   expect
  test\features\werd\data\repositories\werd_repository_comprehensive_test.dart 571:11  main.<fn>.<fn>.<fn>
  package:fard/core/errors/failure.dart 51:23                                          Result.fold
  test\features\werd\data\repositories\werd_repository_comprehensive_test.dart 564:14  main.<fn>.<fn>
  
+472 -51: Some tests failed.
